--------- beginning of main
07-07 16:43:56.305 29115 29115 I eatheron.mobile: Using generational CollectorTypeCMC GC.
07-07 16:43:56.391 29115 29115 I eatheron.mobile: AssetManager2(0xb400006f6aa76d98) locale list changing from [] to [ko-KR]
07-07 16:43:56.416 29115 29115 W SoLoader: Initializing SoLoader: 0
07-07 16:43:56.416 29115 29115 W SoLoader: Recording new base apk path: /data/app/~~0pX-6sUnvtIWsW_pLuU8Fw==/com.weatheron.mobile-2R_q7MKJHKFpSo2wVh-SwA==/base.apk
07-07 16:43:56.416 29115 29115 W SoLoader: Previously recorded 0 base apk paths.
07-07 16:43:56.417 29115 29115 I SoLoader: Preparing SO source: DirectorySoSource[root = /vendor/lib64 flags = 2]
07-07 16:43:56.417 29115 29115 I SoLoader: Preparing SO source: DirectorySoSource[root = /system/lib64 flags = 2]
07-07 16:43:56.417 29115 29115 I SoLoader: Preparing SO source: DirectApkSoSource[root = [/data/app/~~0pX-6sUnvtIWsW_pLuU8Fw==/com.weatheron.mobile-2R_q7MKJHKFpSo2wVh-SwA==/base.apk!/lib/arm64-v8a]]
07-07 16:43:56.418 29115 29115 I SoLoader: Preparing SO source: ApplicationSoSource[DirectorySoSource[root = /data/app/~~0pX-6sUnvtIWsW_pLuU8Fw==/com.weatheron.mobile-2R_q7MKJHKFpSo2wVh-SwA==/lib/arm64 flags = 0]]
07-07 16:43:56.419 29115 29115 I SoLoader: init finish: 4 SO sources prepared
07-07 16:43:56.419 29115 29115 W SoLoader: SoLoader initialized: 8
07-07 16:43:56.460 29115 29115 I PowerHalWrapper: PowerHalWrapper.getInstance 
07-07 16:43:56.460 29115 29115 I PowerHalWrapper: PowerHalWrapper.getInstance 
07-07 16:43:56.460 29115 29115 I M-ProMotion: M-ProMotion is disabled
07-07 16:43:56.466 29115 29115 I eatheron.mobile: AssetManager2(0xb400006f6aa70678) locale list changing from [] to [ko-KR]
--------- beginning of system
07-07 16:43:56.467 29115 29137 I DisplayManager: Choreographer implicitly registered for the refresh rate.
07-07 16:43:56.474 29115 29115 I eatheron.mobile: AssetManager2(0xb400006f6aa77d38) locale list changing from [] to [ko-KR]
07-07 16:43:56.478 29115 29115 E ashmem  : Pinning is deprecated since Android Q. Please use trim or other methods.
07-07 16:43:56.497 29115 29115 W unknown:BridgelessReact: ReactHost{0}.startSurface(surfaceId = 0): Schedule
07-07 16:43:56.497 29115 29115 W unknown:BridgelessReact: ReactHost{0}.attachSurface(surfaceId = 0)
07-07 16:43:56.498 29115 29144 W unknown:BridgelessReact: ReactHost{0}.getOrCreateReactInstanceTask()
07-07 16:43:56.498 29115 29144 W unknown:BridgelessReact: ReactHost{0}.getOrCreateReactInstanceTask(): Start
07-07 16:43:56.498 29115 29144 W unknown:BridgelessReact: ReactHost{0}.getJSBundleLoader()
07-07 16:43:56.499 29115 29144 W unknown:BridgelessReact: ReactHost{0}.getOrCreateReactContext(): Creating BridgelessReactContext
07-07 16:43:56.500 29115 29144 W unknown:BridgelessReact: ReactHost{0}.getOrCreateReactInstanceTask(): Creating ReactInstance
07-07 16:43:56.511 29115 29115 I ContentCaptureHelper: Setting logging level to OFF
07-07 16:43:56.516 29115 29115 W unknown:BridgelessReact: ReactHost{0}.onHostResume(activity)
07-07 16:43:56.516 29115 29115 W unknown:BridgelessReact: ReactContext.onHostResume()
07-07 16:43:56.520 29115 29115 I SurfaceFactory: [static] sSurfaceFactory = com.mediatek.view.impl.SurfaceFactoryImpl@23d3861
07-07 16:43:56.520 29115 29134 I PowerHalWrapper: PowerHalWrapper.getInstance 
07-07 16:43:56.528 29115 29150 E HWUI    : attachRenderThreadToJvm
07-07 16:43:56.528 29115 29150 E HWUI    : AM IS NOT NULL!
07-07 16:43:56.534 29115 29149 E HWUI    : attachRenderThreadToJvm
07-07 16:43:56.534 29115 29149 E HWUI    : AM IS NOT NULL!
07-07 16:43:56.566 29115 29115 E eatheron.mobile: [perfctl] 29115 29115 FPSGO ver:0
07-07 16:43:56.566 29115 29115 E eatheron.mobile: [perfctl] 0 0 0 0
07-07 16:43:56.590 29115 29137 I GrallocExtra: gralloc_extra_query:is_SW3D 0
07-07 16:43:56.654 29115 29115 I ImeTracker: com.weatheron.mobile:f08df715: onCancelled at PHASE_CLIENT_ALREADY_HIDDEN
07-07 16:43:56.907 29115 29144 I ExpoModulesCore: ✅ AppContext was initialized
07-07 16:43:56.918 29115 29144 W unknown:BridgelessReact: ReactHost{0}.getOrCreateReactInstanceTask(): Loading JS Bundle
07-07 16:43:56.919 29115 29144 W unknown:BridgelessReact: ReactHost{0}.getOrCreateReactInstanceTask(): Calling DevSupportManagerBase.onNewReactContextCreated(reactContext)
07-07 16:43:56.923 29115 29115 W unknown:BridgelessReact: ReactContext.onHostResume()
07-07 16:43:56.923 29115 29115 W unknown:BridgelessReact: ReactHost{0}.getOrCreateReactInstanceTask(): Executing ReactInstanceEventListeners
07-07 16:43:56.925 29115 29144 W unknown:BridgelessReact: ReactHost{0}.startSurface(surfaceId = 0): Execute
07-07 16:43:56.947 29115 29145 W unknown:ViewManagerPropertyUpdater: Could not find generated setter for class com.facebook.react.views.safeareaview.ReactSafeAreaViewManager
07-07 16:43:56.948 29115 29145 W unknown:ViewManagerPropertyUpdater: Could not find generated setter for class com.facebook.react.views.safeareaview.ReactSafeAreaViewShadowNode
07-07 16:43:56.950 29115 29145 W unknown:ViewManagerPropertyUpdater: Could not find generated setter for class com.facebook.react.views.modal.ReactModalHostManager
07-07 16:43:56.951 29115 29145 W unknown:ViewManagerPropertyUpdater: Could not find generated setter for class com.facebook.react.uimanager.LayoutShadowNode
07-07 16:43:56.952 29115 29145 W unknown:ViewManagerPropertyUpdater: Could not find generated setter for class com.facebook.react.views.text.frescosupport.FrescoBasedReactTextInlineImageViewManager
07-07 16:43:56.952 29115 29145 W unknown:ViewManagerPropertyUpdater: Could not find generated setter for class com.facebook.react.views.text.frescosupport.FrescoBasedReactTextInlineImageShadowNode
07-07 16:43:56.953 29115 29145 W unknown:ViewManagerPropertyUpdater: Could not find generated setter for class com.facebook.react.views.progressbar.ReactProgressBarViewManager
07-07 16:43:56.953 29115 29145 W unknown:ViewManagerPropertyUpdater: Could not find generated setter for class com.facebook.react.views.progressbar.ProgressBarShadowNode
07-07 16:43:56.954 29115 29145 W unknown:ViewManagerPropertyUpdater: Could not find generated setter for class com.facebook.react.views.scroll.ReactHorizontalScrollViewManager
07-07 16:43:56.955 29115 29145 W unknown:ViewManagerPropertyUpdater: Could not find generated setter for class com.facebook.react.views.image.ReactImageManager
07-07 16:43:56.957 29115 29145 W unknown:ViewManagerPropertyUpdater: Could not find generated setter for class com.facebook.react.views.text.ReactTextViewManager
07-07 16:43:56.957 29115 29145 W unknown:ViewManagerPropertyUpdater: Could not find generated setter for class com.facebook.react.views.text.ReactTextShadowNode
07-07 16:43:56.960 29115 29145 W unknown:ViewManagerPropertyUpdater: Could not find generated setter for class com.facebook.react.views.scroll.ReactHorizontalScrollContainerViewManager
07-07 16:43:56.961 29115 29145 W unknown:ViewManagerPropertyUpdater: Could not find generated setter for class com.facebook.react.views.unimplementedview.ReactUnimplementedViewManager
07-07 16:43:56.962 29115 29145 W unknown:ViewManagerPropertyUpdater: Could not find generated setter for class com.facebook.react.views.scroll.ReactScrollViewManager
07-07 16:43:56.963 29115 29145 W unknown:ViewManagerPropertyUpdater: Could not find generated setter for class com.facebook.react.views.view.ReactViewManager
07-07 16:43:56.964 29115 29145 W unknown:ViewManagerPropertyUpdater: Could not find generated setter for class com.facebook.react.views.drawer.ReactDrawerLayoutManager
07-07 16:43:56.965 29115 29145 W unknown:ViewManagerPropertyUpdater: Could not find generated setter for class com.facebook.react.views.switchview.ReactSwitchManager
07-07 16:43:56.967 29115 29145 W unknown:ViewManagerPropertyUpdater: Could not find generated setter for class com.facebook.react.views.switchview.ReactSwitchShadowNode
07-07 16:43:56.968 29115 29145 W unknown:ViewManagerPropertyUpdater: Could not find generated setter for class com.facebook.react.views.text.ReactVirtualTextViewManager
07-07 16:43:56.968 29115 29145 W unknown:ViewManagerPropertyUpdater: Could not find generated setter for class com.facebook.react.views.text.ReactVirtualTextShadowNode
07-07 16:43:56.969 29115 29145 W unknown:ViewManagerPropertyUpdater: Could not find generated setter for class com.facebook.react.views.swiperefresh.SwipeRefreshLayoutManager
07-07 16:43:56.970 29115 29145 W unknown:ViewManagerPropertyUpdater: Could not find generated setter for class com.facebook.react.views.text.ReactRawTextManager
07-07 16:43:56.970 29115 29145 W unknown:ViewManagerPropertyUpdater: Could not find generated setter for class com.facebook.react.views.text.ReactRawTextShadowNode
07-07 16:43:56.971 29115 29145 W unknown:ViewManagerPropertyUpdater: Could not find generated setter for class com.facebook.react.views.textinput.ReactTextInputManager
07-07 16:43:56.972 29115 29145 W unknown:ViewManagerPropertyUpdater: Could not find generated setter for class com.facebook.react.views.textinput.ReactTextInputShadowNode
07-07 16:43:56.976 29115 29145 W BridgelessReactContext: [WARNING] Bridgeless doesn't support CatalystInstance. Accessing an API that's not part of the new architecture is not encouraged usage.
07-07 16:43:56.982 29115 29145 I ExpoModulesCore: ✅ JSI interop was installed
07-07 16:43:56.989 29115 29145 I ExpoModulesCore: ✅ Constants were exported
07-07 16:43:57.001 29115 29145 I ReactNativeJS: Running "main"
07-07 16:43:57.066 29115 29174 W HWUI    : Image decoding logging dropped!
07-07 16:43:57.085 29115 29175 W HWUI    : Image decoding logging dropped!
07-07 16:43:57.176 29115 29179 I eatheron.mobile: AssetManager2(0xb400006f6aa8cb98) locale list changing from [] to [ko-KR]
07-07 16:43:57.176 29115 29179 I WebViewFactory: Loading com.google.android.webview version 149.0.7827.159 (code 782715903)
07-07 16:43:57.178 29115 29174 W HWUI    : Image decoding logging dropped!
07-07 16:43:57.179 29115 29175 W HWUI    : Image decoding logging dropped!
07-07 16:43:57.180 29115 29174 W HWUI    : Image decoding logging dropped!
07-07 16:43:57.181 29115 29184 W HWUI    : Image decoding logging dropped!
07-07 16:43:57.182 29115 29174 W HWUI    : Image decoding logging dropped!
07-07 16:43:57.190 29115 29175 W HWUI    : Image decoding logging dropped!
07-07 16:43:57.196 29115 29183 W HWUI    : Image decoding logging dropped!
07-07 16:43:57.198 29115 29186 W HWUI    : Image decoding logging dropped!
07-07 16:43:57.201 29115 29184 W HWUI    : Image decoding logging dropped!
07-07 16:43:57.204 29115 29182 W HWUI    : Image decoding logging dropped!
07-07 16:43:57.210 29115 29185 W HWUI    : Image decoding logging dropped!
07-07 16:43:57.210 29115 29181 W HWUI    : Image decoding logging dropped!
07-07 16:43:57.215 29115 29179 I eatheron.mobile: AssetManager2(0xb400006f6aa9de98) locale list changing from [] to [ko-KR]
07-07 16:43:57.218 29115 29179 I eatheron.mobile: AssetManager2(0xb400006f6aaa8438) locale list changing from [] to [ko-KR]
07-07 16:43:57.222 29115 29179 I eatheron.mobile: AssetManager2(0xb400006f6aaabf98) locale list changing from [] to [ko-KR]
07-07 16:43:57.224 29115 29179 I eatheron.mobile: AssetManager2(0xb400006f6aab13f8) locale list changing from [] to [ko-KR]
07-07 16:43:57.269 29115 29179 I cr_WVCFactoryProvider: version=149.0.7827.159 (782715903) minSdkVersion=29 multiprocess=true packageId=2 splits=<none>
07-07 16:43:57.276 29115 29193 I chromium: [0707/164357.276149:INFO:android_webview/browser/variations/variations_seed_loader.cc:67] Failed to open file for reading.: No such file or directory (2)
07-07 16:43:57.276 29115 29193 I chromium: [0707/164357.276393:INFO:android_webview/browser/variations/variations_seed_loader.cc:67] Failed to open file for reading.: No such file or directory (2)
07-07 16:43:57.279 29115 29179 I cr_LibraryLoader: Successfully loaded native library
07-07 16:43:57.280 29115 29179 I cr_CachingUmaRecorder: Flushed 41 samples from 19 histograms, 0 samples were dropped.
07-07 16:44:06.869 29115 29121 W System  : A resource failed to call close. 
07-07 16:44:06.869 29115 29121 W System  : A resource failed to call close. 
