07-10 11:42:42.119     0     0 I [T400264] pe_hal_get_uisoc: 77
07-10 11:42:42.119     0     0 I         : [T400264] pe_hal_get_charger_type type:4
07-10 11:42:42.119     0     0 I [T400264] get_battery_voltage: 4208
07-10 11:42:42.126     0     0 I         : [T400264] F_VMIVR, val=4400
07-10 11:42:42.126     0     0 I         : [T400264] get_charger_type online:4 type:4 usb_type:1
07-10 11:42:42.126     0     0 I [T400264] get_uisoc: 77
07-10 11:42:42.126     0     0 I         : [T400264] [SW_JEITA] Battery Normal Temperature between 10 and 45 !!
07-10 11:42:42.126     0     0 I [T400264] [SW_JEITA]preState: 3 newState:3 tmp:34 cv:0
07-10 11:42:42.134     0     0 I [T300264] aw32280_is_chg_enabled: charge_enable [0x0016]=0x00
07-10 11:42:42.141     0     0 I [T300264] mtk_chg_check_vbus: vbus(5156 mV) ,swovp(6200) mV
07-10 11:42:42.147     0     0 I [T400264] tmp: 34 (jeita:1 sm:3 cv:0 en:1) (sm:1) en:0 c:0 s:1 ov:0 sc:0 0 0 saf_cmd:-1 bat_mon:1 0
07-10 11:42:42.147     0     0 I [T400264] mtk_charger_enable_power_path_cust: area_id(3), disable_pp(u=0,p=0), en_pp = 1
07-10 11:42:42.147     0     0 I [T400264] mtk_charger_enable_power_path_cust: power path is already en = 1
07-10 11:42:42.147     0     0 I         : [T400264] disable charging 0 1 0
07-10 11:42:42.147     0     0 I [T400264] get_uisoc: 77
07-10 11:42:42.147     0     0 I [T400264] get_battery_current: -72
07-10 11:42:42.147     0     0 I [T400264] [sc]disable_charger: 0
07-10 11:42:43.464  1262  1357 I libPerfCtl: xgfGetFPS pid:31488 fps:-1
07-10 11:42:42.154     0     0 I [T200264] get_uisoc: 77
07-10 11:42:42.154     0     0 I [T200264] [sc1]en: 0 t:0,80000,9763,70237 t:3600,66637,-1,-1 c:-72,2000 ibus:52 uisoc: 77,80 s:3000 ans:ignore
07-10 11:42:42.154     0     0 I         : [T200264] charger_routine_thread end , 0
07-10 11:42:42.196     0     0 I         : [T400273] mt6375-adc 11280000.i2c:mt6375@34:adc: mt6375_adc_read_channel(): be_val 48643, val 958
07-10 11:42:42.321     0     0 I         : [T400273] mt6375-adc 11280000.i2c:mt6375@34:adc: mt6375_adc_read_channel(): be_val 48387, val 957
07-10 11:42:42.441   273   273 I mt6375-adc 11280000.i2c: mt6375@34:adc: mt6375_adc_read_channel(): be_val 48643, val 958
07-10 11:42:42.485     0     0 I [T103350] [wlan][3350]kalPerMonUpdate: (SW4 INFO) <516ms> Tput: 0(0.000mbps) [0:0:0:0][0:0:0:0][0:0:0:0][0:0:0:0] Pending:0/4096 [0:0:0:0][0:0:0:0][0:0:0:0][0:0:0:0] LQ[335084:577616:17395] idle:1 lv:0 th:5 fg:0x9 TxCpu[31364,75073,63992,62768,16348,17347,48339,46784] RxCpu[0,0,0,0,0,0,0,0] TxDp[ST:BS:FO:QM:DP]:2:0:0:0:6265 Tx[SQ:TI:TM:TDD:TDM]:0:362015:362015:0:0
07-10 11:42:42.485     0     0 I [T103350] [wlan][3350]kalPerMonUpdate: (SW4 INFO) ndevdrp:[0:0:0:0] NAPI[1970696,0,0,0,1027,0,0,0,0,0,18446743532543672320] RxReorder[0:0:0:0] RfbTrack[0:60:10:0:0:0:0:0:0:0:0:0:0:0:0:0:0:0:0] drv[RM,IL,RI,PA,PF,DU,DA,RT,RM,RW,RA,RB,DT,NS,IB,HS,LS,DD,ME,BD,NI,DR,TE,PE,CE,DN,FE,DE,IE,TME,ID,NL]:3084389,0,1926831,1926831,0,0,0,1798770,3260,1777913,677,64,20713,0,0,519,0,97,0,42,11,20019,0,0,4,20713,0,0,0,0,0,0
07-10 11:42:42.485     0     0 I [T103350] [wlan][3350]cnmTimerDoTimeOutCheck: (CNM INFO) timer timeout, timer 00000000f0d184dc func kalPerMonHandler.cfi_jt [wlan_drv_gen4m_6886]
07-10 11:42:42.486     0     0 I [T103350] [wlan][3350]cnmTimerStartTimer: (CNM INFO) In DoTimeOut, timer 00000000f0d184dc func kalPerMonHandler.cfi_jt [wlan_drv_gen4m_6886] 500 ms timercount 0
07-10 11:42:42.539     0     0 E         : [C500000] [nt_charger_alarm_timer_func][1605]
07-10 11:42:42.540   275   275 I chg_check_pmic_info: psp:64 - 1
07-10 11:42:42.547     0     0 I [T300275] [check_chg_status]vbus: 5156000,{6200000 ~ 4400000}
07-10 11:42:42.548     0     0 E [T300275] check_pps_status: typec_attach=1, pd_type=3
07-10 11:42:42.548     0     0 I [T300275] check_abnormal_status: [nt_abnormal_status] : 512
07-10 11:42:42.548     0     0 I [T300275] [nt_abnormal_status]: { [charging over time] }
07-10 11:42:42.548     0     0 E [T300275] cooling_state_to_charger_limit: lst_rnd_alg_idx :6
07-10 11:42:42.548     0     0 I [T300275] cooling_state_to_charger_limit: fcc_store 2500 ma,fast_charge = 1 ,alg_id = 4
07-10 11:42:42.548     0     0 I [T200275] aw32280_is_chg_enabled: charge_enable [0x0016]=0x00
07-10 11:42:42.556     0     0 I [T300275] aw32280_is_chg_enabled: charge_enable [0x0016]=0x00
07-10 11:42:42.556     0     0 I [T300275] chg_check_pmic_info: psp:63 - 4
07-10 11:42:42.563     0     0 I         : [T100273] mt6375-adc 11280000.i2c:mt6375@34:adc: mt6375_adc_read_channel(): be_val 48387, val 957
07-10 11:42:43.895  1916  3535 I AS.AudioService: getMode, get current owner's mode
07-10 11:42:43.896  1916  3535 I AS.AudioService: getMode, currentModeHandler is null
07-10 11:42:42.582     0     0 I [T100275] aw32280_get_adc_data: ADC_CH [6] : ADC_H [0x011E]=0x08, ADC_L [0x011D]=0x66
07-10 11:42:42.582     0     0 I [T100275] aw32280_get_adc_data: get_adc is 0 (ma/mv)
07-10 11:42:42.583     0     0 I [T100275] chg_check_pmic_info: psp:0 - 3
07-10 11:42:42.584     0     0 I [T100275] pump: 0x36,pump_en:0,ovp:1,wpc:0, fcc:-20,fv:4500,icl:500,ibus_ma:52500,usb_sus:0,wls_sus:0,BattInit:1, chg_type:4,soc:77,soc_time:0,soc_pre:77,real_cap:3848460,htemp_charge:25,plug_in:1,plugGpio:1,usbTemp:31,battTemp:34,CHG_EN:0,CHG_STATUS:3,AICL:-1,AICR:100,CV:4500,MIVR:4400,ICHG:300,BOOST_CV:5400,BOOST_EN:0,BOOST_CC:1800,aging_mode:0,NT_CHG_TYPE:PD,CAM_LMT:{[ON_OFF]9000,[HV_CHG]1,[LMT_C]-1,g_nt_cp_ctrl:101,hvcharger:0}
07-10 11:42:42.584     0     0 I         : [T100275]
07-10 11:42:42.584     0     0 I [T100275] [NT]lst_rnd_alg_idx: 6
07-10 11:42:42.584     0     0 I [T100275] nt_charger_start_timer: alarm timer start [1][0]: 1002464 282567397
07-10 11:42:42.685     0     0 I         : [T300273] mt6375-adc 11280000.i2c:mt6375@34:adc: mt6375_adc_read_channel(): be_val 48387, val 957
07-10 11:42:42.805     0     0 I         : [T300273] mt6375-adc 11280000.i2c:mt6375@34:adc: mt6375_adc_read_channel(): be_val 48643, val 958
07-10 11:42:42.929     0     0 I         : [T500273] mt6375-adc 11280000.i2c:mt6375@34:adc: mt6375_adc_read_channel(): be_val 48643, val 958
07-10 11:42:42.993     0     0 I [T303350] [wlan][3350]kalPerMonUpdate: (SW4 INFO) <509ms> Tput: 0(0.000mbps) [0:0:0:0][0:0:0:0][0:0:0:0][0:0:0:0] Pending:0/4096 [0:0:0:0][0:0:0:0][0:0:0:0][0:0:0:0] LQ[335084:577616:17395] idle:1 lv:0 th:5 fg:0x9 TxCpu[31364,75073,63992,62768,16348,17347,48339,46784] RxCpu[0,0,0,0,0,0,0,0] TxDp[ST:BS:FO:QM:DP]:2:0:0:0:6265 Tx[SQ:TI:TM:TDD:TDM]:0:362015:362015:0:0
07-10 11:42:42.994     0     0 I [T303350] [wlan][3350]kalPerMonUpdate: (SW4 INFO) ndevdrp:[0:0:0:0] NAPI[1970696,0,0,0,1027,0,0,0,0,0,18446743532543672320] RxReorder[0:0:0:0] RfbTrack[0:60:10:0:0:0:0:0:0:0:0:0:0:0:0:0:0:0:0] drv[RM,IL,RI,PA,PF,DU,DA,RT,RM,RW,RA,RB,DT,NS,IB,HS,LS,DD,ME,BD,NI,DR,TE,PE,CE,DN,FE,DE,IE,TME,ID,NL]:3084389,0,1926831,1926831,0,0,0,1798770,3260,1777913,677,64,20713,0,0,519,0,97,0,42,11,20019,0,0,4,20713,0,0,0,0,0,0
07-10 11:42:42.994     0     0 I [T303350] [wlan][3350]cnmTimerDoTimeOutCheck: (CNM INFO) timer timeout, timer 00000000f0d184dc func kalPerMonHandler.cfi_jt [wlan_drv_gen4m_6886]
07-10 11:42:42.995     0     0 I [T303350] [wlan][3350]cnmTimerStartTimer: (CNM INFO) In DoTimeOut, timer 00000000f0d184dc func kalPerMonHandler.cfi_jt [wlan_drv_gen4m_6886] 500 ms timercount 0
07-10 11:42:43.049     0     0 I         : [T400273] mt6375-adc 11280000.i2c:mt6375@34:adc: mt6375_adc_read_channel(): be_val 48643, val 958
07-10 11:42:44.464  1262  1357 I libPerfCtl: xgfGetFPS pid:31488 fps:-1
07-10 11:42:43.169     0     0 I         : [T300273] mt6375-adc 11280000.i2c:mt6375@34:adc: mt6375_adc_read_channel(): be_val 48387, val 957
07-10 11:42:43.289     0     0 I         : [T500273] mt6375-adc 11280000.i2c:mt6375@34:adc: mt6375_adc_read_channel(): be_val 48643, val 958
07-10 11:42:43.413     0     0 I         : [T300273] mt6375-adc 11280000.i2c:mt6375@34:adc: mt6375_adc_read_channel(): be_val 48387, val 957
07-10 11:42:43.497     0     0 I [C700000] [name: spm&][SPM] system-vcore didn't enter MCUSYS off, MCUSYS cnt is no update
07-10 11:42:43.497     0     0 I [C700000] [name: spm&] Pending Wakeup Sources: NT_CHG_WAKE 11201000.usb0 disp_crtc0_wakelock
07-10 11:42:43.505     0     0 I [T203350] [wlan][3350]kalPerMonUpdate: (SW4 INFO) <512ms> Tput: 0(0.000mbps) [0:0:0:0][0:0:0:0][0:0:0:0][0:0:0:0] Pending:0/4096 [0:0:0:0][0:0:0:0][0:0:0:0][0:0:0:0] LQ[335084:577616:17395] idle:1 lv:0 th:5 fg:0x9 TxCpu[31364,75073,63992,62768,16348,17347,48339,46784] RxCpu[0,0,0,0,0,0,0,0] TxDp[ST:BS:FO:QM:DP]:2:0:0:0:6265 Tx[SQ:TI:TM:TDD:TDM]:0:362015:362015:0:0
07-10 11:42:43.506     0     0 I [T203350] [wlan][3350]kalPerMonUpdate: (SW4 INFO) ndevdrp:[0:0:0:0] NAPI[1970696,0,0,0,1027,0,0,0,0,0,18446743532543672320] RxReorder[0:0:0:0] RfbTrack[0:60:10:0:0:0:0:0:0:0:0:0:0:0:0:0:0:0:0] drv[RM,IL,RI,PA,PF,DU,DA,RT,RM,RW,RA,RB,DT,NS,IB,HS,LS,DD,ME,BD,NI,DR,TE,PE,CE,DN,FE,DE,IE,TME,ID,NL]:3084389,0,1926831,1926831,0,0,0,1798770,3260,1777913,677,64,20713,0,0,519,0,97,0,42,11,20019,0,0,4,20713,0,0,0,0,0,0
07-10 11:42:43.506     0     0 I [T203350] [wlan][3350]cnmTimerDoTimeOutCheck: (CNM INFO) timer timeout, timer 00000000f0d184dc func kalPerMonHandler.cfi_jt [wlan_drv_gen4m_6886]
07-10 11:42:43.508     0     0 I [T203350] [wlan][3350]cnmTimerStartTimer: (CNM INFO) In DoTimeOut, timer 00000000f0d184dc func kalPerMonHandler.cfi_jt [wlan_drv_gen4m_6886] 500 ms timercount 0
07-10 11:42:43.533     0     0 I         : [T500273] mt6375-adc 11280000.i2c:mt6375@34:adc: mt6375_adc_read_channel(): be_val 48387, val 957
07-10 11:42:43.653     0     0 I         : [T200273] mt6375-adc 11280000.i2c:mt6375@34:adc: mt6375_adc_read_channel(): be_val 48643, val 958
07-10 11:42:43.653     0     0 I [T200273]  usb_pre_temp: 31
07-10 11:42:43.772     0     0 I         : [T300273] mt6375-adc 11280000.i2c:mt6375@34:adc: mt6375_adc_read_channel(): be_val 48387, val 957
07-10 11:42:43.893     0     0 I         : [T500273] mt6375-adc 11280000.i2c:mt6375@34:adc: mt6375_adc_read_channel(): be_val 48387, val 957
07-10 11:42:44.012     0     0 I         : [T200273] mt6375-adc 11280000.i2c:mt6375@34:adc: mt6375_adc_read_channel(): be_val 48643, val 958
07-10 11:42:44.017     0     0 I [T503350] [wlan][3350]kalPerMonUpdate: (SW4 INFO) <512ms> Tput: 0(0.000mbps) [0:0:0:0][0:0:0:0][0:0:0:0][0:0:0:0] Pending:0/4096 [0:0:0:0][0:0:0:0][0:0:0:0][0:0:0:0] LQ[335084:577616:17395] idle:1 lv:0 th:5 fg:0x9 TxCpu[31364,75073,63992,62768,16348,17347,48339,46784] RxCpu[0,0,0,0,0,0,0,0] TxDp[ST:BS:FO:QM:DP]:2:0:0:0:6265 Tx[SQ:TI:TM:TDD:TDM]:0:362015:362015:0:0
07-10 11:42:44.017     0     0 I [T503350] [wlan][3350]kalPerMonUpdate: (SW4 INFO) ndevdrp:[0:0:0:0] NAPI[1970696,0,0,0,1027,0,0,0,0,0,18446743532543672320] RxReorder[0:0:0:0] RfbTrack[0:60:10:0:0:0:0:0:0:0:0:0:0:0:0:0:0:0:0] drv[RM,IL,RI,PA,PF,DU,DA,RT,RM,RW,RA,RB,DT,NS,IB,HS,LS,DD,ME,BD,NI,DR,TE,PE,CE,DN,FE,DE,IE,TME,ID,NL]:3084389,0,1926831,1926831,0,0,0,1798770,3260,1777913,677,64,20713,0,0,519,0,97,0,42,11,20019,0,0,4,20713,0,0,0,0,0,0
07-10 11:42:44.017     0     0 I [T503350] [wlan][3350]cnmTimerDoTimeOutCheck: (CNM INFO) timer timeout, timer 00000000f0d184dc func kalPerMonHandler.cfi_jt [wlan_drv_gen4m_6886]
07-10 11:42:44.019     0     0 I [T503350] [wlan][3350]cnmTimerStartTimer: (CNM INFO) In DoTimeOut, timer 00000000f0d184dc func kalPerMonHandler.cfi_jt [wlan_drv_gen4m_6886] 500 ms timercount 0
07-10 11:42:44.090     0     0 I [T603350] [wlan][3350]asicConnac2xFillCmdTxdInfo: (TX INFO) TX CMD: ID[0x84] SEQ[129] SET[0] LEN[72]
07-10 11:42:44.099  3352  3352 I [wlan][3352]halSetDriverOwn: (INIT INFO) [hif_thread]: DRIVER OWN Done[4294975386 us], sent[21 us], INT[1307983265 us], reci[2986992064 us], set[36 us]
07-10 11:42:44.099  3352  3352 I [wlan][3352]halDumpMsduReportStats: (HAL INFO) TX_Delay D:[1:5:10:20]=[0:0:0:0:0] C:[10:20:50:80]=[0:0:0:0:0] M:[5:10:20:50]=[0:0:0:0:0] A:[5:10:20:50]=[0:0:0:0:0] F:[10:20:50:80]=[0:0:0:0:0] Txfail:0
07-10 11:42:44.099  3352  3352 I [wlan][3352]halDumpHifStats: (HAL INFO) I[0 / 1970697 2 0 0 0x0 0x0 0] T[405339 405339 405338 / 362013 362013 362013 362013] R[1947544 / 1345588] T_Q:T_R[0:0 0:0 0:0 0:0 0:1 0:0]  R_R:R_N[0:0 0:0 0:0 0:0] Msdu[2047/2048] Tok[0/4096] Rfb[4150/0/0/4150] txreg[261488] rxreg[1963867]
07-10 11:42:44.099     0     0 I         : [T303350] <FW>PWR TINFO-5:  23 23 23 24 0 0 0 0 0 0 0 0 0 0 0 0 0 47 23 23 23
07-10 11:42:44.101     0     0 I         : [T303350] <FW>PWR SINFO-1: 3 f2 2 8 7ef2dc 108 0 62fb5 0 90 0 46d66b 0 0 0 dca19cf 0 7ed67d 4d 0 0 0 0 0 0 0 0 0 0 0 0 0 1d 0 0 30 0 0 0 0 0 0 0 0 0 0 0 0 0 7e9aff a7 0 0 0 0 0 89 0 0 0 0 0 0 0 12 0 0 c 0 0 0 0 0 0 0 0 0 0 0 0 0 7e7b81 775b 0 0 0 0 0 d77 0 0 0 0 16 0
07-10 11:42:44.102     0     0 I         : [T303350] <FW>PWR SINFO-2: 0 3ed 0 0 de 0 0 0 0 0 0 0 18 0 0 0 64eb 0 67 1d7 33 c8 33 161 3 2f d6 286 0 0 0 0 0 0 0 0 2e 2b 0 3 9 0 0 0 0 f04c8cbc 7ed50d f0438eee 7ed8ec f0438eee 7ee4ac f0438eee 7ef06e f0438eee 7ecd2b f04c8cbc 7ed50d f04c8cbc 7ed50d f04c8cbc 7ed50d
07-10 11:42:44.103     0     0 I         : [T303350] <FW>PWR SINFO-3: f0438eee 8 f04c8cbc 4 0 0 0 0 0 0 0 0 0 0 0 0 17 1 0 0 0 0 0 0 0 2f 27 0 2f 1b 0 0 0 0 0 0 0 0 cd2 20 0 0 0 0 0 0 94 0 ce1 0 0 0 0 0 0 0 0 0 0 0 0 0 0 0 0 0 0 0 186 c 0 40 0 0 0 91010064 10000 10000 10000 0 8a 2e 18 0 0 0 0 0
07-10 11:42:44.103     0     0 I         : [T303350] <FW>PWR RATIO-1: 3 30560 25508 3675 5 1372 5000000 2 5 10 0 2
07-10 11:42:45.421  2248  2248 E WifiHAL : handleResponse: data=0xb400007b8d0f17d0, len=4920
07-10 11:42:45.421  2248  2248 I WifiHAL : check_data_sanity: confirmed_size=4920, len=4920
07-10 11:42:45.421  2248  2248 I WifiHAL : wifi_get_link_stats: result=0
07-10 11:42:44.106  2248  2248 I [wlan][2248]fill_power_levels: (REQ INFO) Copy power level 2048 bytes
07-10 11:42:44.114     0     0 I [T403350] [wlan][3350]asicConnac2xFillCmdTxdInfo: (TX INFO) TX CMD: ID[0x81] SEQ[130] SET[0] LEN[64]
07-10 11:42:44.119     0     0 I [T403350] [wlan][3350]nicUpdateLinkQuality: (RLM INFO) Rssi=-41, NewRssi=-41
07-10 11:42:44.121     0     0 I [T403350] [wlan][3350]asicConnac2xFillCmdTxdInfo: (TX INFO) TX CMD: ID[0x85] SEQ[131] SET[0] LEN[92]
07-10 11:42:44.122     0     0 I [T103352] [wlan][3352]halSetFWOwn: (INIT INFO) FW OWN:1, IntSta:0x08000004
07-10 11:42:44.126     0     0 I [T103352] [wlan][3352]halSetDriverOwn: (INIT INFO) [hif_thread]: DRIVER OWN Done[4294971346 us], sent[12 us], INT[1307952290 us], reci[2987019027 us], set[17 us]
07-10 11:42:44.126     0     0 I [T203350] [wlan][3350]nicRxProcessEventPacket: (RX INFO) Not static config event: id=0x21, seq=131
07-10 11:42:44.127  1492  1492 I [wlan][1492]mtk_cfg80211_get_station: (REQ INFO) link speed=10805/10809, bw=0/0, rssi=-41, BSSID:[0c:96:**:**:**:af],TxFail=0, TxTimeOut=0, TxOK=134046, RxOK=721606, FcsErr=3
07-10 11:42:45.451  2248  2248 I WifiHAL : feature_set=0x8489141a
07-10 11:42:44.136     0     0 I         : [T400273] mt6375-adc 11280000.i2c:mt6375@34:adc: mt6375_adc_read_channel(): be_val 48387, val 957
07-10 11:42:45.465  1262  1357 I libPerfCtl: xgfGetFPS pid:31488 fps:-1
07-10 11:42:44.154     0     0 I [T103352] [wlan][3352]halSetFWOwn: (INIT INFO) FW OWN:1, IntSta:0x08000004
07-10 11:42:44.257     0     0 I         : [T400273] mt6375-adc 11280000.i2c:mt6375@34:adc: mt6375_adc_read_channel(): be_val 48643, val 958
07-10 11:42:44.377     0     0 I         : [T400273] mt6375-adc 11280000.i2c:mt6375@34:adc: mt6375_adc_read_channel(): be_val 48387, val 957
07-10 11:42:44.501     0     0 I         : [T100273] mt6375-adc 11280000.i2c:mt6375@34:adc: mt6375_adc_read_channel(): be_val 48387, val 957
07-10 11:42:44.530  3350  3350 I [wlan][3350]kalPerMonUpdate: (SW4 INFO) <512ms> Tput: 0(0.000mbps) [0:0:0:0][0:0:0:0][0:0:0:0][0:0:0:0] Pending:0/4096 [0:0:0:0][0:0:0:0][0:0:0:0][0:0:0:0] LQ[335084:577616:17395] idle:1 lv:0 th:5 fg:0x9 TxCpu[31364,75073,63992,62768,16348,17347,48339,46784] RxCpu[0,0,0,0,0,0,0,0] TxDp[ST:BS:FO:QM:DP]:2:0:0:0:6265 Tx[SQ:TI:TM:TDD:TDM]:0:362015:362015:0:0
07-10 11:42:44.530  3350  3350 I [wlan][3350]kalPerMonUpdate: (SW4 INFO) ndevdrp:[0:0:0:0] NAPI[1970707,0,0,0,1027,0,0,0,0,0,18446743532543672320] RxReorder[0:0:0:0] RfbTrack[0:60:10:0:0:0:0:0:0:0:0:0:0:0:0:0:0:0:0] drv[RM,IL,RI,PA,PF,DU,DA,RT,RM,RW,RA,RB,DT,NS,IB,HS,LS,DD,ME,BD,NI,DR,TE,PE,CE,DN,FE,DE,IE,TME,ID,NL]:3084399,0,1926831,1926831,0,0,0,1798770,3260,1777913,677,64,20713,0,0,519,0,97,0,42,11,20019,0,0,4,20713,0,0,0,0,0,0
07-10 11:42:44.530  3350  3350 I [wlan][3350]cnmTimerDoTimeOutCheck: (CNM INFO) timer timeout, timer 00000000f0d184dc func kalPerMonHandler.cfi_jt [wlan_drv_gen4m_6886]
07-10 11:42:44.532  3350  3350 I [wlan][3350]cnmTimerStartTimer: (CNM INFO) In DoTimeOut, timer 00000000f0d184dc func kalPerMonHandler.cfi_jt [wlan_drv_gen4m_6886] 500 ms timercount 0
07-10 11:42:44.620     0     0 I         : [T400273] mt6375-adc 11280000.i2c:mt6375@34:adc: mt6375_adc_read_channel(): be_val 48643, val 958
07-10 11:42:44.741     0     0 I         : [T300273] mt6375-adc 11280000.i2c:mt6375@34:adc: mt6375_adc_read_channel(): be_val 48643, val 958
07-10 11:42:44.861     0     0 I         : [T300273] mt6375-adc 11280000.i2c:mt6375@34:adc: mt6375_adc_read_channel(): be_val 48387, val 957
07-10 11:42:46.218  1214 32658 I resolv  : GetAddrInfoHandler::run: {127 262271 127 983167 10240 0}
07-10 11:42:46.219  1214 32658 I resolv  : GetAddrInfoHandler::run: network access blocked
07-10 11:42:46.228 31697 32136 E msys    : E[N mns:DGWClient]_LogError(328)=>Failed to resolve using system DNS resolver, getaddrinfo(): No address associated with hostname
07-10 11:42:46.232  1214 32659 I resolv  : GetAddrInfoHandler::run: {127 262271 127 983167 10240 0}
07-10 11:42:46.232  1214 32659 I resolv  : GetAddrInfoHandler::run: network access blocked
07-10 11:42:46.233 31697 32136 E msys    : E[N mns:DGWClient]_LogError(328)=>Failed to resolve using system DNS resolver, getaddrinfo(): No address associated with hostname
07-10 11:42:44.981     0     0 I         : [T400273] mt6375-adc 11280000.i2c:mt6375@34:adc: mt6375_adc_read_channel(): be_val 48387, val 957
07-10 11:42:45.041     0     0 I [T303350] [wlan][3350]kalPerMonUpdate: (SW4 INFO) <512ms> Tput: 0(0.000mbps) [0:0:0:0][0:0:0:0][0:0:0:0][0:0:0:0] Pending:0/4096 [0:0:0:0][0:0:0:0][0:0:0:0][0:0:0:0] LQ[335084:577616:17395] idle:1 lv:0 th:5 fg:0x9 TxCpu[31364,75073,63992,62768,16348,17347,48339,46784] RxCpu[0,0,0,0,0,0,0,0] TxDp[ST:BS:FO:QM:DP]:2:0:0:0:6265 Tx[SQ:TI:TM:TDD:TDM]:0:362015:362015:0:0
07-10 11:42:45.042     0     0 I [T303350] [wlan][3350]kalPerMonUpdate: (SW4 INFO) ndevdrp:[0:0:0:0] NAPI[1970707,0,0,0,1027,0,0,0,0,0,18446743532543672320] RxReorder[0:0:0:0] RfbTrack[0:60:10:0:0:0:0:0:0:0:0:0:0:0:0:0:0:0:0] drv[RM,IL,RI,PA,PF,DU,DA,RT,RM,RW,RA,RB,DT,NS,IB,HS,LS,DD,ME,BD,NI,DR,TE,PE,CE,DN,FE,DE,IE,TME,ID,NL]:3084399,0,1926831,1926831,0,0,0,1798770,3260,1777913,677,64,20713,0,0,519,0,97,0,42,11,20019,0,0,4,20713,0,0,0,0,0,0
07-10 11:42:45.042     0     0 I [T303350] [wlan][3350]cnmTimerDoTimeOutCheck: (CNM INFO) timer timeout, timer 00000000f0d184dc func kalPerMonHandler.cfi_jt [wlan_drv_gen4m_6886]
07-10 11:42:45.043     0     0 I [T303350] [wlan][3350]cnmTimerStartTimer: (CNM INFO) In DoTimeOut, timer 00000000f0d184dc func kalPerMonHandler.cfi_jt [wlan_drv_gen4m_6886] 500 ms timercount 0
07-10 11:42:45.102     0     0 I         : [T400273] mt6375-adc 11280000.i2c:mt6375@34:adc: mt6375_adc_read_channel(): be_val 48387, val 957
07-10 11:42:46.465  1262  1357 I libPerfCtl: xgfGetFPS pid:31488 fps:-1
07-10 11:42:45.159     0     0 I [T303352] [wlan][3352]halSetDriverOwn: (INIT INFO) [hif_thread]: DRIVER OWN Done[4294971386 us], sent[43 us], INT[1306918496 us], reci[2988052819 us], set[28 us]
07-10 11:42:45.160     0     0 I [T303352] [wlan][3352]halDumpMsduReportStats: (HAL INFO) TX_Delay D:[1:5:10:20]=[0:0:0:0:0] C:[10:20:50:80]=[0:0:0:0:0] M:[5:10:20:50]=[0:0:0:0:0] A:[5:10:20:50]=[0:0:0:0:0] F:[10:20:50:80]=[0:0:0:0:0] Txfail:0
07-10 11:42:45.160     0     0 I [T303352] [wlan][3352]halDumpHifStats: (HAL INFO) I[0 / 1970708 2 0 1 0x0 0x0 0] T[405341 405341 405341 / 362013 362013 362013 362013] R[1947548 / 1345599] T_Q:T_R[0:0 0:0 0:0 0:0 0:0 0:0]  R_R:R_N[0:0 0:0 0:0 0:0] Msdu[2047/2048] Tok[0/4096] Rfb[4145/0/0/4150] txreg[261488] rxreg[1963879]
07-10 11:42:45.160     0     0 I [T503350] [wlan][3350]statsParseARPInfo: (RX INFO) <RX> Arp Req From IP: 192.***.***.1
07-10 11:42:45.161     0     0 I [C300000] [wlan][0]statsParseARPInfo: (TX INFO) ARP RSP SRC MAC/IP[ba:b0:**:**:**:19]/[192.***.***.222], TAR MAC/IP[0c:96:**:**:**:ae]/[192.***.***.1], SeqNo: 229
07-10 11:42:45.161  3350  3350 I [wlan][3350]nic_txd_v2_compose: (TX INFO) TX[ARP] WIDX[6] PID[28]
07-10 11:42:45.163     0     0 I [T403350] [wlan][3350]wlanPktTxDone: (TX INFO) TX DONE, Type[ARP] Tag[0xf91d2500] WIDX:PID[6:28] SN[1830] Status[0], SeqNo: 229
07-10 11:42:45.225     0     0 I         : [T100273] mt6375-adc 11280000.i2c:mt6375@34:adc: mt6375_adc_read_channel(): be_val 48387, val 957
07-10 11:42:45.225     0     0 I [T100273]  usb_pre_temp: 31
07-10 11:42:45.239     0     0 I [T503352] [wlan][3352]halSetFWOwn: (INIT INFO) FW OWN:1, IntSta:0x00000005
07-10 11:42:45.259     0     0 I [T403352] [wlan][3352]halSetDriverOwn: (INIT INFO) [hif_thread]: DRIVER OWN Done[4294970473 us], sent[28 us], INT[1306818115 us], reci[2988152312 us], set[18 us]
07-10 11:42:45.317  3352  3352 I [wlan][3352]halSetFWOwn: (INIT INFO) FW OWN:1, IntSta:0x00000014
07-10 11:42:45.344     0     0 I         : [T300273] mt6375-adc 11280000.i2c:mt6375@34:adc: mt6375_adc_read_channel(): be_val 48643, val 958
07-10 11:42:45.363     0     0 I [T403352] [wlan][3352]halSetDriverOwn: (INIT INFO) [hif_thread]: DRIVER OWN Done[4294970363 us], sent[32 us], INT[1306713892 us], reci[2988256418 us], set[21 us]
07-10 11:42:45.422     0     0 I [T503352] [wlan][3352]halSetFWOwn: (INIT INFO) FW OWN:1, IntSta:0x00000004
07-10 11:42:45.425     0     0 I [C100000] [wlan][0]statsParseARPInfo: (TX INFO) ARP REQ SRC MAC/IP[ba:b0:**:**:**:19]/[192.***.***.222], TAR MAC/IP[00:00:**:**:**:00]/[192.***.***.1], SeqNo: 230
07-10 11:42:45.434     0     0 I [T503352] [wlan][3352]asicConnac2xWfdmaDummyCrRead: (HAL INFO) CpuIdx == 0, DummyCr[0xffff0003]
07-10 11:42:45.434     0     0 I [T503352] [wlan][3352]halSetDriverOwn: (INIT INFO) [hif_thread]: DRIVER OWN Done[4294975409 us], sent[26 us], INT[1306648362 us], reci[2988326963 us], set[58 us]
07-10 11:42:45.441     0     0 I [T103350] [wlan][3350]statsParseARPInfo: (RX INFO) <RX> Arp Rsp From IP: 192.***.***.1
07-10 11:42:45.465     0     0 I         : [T500273] mt6375-adc 11280000.i2c:mt6375@34:adc: mt6375_adc_read_channel(): be_val 48643, val 958
07-10 11:42:45.519     0     0 I [T603352] [wlan][3352]halSetFWOwn: (INIT INFO) FW OWN:1, IntSta:0x00000018
07-10 11:42:45.553     0     0 I [T203350] [wlan][3350]kalPerMonUpdate: (SW4 INFO) <511ms> Tput: 8856(0.008mbps) [228:4:338:5][0:0:0:0][0:0:0:0][0:0:0:0] Pending:0/4096 [0:0:0:0][0:0:0:0][0:0:0:0][0:0:0:0] LQ[335084:577616:17395] idle:0 lv:0 th:5 fg:0x9 TxCpu[31364,75076,63992,62769,16348,17347,48339,46784] RxCpu[0,0,0,0,0,0,0,0] TxDp[ST:BS:FO:QM:DP]:2:0:0:0:6266 Tx[SQ:TI:TM:TDD:TDM]:0:362019:362019:0:0
07-10 11:42:45.553     0     0 I [T203350] [wlan][3350]kalPerMonUpdate: (SW4 INFO) ndevdrp:[0:0:0:0] NAPI[1970718,0,0,0,1027,0,0,0,0,0,18446743532543672320] RxReorder[0:0:0:0] RfbTrack[0:60:10:0:0:0:0:0:0:0:0:0:0:0:0:0:0:0:0] drv[RM,IL,RI,PA,PF,DU,DA,RT,RM,RW,RA,RB,DT,NS,IB,HS,LS,DD,ME,BD,NI,DR,TE,PE,CE,DN,FE,DE,IE,TME,ID,NL]:3084412,0,1926836,1926836,0,0,0,1798775,3260,1777918,677,64,20713,0,0,519,0,97,0,42,11,20019,0,0,4,20713,0,0,0,0,0,0
07-10 11:42:45.553     0     0 I [T203350] [wlan][3350]cnmTimerDoTimeOutCheck: (CNM INFO) timer timeout, timer 00000000f0d184dc func kalPerMonHandler.cfi_jt [wlan_drv_gen4m_6886]
07-10 11:42:45.555     0     0 I [T203350] [wlan][3350]cnmTimerStartTimer: (CNM INFO) In DoTimeOut, timer 00000000f0d184dc func kalPerMonHandler.cfi_jt [wlan_drv_gen4m_6886] 500 ms timercount 0
07-10 11:42:45.589     0     0 I         : [T300273] mt6375-adc 11280000.i2c:mt6375@34:adc: mt6375_adc_read_channel(): be_val 48643, val 958
07-10 11:42:45.709     0     0 I         : [T300273] mt6375-adc 11280000.i2c:mt6375@34:adc: mt6375_adc_read_channel(): be_val 48643, val 958
07-10 11:42:47.101  1214 32660 I resolv  : GetAddrInfoHandler::run: {127 262271 127 983167 10240 0}
07-10 11:42:47.102  1214 32660 I resolv  : GetAddrInfoHandler::run: network access blocked
07-10 11:42:47.111 31697 32136 E msys    : E[N mns:DGWClient]_LogError(328)=>Failed to resolve using system DNS resolver, getaddrinfo(): No address associated with hostname
07-10 11:42:45.829   273   273 I mt6375-adc 11280000.i2c: mt6375@34:adc: mt6375_adc_read_channel(): be_val 48643, val 958
07-10 11:42:45.865     0     0 I         : [T403241] mtk-board-ntc 1c805554.thermal-ntc1: val=0xaf65, v_in/r_type/r_ntc/t=68129/0/58797/36529
07-10 11:42:45.873  3241  3241 I mtk-board-ntc 1c805560.thermal-ntc13: val=0xb051, v_in/r_type/r_ntc/t=69454/0/60634/35821
07-10 11:42:45.949   273   273 I mt6375-adc 11280000.i2c: mt6375@34:adc: mt6375_adc_read_channel(): be_val 48643, val 958
07-10 11:42:46.065     0     0 I [T403350] [wlan][3350]kalPerMonUpdate: (SW4 INFO) <513ms> Tput: 0(0.000mbps) [0:0:0:0][0:0:0:0][0:0:0:0][0:0:0:0] Pending:0/4096 [0:0:0:0][0:0:0:0][0:0:0:0][0:0:0:0] LQ[335084:577616:17395] idle:1 lv:0 th:5 fg:0x9 TxCpu[31364,75076,63992,62769,16348,17347,48339,46784] RxCpu[0,0,0,0,0,0,0,0] TxDp[ST:BS:FO:QM:DP]:2:0:0:0:6266 Tx[SQ:TI:TM:TDD:TDM]:0:362019:362019:0:0
07-10 11:42:46.066     0     0 I [T403350] [wlan][3350]kalPerMonUpdate: (SW4 INFO) ndevdrp:[0:0:0:0] NAPI[1970718,0,0,0,1027,0,0,0,0,0,18446743532543672320] RxReorder[0:0:0:0] RfbTrack[0:60:10:0:0:0:0:0:0:0:0:0:0:0:0:0:0:0:0] drv[RM,IL,RI,PA,PF,DU,DA,RT,RM,RW,RA,RB,DT,NS,IB,HS,LS,DD,ME,BD,NI,DR,TE,PE,CE,DN,FE,DE,IE,TME,ID,NL]:3084412,0,1926836,1926836,0,0,0,1798775,3260,1777918,677,64,20713,0,0,519,0,97,0,42,11,20019,0,0,4,20713,0,0,0,0,0,0
07-10 11:42:46.066     0     0 I [T403350] [wlan][3350]cnmTimerDoTimeOutCheck: (CNM INFO) timer timeout, timer 00000000f0d184dc func kalPerMonHandler.cfi_jt [wlan_drv_gen4m_6886]
07-10 11:42:46.067     0     0 I [T403350] [wlan][3350]cnmTimerStartTimer: (CNM INFO) In DoTimeOut, timer 00000000f0d184dc func kalPerMonHandler.cfi_jt [wlan_drv_gen4m_6886] 500 ms timercount 0
07-10 11:42:46.068     0     0 I         : [T200273] mt6375-adc 11280000.i2c:mt6375@34:adc: mt6375_adc_read_channel(): be_val 48643, val 958
07-10 11:42:47.466  1262  1357 I libPerfCtl: xgfGetFPS pid:31488 fps:-1
07-10 11:42:46.188     0     0 I         : [T400273] mt6375-adc 11280000.i2c:mt6375@34:adc: mt6375_adc_read_channel(): be_val 48643, val 958
07-10 11:42:46.309     0     0 I         : [T200273] mt6375-adc 11280000.i2c:mt6375@34:adc: mt6375_adc_read_channel(): be_val 48387, val 957
07-10 11:42:47.624  1916  1946 E EventHub: Failed to read sysfs battery info: No such file or directory
07-10 11:42:47.629  2480  2820 W BluetoothMetricsLogger: MetricsLogger isn't initialized
07-10 11:42:47.629  2480  2820 W BluetoothMetricsLogger: MetricsLogger isn't initialized
07-10 11:42:47.633 19093 32633 I NearbyConnections: Found BleAdvertisement [ 0x23 0x49 0x37 0x39 0x47 0x11 0x32 0x99 0x86 0x62 0xa0 0x13 0xcd 0xf1 0xd0 0x1c 0x71 0x34 0x85 0xce 0xdb 0x36 0x80 ] (with EndpointId I79G and EndpointInfo [ 0x32 0x99 0x86 0x62 0xa0 0x13 0xcd 0xf1 0xd0 0x1c 0x71 0x34 0x85 0xce 0xdb 0x36 0x80 ])
07-10 11:42:47.634 19093 32633 I NearbyConnections: ClientProxy(141054581 0p:com.google.android.gms.nearby.sharing) reporting onEndpointFound(I79G)
07-10 11:42:47.635 19093 32633 I NearbyConnections: ClientProxy(141054581) reporting onEndpointDistanceChanged(I79G, UNKNOWN)
07-10 11:42:47.636 19093 32201 I NearbySharing: NearbySharing Internal event EndpointDiscovered(endpointId=I79G)
07-10 11:42:46.429     0     0 I         : [T400273] mt6375-adc 11280000.i2c:mt6375@34:adc: mt6375_adc_read_channel(): be_val 48387, val 957
07-10 11:42:46.449 26031 26031 I         : timesync boot 1002458147902705 sched 733852346115142 android 07-10 02:42:47.763709
07-10 11:42:46.549     0     0 I         : [T300273] mt6375-adc 11280000.i2c:mt6375@34:adc: mt6375_adc_read_channel(): be_val 48387, val 957
07-10 11:42:46.577     0     0 I [T103350] [wlan][3350]kalPerMonUpdate: (SW4 INFO) <512ms> Tput: 0(0.000mbps) [0:0:0:0][0:0:0:0][0:0:0:0][0:0:0:0] Pending:0/4096 [0:0:0:0][0:0:0:0][0:0:0:0][0:0:0:0] LQ[335084:577616:17395] idle:1 lv:0 th:5 fg:0x9 TxCpu[31364,75076,63992,62769,16348,17347,48339,46784] RxCpu[0,0,0,0,0,0,0,0] TxDp[ST:BS:FO:QM:DP]:2:0:0:0:6266 Tx[SQ:TI:TM:TDD:TDM]:0:362019:362019:0:0
07-10 11:42:46.578     0     0 I [T103350] [wlan][3350]kalPerMonUpdate: (SW4 INFO) ndevdrp:[0:0:0:0] NAPI[1970718,0,0,0,1027,0,0,0,0,0,18446743532543672320] RxReorder[0:0:0:0] RfbTrack[0:60:10:0:0:0:0:0:0:0:0:0:0:0:0:0:0:0:0] drv[RM,IL,RI,PA,PF,DU,DA,RT,RM,RW,RA,RB,DT,NS,IB,HS,LS,DD,ME,BD,NI,DR,TE,PE,CE,DN,FE,DE,IE,TME,ID,NL]:3084412,0,1926836,1926836,0,0,0,1798775,3260,1777918,677,64,20713,0,0,519,0,97,0,42,11,20019,0,0,4,20713,0,0,0,0,0,0
07-10 11:42:46.578     0     0 I [T103350] [wlan][3350]cnmTimerDoTimeOutCheck: (CNM INFO) timer timeout, timer 00000000f0d184dc func kalPerMonHandler.cfi_jt [wlan_drv_gen4m_6886]
07-10 11:42:46.579     0     0 I [T103350] [wlan][3350]cnmTimerStartTimer: (CNM INFO) In DoTimeOut, timer 00000000f0d184dc func kalPerMonHandler.cfi_jt [wlan_drv_gen4m_6886] 500 ms timercount 0
07-10 11:42:46.673     0     0 I         : [T100273] mt6375-adc 11280000.i2c:mt6375@34:adc: mt6375_adc_read_channel(): be_val 48643, val 958
07-10 11:42:46.793     0     0 I         : [T100273] mt6375-adc 11280000.i2c:mt6375@34:adc: mt6375_adc_read_channel(): be_val 48387, val 957
07-10 11:42:46.793     0     0 I [T100273]  usb_pre_temp: 31
07-10 11:42:46.795     0     0 I [T403352] [wlan][3352]halSetDriverOwn: (INIT INFO) [hif_thread]: DRIVER OWN Done[4294969362 us], sent[34 us], INT[1305281000 us], reci[2989688308 us], set[20 us]
07-10 11:42:46.795     0     0 I [T403352] [wlan][3352]halDumpMsduReportStats: (HAL INFO) TX_Delay D:[1:5:10:20]=[3:0:1:0:0] C:[10:20:50:80]=[4:0:0:0:0] M:[5:10:20:50]=[4:0:0:0:0] A:[5:10:20:50]=[0:0:0:0:0] F:[10:20:50:80]=[0:0:0:0:0] Txfail:0
07-10 11:42:46.795     0     0 I [T403352] [wlan][3352]halDumpHifStats: (HAL INFO) I[0 / 1970719 2 0 1 0x0 0x0 0] T[405341 405341 405341 / 362017 362017 362017 362017] R[1947550 / 1345609] T_Q:T_R[0:0 0:0 0:0 0:0 0:0 0:0]  R_R:R_N[0:0 0:0 0:0 0:0] Msdu[2047/2048] Tok[0/4096] Rfb[4149/0/0/4150] txreg[261491] rxreg[1963891]
07-10 11:42:46.824     0     0 I [T403352] [wlan][3352]halSetFWOwn: (INIT INFO) FW OWN:1, IntSta:0x00000001
07-10 11:42:46.864     0     0 I [T103352] [wlan][3352]halSetDriverOwn: (INIT INFO) [hif_thread]: DRIVER OWN Done[4294975384 us], sent[30 us], INT[1305217901 us], reci[2989757426 us], set[27 us]
07-10 11:42:46.912     0     0 I         : [T400273] mt6375-adc 11280000.i2c:mt6375@34:adc: mt6375_adc_read_channel(): be_val 48387, val 957
07-10 11:42:46.972     0     0 I [T403352] [wlan][3352]halSetFWOwn: (INIT INFO) FW OWN:1, IntSta:0x00000018
07-10 11:42:47.001     0     0 I [T503352] [wlan][3352]halSetDriverOwn: (INIT INFO) [hif_thread]: DRIVER OWN Done[4294969358 us], sent[29 us], INT[1305075304 us], reci[2989894004 us], set[21 us]
07-10 11:42:47.032     0     0 I         : [T500273] mt6375-adc 11280000.i2c:mt6375@34:adc: mt6375_adc_read_channel(): be_val 48387, val 957
07-10 11:42:47.039  1279  1279 I psy_charger_get_property psp: 12
07-10 11:42:48.363  1266  1279 E NtChgAidl: NtChgAidl: InGameStatus: 0
07-10 11:42:48.363  1266  1279 E NtChg   : NtChg:T0-6:[50,100,350,370,390,410,500],chg_series:8,is_changed:1,TeBoT0-6:[50,100,330,370,390,410,500],TRegion:3,Temp:353,tzname:shell_front,Ibat:2500,onlineI:-400,param_type:6,AbnormalStatus:512,tzn:60,g_cp_mode:4,vbat:4203,pr_id:2,OnGameStatus:0
07-10 11:42:48.363  1266  1279 E NtChg   : NtChg:handle_batt_temp_little_cool triggered
07-10 11:42:48.363  1266  1279 E NtChg   : NtChg:set temp_region=3
07-10 11:42:48.363  1266  1279 E NtChg   : NtChg:set ibatmax=2500 and set vbatmax=4500
07-10 11:42:47.048     0     0 I [T301279] chg_check_pmic_info: psp:64 - 1
07-10 11:42:47.051     0     0 I [T301279] voltage_adc_proc_show: bat vol = 4204000 uv!
07-10 11:42:47.061     0     0 I [T303352] [wlan][3352]halSetFWOwn: (INIT INFO) FW OWN:1, IntSta:0x00000004
07-10 11:42:47.089  3350  3350 I [wlan][3350]kalPerMonUpdate: (SW4 INFO) <512ms> Tput: 28656(0.027mbps) [576:2:1258:5][0:0:0:0][0:0:0:0][0:0:0:0] Pending:0/4096 [0:0:0:0][0:0:0:0][0:0:0:0][0:0:0:0] LQ[335084:577616:17395] idle:0 lv:0 th:5 fg:0x9 TxCpu[31364,75076,63992,62769,16350,17347,48339,46784] RxCpu[0,0,0,0,0,0,0,0] TxDp[ST:BS:FO:QM:DP]:2:0:0:0:6266 Tx[SQ:TI:TM:TDD:TDM]:0:362021:362021:0:0
07-10 11:42:47.089  3350  3350 I [wlan][3350]kalPerMonUpdate: (SW4 INFO) ndevdrp:[0:0:0:0] NAPI[1970727,0,0,0,1027,0,0,0,0,0,18446743532543672320] RxReorder[0:0:0:0] RfbTrack[0:60:10:0:0:0:0:0:0:0:0:0:0:0:0:0:0:0:0] drv[RM,IL,RI,PA,PF,DU,DA,RT,RM,RW,RA,RB,DT,NS,IB,HS,LS,DD,ME,BD,NI,DR,TE,PE,CE,DN,FE,DE,IE,TME,ID,NL]:3084421,0,1926841,1926841,0,0,0,1798779,3260,1777922,677,64,20713,0,0,519,0,97,0,42,11,20019,0,0,4,20713,0,0,0,0,0,0
07-10 11:42:47.090  3350  3350 I [wlan][3350]cnmTimerDoTimeOutCheck: (CNM INFO) timer timeout, timer 00000000f0d184dc func kalPerMonHandler.cfi_jt [wlan_drv_gen4m_6886]
07-10 11:42:47.091  3350  3350 I [wlan][3350]cnmTimerStartTimer: (CNM INFO) In DoTimeOut, timer 00000000f0d184dc func kalPerMonHandler.cfi_jt [wlan_drv_gen4m_6886] 500 ms timercount 0
07-10 11:42:47.093  3350  3350 I [wlan][3350]asicConnac2xFillCmdTxdInfo: (TX INFO) TX CMD: ID[0x85] SEQ[132] SET[0] LEN[92]
07-10 11:42:47.093  3350  3350 I [wlan][3350]asicConnac2xFillCmdTxdInfo: (TX INFO) TX CMD: ID[0x82] SEQ[133] SET[0] LEN[76]
07-10 11:42:47.093  3350  3350 I [wlan][3350]wlanLinkQualityMonitor: (SW4 INFO) Link Quality: Tx(rate:10805, total:335084, retry:24193, fail:20769, RTS fail:18, ACK fail:20751), Rx(rate:10809, total:577616, dup:97, error:1544733), PER(0), Congestion(idle slot:3059985466, diff:17395, AwakeDur:37763392)
07-10 11:42:47.100     0     0 I [T103352] [wlan][3352]halSetDriverOwn: (INIT INFO) [hif_thread]: DRIVER OWN Done[4294973378 us], sent[32 us], INT[1304980327 us], reci[2989992995 us], set[24 us]
07-10 11:42:47.100     0     0 I [T103352] [wlan][3352]soc7_0_DumpWfsyscpupcr: (HAL INFO) wm pc=733852.997072/0xf04cc9bc;733852.997088/0xf04144de;733852.997098/0xf0384fbc;733852.997107/0xf039167a;733852.997116/0x00801d06;
07-10 11:42:47.100     0     0 I [T103352] [wlan][3352]soc7_0_DumpWfsyscpupcr: (HAL INFO) wm lp=733852.997072/0xf04cc9b8;733852.997088/0xf0423656;733852.997098/0xf04a1154;733852.997107/0xf0391664;733852.997116/0xf0391516;
07-10 11:42:47.102     0     0 I [T403350] [wlan][3350]nicRxProcessEventPacket: (RX INFO) Not static config event: id=0x21, seq=132
07-10 11:42:47.148     0     0 I [T703350] [wlan][3350]asicConnac2xFillCmdTxdInfo: (TX INFO) TX CMD: ID[0x84] SEQ[134] SET[0] LEN[72]
07-10 11:42:48.467  1262  1357 I libPerfCtl: xgfGetFPS pid:31488 fps:-1
07-10 11:42:48.467  2248  2248 E WifiHAL : handleResponse: data=0xb400007b8d0f17d0, len=4920
07-10 11:42:48.467  2248  2248 I WifiHAL : check_data_sanity: confirmed_size=4920, len=4920
07-10 11:42:48.467  2248  2248 I WifiHAL : wifi_get_link_stats: result=0
07-10 11:42:47.152     0     0 I [T102248] [wlan][2248]fill_power_levels: (REQ INFO) Copy power level 2048 bytes
07-10 11:42:47.153     0     0 I         : [T500273] mt6375-adc 11280000.i2c:mt6375@34:adc: mt6375_adc_read_channel(): be_val 48387, val 957
07-10 11:42:47.159     0     0 I [T303350] [wlan][3350]asicConnac2xFillCmdTxdInfo: (TX INFO) TX CMD: ID[0x81] SEQ[135] SET[0] LEN[64]
07-10 11:42:47.161     0     0 I [T203350] [wlan][3350]nicUpdateLinkQuality: (RLM INFO) Rssi=-41, NewRssi=-41
07-10 11:42:47.165     0     0 I [T101492] [wlan][1492]mtk_cfg80211_get_station: (REQ INFO) link speed=10805/12010, bw=0/0, rssi=-41, BSSID:[0c:96:**:**:**:af],TxFail=0, TxTimeOut=0, TxOK=134052, RxOK=721616, FcsErr=77
07-10 11:42:47.166     0     0 I [T303352] [wlan][3352]halSetFWOwn: (INIT INFO) FW OWN:1, IntSta:0x08000000
07-10 11:42:48.483 31697  5029 E msys    : E[N mccw.liger]onConnectError(588)=>connect/error - address: 31.13.76.175, port: 80, ex: folly::AsyncSocketException: AsyncSocketException: connect timed out after 9999ms, type = Timed out
07-10 11:42:48.485 31697 32176 E msys    : E[N WA]_WCCXMPPStreamDisconnectHandler(344)=>xmpp/disconnect - WCIStreamStateErrorCode: 0, domain: WCIStreamState, subdomain: MCCWLigerStream: Error Domain=WCIStreamState Code=0 UserInfo=0xb4000070eb1e28d0 {MCFErrorDirectUnderlyingErrorKey=0xb40000700abc8b90 "Error Domain=MCCWLigerStream Code=1 UserInfo=0xb4000070eae33810 {MCFErrorDirectLocalizedFailureReasonKey=folly::AsyncSocketException: AsyncSocketException: connect timed out after 9999ms, type = Timed out}"}
07-10 11:42:48.485 31697 32176 E msys    : E[N WCCConnectionMEM]_WCCConnectionMEMLifecycleEventHandler(2214)=>[INFO] connection/xmpp/lifecycle_event/not-connected, [20.0302s]
07-10 11:42:48.485 31697 32176 E msys    : E[N WA]_WCCXMPPStreamDoDisconnect(1319)=>xmpp/disconnect - flags: 163
07-10 11:42:48.485 31697 32176 E msys    : E[N WCCConnectionMEM]_WCCConnectionMEMDisconnectHandler(2246)=>connection/disconnected, backoff on socket failed to connect
07-10 11:42:48.485 31697 32176 E msys    : E[N WCCConnectionMEM]_WCCConnectionMEMDisconnectHandler(2281)=>connection/disconnected, transport error
07-10 11:42:48.486 31697 32176 E msys    : E[C 1]_MCCLogErrorInternal(331)=>8/1066/2864/0
07-10 11:42:48.487 31697 32176 E msys    : E[N WCCConnectionMEM]_WCCConnectionMEMDisconnectHandler(2312)=>connection/disconnected, handshake failure
07-10 11:42:48.487 31697 32176 E msys    : E[N WCCConnectionMEM]_WCCConnectionMEMEmitStateChange(3230)=>[INFO] connection/new_state/not-connected [connection_id=944481082, wcc_source=1, wcc_reason=18]
07-10 11:42:48.488 31697 32176 E msys    : E[C MEMConnectionManager]_MEMConnectionManagerStateChangeHandler(631)=>[Critical] MEMConnectionState updated to ID: 0 with connectionId: 944481082
07-10 11:42:48.488  2248  2248 I WifiHAL : feature_set=0x8489141a
07-10 11:42:48.489 31697 32176 E msys    : E[C 1]_MCCLogErrorInternal(331)=>8/374/3970/49155
07-10 11:42:48.490 31697 32176 E msys    : E[C 1]_MCCLogErrorInternal(331)=>8/374/3972/18
07-10 11:42:48.490 31697 32176 E msys    : E[C mem.context]_LogConnectFailure(4887)=>Establishing connection failure reason and flags: disconnect/Doze/-1/reason/18/flags/49155/[no_connect, -, handshake_failure, transport_error, no_bytes_read, -, -, -, -, -, -, -, -, -]
07-10 11:42:48.491 31697 32176 E msys    : E[C mem.context]_LogConnectFailure(4919)=>[Happy Eyeball] Connect failed with source=1, winner stream ip=31.13.76.175, port=5222, dnsResolutionMethod=1, combined_ip_addresses=31.13.76.175
07-10 11:42:47.281     0     0 I         : [T100273] mt6375-adc 11280000.i2c:mt6375@34:adc: mt6375_adc_read_channel(): be_val 48387, val 957
07-10 11:42:47.400     0     0 I         : [T100273] mt6375-adc 11280000.i2c:mt6375@34:adc: mt6375_adc_read_channel(): be_val 48387, val 957
07-10 11:42:47.520     0     0 I         : [T200273] mt6375-adc 11280000.i2c:mt6375@34:adc: mt6375_adc_read_channel(): be_val 48643, val 958
07-10 11:42:48.902  1916  3535 I AS.AudioService: getMode, get current owner's mode
07-10 11:42:48.903  1916  3535 I AS.AudioService: getMode, currentModeHandler is null
07-10 11:42:47.605  3350  3350 I [wlan][3350]kalPerMonUpdate: (SW4 INFO) <515ms> Tput: 0(0.000mbps) [0:0:0:0][0:0:0:0][0:0:0:0][0:0:0:0] Pending:0/4096 [0:0:0:0][0:0:0:0][0:0:0:0][0:0:0:0] LQ[335085:577629:48826] idle:1 lv:0 th:5 fg:0x9 TxCpu[31364,75076,63992,62769,16350,17347,48339,46784] RxCpu[0,0,0,0,0,0,0,0] TxDp[ST:BS:FO:QM:DP]:2:0:0:0:6266 Tx[SQ:TI:TM:TDD:TDM]:0:362021:362021:0:0
07-10 11:42:47.605  3350  3350 I [wlan][3350]kalPerMonUpdate: (SW4 INFO) ndevdrp:[0:0:0:0] NAPI[1970736,0,0,0,1027,0,0,0,0,0,18446743532543672320] RxReorder[0:0:0:0] RfbTrack[0:60:10:0:0:0:0:0:0:0:0:0:0:0:0:0:0:0:0] drv[RM,IL,RI,PA,PF,DU,DA,RT,RM,RW,RA,RB,DT,NS,IB,HS,LS,DD,ME,BD,NI,DR,TE,PE,CE,DN,FE,DE,IE,TME,ID,NL]:3084427,0,1926841,1926841,0,0,0,1798779,3260,1777922,677,64,20713,0,0,519,0,97,0,42,11,20019,0,0,4,20713,0,0,0,0,0,0
07-10 11:42:47.605  3350  3350 I [wlan][3350]cnmTimerDoTimeOutCheck: (CNM INFO) timer timeout, timer 00000000f0d184dc func kalPerMonHandler.cfi_jt [wlan_drv_gen4m_6886]
07-10 11:42:47.607  3350  3350 I [wlan][3350]cnmTimerStartTimer: (CNM INFO) In DoTimeOut, timer 00000000f0d184dc func kalPerMonHandler.cfi_jt [wlan_drv_gen4m_6886] 500 ms timercount 0
07-10 11:42:47.630     0     0 I         : [T501906] mtk-board-ntc 1c805554.thermal-ntc1: val=0xaf66, v_in/r_type/r_ntc/t=68135/0/58805/36526
07-10 11:42:47.641     0     0 I         : [T300273] mt6375-adc 11280000.i2c:mt6375@34:adc: mt6375_adc_read_channel(): be_val 48387, val 957
07-10 11:42:47.718     0     0 I [T203352] [wlan][3352]halSetDriverOwn: (INIT INFO) [hif_thread]: DRIVER OWN Done[4294970378 us], sent[42 us], INT[1304358798 us], reci[2990611515 us], set[23 us]
07-10 11:42:47.719     0     0 I [T203352] [wlan][3352]halDumpHifStats: (HAL INFO) I[0 / 1970737 2 0 1 0x0 0x0 0] T[405345 405345 405345 / 362019 362019 362019 362019] R[1947556 / 1345621] T_Q:T_R[0:0 0:0 0:0 0:0 0:0 0:0]  R_R:R_N[0:0 0:0 0:0 0:0] Msdu[2047/2048] Tok[0/4096] Rfb[4147/0/0/4150] txreg[261492] rxreg[1963907]
07-10 11:42:47.766     0     0 I         : [T400273] mt6375-adc 11280000.i2c:mt6375@34:adc: mt6375_adc_read_channel(): be_val 48387, val 957
07-10 11:42:47.777     0     0 I [T303352] [wlan][3352]halSetFWOwn: (INIT INFO) FW OWN:1, IntSta:0x00000005
07-10 11:42:47.820     0     0 I [T103352] [wlan][3352]halSetDriverOwn: (INIT INFO) [hif_thread]: DRIVER OWN Done[4294969359 us], sent[33 us], INT[1304256082 us], reci[2990713226 us], set[18 us]
07-10 11:42:47.820     0     0 I [T103352] [wlan][3352]halDumpMsduReportStats: (HAL INFO) TX_Delay D:[1:5:10:20]=[0:0:2:0:0] C:[10:20:50:80]=[2:0:0:0:0] M:[5:10:20:50]=[2:0:0:0:0] A:[5:10:20:50]=[0:0:0:0:0] F:[10:20:50:80]=[0:0:0:0:0] Txfail:0
07-10 11:42:47.880     0     0 I [T203352] [wlan][3352]halSetFWOwn: (INIT INFO) FW OWN:1, IntSta:0x00000004
07-10 11:42:47.889     0     0 I         : [T400273] mt6375-adc 11280000.i2c:mt6375@34:adc: mt6375_adc_read_channel(): be_val 48387, val 957
07-10 11:42:48.009     0     0 I         : [T100273] mt6375-adc 11280000.i2c:mt6375@34:adc: mt6375_adc_read_channel(): be_val 48643, val 958
07-10 11:42:48.128     0     0 I         : [T500273] mt6375-adc 11280000.i2c:mt6375@34:adc: mt6375_adc_read_channel(): be_val 48643, val 958
07-10 11:42:48.145     0     0 I [T503350] [wlan][3350]kalPerMonUpdate: (SW4 INFO) <540ms> Tput: 2600(0.002mbps) [0:0:176:2][0:0:0:0][0:0:0:0][0:0:0:0] Pending:0/4096 [0:0:0:0][0:0:0:0][0:0:0:0][0:0:0:0] LQ[335085:577629:48826] idle:0 lv:0 th:5 fg:0x9 TxCpu[31364,75076,63992,62769,16350,17347,48339,46784] RxCpu[0,0,0,0,0,0,0,0] TxDp[ST:BS:FO:QM:DP]:2:0:0:0:6266 Tx[SQ:TI:TM:TDD:TDM]:0:362021:362021:0:0
07-10 11:42:48.145     0     0 I [T503350] [wlan][3350]kalPerMonUpdate: (SW4 INFO) ndevdrp:[0:0:0:0] NAPI[1970740,0,0,0,1027,0,0,0,0,0,18446743532543672320] RxReorder[0:0:0:0] RfbTrack[0:60:10:0:0:0:0:0:0:0:0:0:0:0:0:0:0:0:0] drv[RM,IL,RI,PA,PF,DU,DA,RT,RM,RW,RA,RB,DT,NS,IB,HS,LS,DD,ME,BD,NI,DR,TE,PE,CE,DN,FE,DE,IE,TME,ID,NL]:3084433,0,1926843,1926843,0,0,0,1798781,3260,1777924,677,64,20713,0,0,519,0,97,0,42,11,20019,0,0,4,20713,0,0,0,0,0,0
07-10 11:42:48.145     0     0 I [T503350] [wlan][3350]cnmTimerDoTimeOutCheck: (CNM INFO) timer timeout, timer 00000000f0d184dc func kalPerMonHandler.cfi_jt [wlan_drv_gen4m_6886]
07-10 11:42:48.147     0     0 I [T503350] [wlan][3350]cnmTimerStartTimer: (CNM INFO) In DoTimeOut, timer 00000000f0d184dc func kalPerMonHandler.cfi_jt [wlan_drv_gen4m_6886] 500 ms timercount 0
07-10 11:42:48.149     0     0 I [T503350] [wlan][3350]asicConnac2xFillCmdTxdInfo: (TX INFO) TX CMD: ID[0x85] SEQ[136] SET[0] LEN[92]
07-10 11:42:48.149     0     0 I [T503350] [wlan][3350]asicConnac2xFillCmdTxdInfo: (TX INFO) TX CMD: ID[0x82] SEQ[137] SET[0] LEN[76]
07-10 11:42:48.149     0     0 I [T503350] [wlan][3350]wlanLinkQualityMonitor: (SW4 INFO) Link Quality: Tx(rate:10805, total:335085, retry:24194, fail:20770, RTS fail:18, ACK fail:20752), Rx(rate:12010, total:577629, dup:97, error:1544813), PER(100), Congestion(idle slot:3060034292, diff:48826, AwakeDur:37764017)
07-10 11:42:49.467  1262  1357 I libPerfCtl: xgfGetFPS pid:31488 fps:-1
07-10 11:42:48.157  3352  3352 I [wlan][3352]halSetDriverOwn: (INIT INFO) [hif_thread]: DRIVER OWN Done[4294975403 us], sent[37 us], INT[1303924479 us], reci[2991050854 us], set[33 us]
07-10 11:42:48.158  3352  3352 I [wlan][3352]soc7_0_DumpWfsyscpupcr: (HAL INFO) wm pc=733854.055004/0xf039a05a;733854.055021/0xf0465e86;733854.055030/0xf0465f3e;733854.055040/0x009023a6;733854.055049/0x00900ae8;
07-10 11:42:48.158  3352  3352 I [wlan][3352]soc7_0_DumpWfsyscpupcr: (HAL INFO) wm lp=733854.055004/0xf0386e6e;733854.055021/0xf0465e48;733854.055030/0xf0465f5e;733854.055040/0x00902342;733854.055049/0x00900b7c;
07-10 11:42:48.160     0     0 I [T403350] [wlan][3350]nicRxProcessEventPacket: (RX INFO) Not static config event: id=0x21, seq=136
07-10 11:42:48.187     0     0 I [T203352] [wlan][3352]halSetFWOwn: (INIT INFO) FW OWN:1, IntSta:0x08000000
07-10 11:42:48.249     0     0 I         : [T100273] mt6375-adc 11280000.i2c:mt6375@34:adc: mt6375_adc_read_channel(): be_val 48643, val 958
07-10 11:42:48.369     0     0 I         : [T300273] mt6375-adc 11280000.i2c:mt6375@34:adc: mt6375_adc_read_channel(): be_val 48643, val 958
07-10 11:42:48.369     0     0 I [T300273]  usb_pre_temp: 31
07-10 11:42:48.493     0     0 I         : [T100273] mt6375-adc 11280000.i2c:mt6375@34:adc: mt6375_adc_read_channel(): be_val 48643, val 958
07-10 11:42:48.613     0     0 I         : [T200273] mt6375-adc 11280000.i2c:mt6375@34:adc: mt6375_adc_read_channel(): be_val 48387, val 957
07-10 11:42:48.657     0     0 I [T203350] [wlan][3350]kalPerMonUpdate: (SW4 INFO) <513ms> Tput: 0(0.000mbps) [0:0:0:0][0:0:0:0][0:0:0:0][0:0:0:0] Pending:0/4096 [0:0:0:0][0:0:0:0][0:0:0:0][0:0:0:0] LQ[335085:577634:18486] idle:1 lv:0 th:5 fg:0x9 TxCpu[31364,75076,63992,62769,16350,17347,48339,46784] RxCpu[0,0,0,0,0,0,0,0] TxDp[ST:BS:FO:QM:DP]:2:0:0:0:6266 Tx[SQ:TI:TM:TDD:TDM]:0:362021:362021:0:0
07-10 11:42:48.657     0     0 I [T203350] [wlan][3350]kalPerMonUpdate: (SW4 INFO) ndevdrp:[0:0:0:0] NAPI[1970743,0,0,0,1027,0,0,0,0,0,18446743532543672320] RxReorder[0:0:0:0] RfbTrack[0:60:10:0:0:0:0:0:0:0:0:0:0:0:0:0:0:0:0] drv[RM,IL,RI,PA,PF,DU,DA,RT,RM,RW,RA,RB,DT,NS,IB,HS,LS,DD,ME,BD,NI,DR,TE,PE,CE,DN,FE,DE,IE,TME,ID,NL]:3084436,0,1926843,1926843,0,0,0,1798781,3260,1777924,677,64,20713,0,0,519,0,97,0,42,11,20019,0,0,4,20713,0,0,0,0,0,0
07-10 11:42:48.658     0     0 I [T203350] [wlan][3350]cnmTimerDoTimeOutCheck: (CNM INFO) timer timeout, timer 00000000f0d184dc func kalPerMonHandler.cfi_jt [wlan_drv_gen4m_6886]
07-10 11:42:48.659     0     0 I [T203350] [wlan][3350]cnmTimerStartTimer: (CNM INFO) In DoTimeOut, timer 00000000f0d184dc func kalPerMonHandler.cfi_jt [wlan_drv_gen4m_6886] 500 ms timercount 0
07-10 11:42:48.664   133   133 I         : [wdk-c] cpu=0 o_k=0 lbit=0x1 cbit=0xff,fe,7,1,415107077,ff,693555362,12508213,693555510,12508230,[733854561534840,15000000] 24 ffffffff
07-10 11:42:48.665   133   133 I wdt_dump_cntcv CPU: 0 CNTCV_CTL:1 CNTCV_TVAL:10fb CNTVCT:bda46c73e1f SYST_CNTCR:4490d SYST_DISTL:0 SYST_CNTCV:bda46c73e10
07-10 11:42:48.665     0     0 I         : [T300136] [wdk-c] cpu=3 o_k=3 lbit=0x9 cbit=0xff,f6,7,1,415107077,ff,693555362,12508213,693555510,12508230,[733854561583224,14999904] 24 ffffffff
07-10 11:42:48.665     0     0 I         : [T300136] wdt_dump_cntcv CPU:3 CNTCV_CTL:1 CNTCV_TVAL:f41 CNTVCT:bda46c73fd8 SYST_CNTCR:4490d SYST_DISTL:0 SYST_CNTCV:bda46c73fc7
07-10 11:42:48.665     0     0 I         : [T500138] [wdk-c] cpu=5 o_k=5 lbit=0x29 cbit=0xff,d6,7,1,415107077,ff,693555362,12508213,693555510,12508230,[733854561627224,14999861] 24 ffffffff
07-10 11:42:48.665     0     0 I         : [T400137] [wdk-c] cpu=4 o_k=4 lbit=0x39 cbit=0xff,c6,7,1,415107077,ff,693555362,12508213,693555510,12508230,[733854561658840,14999818] 24 ffffffff
07-10 11:42:48.665     0     0 I         : [T400137] wdt_dump_cntcv CPU:4 CNTCV_CTL:1 CNTCV_TVAL:f39 CNTVCT:bda46c73fe0 SYST_CNTCR:4490d SYST_DISTL:0 SYST_CNTCV:bda46c73fd4
07-10 11:42:48.665     0     0 I         : [T500138] wdt_dump_cntcv CPU:5 CNTCV_CTL:1 CNTCV_TVAL:f38 CNTVCT:bda46c73fe4 SYST_CNTCR:4490d SYST_DISTL:0 SYST_CNTCV:bda46c73fd7
07-10 11:42:48.665     0     0 I         : [T100134] [wdk-c] cpu=1 o_k=1 lbit=0x3b cbit=0xff,c4,7,1,415107077,ff,693555362,12508213,693555510,12508230,[733854561692455,14999788] 24 ffffffff
07-10 11:42:48.665     0     0 I         : [T100134] wdt_dump_cntcv CPU:1 CNTCV_CTL:1 CNTCV_TVAL:f6c CNTVCT:bda46c73fac SYST_CNTCR:4490d SYST_DISTL:0 SYST_CNTCV:bda46c73f9f
07-10 11:42:48.665     0     0 I         : [T600139] [wdk-c] cpu=6 o_k=6 lbit=0x7b cbit=0xff,84,7,1,415107077,ff,693555362,12508213,693555510,12508230,[733854561789609,14999695] 24 ffffffff
07-10 11:42:48.665     0     0 I         : [T600139] wdt_dump_cntcv CPU:6 CNTCV_CTL:0 CNTCV_TVAL:fffff1a2 CNTVCT:bda46c743d4 SYST_CNTCR:4490d SYST_DISTL:0 SYST_CNTCV:bda46c743df
07-10 11:42:48.665     0     0 I         : [T700140] [wdk-c] cpu=7 o_k=7 lbit=0xfb cbit=0xff,4,7,1,415107077,ff,693555362,12508213,693555510,12508230,[733854561993917,14999490] 24 ffffffff
07-10 11:42:48.665     0     0 I         : [T700140] wdt_dump_cntcv CPU:7 CNTCV_CTL:0 CNTCV_TVAL:ffffe847 CNTVCT:bda46c74efb SYST_CNTCR:4490d SYST_DISTL:0 SYST_CNTCV:bda46c74f08
