07-10 11:42:59.922     0     0 I [T503350] [wlan][3350]kalPerMonUpdate: (SW4 INFO) ndevdrp:[0:0:0:0] NAPI[1970874,0,0,0,1027,0,0,0,0,0,18446743532543672320] RxReorder[0:0:0:0] RfbTrack[0:60:10:0:0:0:0:0:0:0:0:0:0:0:0:0:0:0:0] drv[RM,IL,RI,PA,PF,DU,DA,RT,RM,RW,RA,RB,DT,NS,IB,HS,LS,DD,ME,BD,NI,DR,TE,PE,CE,DN,FE,DE,IE,TME,ID,NL]:3084593,0,1926903,1926903,0,0,0,1798832,3260,1777975,677,64,20713,0,0,519,0,97,0,42,11,20019,0,0,4,20713,0,0,0,0,0,0
07-10 11:42:59.922     0     0 I [T503350] [wlan][3350]cnmTimerDoTimeOutCheck: (CNM INFO) timer timeout, timer 00000000f0d184dc func kalPerMonHandler.cfi_jt [wlan_drv_gen4m_6886]
07-10 11:42:59.923     0     0 I [T503350] [wlan][3350]cnmTimerStartTimer: (CNM INFO) In DoTimeOut, timer 00000000f0d184dc func kalPerMonHandler.cfi_jt [wlan_drv_gen4m_6886] 500 ms timercount 0
07-10 11:42:59.969   273   273 I mt6375-adc 11280000.i2c: mt6375@34:adc: mt6375_adc_read_channel(): be_val 48387, val 957
07-10 11:43:00.089     0     0 I         : [T300273] mt6375-adc 11280000.i2c:mt6375@34:adc: mt6375_adc_read_channel(): be_val 48643, val 958
07-10 11:43:00.209     0     0 I         : [T500273] mt6375-adc 11280000.i2c:mt6375@34:adc: mt6375_adc_read_channel(): be_val 48643, val 958
07-10 11:43:01.579  1214 32672 I resolv  : GetAddrInfoHandler::run: {127 262271 127 983167 10240 0}
07-10 11:43:01.580  1214 32672 I resolv  : GetAddrInfoHandler::run: network access blocked
07-10 11:43:01.587 31697 32136 E msys    : E[N mns:DGWClient]_LogError(328)=>Failed to resolve using system DNS resolver, getaddrinfo(): No address associated with hostname
07-10 11:43:00.329     0     0 I         : [T500273] mt6375-adc 11280000.i2c:mt6375@34:adc: mt6375_adc_read_channel(): be_val 48643, val 958
07-10 11:43:00.434     0     0 I [T103350] [wlan][3350]kalPerMonUpdate: (SW4 INFO) <512ms> Tput: 0(0.000mbps) [0:0:0:0][0:0:0:0][0:0:0:0][0:0:0:0] Pending:0/4096 [0:0:0:0][0:0:0:0][0:0:0:0][0:0:0:0] LQ[335089:577714:14667] idle:1 lv:0 th:5 fg:0x9 TxCpu[31364,75076,63992,62769,16350,17347,48339,46784] RxCpu[0,0,0,0,0,0,0,0] TxDp[ST:BS:FO:QM:DP]:2:0:0:0:6266 Tx[SQ:TI:TM:TDD:TDM]:0:362021:362021:0:0
07-10 11:43:00.434     0     0 I [T103350] [wlan][3350]kalPerMonUpdate: (SW4 INFO) ndevdrp:[0:0:0:0] NAPI[1970874,0,0,0,1027,0,0,0,0,0,18446743532543672320] RxReorder[0:0:0:0] RfbTrack[0:60:10:0:0:0:0:0:0:0:0:0:0:0:0:0:0:0:0] drv[RM,IL,RI,PA,PF,DU,DA,RT,RM,RW,RA,RB,DT,NS,IB,HS,LS,DD,ME,BD,NI,DR,TE,PE,CE,DN,FE,DE,IE,TME,ID,NL]:3084593,0,1926903,1926903,0,0,0,1798832,3260,1777975,677,64,20713,0,0,519,0,97,0,42,11,20019,0,0,4,20713,0,0,0,0,0,0
07-10 11:43:00.434     0     0 I [T103350] [wlan][3350]cnmTimerDoTimeOutCheck: (CNM INFO) timer timeout, timer 00000000f0d184dc func kalPerMonHandler.cfi_jt [wlan_drv_gen4m_6886]
07-10 11:43:00.436     0     0 I [T103350] [wlan][3350]cnmTimerStartTimer: (CNM INFO) In DoTimeOut, timer 00000000f0d184dc func kalPerMonHandler.cfi_jt [wlan_drv_gen4m_6886] 500 ms timercount 0
07-10 11:43:00.447     0     0 I         : [T500273] mt6375-adc 11280000.i2c:mt6375@34:adc: mt6375_adc_read_channel(): be_val 48643, val 958
07-10 11:43:00.529     0     0 I [    C0] [ccci1/dpmf]dpmaif-txq: 0-3(status=0xf)[2048]: 2048-0-0, 2048-0-0, 2048-0-0, 2048-0-0
07-10 11:43:00.529     0     0 I         : [    C0] [ccci1/dpmf]dpmaif-txq pos: w/r/rel=(0,0,0)(0,0,0)(0,0,0)(0,0,0), tx_busy=0,0,0,0, last_isr=0,0,0,0
07-10 11:43:00.529     0     0 I [    C0] [ccci1/dpmf]dpmaif-rxq0: received:0; q_state=1; budget:16383; w/r=(0,0)
07-10 11:43:00.529     0     0 I         : [T120953] [ccci1/cif]total cnt=213626;rxq0 isr_cnt=48591;rxq1 isr_cnt=2114;rxq2 isr_cnt=0;rxq3 isr_cnt=0;rxq4 isr_cnt=3959;rxq5 isr_cnt=158975;rxq6 isr_cnt=1;rxq7 isr_cnt=3;rxq8 isr_cnt=0;rxq9 isr_cnt=0;rxq10 isr_cnt=0;rxq11 isr_cnt=0;rxq12 isr_cnt=0;rxq13 isr_cnt=0;rxq14 isr_cnt=0;rxq15 isr_cnt=1;rxq16 isr_cnt=0;rxq17 isr_cnt=0;rxq18 isr_cnt=0;rxq19 isr_cnt=0;rxq20 isr_cnt=0;rxq21 isr_cnt=0;rxq22 isr_cnt=0;rxq23 isr_cnt=0;
07-10 11:43:00.568     0     0 I         : [T500273] mt6375-adc 11280000.i2c:mt6375@34:adc: mt6375_adc_read_channel(): be_val 48643, val 958
07-10 11:43:00.688     0     0 I         : [T300273] mt6375-adc 11280000.i2c:mt6375@34:adc: mt6375_adc_read_channel(): be_val 48643, val 958
07-10 11:43:02.049  1262  1357 I libPerfCtl: xgfGetFPS pid:2295 fps:-1
07-10 11:43:00.814     0     0 I         : [T200273] mt6375-adc 11280000.i2c:mt6375@34:adc: mt6375_adc_read_channel(): be_val 48643, val 958
07-10 11:43:00.894     0     0 I         : [T303241] mtk-board-ntc 1c805554.thermal-ntc1: val=0xaf89, v_in/r_type/r_ntc/t=68331/0/59074/36422
07-10 11:43:00.902  3241  3241 I mtk-board-ntc 1c805560.thermal-ntc13: val=0xb08a, v_in/r_type/r_ntc/t=69774/0/61084/35650
07-10 11:43:00.937     0     0 I         : [T500273] mt6375-adc 11280000.i2c:mt6375@34:adc: mt6375_adc_read_channel(): be_val 48643, val 958
07-10 11:43:00.937     0     0 I [T500273]  usb_pre_temp: 31
07-10 11:43:00.945     0     0 I [T503350] [wlan][3350]kalPerMonUpdate: (SW4 INFO) <511ms> Tput: 0(0.000mbps) [0:0:0:0][0:0:0:0][0:0:0:0][0:0:0:0] Pending:0/4096 [0:0:0:0][0:0:0:0][0:0:0:0][0:0:0:0] LQ[335089:577714:14667] idle:1 lv:0 th:5 fg:0x9 TxCpu[31364,75076,63992,62769,16350,17347,48339,46784] RxCpu[0,0,0,0,0,0,0,0] TxDp[ST:BS:FO:QM:DP]:2:0:0:0:6266 Tx[SQ:TI:TM:TDD:TDM]:0:362021:362021:0:0
07-10 11:43:00.945     0     0 I [T503350] [wlan][3350]kalPerMonUpdate: (SW4 INFO) ndevdrp:[0:0:0:0] NAPI[1970874,0,0,0,1027,0,0,0,0,0,18446743532543672320] RxReorder[0:0:0:0] RfbTrack[0:60:10:0:0:0:0:0:0:0:0:0:0:0:0:0:0:0:0] drv[RM,IL,RI,PA,PF,DU,DA,RT,RM,RW,RA,RB,DT,NS,IB,HS,LS,DD,ME,BD,NI,DR,TE,PE,CE,DN,FE,DE,IE,TME,ID,NL]:3084593,0,1926903,1926903,0,0,0,1798832,3260,1777975,677,64,20713,0,0,519,0,97,0,42,11,20019,0,0,4,20713,0,0,0,0,0,0
07-10 11:43:00.945     0     0 I [T503350] [wlan][3350]cnmTimerDoTimeOutCheck: (CNM INFO) timer timeout, timer 00000000f0d184dc func kalPerMonHandler.cfi_jt [wlan_drv_gen4m_6886]
07-10 11:43:00.947     0     0 I [T503350] [wlan][3350]cnmTimerStartTimer: (CNM INFO) In DoTimeOut, timer 00000000f0d184dc func kalPerMonHandler.cfi_jt [wlan_drv_gen4m_6886] 500 ms timercount 0
07-10 11:43:01.057     0     0 I         : [T200273] mt6375-adc 11280000.i2c:mt6375@34:adc: mt6375_adc_read_channel(): be_val 48643, val 958
07-10 11:43:01.177     0     0 I         : [T500273] mt6375-adc 11280000.i2c:mt6375@34:adc: mt6375_adc_read_channel(): be_val 48643, val 958
07-10 11:43:01.296   273   273 I mt6375-adc 11280000.i2c: mt6375@34:adc: mt6375_adc_read_channel(): be_val 48387, val 957
07-10 11:43:02.661  1461  1907 E md_thermal: interval=40 temp: 37100 36500 35000 35200
07-10 11:43:01.417   273   273 I mt6375-adc 11280000.i2c: mt6375@34:adc: mt6375_adc_read_channel(): be_val 48643, val 958
07-10 11:43:02.770 19093 31621 I NearbyMediums: No BLE Fast/GATT advertisements found in the latest cycle.
07-10 11:43:02.770 19093 31621 I NearbyMediums: Current Tracked Scanning Clients are : {NearbyConnections.EnvironmentMonitor, NearbySharing}
07-10 11:43:02.771 19093 32201 I NearbyConnections: Processing lost BlePeripheral BlePeripheral{advertisement=BleAdvertisement { version=2, socketVersion=2, isFast=true, serviceIdHash=null, data=[ 0x23 0x49 0x37 0x39 0x47 0x11 0x32 0x99 0x86 0x62 0xa0 0x13 0xcd 0xf1 0xd0 0x1c 0x71 0x34 0x85 0xce 0xdb 0x36 0x80 ], deviceToken=[ 0xed 0x3f ], rxAdvertisement=null }, dctAdvertisement=null, address=null, psm=0, deviceToken=<ByteString@40fa4c2 size=2 contents="\355?">, isSecondProfile=false, rxInstantConnectionAdv=null}.
07-10 11:43:02.772 19093 32201 I NearbyConnections: Lost BleEndpoint for BlePeripheral BlePeripheral{advertisement=BleAdvertisement { version=2, socketVersion=2, isFast=true, serviceIdHash=null, data=[ 0x23 0x49 0x37 0x39 0x47 0x11 0x32 0x99 0x86 0x62 0xa0 0x13 0xcd 0xf1 0xd0 0x1c 0x71 0x34 0x85 0xce 0xdb 0x36 0x80 ], deviceToken=[ 0xed 0x3f ], rxAdvertisement=null }, dctAdvertisement=null, address=null, psm=0, deviceToken=<ByteString@40fa4c2 size=2 contents="\355?">, isSecondProfile=false, rxInstantConnectionAdv=null} (with EndpointId I79G and EndpointInfo [ 0x32 0x99 0x86 0x62 0xa0 0x13 0xcd 0xf1 0xd0 0x1c 0x71 0x34 0x85 0xce 0xdb 0x36 0x80 ]).
07-10 11:43:02.772 19093 32201 I NearbyConnections: ClientProxy(141054581) reporting onEndpointLost(I79G)
07-10 11:43:02.775 19093 32201 I NearbySharing: NearbySharing Internal event EndpointLost(endpointId=I79G)
07-10 11:43:01.457     0     0 I [T103350] [wlan][3350]kalPerMonUpdate: (SW4 INFO) <512ms> Tput: 0(0.000mbps) [0:0:0:0][0:0:0:0][0:0:0:0][0:0:0:0] Pending:0/4096 [0:0:0:0][0:0:0:0][0:0:0:0][0:0:0:0] LQ[335089:577714:14667] idle:1 lv:0 th:5 fg:0x9 TxCpu[31364,75076,63992,62769,16350,17347,48339,46784] RxCpu[0,0,0,0,0,0,0,0] TxDp[ST:BS:FO:QM:DP]:2:0:0:0:6266 Tx[SQ:TI:TM:TDD:TDM]:0:362021:362021:0:0
07-10 11:43:01.457     0     0 I [T103350] [wlan][3350]kalPerMonUpdate: (SW4 INFO) ndevdrp:[0:0:0:0] NAPI[1970874,0,0,0,1027,0,0,0,0,0,18446743532543672320] RxReorder[0:0:0:0] RfbTrack[0:60:10:0:0:0:0:0:0:0:0:0:0:0:0:0:0:0:0] drv[RM,IL,RI,PA,PF,DU,DA,RT,RM,RW,RA,RB,DT,NS,IB,HS,LS,DD,ME,BD,NI,DR,TE,PE,CE,DN,FE,DE,IE,TME,ID,NL]:3084593,0,1926903,1926903,0,0,0,1798832,3260,1777975,677,64,20713,0,0,519,0,97,0,42,11,20019,0,0,4,20713,0,0,0,0,0,0
07-10 11:43:01.457     0     0 I [T103350] [wlan][3350]cnmTimerDoTimeOutCheck: (CNM INFO) timer timeout, timer 00000000f0d184dc func kalPerMonHandler.cfi_jt [wlan_drv_gen4m_6886]
07-10 11:43:01.459     0     0 I [T103350] [wlan][3350]cnmTimerStartTimer: (CNM INFO) In DoTimeOut, timer 00000000f0d184dc func kalPerMonHandler.cfi_jt [wlan_drv_gen4m_6886] 500 ms timercount 0
07-10 11:43:01.521     0     0 I [C700000] [name: spm&][SPM] system-vcore didn't enter MCUSYS off, MCUSYS cnt is no update
07-10 11:43:01.521     0     0 I [C700000] [name: spm&] Pending Wakeup Sources: ttyCMIPC9 NT_CHG_WAKE 11201000.usb0 disp_crtc0_wakelock
07-10 11:43:01.537     0     0 I         : [T300273] mt6375-adc 11280000.i2c:mt6375@34:adc: mt6375_adc_read_channel(): be_val 48387, val 957
07-10 11:43:01.661     0     0 I         : [T500273] mt6375-adc 11280000.i2c:mt6375@34:adc: mt6375_adc_read_channel(): be_val 48643, val 958
07-10 11:43:03.050  1262  1357 I libPerfCtl: xgfGetFPS pid:2295 fps:-1
07-10 11:43:01.781     0     0 I         : [T100273] mt6375-adc 11280000.i2c:mt6375@34:adc: mt6375_adc_read_channel(): be_val 48643, val 958
07-10 11:43:01.809     0     0 I         : [T100141] [Hang_Detect] hang_detect thread counts down 10:10, status 1.
07-10 11:43:01.906     0     0 I         : [T100273] mt6375-adc 11280000.i2c:mt6375@34:adc: mt6375_adc_read_channel(): be_val 48643, val 958
07-10 11:43:01.969     0     0 I [T503350] [wlan][3350]kalPerMonUpdate: (SW4 INFO) <513ms> Tput: 0(0.000mbps) [0:0:0:0][0:0:0:0][0:0:0:0][0:0:0:0] Pending:0/4096 [0:0:0:0][0:0:0:0][0:0:0:0][0:0:0:0] LQ[335089:577714:14667] idle:1 lv:0 th:5 fg:0x9 TxCpu[31364,75076,63992,62769,16350,17347,48339,46784] RxCpu[0,0,0,0,0,0,0,0] TxDp[ST:BS:FO:QM:DP]:2:0:0:0:6266 Tx[SQ:TI:TM:TDD:TDM]:0:362021:362021:0:0
07-10 11:43:01.969     0     0 I [T503350] [wlan][3350]kalPerMonUpdate: (SW4 INFO) ndevdrp:[0:0:0:0] NAPI[1970874,0,0,0,1027,0,0,0,0,0,18446743532543672320] RxReorder[0:0:0:0] RfbTrack[0:60:10:0:0:0:0:0:0:0:0:0:0:0:0:0:0:0:0] drv[RM,IL,RI,PA,PF,DU,DA,RT,RM,RW,RA,RB,DT,NS,IB,HS,LS,DD,ME,BD,NI,DR,TE,PE,CE,DN,FE,DE,IE,TME,ID,NL]:3084593,0,1926903,1926903,0,0,0,1798832,3260,1777975,677,64,20713,0,0,519,0,97,0,42,11,20019,0,0,4,20713,0,0,0,0,0,0
07-10 11:43:01.970     0     0 I [T503350] [wlan][3350]cnmTimerDoTimeOutCheck: (CNM INFO) timer timeout, timer 00000000f0d184dc func kalPerMonHandler.cfi_jt [wlan_drv_gen4m_6886]
07-10 11:43:01.971     0     0 I [T503350] [wlan][3350]cnmTimerStartTimer: (CNM INFO) In DoTimeOut, timer 00000000f0d184dc func kalPerMonHandler.cfi_jt [wlan_drv_gen4m_6886] 500 ms timercount 0
07-10 11:43:02.028     0     0 I         : [T100273] mt6375-adc 11280000.i2c:mt6375@34:adc: mt6375_adc_read_channel(): be_val 48643, val 958
07-10 11:43:02.146     0     0 I [T500264] get_battery_temperature: 34
07-10 11:43:02.148     0     0 I         : [T500273] mt6375-adc 11280000.i2c:mt6375@34:adc: mt6375_adc_read_channel(): be_val 48643, val 958
07-10 11:43:02.166   264   264 I get_battery_voltage: 4208
07-10 11:43:02.181     0     0 I [T500264] get_battery_current: -109
07-10 11:43:02.181     0     0 I [T500264] get_uisoc: 77
07-10 11:43:02.181     0     0 I         : [T500264] get_charger_type online:4 type:4 usb_type:1
07-10 11:43:02.181     0     0 I         : [T500264] get_usb_type online:4 usb_type:1
07-10 11:43:02.188     0     0 I         : [T500264] Vbat=4208 vbats=4216 vbus:5156 ibus:52 I=-109 T=34 uisoc:77 type:usb>usb pd:3 swchg_ibat:17 cv:4500000
07-10 11:43:02.188     0     0 I         : [T500264] get_charger_type online:4 type:4 usb_type:1
07-10 11:43:02.188     0     0 I         : [T500264] get_usb_type online:4 usb_type:1
07-10 11:43:02.188     0     0 I [T500264] mtk_charger_start_timer: alarm timer start:0, 1002483 886988321
07-10 11:43:02.188     0     0 I [T500264] is_battery_exist: 1
07-10 11:43:02.188     0     0 I [T500264] is_battery_exist: 1
07-10 11:43:02.188     0     0 I [T500264] is_battery_exist: 1
07-10 11:43:02.188     0     0 I         : [T500264] [PE50]pe50_stop already stop
07-10 11:43:02.188     0     0 I         : [T500264] [PPS]pps_is_algo_waiver waiver = 0
07-10 11:43:02.188     0     0 I         : [T500264] [PPS]pps_is_algo_running running = 0
07-10 11:43:02.188     0     0 I         : [T500264] [PPS]pps_is_algo_finish ALGO FINISH  = 0
07-10 11:43:02.188     0     0 I         : [T500264] [PPS]pps_is_algo_ready ++
07-10 11:43:02.188     0     0 I         : [T500264] [PPS]pps_is_algo_ready run once(0)
07-10 11:43:02.188     0     0 I         : [T500264] [PPS]pps_hal_get_soc 77
07-10 11:43:02.188     0     0 I         : [T500264] [PPS]pps_get_tbat 34
07-10 11:43:02.188     0     0 I         : [T500264] [PPS]pps_check_thermal_level tbat(34,5)
07-10 11:43:02.188     0     0 I         : [T500264] pd_authentication pd type is not snk apdo
07-10 11:43:02.188     0     0 I         : [T500264] [PPS]pps_hal_authenticate_ta authenticate fail(4)
07-10 11:43:02.189     0     0 I         : [T500264] pps_hal_is_pd_adapter_ready type:3
07-10 11:43:02.189     0     0 I         : [T500264] _pe4_is_algo_ready state:PE4_TA_NOT_SUPPORT=>PE4_TA_NOT_SUPPORT ret:2
07-10 11:43:02.189     0     0 I         : [T500264] _pd_is_algo_ready 2
07-10 11:43:02.189     0     0 I         : [T500264] pd_hal_is_pd_adapter_ready type:3
07-10 11:43:02.189     0     0 I [T500264] pd_hal_get_uisoc: 77
07-10 11:43:02.189     0     0 I         : [T500264] _pe2_is_algo_ready state:PE2_HW_READY
07-10 11:43:02.189     0     0 I [T500264] pe2_hal_get_uisoc: 77
07-10 11:43:02.189     0     0 I         : [T500264] pe2_hal_get_charger_type type:4
07-10 11:43:02.189     0     0 I         : [T500264] _pe_is_algo_ready state:PE_HW_READY
07-10 11:43:02.189     0     0 I [T500264] pe_hal_get_uisoc: 77
07-10 11:43:02.189     0     0 I         : [T500264] pe_hal_get_charger_type type:4
07-10 11:43:02.189     0     0 I [T500264] get_battery_voltage: 4208
07-10 11:43:02.196     0     0 I         : [T500264] F_VMIVR, val=4400
07-10 11:43:02.196     0     0 I         : [T500264] get_charger_type online:4 type:4 usb_type:1
07-10 11:43:02.196     0     0 I [T500264] get_uisoc: 77
07-10 11:43:02.196     0     0 I         : [T500264] [SW_JEITA] Battery Normal Temperature between 10 and 45 !!
07-10 11:43:02.196     0     0 I [T500264] [SW_JEITA]preState: 3 newState:3 tmp:34 cv:0
07-10 11:43:02.204   264   264 I aw32280_is_chg_enabled: charge_enable [0x0016]=0x00
07-10 11:43:02.211   264   264 I mtk_chg_check_vbus: vbus(5156 mV) ,swovp(6200) mV
07-10 11:43:02.218   264   264 I tmp     : 34 (jeita:1 sm:3 cv:0 en:1) (sm:1) en:0 c:0 s:1 ov:0 sc:0 0 0 saf_cmd:-1 bat_mon:1 0
07-10 11:43:02.219   264   264 I mtk_charger_enable_power_path_cust: area_id(3), disable_pp(u=0,p=0), en_pp = 1
07-10 11:43:02.219   264   264 I mtk_charger_enable_power_path_cust: power path is already en = 1
07-10 11:43:02.219   264   264 I         : disable charging 0 1 0
07-10 11:43:02.219   264   264 I get_uisoc: 77
07-10 11:43:02.219   264   264 I get_battery_current: -109
07-10 11:43:02.219   264   264 I [sc]disable_charger: 0
07-10 11:43:02.226   264   264 I get_uisoc: 77
07-10 11:43:02.226   264   264 I [sc1]en : 0 t:0,80000,9783,70217 t:3600,66617,-1,-1 c:-109,2000 ibus:52 uisoc: 77,80 s:3000 ans:ignore
07-10 11:43:02.226   264   264 I         : charger_routine_thread end , 0
07-10 11:43:02.268     0     0 I         : [T400273] mt6375-adc 11280000.i2c:mt6375@34:adc: mt6375_adc_read_channel(): be_val 48387, val 957
07-10 11:43:02.392     0     0 I         : [T100273] mt6375-adc 11280000.i2c:mt6375@34:adc: mt6375_adc_read_channel(): be_val 48643, val 958
07-10 11:43:02.422     0     0 I [T503350] [wlan][3350]asicConnac2xFillCmdTxdInfo: (TX INFO) TX CMD: ID[0x84] SEQ[164] SET[0] LEN[72]
07-10 11:43:02.431     0     0 I [T403352] [wlan][3352]halSetDriverOwn: (INIT INFO) [hif_thread]: DRIVER OWN Done[4294975396 us], sent[36 us], INT[1289650825 us], reci[3005324506 us], set[29 us]
07-10 11:43:02.431     0     0 I [T403352] [wlan][3352]halDumpMsduReportStats: (HAL INFO) TX_Delay D:[1:5:10:20]=[0:0:0:0:0] C:[10:20:50:80]=[0:0:0:0:0] M:[5:10:20:50]=[0:0:0:0:0] A:[5:10:20:50]=[0:0:0:0:0] F:[10:20:50:80]=[0:0:0:0:0] Txfail:0
07-10 11:43:02.431     0     0 I [T403352] [wlan][3352]halDumpHifStats: (HAL INFO) I[0 / 1970875 2 0 0 0x0 0x0 0] T[405374 405374 405373 / 362019 362019 362019 362019] R[1947616 / 1345724] T_Q:T_R[0:0 0:0 0:0 0:0 0:1 0:0]  R_R:R_N[0:0 0:0 0:0 0:0] Msdu[2047/2048] Tok[0/4096] Rfb[4150/0/0/4150] txreg[261492] rxreg[1964038]
07-10 11:43:03.749  2248  2248 E WifiHAL : handleResponse: data=0xb400007b8d0f17d0, len=4920
07-10 11:43:03.749  2248  2248 I WifiHAL : check_data_sanity: confirmed_size=4920, len=4920
07-10 11:43:03.749  2248  2248 I WifiHAL : wifi_get_link_stats: result=0
07-10 11:43:02.434  2248  2248 I [wlan][2248]fill_power_levels: (REQ INFO) Copy power level 2048 bytes
07-10 11:43:02.443     0     0 I [T203350] [wlan][3350]asicConnac2xFillCmdTxdInfo: (TX INFO) TX CMD: ID[0x81] SEQ[165] SET[0] LEN[64]
07-10 11:43:02.447     0     0 I [T503350] [wlan][3350]nicUpdateLinkQuality: (RLM INFO) Rssi=-41, NewRssi=-41
07-10 11:43:02.450     0     0 I [T203350] [wlan][3350]asicConnac2xFillCmdTxdInfo: (TX INFO) TX CMD: ID[0x85] SEQ[166] SET[0] LEN[92]
07-10 11:43:02.452     0     0 I [T203350] [wlan][3350]nicRxProcessEventPacket: (RX INFO) Not static config event: id=0x21, seq=166
07-10 11:43:02.454     0     0 I [T301492] [wlan][1492]mtk_cfg80211_get_station: (REQ INFO) link speed=10805/10809, bw=0/0, rssi=-41, BSSID:[0c:96:**:**:**:af],TxFail=0, TxTimeOut=0, TxOK=134052, RxOK=721678, FcsErr=15
07-10 11:43:02.455     0     0 I [T103352] [wlan][3352]halSetFWOwn: (INIT INFO) FW OWN:1, IntSta:0x08000000
07-10 11:43:03.778  2248  2248 I WifiHAL : feature_set=0x8489141a
07-10 11:43:02.481     0     0 I [T403350] [wlan][3350]kalPerMonUpdate: (SW4 INFO) <511ms> Tput: 0(0.000mbps) [0:0:0:0][0:0:0:0][0:0:0:0][0:0:0:0] Pending:0/4096 [0:0:0:0][0:0:0:0][0:0:0:0][0:0:0:0] LQ[335089:577714:14667] idle:1 lv:0 th:5 fg:0x9 TxCpu[31364,75076,63992,62769,16350,17347,48339,46784] RxCpu[0,0,0,0,0,0,0,0] TxDp[ST:BS:FO:QM:DP]:2:0:0:0:6266 Tx[SQ:TI:TM:TDD:TDM]:0:362021:362021:0:0
07-10 11:43:02.481     0     0 I [T403350] [wlan][3350]kalPerMonUpdate: (SW4 INFO) ndevdrp:[0:0:0:0] NAPI[1970881,0,0,0,1027,0,0,0,0,0,18446743532543672320] RxReorder[0:0:0:0] RfbTrack[0:60:10:0:0:0:0:0:0:0:0:0:0:0:0:0:0:0:0] drv[RM,IL,RI,PA,PF,DU,DA,RT,RM,RW,RA,RB,DT,NS,IB,HS,LS,DD,ME,BD,NI,DR,TE,PE,CE,DN,FE,DE,IE,TME,ID,NL]:3084597,0,1926903,1926903,0,0,0,1798832,3260,1777975,677,64,20713,0,0,519,0,97,0,42,11,20019,0,0,4,20713,0,0,0,0,0,0
07-10 11:43:02.481     0     0 I [T403350] [wlan][3350]cnmTimerDoTimeOutCheck: (CNM INFO) timer timeout, timer 00000000f0d184dc func kalPerMonHandler.cfi_jt [wlan_drv_gen4m_6886]
07-10 11:43:02.482     0     0 I [T403350] [wlan][3350]cnmTimerStartTimer: (CNM INFO) In DoTimeOut, timer 00000000f0d184dc func kalPerMonHandler.cfi_jt [wlan_drv_gen4m_6886] 500 ms timercount 0
07-10 11:43:02.513     0     0 I         : [T300273] mt6375-adc 11280000.i2c:mt6375@34:adc: mt6375_adc_read_channel(): be_val 48643, val 958
07-10 11:43:03.923  1916  3535 I AS.AudioService: getMode, get current owner's mode
07-10 11:43:03.923  1916  3535 I AS.AudioService: getMode, currentModeHandler is null
07-10 11:43:02.513     0     0 I [T300273]  usb_pre_temp: 31
07-10 11:43:02.633     0     0 I         : [T300273] mt6375-adc 11280000.i2c:mt6375@34:adc: mt6375_adc_read_channel(): be_val 48643, val 958
07-10 11:43:02.640     0     0 E         : [C100000] [nt_charger_alarm_timer_func][1605]
07-10 11:43:02.640     0     0 I [T500275] chg_check_pmic_info: psp:64 - 1
07-10 11:43:02.648     0     0 I [T400275] [check_chg_status]vbus: 5156000,{6200000 ~ 4400000}
07-10 11:43:02.648     0     0 E [T400275] check_pps_status: typec_attach=1, pd_type=3
07-10 11:43:02.648     0     0 I [T400275] check_abnormal_status: [nt_abnormal_status] : 512
07-10 11:43:02.648     0     0 I [T400275] [nt_abnormal_status]: { [charging over time] }
07-10 11:43:02.648     0     0 E [T400275] cooling_state_to_charger_limit: lst_rnd_alg_idx :6
07-10 11:43:02.648     0     0 I [T400275] cooling_state_to_charger_limit: fcc_store 2500 ma,fast_charge = 1 ,alg_id = 4
07-10 11:43:02.649     0     0 I [T400275] aw32280_is_chg_enabled: charge_enable [0x0016]=0x00
07-10 11:43:02.657     0     0 I [T400275] aw32280_is_chg_enabled: charge_enable [0x0016]=0x00
07-10 11:43:02.657     0     0 I [T400275] chg_check_pmic_info: psp:63 - 4
07-10 11:43:02.683     0     0 I [T400275] aw32280_get_adc_data: ADC_CH [6] : ADC_H [0x011E]=0x08, ADC_L [0x011D]=0x67
07-10 11:43:02.683     0     0 I [T400275] aw32280_get_adc_data: get_adc is 0 (ma/mv)
07-10 11:43:02.683     0     0 I [T400275] chg_check_pmic_info: psp:0 - 3
07-10 11:43:02.684     0     0 I [T400275] pump: 0x36,pump_en:0,ovp:1,wpc:0, fcc:-64,fv:4500,icl:500,ibus_ma:52500,usb_sus:0,wls_sus:0,BattInit:1, chg_type:4,soc:77,soc_time:0,soc_pre:77,real_cap:3848460,htemp_charge:25,plug_in:1,plugGpio:1,usbTemp:31,battTemp:34,CHG_EN:0,CHG_STATUS:3,AICL:-1,AICR:100,CV:4500,MIVR:4400,ICHG:300,BOOST_CV:5400,BOOST_EN:0,BOOST_CC:1800,aging_mode:0,NT_CHG_TYPE:PD,CAM_LMT:{[ON_OFF]9000,[HV_CHG]1,[LMT_C]-1,g_nt_cp_ctrl:101,hvcharger:0}
07-10 11:43:02.684     0     0 I         : [T400275]
07-10 11:43:02.684     0     0 I [T400275] [NT]lst_rnd_alg_idx: 6
07-10 11:43:02.684     0     0 I [T400275] nt_charger_start_timer: alarm timer start [1][0]: 1002484 382664321
07-10 11:43:04.050  1262  1357 I libPerfCtl: xgfGetFPS pid:2295 fps:-1
07-10 11:43:02.752     0     0 I         : [T500273] mt6375-adc 11280000.i2c:mt6375@34:adc: mt6375_adc_read_channel(): be_val 48643, val 958
07-10 11:43:02.769     0     0 I [T103352] [wlan][3352]halSetDriverOwn: (INIT INFO) [hif_thread]: DRIVER OWN Done[4294969362 us], sent[35 us], INT[1289306957 us], reci[3005662351 us], set[19 us]
07-10 11:43:02.798     0     0 I [T103352] [wlan][3352]halSetFWOwn: (INIT INFO) FW OWN:1, IntSta:0x00000001
07-10 11:43:02.873     0     0 I         : [T400273] mt6375-adc 11280000.i2c:mt6375@34:adc: mt6375_adc_read_channel(): be_val 48643, val 958
07-10 11:43:04.299 31522 31522 I adbd    : adbd service requested 'shell,v2,raw:input tap 96 256'
07-10 11:43:02.993  3350  3350 I [wlan][3350]kalPerMonUpdate: (SW4 INFO) <513ms> Tput: 4048(0.003mbps) [0:0:260:1][0:0:0:0][0:0:0:0][0:0:0:0] Pending:0/4096 [0:0:0:0][0:0:0:0][0:0:0:0][0:0:0:0] LQ[335089:577714:14667] idle:0 lv:0 th:5 fg:0x9 TxCpu[31364,75076,63992,62769,16350,17347,48339,46784] RxCpu[0,0,0,0,0,0,0,0] TxDp[ST:BS:FO:QM:DP]:2:0:0:0:6266 Tx[SQ:TI:TM:TDD:TDM]:0:362021:362021:0:0
07-10 11:43:02.994  3350  3350 I [wlan][3350]kalPerMonUpdate: (SW4 INFO) ndevdrp:[0:0:0:0] NAPI[1970883,0,0,0,1027,0,0,0,0,0,18446743532543672320] RxReorder[0:0:0:0] RfbTrack[0:60:10:0:0:0:0:0:0:0:0:0:0:0:0:0:0:0:0] drv[RM,IL,RI,PA,PF,DU,DA,RT,RM,RW,RA,RB,DT,NS,IB,HS,LS,DD,ME,BD,NI,DR,TE,PE,CE,DN,FE,DE,IE,TME,ID,NL]:3084599,0,1926904,1926904,0,0,0,1798832,3260,1777975,677,64,20713,0,0,519,0,97,0,42,11,20019,0,0,4,20713,0,0,0,0,0,0
07-10 11:43:02.994  3350  3350 I [wlan][3350]cnmTimerDoTimeOutCheck: (CNM INFO) timer timeout, timer 00000000f0d184dc func kalPerMonHandler.cfi_jt [wlan_drv_gen4m_6886]
07-10 11:43:02.995  3350  3350 I [wlan][3350]cnmTimerStartTimer: (CNM INFO) In DoTimeOut, timer 00000000f0d184dc func kalPerMonHandler.cfi_jt [wlan_drv_gen4m_6886] 500 ms timercount 0
07-10 11:43:02.997     0     0 I         : [T200273] mt6375-adc 11280000.i2c:mt6375@34:adc: mt6375_adc_read_channel(): be_val 48643, val 958
07-10 11:43:04.356  1263  1373 I libPowerHal: [perfLockAcq] idx:0 hdl:77288 hint:25 pid:1263 tid:1263 duration:10000 lock_user:mtkpower@1.0-se => ret_hdl:77288
07-10 11:43:04.356  1263  1373 I libPowerHal: [PE] MTKPOWER_HINT_APP_TOUCH update cmd:3408b00 param:1
07-10 11:43:04.357  1263  1352 E libPowerHal: [getCPUFreq] error cid:2, nClusterNum:2
07-10 11:43:04.359  1277  1708 E SurfaceFlinger: MtkDuration override mode is disabled
07-10 11:43:04.359  1277  1708 I PowerHalWrapper: updateFps(): 90
07-10 11:43:04.359  1243  1693 I hwcomposer: [DRMDEV] (0:60) failed to waitNextVsync: -1
07-10 11:43:04.360  1263  1373 I libPowerHal: [perfLockAcq] idx:1 hdl:77289 hint:-1 pid:1263 tid:1352 duration:200 lock_user:mtkpower@1.0-se => ret_hdl:77289
07-10 11:43:04.360  1263  1373 I libPowerHal: [setClusterFreq] mtkpower@1.0-se set cpufreq[0] min:1900000 max:-1 cpufreq[1] min:2600000 max:-1
07-10 11:43:04.360  1263  1373 I libPowerHal: [setClusterFreq]  set cpu_ctrl cpufreq: 1900000 -1 2600000 -1
07-10 11:43:04.360  1263  1373 I libPowerHal: [PE] mtkpower@1.0-se update cmd:1404100, param:0
07-10 11:43:04.361  1263  1373 I libPowerHal: [PE] mtkpower@1.0-se update cmd:1404300, param:0
07-10 11:43:04.361  1263  1373 I libPowerHal: [PE] mtkpower@1.0-se update cmd:1408100, param:0
07-10 11:43:04.362  1263  1373 I libPowerHal: [PE] mtkpower@1.0-se update cmd:1408300, param:80
07-10 11:43:04.367  1263  1373 I libPowerHal: [perfLockRel] hdl:77288, idx:0
07-10 11:43:04.367  1263  1373 I libPowerHal: [PD] MTKPOWER_HINT_APP_TOUCH update cmd:3408b00 param:0
07-10 11:43:04.368  1243  1693 I hwcomposer: [DRMDEV] (0:60) failed to waitNextVsync: -1
07-10 11:43:04.369  1243  1243 I hwcomposer: [HWCDisplay] (0) setActiveConfigWithConstraints config:2
07-10 11:43:04.369  1243  1243 I hwcomposer: [HWCDisplay] setActiveConfigWithConstraints(), now 733870266175049, diff 101231, estimated_applied_time 16666667 queued_size:0
07-10 11:43:04.370  1243  1243 I hwcomposer: [HWCDisplay] [Display_0 (type:1, mode:2)] fps:0.232026,dur:4309.86,max:4309.86,min:4309.86
07-10 11:43:03.056   216   216 I         : mminfra_cg_check cg still off, CG_CON0:0xfffffffc CG_CON1:0xfffdffff
07-10 11:43:03.056     0     0 I [T300216] mtk_mminfra_pd_callback: enable clk ref_cnt=1, enable gce apsrc: 0x1e980048=0x20002
07-10 11:43:03.059     0     0 I         : [T201689] [DISP]mtk_drm_crtc_mode_check++ from 0 to 2
07-10 11:43:04.379  1243  1717 I hwcomposer: [HWCDisplay] updateAppliedConfigState: applied config complete[idx:733870282841716, config:2]
07-10 11:43:03.060   216   216 I         : [DISP][mtk_cm_config line:182]
07-10 11:43:03.061   216   216 I         : [DISP]mtk_dsi_set_mmclk_by_datarate_V1, data_rate =451, mmclk=225 pixclk_min=0, dual=0
07-10 11:43:03.061     0     0 I         : [T201689] [DISP]mtk_crtc_disp_mode_switch_begin++ from 0 to 2
07-10 11:43:03.061     0     0 I         : [T201689] [DISP]mtk_crtc_disp_mode_switch_begin,Update RDMA golden_setting
07-10 11:43:03.062     0     0 E         : [T201689] [panel] mode_switch,cur_mode = 0,dst_mode = 2
07-10 11:43:03.063  1689  1689 I         : [DISP]mtk_dsi_set_mmclk_by_datarate_V1, data_rate =830, mmclk=415 pixclk_min=0, dual=0
07-10 11:43:03.064  1689  1689 E         : [panel] mode_switch,cur_mode = 0,dst_mode = 2
07-10 11:43:03.064  1689  1689 E         : [panel] mode_switch_to_90
07-10 11:43:03.064  1689  1689 I [DISP][fps]: drm_invoke_fps_chg_callbacks,new_fps =90
07-10 11:43:03.064  1689  1689 I [DISP][fps]: mtk_crtc_get_idle_interval,[fps->idle interval][90 fps->34 ms]
07-10 11:43:03.064  1689  1689 I         : [DISP]mtk_crtc_disp_mode_switch_begin--
07-10 11:43:04.385  1277  1277 I PowerHalWrapper: updateFps(): 90
07-10 11:43:04.385  1277  1277 I PowerHalWrapper: mEnableMultiDisplayMode enable=0 fps=90
07-10 11:43:04.385  1277  1277 I mtkpower_client: PowerHal_Wrap_EnableMultiDisplayMode, enable:0 fps:90 CurMultiDisplayMode:-1
07-10 11:43:04.386  1277  1277 I PowerHalWrapper: updateFps(): 90
07-10 11:43:04.429  1263  1353 E libPowerHal: Could not open '/proc/touch_boost/force_stop_boost'
07-10 11:43:04.429  1263  1353 E libPowerHal: error : 2, No such file or directory
07-10 11:43:04.429  1263  1373 I libPowerHal: [perfLockRel] hdl:77289, idx:1
07-10 11:43:04.429  1263  1373 I libPowerHal: [setClusterFreq]  set cpu_ctrl cpufreq: -1 -1 -1 -1
07-10 11:43:04.429  1263  1373 I libPowerHal: [PD] mtkpower@1.0-se update cmd:1404100 param:0
07-10 11:43:04.430  1263  1373 I libPowerHal: [PD] mtkpower@1.0-se update cmd:1404300 param:0
07-10 11:43:04.430  1263  1373 I libPowerHal: [PD] mtkpower@1.0-se update cmd:1408100 param:0
07-10 11:43:04.430  1263  1373 I libPowerHal: [PD] mtkpower@1.0-se update cmd:1408300 param:0
07-10 11:43:03.116     0     0 I         : [T500273] mt6375-adc 11280000.i2c:mt6375@34:adc: mt6375_adc_read_channel(): be_val 48643, val 958
07-10 11:43:04.436  1277  1277 I BufferQueueProducer: [com.weatheron.mobile/com.weatheron.mobile.MainActivity#27903](this:0xb4000072cec534d8,id:-1,api:0,p:-1,c:1277) queueBuffer: fps=1.03 dur=24346.55 max=24068.32 min=10.37
07-10 11:43:03.235   273   273 I mt6375-adc 11280000.i2c: mt6375@34:adc: mt6375_adc_read_channel(): be_val 48643, val 958
07-10 11:43:03.356     0     0 I         : [T300273] mt6375-adc 11280000.i2c:mt6375@34:adc: mt6375_adc_read_channel(): be_val 48643, val 958
07-10 11:43:03.475   273   273 I mt6375-adc 11280000.i2c: mt6375@34:adc: mt6375_adc_read_channel(): be_val 48387, val 957
07-10 11:43:03.486     0     0 I [T523704] mtk_mminfra_pd_callback: disable gce apsrc: 0x1e980048=0x0
07-10 11:43:03.487     0     0 I [T523704] mtk_mminfra_pd_callback: disable clk ref_cnt=0
07-10 11:43:03.505     0     0 I [T103350] [wlan][3350]kalPerMonUpdate: (SW4 INFO) <512ms> Tput: 0(0.000mbps) [0:0:0:0][0:0:0:0][0:0:0:0][0:0:0:0] Pending:0/4096 [0:0:0:0][0:0:0:0][0:0:0:0][0:0:0:0] LQ[335089:577714:14667] idle:1 lv:0 th:5 fg:0x9 TxCpu[31364,75076,63992,62769,16350,17347,48339,46784] RxCpu[0,0,0,0,0,0,0,0] TxDp[ST:BS:FO:QM:DP]:2:0:0:0:6266 Tx[SQ:TI:TM:TDD:TDM]:0:362021:362021:0:0
07-10 11:43:03.506     0     0 I [T103350] [wlan][3350]kalPerMonUpdate: (SW4 INFO) ndevdrp:[0:0:0:0] NAPI[1970883,0,0,0,1027,0,0,0,0,0,18446743532543672320] RxReorder[0:0:0:0] RfbTrack[0:60:10:0:0:0:0:0:0:0:0:0:0:0:0:0:0:0:0] drv[RM,IL,RI,PA,PF,DU,DA,RT,RM,RW,RA,RB,DT,NS,IB,HS,LS,DD,ME,BD,NI,DR,TE,PE,CE,DN,FE,DE,IE,TME,ID,NL]:3084599,0,1926904,1926904,0,0,0,1798832,3260,1777975,677,64,20713,0,0,519,0,97,0,42,11,20019,0,0,4,20713,0,0,0,0,0,0
07-10 11:43:03.506     0     0 I [T103350] [wlan][3350]cnmTimerDoTimeOutCheck: (CNM INFO) timer timeout, timer 00000000f0d184dc func kalPerMonHandler.cfi_jt [wlan_drv_gen4m_6886]
07-10 11:43:03.508     0     0 I [T103350] [wlan][3350]cnmTimerStartTimer: (CNM INFO) In DoTimeOut, timer 00000000f0d184dc func kalPerMonHandler.cfi_jt [wlan_drv_gen4m_6886] 500 ms timercount 0
07-10 11:43:03.597     0     0 I         : [T300273] mt6375-adc 11280000.i2c:mt6375@34:adc: mt6375_adc_read_channel(): be_val 48387, val 957
07-10 11:43:03.665     0     0 I         : [T400137] [wdk-c] cpu=4 o_k=4 lbit=0x10 cbit=0xff,ef,7,1,415107077,ff,693555362,12508213,693555510,12508230,[733869561692183,15000000] 24 ffffffff
07-10 11:43:03.665     0     0 I         : [T100134] [wdk-c] cpu=1 o_k=1 lbit=0x12 cbit=0xff,ed,7,1,415107077,ff,693555362,12508213,693555510,12508230,[733869561736491,14999908] 24 ffffffff
07-10 11:43:03.665     0     0 I         : [T400137] wdt_dump_cntcv CPU:4 CNTCV_CTL:1 CNTCV_TVAL:8a4 CNTVCT:bda5266bd34 SYST_CNTCR:4490d SYST_DISTL:0 SYST_CNTCV:bda5266bd28
07-10 11:43:03.665     0     0 I         : [T300136] [wdk-c] cpu=3 o_k=3 lbit=0x1a cbit=0xff,e5,7,1,415107077,ff,693555362,12508213,693555510,12508230,[733869561780491,14999867] 24 ffffffff
07-10 11:43:03.665     0     0 I         : [T100134] wdt_dump_cntcv CPU:1 CNTCV_CTL:1 CNTCV_TVAL:877 CNTVCT:bda5266bd63 SYST_CNTCR:4490d SYST_DISTL:0 SYST_CNTCV:bda5266bd53
07-10 11:43:03.665     0     0 I         : [T500138] [wdk-c] cpu=5 o_k=5 lbit=0x3a cbit=0xff,c5,7,1,415107077,ff,693555362,12508213,693555510,12508230,[733869561816183,14999823] 24 ffffffff
07-10 11:43:03.665     0     0 I         : [T500138] wdt_dump_cntcv CPU:5 CNTCV_CTL:1 CNTCV_TVAL:73e CNTVCT:bda5266be9f SYST_CNTCR:4490d SYST_DISTL:0 SYST_CNTCV:bda5266be90
07-10 11:43:03.665   133   133 I         : [wdk-c] cpu=0 o_k=0 lbit=0x3b cbit=0xff,c4,7,1,415107077,ff,693555362,12508213,693555510,12508230,[733869561902876,14999789] 24 ffffffff
07-10 11:43:03.665   133   133 I wdt_dump_cntcv CPU: 0 CNTCV_CTL:1 CNTCV_TVAL:a7b2a CNTVCT:bda5266bf04 SYST_CNTCR:4490d SYST_DISTL:0 SYST_CNTCV:bda5266bef8
07-10 11:43:03.665     0     0 I         : [T300136] wdt_dump_cntcv CPU:3 CNTCV_CTL:1 CNTCV_TVAL:855 CNTVCT:bda5266bd83 SYST_CNTCR:4490d SYST_DISTL:0 SYST_CNTCV:bda5266bd73
07-10 11:43:03.665     0     0 I         : [T700140] [wdk-c] cpu=7 o_k=7 lbit=0xbb cbit=0xff,44,7,1,415107077,ff,693555362,12508213,693555510,12508230,[733869562030952,14999611] 24 ffffffff
07-10 11:43:03.665     0     0 I         : [T700140] wdt_dump_cntcv CPU:7 CNTCV_CTL:0 CNTCV_TVAL:ffffef2e CNTVCT:bda5266c764 SYST_CNTCR:4490d SYST_DISTL:0 SYST_CNTCV:bda5266c76f
07-10 11:43:03.665     0     0 I         : [T600139] [wdk-c] cpu=6 o_k=6 lbit=0xfb cbit=0xff,4,7,1,415107077,ff,693555362,12508213,693555510,12508230,[733869562119183,14999526] 24 ffffffff
07-10 11:43:03.665     0     0 I         : [T600139] wdt_dump_cntcv CPU:6 CNTCV_CTL:0 CNTCV_TVAL:fffff0b1 CNTVCT:bda5266cc5b SYST_CNTCR:4490d SYST_DISTL:0 SYST_CNTCV:bda5266cc64
07-10 11:43:03.671     0     0 I [T200135] [thread: 135] 2026-07-10 02:43:04.985627 UTC;android time 2026-07-10 02:43:04.985627
07-10 11:43:03.677     0     0 I         : [T200135] [wdk-k] cpu=2 o_k=2 lbit=0xff cbit=0xff,0,7,1,415107077,ff,693555362,12508213,693555510,12508230,[733869568007876,14993647] 24 ffffffff
07-10 11:43:03.677     0     0 I         : [T200135] wdt_dump_cntcv CPU:2 CNTCV_CTL:1 CNTCV_TVAL:135d2 CNTVCT:bda5266bd88 SYST_CNTCR:4490d SYST_DISTL:0 SYST_CNTCV:bda5266bd7b
07-10 11:43:03.716     0     0 I         : [T100273] mt6375-adc 11280000.i2c:mt6375@34:adc: mt6375_adc_read_channel(): be_val 48643, val 958
07-10 11:43:05.051  1262  1357 I libPerfCtl: xgfGetFPS pid:2295 fps:-1
07-10 11:43:05.051  1262  1357 I libPerfCtl: xgfGetFPS pid:31488 fps:-1
07-10 11:43:03.837     0     0 I         : [T200273] mt6375-adc 11280000.i2c:mt6375@34:adc: mt6375_adc_read_channel(): be_val 48643, val 958
07-10 11:43:03.957     0     0 I         : [T500273] mt6375-adc 11280000.i2c:mt6375@34:adc: mt6375_adc_read_channel(): be_val 48643, val 958
07-10 11:43:04.017     0     0 I [T103350] [wlan][3350]kalPerMonUpdate: (SW4 INFO) <512ms> Tput: 0(0.000mbps) [0:0:0:0][0:0:0:0][0:0:0:0][0:0:0:0] Pending:0/4096 [0:0:0:0][0:0:0:0][0:0:0:0][0:0:0:0] LQ[335089:577714:14667] idle:1 lv:0 th:5 fg:0x9 TxCpu[31364,75076,63992,62769,16350,17347,48339,46784] RxCpu[0,0,0,0,0,0,0,0] TxDp[ST:BS:FO:QM:DP]:2:0:0:0:6266 Tx[SQ:TI:TM:TDD:TDM]:0:362021:362021:0:0
07-10 11:43:04.018     0     0 I [T103350] [wlan][3350]kalPerMonUpdate: (SW4 INFO) ndevdrp:[0:0:0:0] NAPI[1970883,0,0,0,1027,0,0,0,0,0,18446743532543672320] RxReorder[0:0:0:0] RfbTrack[0:60:10:0:0:0:0:0:0:0:0:0:0:0:0:0:0:0:0] drv[RM,IL,RI,PA,PF,DU,DA,RT,RM,RW,RA,RB,DT,NS,IB,HS,LS,DD,ME,BD,NI,DR,TE,PE,CE,DN,FE,DE,IE,TME,ID,NL]:3084599,0,1926904,1926904,0,0,0,1798832,3260,1777975,677,64,20713,0,0,519,0,97,0,42,11,20019,0,0,4,20713,0,0,0,0,0,0
07-10 11:43:04.018     0     0 I [T103350] [wlan][3350]cnmTimerDoTimeOutCheck: (CNM INFO) timer timeout, timer 00000000f0d184dc func kalPerMonHandler.cfi_jt [wlan_drv_gen4m_6886]
07-10 11:43:04.019     0     0 I [T103350] [wlan][3350]cnmTimerStartTimer: (CNM INFO) In DoTimeOut, timer 00000000f0d184dc func kalPerMonHandler.cfi_jt [wlan_drv_gen4m_6886] 500 ms timercount 0
07-10 11:43:04.063     0     0 I         : [T301951] hang_detect HANG_KICK ( 300)
07-10 11:43:04.063     0     0 I         : [T301951] [Hang_Detect] hang_detect enabled 10
07-10 11:43:04.082     0     0 I         : [T500273] mt6375-adc 11280000.i2c:mt6375@34:adc: mt6375_adc_read_channel(): be_val 48643, val 958
07-10 11:43:05.422 31522 31522 I adbd    : adbd service requested 'exec:screencap '-p''
07-10 11:43:04.082     0     0 I [T500273]  usb_pre_temp: 31
07-10 11:43:04.204     0     0 I [T503352] [wlan][3352]halSetDriverOwn: (INIT INFO) [hif_thread]: DRIVER OWN Done[4294970350 us], sent[25 us], INT[1287872871 us], reci[3007097438 us], set[16 us]
07-10 11:43:04.204     0     0 I         : [T200273] mt6375-adc 11280000.i2c:mt6375@34:adc: mt6375_adc_read_channel(): be_val 48643, val 958
07-10 11:43:04.204     0     0 I [T503352] [wlan][3352]halDumpMsduReportStats: (HAL INFO) TX_Delay D:[1:5:10:20]=[0:0:0:0:0] C:[10:20:50:80]=[0:0:0:0:0] M:[5:10:20:50]=[0:0:0:0:0] A:[5:10:20:50]=[0:0:0:0:0] F:[10:20:50:80]=[0:0:0:0:0] Txfail:0
07-10 11:43:04.204     0     0 I [T503352] [wlan][3352]halDumpHifStats: (HAL INFO) I[0 / 1970884 2 0 1 0x0 0x0 0] T[405376 405376 405376 / 362019 362019 362019 362019] R[1947619 / 1345730] T_Q:T_R[0:0 0:0 0:0 0:0 0:0 0:0]  R_R:R_N[0:0 0:0 0:0 0:0] Msdu[2047/2048] Tok[0/4096] Rfb[4147/0/0/4150] txreg[261492] rxreg[1964046]
07-10 11:43:05.530 32680 32680 W screencap: Thread Pool max thread count is 0. Cannot cache binder as linkToDeath cannot be implemented. serviceName: SurfaceFlingerAIDL
07-10 11:43:05.531 32680 32680 W BpBinder: Linking to death on android.gui.ISurfaceComposer but there are no threads (yet?) listening to incoming transactions. See ProcessState::startThreadPool and ProcessState::setThreadPoolMaxThreadCount. Generally you should setup the binder threadpool before other initialization steps.
07-10 11:43:05.531 32680 32680 W ProcessState: Extra binder thread started, but 0 threads requested. Do not use *startThreadPool when zero threads are requested.
07-10 11:43:04.230     0     0 I [T100470] servicemanager: Caller(pid=32680,uid=2000,sid=u:r:shell:s0) Could not find android.hardware.graphics.allocator.IAllocator/default in the VINTF manifest. No alternative instances declared in VINTF.
07-10 11:43:05.573 32680 32680 I DMABUFHEAPS: Using DMA-BUF heap named: mtk_mm
07-10 11:43:05.573 32680 32680 I DMABUFHEAPS: Using DMA-BUF heap named: mtk_mm-uncached
07-10 11:43:05.573 32680 32680 I DMABUFHEAPS: Using DMA-BUF heap named: mtk_svp_page-uncached
07-10 11:43:05.573 32680 32680 I DMABUFHEAPS: Using DMA-BUF heap named: mtk_prot_region
07-10 11:43:05.573 32680 32680 I DMABUFHEAPS: Using DMA-BUF heap named: mtk_2d_fr_region
07-10 11:43:05.573 32680 32680 I DMABUFHEAPS: Using DMA-BUF heap named: mtk_wfd_page-uncached
07-10 11:43:04.258     0     0 I [T600470] servicemanager: Caller(pid=32680,uid=2000,sid=u:r:shell:s0) Could not find android.hardware.graphics.allocator.IAllocator/default in the VINTF manifest. No alternative instances declared in VINTF.
07-10 11:43:04.284     0     0 I [T303352] [wlan][3352]halSetFWOwn: (INIT INFO) FW OWN:1, IntSta:0x00000005
07-10 11:43:04.305     0     0 I [T303352] [wlan][3352]asicConnac2xWfdmaDummyCrRead: (HAL INFO) CpuIdx == 0, DummyCr[0xffff0003]
07-10 11:43:04.305     0     0 I [T303352] [wlan][3352]halSetDriverOwn: (INIT INFO) [hif_thread]: DRIVER OWN Done[4294970411 us], sent[33 us], INT[1287771692 us], reci[3007198617 us], set[69 us]
07-10 11:43:04.324     0     0 I         : [T500273] mt6375-adc 11280000.i2c:mt6375@34:adc: mt6375_adc_read_channel(): be_val 48643, val 958
07-10 11:43:04.385     0     0 I [T403352] [wlan][3352]halSetFWOwn: (INIT INFO) FW OWN:1, IntSta:0x00000004
07-10 11:43:04.409     0     0 I [T103352] [wlan][3352]halSetDriverOwn: (INIT INFO) [hif_thread]: DRIVER OWN Done[4294970460 us], sent[65 us], INT[1287668113 us], reci[3007302262 us], set[20 us]
07-10 11:43:05.742 32680 32680 W RefBase : RefBase: Explicit destruction, weak count = 0 (in 0x72fcbfc848). Use sp<> to manage this object. Note - if weak count is 0, this leaks mRefs (weakref_impl).
07-10 11:43:04.444     0     0 I         : [T100273] mt6375-adc 11280000.i2c:mt6375@34:adc: mt6375_adc_read_channel(): be_val 48643, val 958
07-10 11:43:04.468     0     0 I [T303352] [wlan][3352]halSetFWOwn: (INIT INFO) FW OWN:1, IntSta:0x00000004
07-10 11:43:04.513     0     0 I [T403352] [wlan][3352]halSetDriverOwn: (INIT INFO) [hif_thread]: DRIVER OWN Done[4294971373 us], sent[35 us], INT[1287565198 us], reci[3007406118 us], set[22 us]
07-10 11:43:04.529     0     0 I [T203350] [wlan][3350]kalPerMonUpdate: (SW4 INFO) <511ms> Tput: 11424(0.011mbps) [0:0:730:4][0:0:0:0][0:0:0:0][0:0:0:0] Pending:0/4096 [0:0:0:0][0:0:0:0][0:0:0:0][0:0:0:0] LQ[335089:577714:14667] idle:0 lv:0 th:5 fg:0x9 TxCpu[31364,75076,63992,62769,16350,17347,48339,46784] RxCpu[0,0,0,0,0,0,0,0] TxDp[ST:BS:FO:QM:DP]:2:0:0:0:6266 Tx[SQ:TI:TM:TDD:TDM]:0:362021:362021:0:0
07-10 11:43:04.529     0     0 I [T203350] [wlan][3350]kalPerMonUpdate: (SW4 INFO) ndevdrp:[0:0:0:0] NAPI[1970891,0,0,0,1027,0,0,0,0,0,18446743532543672320] RxReorder[0:0:0:0] RfbTrack[0:60:10:0:0:0:0:0:0:0:0:0:0:0:0:0:0:0:0] drv[RM,IL,RI,PA,PF,DU,DA,RT,RM,RW,RA,RB,DT,NS,IB,HS,LS,DD,ME,BD,NI,DR,TE,PE,CE,DN,FE,DE,IE,TME,ID,NL]:3084610,0,1926908,1926908,0,0,0,1798836,3260,1777979,677,64,20713,0,0,519,0,97,0,42,11,20019,0,0,4,20713,0,0,0,0,0,0
07-10 11:43:04.529     0     0 I [T203350] [wlan][3350]cnmTimerDoTimeOutCheck: (CNM INFO) timer timeout, timer 00000000f0d184dc func kalPerMonHandler.cfi_jt [wlan_drv_gen4m_6886]
07-10 11:43:04.531     0     0 I [T203350] [wlan][3350]cnmTimerStartTimer: (CNM INFO) In DoTimeOut, timer 00000000f0d184dc func kalPerMonHandler.cfi_jt [wlan_drv_gen4m_6886] 500 ms timercount 0
07-10 11:43:04.533     0     0 I [T203350] [wlan][3350]asicConnac2xFillCmdTxdInfo: (TX INFO) TX CMD: ID[0x85] SEQ[167] SET[0] LEN[92]
07-10 11:43:04.533     0     0 I [T203350] [wlan][3350]asicConnac2xFillCmdTxdInfo: (TX INFO) TX CMD: ID[0x82] SEQ[168] SET[0] LEN[76]
07-10 11:43:04.533     0     0 I [T203350] [wlan][3350]wlanLinkQualityMonitor: (SW4 INFO) Link Quality: Tx(rate:10805, total:335089, retry:24196, fail:20770, RTS fail:18, ACK fail:20752), Rx(rate:10809, total:577714, dup:97, error:1545178), PER(0), Congestion(idle slot:3060347579, diff:14667, AwakeDur:37767737)
07-10 11:43:04.534     0     0 I [T303352] [wlan][3352]soc7_0_DumpWfsyscpupcr: (HAL INFO) wm pc=733870.430944/0xf038acce;733870.430963/0xf048783c;733870.430973/0xf0481666;733870.430982/0xf048deee;733870.430991/0xf041201c;
07-10 11:43:04.534     0     0 I [T303352] [wlan][3352]soc7_0_DumpWfsyscpupcr: (HAL INFO) wm lp=733870.430944/0xf041202e;733870.430963/0xf048783a;733870.430973/0xf04816ac;733870.430982/0xf04120d0;733870.430991/0xf0481704;
07-10 11:43:04.535  3350  3350 I [wlan][3350]nicRxProcessEventPacket: (RX INFO) Not static config event: id=0x21, seq=167
07-10 11:43:04.565     0     0 I         : [T200273] mt6375-adc 11280000.i2c:mt6375@34:adc: mt6375_adc_read_channel(): be_val 48643, val 958
07-10 11:43:04.572     0     0 I [T203352] [wlan][3352]halSetFWOwn: (INIT INFO) FW OWN:1, IntSta:0x00000004
07-10 11:43:04.685     0     0 I         : [T300273] mt6375-adc 11280000.i2c:mt6375@34:adc: mt6375_adc_read_channel(): be_val 48643, val 958
07-10 11:43:06.016  1277  1277 I BufferQueueProducer: [com.weatheron.mobile/com.weatheron.mobile.MainActivity#27903](this:0xb4000072cec534d8,id:-1,api:0,p:-1,c:1277) queueBuffer: fps=12.66 dur=1580.00 max=1290.93 min=10.79
07-10 11:43:06.020  1243  1243 I hwcomposer: [HWCDisplay] [Display_0 (type:1, mode:2)] fps:13.329943,dur:1650.42,max:1291.85,min:10.37
07-10 11:43:04.707   216   216 I         : mminfra_cg_check cg still off, CG_CON0:0xfffffffc CG_CON1:0xfffdffff
07-10 11:43:04.707     0     0 I [T100216] mtk_mminfra_pd_callback: enable clk ref_cnt=1, enable gce apsrc: 0x1e980048=0x20002
07-10 11:43:04.715   216   216 I         : [DISP][mtk_cm_config line:182]
07-10 11:43:04.717   216   216 I         : [DISP]mtk_dsi_set_mmclk_by_datarate_V1, data_rate =830, mmclk=415 pixclk_min=0, dual=0
07-10 11:43:06.051  1262  1357 I libPerfCtl: xgfGetFPS pid:2295 fps:-1
07-10 11:43:06.051  1262  1357 I libPerfCtl: xgfGetFPS pid:31488 fps:-1
07-10 11:43:04.805     0     0 I         : [T100273] mt6375-adc 11280000.i2c:mt6375@34:adc: mt6375_adc_read_channel(): be_val 48643, val 958
07-10 11:43:04.925     0     0 I         : [T400273] mt6375-adc 11280000.i2c:mt6375@34:adc: mt6375_adc_read_channel(): be_val 48643, val 958
07-10 11:43:05.033     0     0 I [T232508] mtk_mminfra_pd_callback: disable gce apsrc: 0x1e980048=0x0
07-10 11:43:05.034     0     0 I [T232508] mtk_mminfra_pd_callback: disable clk ref_cnt=0
07-10 11:43:05.041     0     0 I [T203350] [wlan][3350]kalPerMonUpdate: (SW4 INFO) <512ms> Tput: 0(0.000mbps) [0:0:0:0][0:0:0:0][0:0:0:0][0:0:0:0] Pending:0/4096 [0:0:0:0][0:0:0:0][0:0:0:0][0:0:0:0] LQ[335089:577727:39787] idle:1 lv:0 th:5 fg:0x9 TxCpu[31364,75076,63992,62769,16350,17347,48339,46784] RxCpu[0,0,0,0,0,0,0,0] TxDp[ST:BS:FO:QM:DP]:2:0:0:0:6266 Tx[SQ:TI:TM:TDD:TDM]:0:362021:362021:0:0
07-10 11:43:05.041     0     0 I [T203350] [wlan][3350]kalPerMonUpdate: (SW4 INFO) ndevdrp:[0:0:0:0] NAPI[1970894,0,0,0,1027,0,0,0,0,0,18446743532543672320] RxReorder[0:0:0:0] RfbTrack[0:60:10:0:0:0:0:0:0:0:0:0:0:0:0:0:0:0:0] drv[RM,IL,RI,PA,PF,DU,DA,RT,RM,RW,RA,RB,DT,NS,IB,HS,LS,DD,ME,BD,NI,DR,TE,PE,CE,DN,FE,DE,IE,TME,ID,NL]:3084613,0,1926908,1926908,0,0,0,1798836,3260,1777979,677,64,20713,0,0,519,0,97,0,42,11,20019,0,0,4,20713,0,0,0,0,0,0
07-10 11:43:05.041     0     0 I [T203350] [wlan][3350]cnmTimerDoTimeOutCheck: (CNM INFO) timer timeout, timer 00000000f0d184dc func kalPerMonHandler.cfi_jt [wlan_drv_gen4m_6886]
07-10 11:43:05.043     0     0 I [T203350] [wlan][3350]cnmTimerStartTimer: (CNM INFO) In DoTimeOut, timer 00000000f0d184dc func kalPerMonHandler.cfi_jt [wlan_drv_gen4m_6886] 500 ms timercount 0
07-10 11:43:05.045     0     0 I         : [T500273] mt6375-adc 11280000.i2c:mt6375@34:adc: mt6375_adc_read_channel(): be_val 48643, val 958
07-10 11:43:05.075     0     0 I         : [T201279] psy_charger_get_property psp:12
07-10 11:43:06.397  1266  1279 E NtChgAidl: NtChgAidl: InGameStatus: 0
07-10 11:43:06.397  1266  1279 E NtChg   : NtChg:T0-6:[50,100,350,370,390,410,500],chg_series:8,is_changed:1,TeBoT0-6:[50,100,330,370,390,410,500],TRegion:3,Temp:352,tzname:shell_front,Ibat:2500,onlineI:-400,param_type:6,AbnormalStatus:512,tzn:60,g_cp_mode:4,vbat:4206,pr_id:2,OnGameStatus:0
07-10 11:43:06.397  1266  1279 E NtChg   : NtChg:handle_batt_temp_little_cool triggered
07-10 11:43:06.397  1266  1279 E NtChg   : NtChg:set temp_region=3
07-10 11:43:06.397  1266  1279 E NtChg   : NtChg:set ibatmax=2500 and set vbatmax=4500
07-10 11:43:05.083     0     0 I [T201279] chg_check_pmic_info: psp:64 - 1
07-10 11:43:05.085     0     0 I [T201279] voltage_adc_proc_show: bat vol = 4207000 uv!
07-10 11:43:05.169   273   273 I mt6375-adc 11280000.i2c: mt6375@34:adc: mt6375_adc_read_channel(): be_val 48643, val 958
07-10 11:43:05.289     0     0 I         : [T100273] mt6375-adc 11280000.i2c:mt6375@34:adc: mt6375_adc_read_channel(): be_val 48643, val 958
07-10 11:43:05.409   273   273 I mt6375-adc 11280000.i2c: mt6375@34:adc: mt6375_adc_read_channel(): be_val 48643, val 958
07-10 11:43:05.477     0     0 I [T203350] [wlan][3350]asicConnac2xFillCmdTxdInfo: (TX INFO) TX CMD: ID[0x84] SEQ[169] SET[0] LEN[72]
07-10 11:43:05.485     0     0 I [T203352] [wlan][3352]halSetDriverOwn: (INIT INFO) [hif_thread]: DRIVER OWN Done[4294975406 us], sent[41 us], INT[1286596694 us], reci[3008378637 us], set[34 us]
07-10 11:43:05.485     0     0 I [T203352] [wlan][3352]halDumpMsduReportStats: (HAL INFO) TX_Delay D:[1:5:10:20]=[0:0:0:0:0] C:[10:20:50:80]=[0:0:0:0:0] M:[5:10:20:50]=[0:0:0:0:0] A:[5:10:20:50]=[0:0:0:0:0] F:[10:20:50:80]=[0:0:0:0:0] Txfail:0
07-10 11:43:05.486     0     0 I [T203352] [wlan][3352]halDumpHifStats: (HAL INFO) I[0 / 1970895 2 0 0 0x0 0x0 0] T[405379 405379 405378 / 362019 362019 362019 362019] R[1947621 / 1345739] T_Q:T_R[0:0 0:0 0:0 0:0 0:1 0:0]  R_R:R_N[0:0 0:0 0:0 0:0] Msdu[2047/2048] Tok[0/4096] Rfb[4150/0/0/4150] txreg[261492] rxreg[1964055]
07-10 11:43:06.805  2248  2248 E WifiHAL : handleResponse: data=0xb400007b8d0f17d0, len=4920
07-10 11:43:06.805  2248  2248 I WifiHAL : check_data_sanity: confirmed_size=4920, len=4920
07-10 11:43:06.806  2248  2248 I WifiHAL : wifi_get_link_stats: result=0
07-10 11:43:05.491     0     0 I [T402248] [wlan][2248]fill_power_levels: (REQ INFO) Copy power level 2048 bytes
07-10 11:43:05.499     0     0 I [T103350] [wlan][3350]asicConnac2xFillCmdTxdInfo: (TX INFO) TX CMD: ID[0x81] SEQ[170] SET[0] LEN[64]
07-10 11:43:05.504     0     0 I [T103350] [wlan][3350]nicUpdateLinkQuality: (RLM INFO) Rssi=-41, NewRssi=-41
07-10 11:43:05.506     0     0 I [T503352] [wlan][3352]halSetFWOwn: (INIT INFO) FW OWN:1, IntSta:0x08000000
07-10 11:43:05.507     0     0 I [T401492] [wlan][1492]mtk_cfg80211_get_station: (REQ INFO) link speed=10805/10809, bw=0/0, rssi=-41, BSSID:[0c:96:**:**:**:af],TxFail=0, TxTimeOut=0, TxOK=134052, RxOK=721683, FcsErr=91
07-10 11:43:06.830  2248  2248 I WifiHAL : feature_set=0x8489141a
07-10 11:43:05.528     0     0 I         : [T200273] mt6375-adc 11280000.i2c:mt6375@34:adc: mt6375_adc_read_channel(): be_val 48643, val 958
