07-10 11:43:29.946     0     0 I [T503350] [wlan][3350]nicUpdateLinkQuality: (RLM INFO) Rssi=-41, NewRssi=-41
07-10 11:43:29.948     0     0 I [T503350] [wlan][3350]asicConnac2xFillCmdTxdInfo: (TX INFO) TX CMD: ID[0x85] SEQ[207] SET[0] LEN[92]
07-10 11:43:29.948     0     0 I [T403352] [wlan][3352]halSetFWOwn: (INIT INFO) FW OWN:1, IntSta:0x08000000
07-10 11:43:29.952     0     0 I [T403352] [wlan][3352]halSetDriverOwn: (INIT INFO) [hif_thread]: DRIVER OWN Done[4294971342 us], sent[12 us], INT[1262125741 us], reci[3032845572 us], set[17 us]
07-10 11:43:29.959     0     0 I [T503350] [wlan][3350]nicRxProcessEventPacket: (RX INFO) Not static config event: id=0x21, seq=207
07-10 11:43:29.960     0     0 I [T301492] [wlan][1492]mtk_cfg80211_get_station: (REQ INFO) link speed=10805/10809, bw=0/0, rssi=-41, BSSID:[0c:96:**:**:**:af],TxFail=0, TxTimeOut=0, TxOK=134052, RxOK=721717, FcsErr=55
07-10 11:43:31.284  2248  2248 I WifiHAL : feature_set=0x8489141a
07-10 11:43:29.972     0     0 I         : [T100273] mt6375-adc 11280000.i2c:mt6375@34:adc: mt6375_adc_read_channel(): be_val 48643, val 958
07-10 11:43:29.981     0     0 I [T203352] [wlan][3352]halSetFWOwn: (INIT INFO) FW OWN:1, IntSta:0x08000000
07-10 11:43:30.093     0     0 I         : [T200273] mt6375-adc 11280000.i2c:mt6375@34:adc: mt6375_adc_read_channel(): be_val 48643, val 958
07-10 11:43:30.130     0     0 I [T403350] [wlan][3350]kalPerMonUpdate: (SW4 INFO) <512ms> Tput: 0(0.000mbps) [0:0:0:0][0:0:0:0][0:0:0:0][0:0:0:0] Pending:0/4096 [0:0:0:0][0:0:0:0][0:0:0:0][0:0:0:0] LQ[335089:577768:77759] idle:1 lv:0 th:5 fg:0x9 TxCpu[31364,75076,63992,62769,16350,17347,48339,46784] RxCpu[0,0,0,0,0,0,0,0] TxDp[ST:BS:FO:QM:DP]:2:0:0:0:6266 Tx[SQ:TI:TM:TDD:TDM]:0:362021:362021:0:0
07-10 11:43:30.130     0     0 I [T403350] [wlan][3350]kalPerMonUpdate: (SW4 INFO) ndevdrp:[0:0:0:0] NAPI[1971042,0,0,0,1027,0,0,0,0,0,18446743532543672320] RxReorder[0:0:0:0] RfbTrack[0:60:10:0:0:0:0:0:0:0:0:0:0:0:0:0:0:0:0] drv[RM,IL,RI,PA,PF,DU,DA,RT,RM,RW,RA,RB,DT,NS,IB,HS,LS,DD,ME,BD,NI,DR,TE,PE,CE,DN,FE,DE,IE,TME,ID,NL]:3084755,0,1926942,1926942,0,0,0,1798854,3260,1777997,677,64,20713,0,0,519,0,97,0,42,11,20019,0,0,4,20713,0,0,0,0,0,0
07-10 11:43:30.130     0     0 I [T403350] [wlan][3350]cnmTimerDoTimeOutCheck: (CNM INFO) timer timeout, timer 00000000f0d184dc func kalPerMonHandler.cfi_jt [wlan_drv_gen4m_6886]
07-10 11:43:30.132     0     0 I [T403350] [wlan][3350]cnmTimerStartTimer: (CNM INFO) In DoTimeOut, timer 00000000f0d184dc func kalPerMonHandler.cfi_jt [wlan_drv_gen4m_6886] 500 ms timercount 0
07-10 11:43:30.213     0     0 I         : [T400273] mt6375-adc 11280000.i2c:mt6375@34:adc: mt6375_adc_read_channel(): be_val 48643, val 958
07-10 11:43:30.333   273   273 I mt6375-adc 11280000.i2c: mt6375@34:adc: mt6375_adc_read_channel(): be_val 48643, val 958
07-10 11:43:30.452     0     0 I         : [T300273] mt6375-adc 11280000.i2c:mt6375@34:adc: mt6375_adc_read_channel(): be_val 48643, val 958
07-10 11:43:31.792  1262  1357 I libPerfCtl: xgfGetFPS pid:31488 fps:-1
07-10 11:43:30.533     0     0 I         : [T400638] [DLPT] imix_r==0, skip
07-10 11:43:30.578     0     0 I         : [T500273] mt6375-adc 11280000.i2c:mt6375@34:adc: mt6375_adc_read_channel(): be_val 48643, val 958
07-10 11:43:30.641     0     0 I [T403350] [wlan][3350]kalPerMonUpdate: (SW4 INFO) <511ms> Tput: 0(0.000mbps) [0:0:0:0][0:0:0:0][0:0:0:0][0:0:0:0] Pending:0/4096 [0:0:0:0][0:0:0:0][0:0:0:0][0:0:0:0] LQ[335089:577768:77759] idle:1 lv:0 th:5 fg:0x9 TxCpu[31364,75076,63992,62769,16350,17347,48339,46784] RxCpu[0,0,0,0,0,0,0,0] TxDp[ST:BS:FO:QM:DP]:2:0:0:0:6266 Tx[SQ:TI:TM:TDD:TDM]:0:362021:362021:0:0
07-10 11:43:30.641     0     0 I [T403350] [wlan][3350]kalPerMonUpdate: (SW4 INFO) ndevdrp:[0:0:0:0] NAPI[1971042,0,0,0,1027,0,0,0,0,0,18446743532543672320] RxReorder[0:0:0:0] RfbTrack[0:60:10:0:0:0:0:0:0:0:0:0:0:0:0:0:0:0:0] drv[RM,IL,RI,PA,PF,DU,DA,RT,RM,RW,RA,RB,DT,NS,IB,HS,LS,DD,ME,BD,NI,DR,TE,PE,CE,DN,FE,DE,IE,TME,ID,NL]:3084755,0,1926942,1926942,0,0,0,1798854,3260,1777997,677,64,20713,0,0,519,0,97,0,42,11,20019,0,0,4,20713,0,0,0,0,0,0
07-10 11:43:30.641     0     0 I [T403350] [wlan][3350]cnmTimerDoTimeOutCheck: (CNM INFO) timer timeout, timer 00000000f0d184dc func kalPerMonHandler.cfi_jt [wlan_drv_gen4m_6886]
07-10 11:43:30.643     0     0 I [T403350] [wlan][3350]cnmTimerStartTimer: (CNM INFO) In DoTimeOut, timer 00000000f0d184dc func kalPerMonHandler.cfi_jt [wlan_drv_gen4m_6886] 500 ms timercount 0
07-10 11:43:30.701     0     0 I         : [T300273] mt6375-adc 11280000.i2c:mt6375@34:adc: mt6375_adc_read_channel(): be_val 48643, val 958
07-10 11:43:30.821     0     0 I         : [T300273] mt6375-adc 11280000.i2c:mt6375@34:adc: mt6375_adc_read_channel(): be_val 48643, val 958
07-10 11:43:30.821     0     0 I [T300273]  usb_pre_temp: 31
07-10 11:43:30.941     0     0 I         : [T400273] mt6375-adc 11280000.i2c:mt6375@34:adc: mt6375_adc_read_channel(): be_val 48643, val 958
07-10 11:43:30.948     0     0 I         : [T103241] mtk-board-ntc 1c805554.thermal-ntc1: val=0xafdd, v_in/r_type/r_ntc/t=68803/0/59726/36170
07-10 11:43:30.956     0     0 I         : [T203241] mtk-board-ntc 1c805560.thermal-ntc13: val=0xb0d8, v_in/r_type/r_ntc/t=70212/0/61704/35414
07-10 11:43:31.061     0     0 I         : [T400273] mt6375-adc 11280000.i2c:mt6375@34:adc: mt6375_adc_read_channel(): be_val 48643, val 958
07-10 11:43:31.154     0     0 I [T303350] [wlan][3350]kalPerMonUpdate: (SW4 INFO) <513ms> Tput: 0(0.000mbps) [0:0:0:0][0:0:0:0][0:0:0:0][0:0:0:0] Pending:0/4096 [0:0:0:0][0:0:0:0][0:0:0:0][0:0:0:0] LQ[335089:577768:77759] idle:1 lv:0 th:5 fg:0x9 TxCpu[31364,75076,63992,62769,16350,17347,48339,46784] RxCpu[0,0,0,0,0,0,0,0] TxDp[ST:BS:FO:QM:DP]:2:0:0:0:6266 Tx[SQ:TI:TM:TDD:TDM]:0:362021:362021:0:0
07-10 11:43:31.154     0     0 I [T303350] [wlan][3350]kalPerMonUpdate: (SW4 INFO) ndevdrp:[0:0:0:0] NAPI[1971042,0,0,0,1027,0,0,0,0,0,18446743532543672320] RxReorder[0:0:0:0] RfbTrack[0:60:10:0:0:0:0:0:0:0:0:0:0:0:0:0:0:0:0] drv[RM,IL,RI,PA,PF,DU,DA,RT,RM,RW,RA,RB,DT,NS,IB,HS,LS,DD,ME,BD,NI,DR,TE,PE,CE,DN,FE,DE,IE,TME,ID,NL]:3084755,0,1926942,1926942,0,0,0,1798854,3260,1777997,677,64,20713,0,0,519,0,97,0,42,11,20019,0,0,4,20713,0,0,0,0,0,0
07-10 11:43:31.154     0     0 I [T303350] [wlan][3350]cnmTimerDoTimeOutCheck: (CNM INFO) timer timeout, timer 00000000f0d184dc func kalPerMonHandler.cfi_jt [wlan_drv_gen4m_6886]
07-10 11:43:31.156     0     0 I [T303350] [wlan][3350]cnmTimerStartTimer: (CNM INFO) In DoTimeOut, timer 00000000f0d184dc func kalPerMonHandler.cfi_jt [wlan_drv_gen4m_6886] 500 ms timercount 0
07-10 11:43:31.181     0     0 I         : [T200273] mt6375-adc 11280000.i2c:mt6375@34:adc: mt6375_adc_read_channel(): be_val 48643, val 958
07-10 11:43:31.249     0     0 I [    C0] [ccci1/dpmf]dpmaif-txq: 0-3(status=0xf)[2048]: 2048-0-0, 2048-0-0, 2048-0-0, 2048-0-0
07-10 11:43:31.249     0     0 I         : [    C0] [ccci1/dpmf]dpmaif-txq pos: w/r/rel=(0,0,0)(0,0,0)(0,0,0)(0,0,0), tx_busy=0,0,0,0, last_isr=0,0,0,0
07-10 11:43:31.249     0     0 I [    C0] [ccci1/dpmf]dpmaif-rxq0: received:0; q_state=1; budget:16383; w/r=(0,0)
07-10 11:43:31.249     0     0 I         : [T120953] [ccci1/cif]total cnt=213634;rxq0 isr_cnt=48593;rxq1 isr_cnt=2114;rxq2 isr_cnt=0;rxq3 isr_cnt=0;rxq4 isr_cnt=3959;rxq5 isr_cnt=158981;rxq6 isr_cnt=1;rxq7 isr_cnt=3;rxq8 isr_cnt=0;rxq9 isr_cnt=0;rxq10 isr_cnt=0;rxq11 isr_cnt=0;rxq12 isr_cnt=0;rxq13 isr_cnt=0;rxq14 isr_cnt=0;rxq15 isr_cnt=1;rxq16 isr_cnt=0;rxq17 isr_cnt=0;rxq18 isr_cnt=0;rxq19 isr_cnt=0;rxq20 isr_cnt=0;rxq21 isr_cnt=0;rxq22 isr_cnt=0;rxq23 isr_cnt=0;
07-10 11:43:31.300     0     0 I         : [T300273] mt6375-adc 11280000.i2c:mt6375@34:adc: mt6375_adc_read_channel(): be_val 48643, val 958
07-10 11:43:31.421     0     0 I         : [T200273] mt6375-adc 11280000.i2c:mt6375@34:adc: mt6375_adc_read_channel(): be_val 48643, val 958
07-10 11:43:31.443     0     0 I [T503352] [wlan][3352]halSetDriverOwn: (INIT INFO) [hif_thread]: DRIVER OWN Done[4294969369 us], sent[38 us], INT[1260633155 us], reci[3034336153 us], set[23 us]
07-10 11:43:31.443     0     0 I [T503352] [wlan][3352]halDumpMsduReportStats: (HAL INFO) TX_Delay D:[1:5:10:20]=[0:0:0:0:0] C:[10:20:50:80]=[0:0:0:0:0] M:[5:10:20:50]=[0:0:0:0:0] A:[5:10:20:50]=[0:0:0:0:0] F:[10:20:50:80]=[0:0:0:0:0] Txfail:0
07-10 11:43:31.443     0     0 I [T503352] [wlan][3352]halDumpHifStats: (HAL INFO) I[0 / 1971043 2 0 1 0x0 0x0 0] T[405417 405417 405417 / 362019 362019 362019 362019] R[1947657 / 1345848] T_Q:T_R[0:0 0:0 0:0 0:0 0:0 0:0]  R_R:R_N[0:0 0:0 0:0 0:0] Msdu[2047/2048] Tok[0/4096] Rfb[4147/0/0/4150] txreg[261492] rxreg[1964185]
07-10 11:43:32.793  1262  1357 I libPerfCtl: xgfGetFPS pid:31488 fps:-1
07-10 11:43:32.806 19093 31621 I NearbyMediums: No BLE Fast/GATT advertisements found in the latest cycle.
07-10 11:43:32.807 19093 31621 I NearbyMediums: Current Tracked Scanning Clients are : {NearbyConnections.EnvironmentMonitor, NearbySharing}
07-10 11:43:32.808 19093 32201 I NearbyConnections: Processing lost BlePeripheral BlePeripheral{advertisement=BleAdvertisement { version=2, socketVersion=2, isFast=true, serviceIdHash=null, data=[ 0x23 0x32 0x43 0x33 0x32 0x11 0x32 0x71 0x3a 0x04 0x57 0xb4 0xfc 0xfe 0xa6 0x4e 0xf4 0x6e 0x26 0xc9 0xe5 0x92 0xae ], deviceToken=[ 0x61 0xbe ], rxAdvertisement=[ 0xa0 0x17 0xc5 0x10 0x78 0xb4 0xd1 0xdd 0x1a 0x55 0x1d 0xd8 0x9c 0x5a 0x3f 0x61 0xb5 0xca 0x3a 0x25 0x3b 0xd8 0xef 0x8e 0xae 0xe7 0x08 0xcb 0x94 0x25 0x74 0x6d 0x82 0x4d 0x84 0x15 0x05 0x7f 0x00 0x00 0x84 0x15 0x06 0x61 0x00 0x00 0x84 0x15 0x04 0x7f 0x00 0x00 0x83 0x15 0x01 0xff 0xff ] }, dctAdvertisement=null, address=null, psm=0, deviceToken=<ByteString@30c4b3c size=2 contents="a\276">, isSecondProfile=false, rxInstantConnectionAdv=[-96, 23, -59, 16, 120, -76, -47, -35, 26, 85, 29, -40, -100, 90, 63, 97, -75, -54, 58, 37, 59, -40, -17, -114, -82, -25, 8, -53, -108, 37, 116, 109, -126, 77, -124, 21, 5, 127, 0, 0, -124, 21, 6, 97, 0, 0, -124, 21, 4, 127, 0, 0, -125, 21, 1, -1, -1]}.
07-10 11:43:32.809 19093 32201 I NearbyConnections: Lost BleEndpoint for BlePeripheral BlePeripheral{advertisement=BleAdvertisement { version=2, socketVersion=2, isFast=true, serviceIdHash=null, data=[ 0x23 0x32 0x43 0x33 0x32 0x11 0x32 0x71 0x3a 0x04 0x57 0xb4 0xfc 0xfe 0xa6 0x4e 0xf4 0x6e 0x26 0xc9 0xe5 0x92 0xae ], deviceToken=[ 0x61 0xbe ], rxAdvertisement=[ 0xa0 0x17 0xc5 0x10 0x78 0xb4 0xd1 0xdd 0x1a 0x55 0x1d 0xd8 0x9c 0x5a 0x3f 0x61 0xb5 0xca 0x3a 0x25 0x3b 0xd8 0xef 0x8e 0xae 0xe7 0x08 0xcb 0x94 0x25 0x74 0x6d 0x82 0x4d 0x84 0x15 0x05 0x7f 0x00 0x00 0x84 0x15 0x06 0x61 0x00 0x00 0x84 0x15 0x04 0x7f 0x00 0x00 0x83 0x15 0x01 0xff 0xff ] }, dctAdvertisement=null, address=null, psm=0, deviceToken=<ByteString@30c4b3c size=2 contents="a\276">, isSecondProfile=false, rxInstantConnectionAdv=[-96, 23, -59, 16, 120, -76, -47, -35, 26, 85, 29, -40, -100, 90, 63, 97, -75, -54, 58, 37, 59, -40, -17, -114, -82, -25, 8, -53, -108, 37, 116, 109, -126, 77, -124, 21, 5, 127, 0, 0, -124, 21, 6, 97, 0, 0, -124, 21, 4, 127, 0, 0, -125, 21, 1, -1, -1]} (with EndpointId 2C32 and EndpointInfo [ 0x32 0x71 0x3a 0x04 0x57 0xb4 0xfc 0xfe 0xa6 0x4e 0xf4 0x6e 0x26 0xc9 0xe5 0x92 0xae ]).
07-10 11:43:32.810 19093 32201 I NearbyConnections: ClientProxy(141054581) reporting onEndpointLost(2C32)
07-10 11:43:32.812 19093 31621 I NearbySharing: NearbySharing Internal event EndpointLost(endpointId=2C32)
07-10 11:43:31.525     0     0 I [T103352] [wlan][3352]halSetFWOwn: (INIT INFO) FW OWN:1, IntSta:0x00000005
07-10 11:43:31.541     0     0 I         : [T400273] mt6375-adc 11280000.i2c:mt6375@34:adc: mt6375_adc_read_channel(): be_val 48387, val 957
07-10 11:43:31.544     0     0 I [T303352] [wlan][3352]asicConnac2xWfdmaDummyCrRead: (HAL INFO) CpuIdx == 0, DummyCr[0xffff0003]
07-10 11:43:31.544     0     0 I [T303352] [wlan][3352]halSetDriverOwn: (INIT INFO) [hif_thread]: DRIVER OWN Done[4294970421 us], sent[31 us], INT[1260532714 us], reci[3034437601 us], set[75 us]
07-10 11:43:31.602     0     0 I [T203352] [wlan][3352]halSetFWOwn: (INIT INFO) FW OWN:1, IntSta:0x00000004
07-10 11:43:31.647     0     0 I [T203352] [wlan][3352]halSetDriverOwn: (INIT INFO) [hif_thread]: DRIVER OWN Done[4294969358 us], sent[33 us], INT[1260428460 us], reci[3034540847 us], set[18 us]
07-10 11:43:31.665     0     0 I         : [T100273] mt6375-adc 11280000.i2c:mt6375@34:adc: mt6375_adc_read_channel(): be_val 48643, val 958
07-10 11:43:31.665     0     0 I [T503350] [wlan][3350]kalPerMonUpdate: (SW4 INFO) <512ms> Tput: 6680(0.006mbps) [0:0:428:2][0:0:0:0][0:0:0:0][0:0:0:0] Pending:0/4096 [0:0:0:0][0:0:0:0][0:0:0:0][0:0:0:0] LQ[335089:577768:77759] idle:0 lv:0 th:5 fg:0x9 TxCpu[31364,75076,63992,62769,16350,17347,48339,46784] RxCpu[0,0,0,0,0,0,0,0] TxDp[ST:BS:FO:QM:DP]:2:0:0:0:6266 Tx[SQ:TI:TM:TDD:TDM]:0:362021:362021:0:0
07-10 11:43:31.666     0     0 I [T503350] [wlan][3350]kalPerMonUpdate: (SW4 INFO) ndevdrp:[0:0:0:0] NAPI[1971047,0,0,0,1027,0,0,0,0,0,18446743532543672320] RxReorder[0:0:0:0] RfbTrack[0:60:10:0:0:0:0:0:0:0:0:0:0:0:0:0:0:0:0] drv[RM,IL,RI,PA,PF,DU,DA,RT,RM,RW,RA,RB,DT,NS,IB,HS,LS,DD,ME,BD,NI,DR,TE,PE,CE,DN,FE,DE,IE,TME,ID,NL]:3084762,0,1926944,1926944,0,0,0,1798856,3260,1777999,677,64,20713,0,0,519,0,97,0,42,11,20019,0,0,4,20713,0,0,0,0,0,0
07-10 11:43:31.666     0     0 I [T503350] [wlan][3350]cnmTimerDoTimeOutCheck: (CNM INFO) timer timeout, timer 00000000f0d184dc func kalPerMonHandler.cfi_jt [wlan_drv_gen4m_6886]
07-10 11:43:31.667     0     0 I [T503350] [wlan][3350]cnmTimerStartTimer: (CNM INFO) In DoTimeOut, timer 00000000f0d184dc func kalPerMonHandler.cfi_jt [wlan_drv_gen4m_6886] 500 ms timercount 0
07-10 11:43:31.709     0     0 I [T503352] [wlan][3352]halSetFWOwn: (INIT INFO) FW OWN:1, IntSta:0x00000004
07-10 11:43:31.785     0     0 I         : [T100273] mt6375-adc 11280000.i2c:mt6375@34:adc: mt6375_adc_read_channel(): be_val 48643, val 958
07-10 11:43:31.904     0     0 I         : [T100273] mt6375-adc 11280000.i2c:mt6375@34:adc: mt6375_adc_read_channel(): be_val 48643, val 958
07-10 11:43:32.024     0     0 I         : [T400273] mt6375-adc 11280000.i2c:mt6375@34:adc: mt6375_adc_read_channel(): be_val 48643, val 958
07-10 11:43:32.145     0     0 I         : [T200273] mt6375-adc 11280000.i2c:mt6375@34:adc: mt6375_adc_read_channel(): be_val 48643, val 958
07-10 11:43:32.178     0     0 I [T303350] [wlan][3350]kalPerMonUpdate: (SW4 INFO) <512ms> Tput: 0(0.000mbps) [0:0:0:0][0:0:0:0][0:0:0:0][0:0:0:0] Pending:0/4096 [0:0:0:0][0:0:0:0][0:0:0:0][0:0:0:0] LQ[335089:577768:77759] idle:1 lv:0 th:5 fg:0x9 TxCpu[31364,75076,63992,62769,16350,17347,48339,46784] RxCpu[0,0,0,0,0,0,0,0] TxDp[ST:BS:FO:QM:DP]:2:0:0:0:6266 Tx[SQ:TI:TM:TDD:TDM]:0:362021:362021:0:0
07-10 11:43:32.178     0     0 I [T303350] [wlan][3350]kalPerMonUpdate: (SW4 INFO) ndevdrp:[0:0:0:0] NAPI[1971048,0,0,0,1027,0,0,0,0,0,18446743532543672320] RxReorder[0:0:0:0] RfbTrack[0:60:10:0:0:0:0:0:0:0:0:0:0:0:0:0:0:0:0] drv[RM,IL,RI,PA,PF,DU,DA,RT,RM,RW,RA,RB,DT,NS,IB,HS,LS,DD,ME,BD,NI,DR,TE,PE,CE,DN,FE,DE,IE,TME,ID,NL]:3084763,0,1926944,1926944,0,0,0,1798856,3260,1777999,677,64,20713,0,0,519,0,97,0,42,11,20019,0,0,4,20713,0,0,0,0,0,0
07-10 11:43:32.178     0     0 I [T303350] [wlan][3350]cnmTimerDoTimeOutCheck: (CNM INFO) timer timeout, timer 00000000f0d184dc func kalPerMonHandler.cfi_jt [wlan_drv_gen4m_6886]
07-10 11:43:32.180     0     0 I [T303350] [wlan][3350]cnmTimerStartTimer: (CNM INFO) In DoTimeOut, timer 00000000f0d184dc func kalPerMonHandler.cfi_jt [wlan_drv_gen4m_6886] 500 ms timercount 0
07-10 11:43:32.265     0     0 I         : [T300273] mt6375-adc 11280000.i2c:mt6375@34:adc: mt6375_adc_read_channel(): be_val 48643, val 958
07-10 11:43:32.272     0     0 I [T400264] get_battery_temperature: 34
07-10 11:43:32.281     0     0 I [T300264] get_battery_voltage: 4209
07-10 11:43:32.296     0     0 I [T200264] get_battery_current: -72
07-10 11:43:32.296     0     0 I [T200264] get_uisoc: 77
07-10 11:43:32.296     0     0 I         : [T200264] get_charger_type online:4 type:4 usb_type:1
07-10 11:43:32.296     0     0 I         : [T200264] get_usb_type online:4 usb_type:1
07-10 11:43:32.303     0     0 I         : [T200264] Vbat=4209 vbats=4216 vbus:5156 ibus:55 I=-72 T=34 uisoc:77 type:usb>usb pd:3 swchg_ibat:17 cv:4500000
07-10 11:43:32.303     0     0 I         : [T200264] get_charger_type online:4 type:4 usb_type:1
07-10 11:43:32.303     0     0 I         : [T200264] get_usb_type online:4 usb_type:1
07-10 11:43:32.303     0     0 I [T200264] mtk_charger_start_timer: alarm timer start:0, 1002514 2048939
07-10 11:43:32.303     0     0 I [T200264] is_battery_exist: 1
07-10 11:43:32.303     0     0 I [T200264] is_battery_exist: 1
07-10 11:43:32.303     0     0 I [T200264] is_battery_exist: 1
07-10 11:43:32.303     0     0 I         : [T200264] [PE50]pe50_stop already stop
07-10 11:43:32.303     0     0 I         : [T200264] [PPS]pps_is_algo_waiver waiver = 0
07-10 11:43:32.303     0     0 I         : [T200264] [PPS]pps_is_algo_running running = 0
07-10 11:43:32.303     0     0 I         : [T200264] [PPS]pps_is_algo_finish ALGO FINISH  = 0
07-10 11:43:32.303     0     0 I         : [T200264] [PPS]pps_is_algo_ready ++
07-10 11:43:32.303     0     0 I         : [T200264] [PPS]pps_is_algo_ready run once(0)
07-10 11:43:32.303     0     0 I         : [T200264] [PPS]pps_hal_get_soc 77
07-10 11:43:32.303     0     0 I         : [T200264] [PPS]pps_get_tbat 34
07-10 11:43:32.304     0     0 I         : [T200264] [PPS]pps_check_thermal_level tbat(34,5)
07-10 11:43:32.304     0     0 I         : [T200264] pd_authentication pd type is not snk apdo
07-10 11:43:32.304     0     0 I         : [T200264] [PPS]pps_hal_authenticate_ta authenticate fail(4)
07-10 11:43:32.304     0     0 I         : [T200264] pps_hal_is_pd_adapter_ready type:3
07-10 11:43:32.304     0     0 I         : [T200264] _pe4_is_algo_ready state:PE4_TA_NOT_SUPPORT=>PE4_TA_NOT_SUPPORT ret:2
07-10 11:43:32.304     0     0 I         : [T200264] _pd_is_algo_ready 2
07-10 11:43:32.304     0     0 I         : [T200264] pd_hal_is_pd_adapter_ready type:3
07-10 11:43:32.304     0     0 I [T200264] pd_hal_get_uisoc: 77
07-10 11:43:32.304     0     0 I         : [T200264] _pe2_is_algo_ready state:PE2_HW_READY
07-10 11:43:32.304     0     0 I [T200264] pe2_hal_get_uisoc: 77
07-10 11:43:32.304     0     0 I         : [T200264] pe2_hal_get_charger_type type:4
07-10 11:43:32.304     0     0 I         : [T200264] _pe_is_algo_ready state:PE_HW_READY
07-10 11:43:32.304     0     0 I [T200264] pe_hal_get_uisoc: 77
07-10 11:43:32.304     0     0 I         : [T200264] pe_hal_get_charger_type type:4
07-10 11:43:32.304     0     0 I [T200264] get_battery_voltage: 4209
07-10 11:43:32.311     0     0 I         : [T200264] F_VMIVR, val=4400
07-10 11:43:32.311     0     0 I         : [T200264] get_charger_type online:4 type:4 usb_type:1
07-10 11:43:32.311     0     0 I [T200264] get_uisoc: 77
07-10 11:43:32.311     0     0 I         : [T200264] [SW_JEITA] Battery Normal Temperature between 10 and 45 !!
07-10 11:43:32.311     0     0 I [T200264] [SW_JEITA]preState: 3 newState:3 tmp:34 cv:0
07-10 11:43:32.319     0     0 I [T300264] aw32280_is_chg_enabled: charge_enable [0x0016]=0x00
07-10 11:43:32.327     0     0 I [T200264] mtk_chg_check_vbus: vbus(5156 mV) ,swovp(6200) mV
07-10 11:43:32.334     0     0 I [T200264] tmp: 34 (jeita:1 sm:3 cv:0 en:1) (sm:1) en:0 c:0 s:1 ov:0 sc:0 0 0 saf_cmd:-1 bat_mon:1 0
07-10 11:43:32.334     0     0 I [T200264] mtk_charger_enable_power_path_cust: area_id(3), disable_pp(u=0,p=0), en_pp = 1
07-10 11:43:32.334     0     0 I [T200264] mtk_charger_enable_power_path_cust: power path is already en = 1
07-10 11:43:32.335     0     0 I         : [T200264] disable charging 0 1 0
07-10 11:43:32.335     0     0 I [T200264] get_uisoc: 77
07-10 11:43:32.335     0     0 I [T200264] get_battery_current: -72
07-10 11:43:32.335     0     0 I [T200264] [sc]disable_charger: 0
07-10 11:43:32.342     0     0 I [T200264] get_uisoc: 77
07-10 11:43:32.342     0     0 I [T200264] [sc1]en: 0 t:0,80000,9813,70187 t:3600,66587,-1,-1 c:-72,2000 ibus:52 uisoc: 77,80 s:3000 ans:ignore
07-10 11:43:32.342     0     0 I         : [T200264] charger_routine_thread end , 0
07-10 11:43:32.385     0     0 I         : [T300273] mt6375-adc 11280000.i2c:mt6375@34:adc: mt6375_adc_read_channel(): be_val 48643, val 958
07-10 11:43:33.794  1262  1357 I libPerfCtl: xgfGetFPS pid:31488 fps:-1
07-10 11:43:32.385     0     0 I [T300273]  usb_pre_temp: 31
07-10 11:43:32.504     0     0 I         : [T200273] mt6375-adc 11280000.i2c:mt6375@34:adc: mt6375_adc_read_channel(): be_val 48643, val 958
07-10 11:43:32.529     0     0 I         : [T100141] [Hang_Detect] hang_detect thread counts down 10:10, status 1.
07-10 11:43:32.624     0     0 I         : [T200273] mt6375-adc 11280000.i2c:mt6375@34:adc: mt6375_adc_read_channel(): be_val 48643, val 958
07-10 11:43:33.963  1916  3535 I AS.AudioService: getMode, get current owner's mode
07-10 11:43:33.963  1916  3535 I AS.AudioService: getMode, currentModeHandler is null
07-10 11:43:32.689     0     0 I [T203350] [wlan][3350]kalPerMonUpdate: (SW4 INFO) <512ms> Tput: 0(0.000mbps) [0:0:0:0][0:0:0:0][0:0:0:0][0:0:0:0] Pending:0/4096 [0:0:0:0][0:0:0:0][0:0:0:0][0:0:0:0] LQ[335089:577768:77759] idle:1 lv:0 th:5 fg:0x9 TxCpu[31364,75076,63992,62769,16350,17347,48339,46784] RxCpu[0,0,0,0,0,0,0,0] TxDp[ST:BS:FO:QM:DP]:2:0:0:0:6266 Tx[SQ:TI:TM:TDD:TDM]:0:362021:362021:0:0
07-10 11:43:32.690     0     0 I [T203350] [wlan][3350]kalPerMonUpdate: (SW4 INFO) ndevdrp:[0:0:0:0] NAPI[1971048,0,0,0,1027,0,0,0,0,0,18446743532543672320] RxReorder[0:0:0:0] RfbTrack[0:60:10:0:0:0:0:0:0:0:0:0:0:0:0:0:0:0:0] drv[RM,IL,RI,PA,PF,DU,DA,RT,RM,RW,RA,RB,DT,NS,IB,HS,LS,DD,ME,BD,NI,DR,TE,PE,CE,DN,FE,DE,IE,TME,ID,NL]:3084763,0,1926944,1926944,0,0,0,1798856,3260,1777999,677,64,20713,0,0,519,0,97,0,42,11,20019,0,0,4,20713,0,0,0,0,0,0
07-10 11:43:32.690     0     0 I [T203350] [wlan][3350]cnmTimerDoTimeOutCheck: (CNM INFO) timer timeout, timer 00000000f0d184dc func kalPerMonHandler.cfi_jt [wlan_drv_gen4m_6886]
07-10 11:43:32.691     0     0 I [T203350] [wlan][3350]cnmTimerStartTimer: (CNM INFO) In DoTimeOut, timer 00000000f0d184dc func kalPerMonHandler.cfi_jt [wlan_drv_gen4m_6886] 500 ms timercount 0
07-10 11:43:32.750     0     0 I         : [T100273] mt6375-adc 11280000.i2c:mt6375@34:adc: mt6375_adc_read_channel(): be_val 48643, val 958
07-10 11:43:32.772     0     0 E         : [C400000] [nt_charger_alarm_timer_func][1605]
07-10 11:43:32.772     0     0 I [T200275] chg_check_pmic_info: psp:64 - 1
07-10 11:43:32.779   275   275 I [check_chg_status]vbus: 5156000,{6200000 ~ 4400000}
07-10 11:43:32.779   275   275 E check_pps_status: typec_attach=1, pd_type=3
07-10 11:43:32.779   275   275 I check_abnormal_status: [nt_abnormal_status] : 512
07-10 11:43:32.779   275   275 I [nt_abnormal_status]: { [charging over time] }
07-10 11:43:32.779   275   275 E cooling_state_to_charger_limit: lst_rnd_alg_idx :6
07-10 11:43:32.779   275   275 I cooling_state_to_charger_limit: fcc_store 2500 ma,fast_charge = 1 ,alg_id = 4
07-10 11:43:32.780   275   275 I aw32280_is_chg_enabled: charge_enable [0x0016]=0x00
07-10 11:43:32.786     0     0 I [T100275] aw32280_is_chg_enabled: charge_enable [0x0016]=0x00
07-10 11:43:32.786     0     0 I [T100275] chg_check_pmic_info: psp:63 - 4
07-10 11:43:32.811     0     0 I [T300275] aw32280_get_adc_data: ADC_CH [6] : ADC_H [0x011E]=0x08, ADC_L [0x011D]=0x68
07-10 11:43:32.811     0     0 I [T300275] aw32280_get_adc_data: get_adc is 0 (ma/mv)
07-10 11:43:32.811     0     0 I [T300275] chg_check_pmic_info: psp:0 - 3
07-10 11:43:32.812     0     0 I [T300275] pump: 0x36,pump_en:0,ovp:1,wpc:0, fcc:0,fv:4500,icl:500,ibus_ma:52500,usb_sus:0,wls_sus:0,BattInit:1, chg_type:4,soc:77,soc_time:0,soc_pre:77,real_cap:3848460,htemp_charge:25,plug_in:1,plugGpio:1,usbTemp:31,battTemp:34,CHG_EN:0,CHG_STATUS:3,AICL:-1,AICR:100,CV:4500,MIVR:4400,ICHG:300,BOOST_CV:5400,BOOST_EN:0,BOOST_CC:1800,aging_mode:0,NT_CHG_TYPE:PD,CAM_LMT:{[ON_OFF]9000,[HV_CHG]1,[LMT_C]-1,g_nt_cp_ctrl:101,hvcharger:0}
07-10 11:43:32.812     0     0 I         : [T300275]
07-10 11:43:32.812     0     0 I [T300275] [NT]lst_rnd_alg_idx: 6
07-10 11:43:32.812     0     0 I [T300275] nt_charger_start_timer: alarm timer start [1][0]: 1002514 511162785
07-10 11:43:32.873     0     0 I         : [T400273] mt6375-adc 11280000.i2c:mt6375@34:adc: mt6375_adc_read_channel(): be_val 48643, val 958
07-10 11:43:32.982  3350  3350 I [wlan][3350]asicConnac2xFillCmdTxdInfo: (TX INFO) TX CMD: ID[0x84] SEQ[208] SET[0] LEN[72]
07-10 11:43:32.991     0     0 I [T303352] [wlan][3352]halSetDriverOwn: (INIT INFO) [hif_thread]: DRIVER OWN Done[4294975395 us], sent[23 us], INT[1259091340 us], reci[3035883991 us], set[41 us]
07-10 11:43:32.991     0     0 I [T303352] [wlan][3352]halDumpMsduReportStats: (HAL INFO) TX_Delay D:[1:5:10:20]=[0:0:0:0:0] C:[10:20:50:80]=[0:0:0:0:0] M:[5:10:20:50]=[0:0:0:0:0] A:[5:10:20:50]=[0:0:0:0:0] F:[10:20:50:80]=[0:0:0:0:0] Txfail:0
07-10 11:43:32.991     0     0 I [T303352] [wlan][3352]halDumpHifStats: (HAL INFO) I[0 / 1971048 2 0 1 0x0 0x0 0] T[405418 405418 405417 / 362019 362019 362019 362019] R[1947657 / 1345853] T_Q:T_R[0:0 0:0 0:0 0:0 0:1 0:0]  R_R:R_N[0:0 0:0 0:0 0:0] Msdu[2047/2048] Tok[0/4096] Rfb[4150/0/0/4150] txreg[261492] rxreg[1964190]
07-10 11:43:32.993     0     0 I         : [T500273] mt6375-adc 11280000.i2c:mt6375@34:adc: mt6375_adc_read_channel(): be_val 48643, val 958
07-10 11:43:34.310  2248  2248 E WifiHAL : handleResponse: data=0xb400007b8d0f17d0, len=4920
07-10 11:43:34.310  2248  2248 I WifiHAL : check_data_sanity: confirmed_size=4920, len=4920
07-10 11:43:34.310  2248  2248 I WifiHAL : wifi_get_link_stats: result=0
07-10 11:43:32.995     0     0 I [T502248] [wlan][2248]fill_power_levels: (REQ INFO) Copy power level 2048 bytes
07-10 11:43:33.003     0     0 I [T103350] [wlan][3350]asicConnac2xFillCmdTxdInfo: (TX INFO) TX CMD: ID[0x81] SEQ[209] SET[0] LEN[64]
07-10 11:43:33.008     0     0 I [T103350] [wlan][3350]nicUpdateLinkQuality: (RLM INFO) Rssi=-41, NewRssi=-41
07-10 11:43:33.010     0     0 I [T203350] [wlan][3350]asicConnac2xFillCmdTxdInfo: (TX INFO) TX CMD: ID[0x85] SEQ[210] SET[0] LEN[92]
07-10 11:43:33.015     0     0 I [T503350] [wlan][3350]nicRxProcessEventPacket: (RX INFO) Not static config event: id=0x21, seq=210
07-10 11:43:33.016  1492  1492 I [wlan][1492]mtk_cfg80211_get_station: (REQ INFO) link speed=10805/10809, bw=0/0, rssi=-41, BSSID:[0c:96:**:**:**:af],TxFail=0, TxTimeOut=0, TxOK=134052, RxOK=721719, FcsErr=7
07-10 11:43:33.018     0     0 I [T303352] [wlan][3352]halSetFWOwn: (INIT INFO) FW OWN:1, IntSta:0x08000000
07-10 11:43:34.340  2248  2248 I WifiHAL : feature_set=0x8489141a
07-10 11:43:33.112     0     0 I         : [T200273] mt6375-adc 11280000.i2c:mt6375@34:adc: mt6375_adc_read_channel(): be_val 48643, val 958
07-10 11:43:33.201     0     0 I [T203350] [wlan][3350]kalPerMonUpdate: (SW4 INFO) <511ms> Tput: 0(0.000mbps) [0:0:0:0][0:0:0:0][0:0:0:0][0:0:0:0] Pending:0/4096 [0:0:0:0][0:0:0:0][0:0:0:0][0:0:0:0] LQ[335089:577768:77759] idle:1 lv:0 th:5 fg:0x9 TxCpu[31364,75076,63992,62769,16350,17347,48339,46784] RxCpu[0,0,0,0,0,0,0,0] TxDp[ST:BS:FO:QM:DP]:2:0:0:0:6266 Tx[SQ:TI:TM:TDD:TDM]:0:362021:362021:0:0
07-10 11:43:33.201     0     0 I [T203350] [wlan][3350]kalPerMonUpdate: (SW4 INFO) ndevdrp:[0:0:0:0] NAPI[1971055,0,0,0,1027,0,0,0,0,0,18446743532543672320] RxReorder[0:0:0:0] RfbTrack[0:60:10:0:0:0:0:0:0:0:0:0:0:0:0:0:0:0:0] drv[RM,IL,RI,PA,PF,DU,DA,RT,RM,RW,RA,RB,DT,NS,IB,HS,LS,DD,ME,BD,NI,DR,TE,PE,CE,DN,FE,DE,IE,TME,ID,NL]:3084767,0,1926944,1926944,0,0,0,1798856,3260,1777999,677,64,20713,0,0,519,0,97,0,42,11,20019,0,0,4,20713,0,0,0,0,0,0
07-10 11:43:33.201     0     0 I [T203350] [wlan][3350]cnmTimerDoTimeOutCheck: (CNM INFO) timer timeout, timer 00000000f0d184dc func kalPerMonHandler.cfi_jt [wlan_drv_gen4m_6886]
07-10 11:43:33.203     0     0 I [T203350] [wlan][3350]cnmTimerStartTimer: (CNM INFO) In DoTimeOut, timer 00000000f0d184dc func kalPerMonHandler.cfi_jt [wlan_drv_gen4m_6886] 500 ms timercount 0
07-10 11:43:33.233     0     0 I         : [T400273] mt6375-adc 11280000.i2c:mt6375@34:adc: mt6375_adc_read_channel(): be_val 48643, val 958
07-10 11:43:33.353   273   273 I mt6375-adc 11280000.i2c: mt6375@34:adc: mt6375_adc_read_channel(): be_val 48643, val 958
07-10 11:43:34.795  1262  1357 I libPerfCtl: xgfGetFPS pid:31488 fps:-1
07-10 11:43:33.478     0     0 I         : [T100273] mt6375-adc 11280000.i2c:mt6375@34:adc: mt6375_adc_read_channel(): be_val 48643, val 958
07-10 11:43:33.600     0     0 I         : [T100273] mt6375-adc 11280000.i2c:mt6375@34:adc: mt6375_adc_read_channel(): be_val 48643, val 958
07-10 11:43:33.665   133   133 I         : [wdk-c] cpu=0 o_k=0 lbit=0x1 cbit=0xff,fe,7,1,415107077,ff,693555362,12508213,693555510,12508230,[733899562114947,15000000] 25 ffffffff
07-10 11:43:33.665     0     0 I         : [T300136] [wdk-c] cpu=3 o_k=3 lbit=0x9 cbit=0xff,f6,7,1,415107077,ff,693555362,12508213,693555510,12508230,[733899562162639,14999908] 25 ffffffff
07-10 11:43:33.665   133   133 I wdt_dump_cntcv CPU: 0 CNTCV_CTL:1 CNTCV_TVAL:bea0 CNTVCT:bda69a5bfd8 SYST_CNTCR:4490d SYST_DISTL:0 SYST_CNTCV:bda69a5bfcb
07-10 11:43:33.665     0     0 I         : [T300136] wdt_dump_cntcv CPU:3 CNTCV_CTL:1 CNTCV_TVAL:bcfc CNTVCT:bda69a5c17c SYST_CNTCR:4490d SYST_DISTL:0 SYST_CNTCV:bda69a5c16c
07-10 11:43:33.665     0     0 I         : [T600139] [wdk-c] cpu=6 o_k=6 lbit=0x49 cbit=0xff,b6,7,1,415107077,ff,693555362,12508213,693555510,12508230,[733899562331639,14999736] 25 ffffffff
07-10 11:43:33.665     0     0 I         : [T600139] wdt_dump_cntcv CPU:6 CNTCV_CTL:1 CNTCV_TVAL:4c3c42 CNTVCT:bda69a5c80c SYST_CNTCR:4490d SYST_DISTL:0 SYST_CNTCV:bda69a5c824
07-10 11:43:33.666     0     0 I         : [T100134] [wdk-c] cpu=1 o_k=1 lbit=0x4b cbit=0xff,b4,7,1,415107077,ff,693555362,12508213,693555510,12508230,[733899562551562,14999522] 25 ffffffff
07-10 11:43:33.666     0     0 I         : [T400137] [wdk-c] cpu=4 o_k=4 lbit=0x5b cbit=0xff,a4,7,1,415107077,ff,693555362,12508213,693555510,12508230,[733899562596255,14999475] 25 ffffffff
07-10 11:43:33.666     0     0 I         : [T100134] wdt_dump_cntcv CPU:1 CNTCV_CTL:0 CNTCV_TVAL:fffff3b2 CNTVCT:bda69a5cd6b SYST_CNTCR:4490d SYST_DISTL:0 SYST_CNTCV:bda69a5cd58
07-10 11:43:33.666     0     0 I         : [T400137] wdt_dump_cntcv CPU:4 CNTCV_CTL:0 CNTCV_TVAL:ffffe9c8 CNTVCT:bda69a5cfbb SYST_CNTCR:4490d SYST_DISTL:0 SYST_CNTCV:bda69a5cfab
07-10 11:43:33.666     0     0 I         : [T500138] [wdk-c] cpu=5 o_k=5 lbit=0x7b cbit=0xff,84,7,1,415107077,ff,693555362,12508213,693555510,12508230,[733899562632178,14999431] 25 ffffffff
07-10 11:43:33.666     0     0 I         : [T500138] wdt_dump_cntcv CPU:5 CNTCV_CTL:0 CNTCV_TVAL:ffffe9cc CNTVCT:bda69a5cfbb SYST_CNTCR:4490d SYST_DISTL:0 SYST_CNTCV:bda69a5cfab
07-10 11:43:33.666     0     0 I         : [T700140] [wdk-c] cpu=7 o_k=7 lbit=0xfb cbit=0xff,4,7,1,415107077,ff,693555362,12508213,693555510,12508230,[733899562670947,14999398] 25 ffffffff
07-10 11:43:33.666     0     0 I         : [T700140] wdt_dump_cntcv CPU:7 CNTCV_CTL:1 CNTCV_TVAL:ae6d78 CNTVCT:bda69a5d568 SYST_CNTCR:4490d SYST_DISTL:0 SYST_CNTCV:bda69a5d570
07-10 11:43:33.672     0     0 I [T200135] [thread: 135] 2026-07-10 02:43:34.986382 UTC;android time 2026-07-10 02:43:34.986382
07-10 11:43:33.678     0     0 I         : [T200135] [wdk-k] cpu=2 o_k=2 lbit=0xff cbit=0xff,0,7,1,415107077,ff,693555362,12508213,693555510,12508230,[733899568762716,14993315] 25 ffffffff
07-10 11:43:33.678     0     0 I         : [T200135] wdt_dump_cntcv CPU:2 CNTCV_CTL:1 CNTCV_TVAL:f222 CNTVCT:bda69a5c17b SYST_CNTCR:4490d SYST_DISTL:0 SYST_CNTCV:bda69a5c16b
07-10 11:43:33.714     0     0 I [T403350] [wlan][3350]kalPerMonUpdate: (SW4 INFO) <513ms> Tput: 0(0.000mbps) [0:0:0:0][0:0:0:0][0:0:0:0][0:0:0:0] Pending:0/4096 [0:0:0:0][0:0:0:0][0:0:0:0][0:0:0:0] LQ[335089:577768:77759] idle:1 lv:0 th:5 fg:0x9 TxCpu[31364,75076,63992,62769,16350,17347,48339,46784] RxCpu[0,0,0,0,0,0,0,0] TxDp[ST:BS:FO:QM:DP]:2:0:0:0:6266 Tx[SQ:TI:TM:TDD:TDM]:0:362021:362021:0:0
07-10 11:43:33.714     0     0 I [T403350] [wlan][3350]kalPerMonUpdate: (SW4 INFO) ndevdrp:[0:0:0:0] NAPI[1971055,0,0,0,1027,0,0,0,0,0,18446743532543672320] RxReorder[0:0:0:0] RfbTrack[0:60:10:0:0:0:0:0:0:0:0:0:0:0:0:0:0:0:0] drv[RM,IL,RI,PA,PF,DU,DA,RT,RM,RW,RA,RB,DT,NS,IB,HS,LS,DD,ME,BD,NI,DR,TE,PE,CE,DN,FE,DE,IE,TME,ID,NL]:3084767,0,1926944,1926944,0,0,0,1798856,3260,1777999,677,64,20713,0,0,519,0,97,0,42,11,20019,0,0,4,20713,0,0,0,0,0,0
07-10 11:43:33.714     0     0 I [T403350] [wlan][3350]cnmTimerDoTimeOutCheck: (CNM INFO) timer timeout, timer 00000000f0d184dc func kalPerMonHandler.cfi_jt [wlan_drv_gen4m_6886]
07-10 11:43:33.716     0     0 I [T403350] [wlan][3350]cnmTimerStartTimer: (CNM INFO) In DoTimeOut, timer 00000000f0d184dc func kalPerMonHandler.cfi_jt [wlan_drv_gen4m_6886] 500 ms timercount 0
07-10 11:43:33.721     0     0 I         : [T300273] mt6375-adc 11280000.i2c:mt6375@34:adc: mt6375_adc_read_channel(): be_val 48643, val 958
07-10 11:43:33.797     0     0 I [T503352] [wlan][3352]halSetDriverOwn: (INIT INFO) [hif_thread]: DRIVER OWN Done[4294969391 us], sent[37 us], INT[1258278922 us], reci[3036690408 us], set[24 us]
07-10 11:43:33.797     0     0 I [T503352] [wlan][3352]halDumpHifStats: (HAL INFO) I[0 / 1971056 2 0 1 0x0 0x0 0] T[405420 405420 405420 / 362019 362019 362019 362019] R[1947658 / 1345857] T_Q:T_R[0:0 0:0 0:0 0:0 0:0 0:0]  R_R:R_N[0:0 0:0 0:0 0:0] Msdu[2047/2048] Tok[0/4096] Rfb[4149/0/0/4150] txreg[261492] rxreg[1964195]
07-10 11:43:33.827     0     0 I [T403352] [wlan][3352]halSetFWOwn: (INIT INFO) FW OWN:1, IntSta:0x00000001
07-10 11:43:33.846     0     0 I         : [T400273] mt6375-adc 11280000.i2c:mt6375@34:adc: mt6375_adc_read_channel(): be_val 48643, val 958
07-10 11:43:33.973     0     0 I         : [T100273] mt6375-adc 11280000.i2c:mt6375@34:adc: mt6375_adc_read_channel(): be_val 48643, val 958
07-10 11:43:33.973     0     0 I [T100273]  usb_pre_temp: 31
07-10 11:43:34.066  1951  1951 I         : hang_detect HANG_KICK ( 300)
07-10 11:43:34.066  1951  1951 I         : [Hang_Detect] hang_detect enabled 10
07-10 11:43:34.093     0     0 I         : [T200273] mt6375-adc 11280000.i2c:mt6375@34:adc: mt6375_adc_read_channel(): be_val 48643, val 958
07-10 11:43:34.104     0     0 I [T203352] [wlan][3352]halSetDriverOwn: (INIT INFO) [hif_thread]: DRIVER OWN Done[4294969369 us], sent[41 us], INT[1257972257 us], reci[3036997051 us], set[20 us]
07-10 11:43:34.104     0     0 I [T203352] [wlan][3352]halDumpMsduReportStats: (HAL INFO) TX_Delay D:[1:5:10:20]=[0:0:0:0:0] C:[10:20:50:80]=[0:0:0:0:0] M:[5:10:20:50]=[0:0:0:0:0] A:[5:10:20:50]=[0:0:0:0:0] F:[10:20:50:80]=[0:0:0:0:0] Txfail:0
07-10 11:43:34.132     0     0 I [T103352] [wlan][3352]halSetFWOwn: (INIT INFO) FW OWN:1, IntSta:0x00000001
07-10 11:43:34.213     0     0 I         : [T500273] mt6375-adc 11280000.i2c:mt6375@34:adc: mt6375_adc_read_channel(): be_val 48643, val 958
07-10 11:43:34.225     0     0 I [T403350] [wlan][3350]kalPerMonUpdate: (SW4 INFO) <511ms> Tput: 8136(0.007mbps) [0:0:520:2][0:0:0:0][0:0:0:0][0:0:0:0] Pending:0/4096 [0:0:0:0][0:0:0:0][0:0:0:0][0:0:0:0] LQ[335089:577768:77759] idle:0 lv:0 th:5 fg:0x9 TxCpu[31364,75076,63992,62769,16350,17347,48339,46784] RxCpu[0,0,0,0,0,0,0,0] TxDp[ST:BS:FO:QM:DP]:2:0:0:0:6266 Tx[SQ:TI:TM:TDD:TDM]:0:362021:362021:0:0
07-10 11:43:34.225     0     0 I [T403350] [wlan][3350]kalPerMonUpdate: (SW4 INFO) ndevdrp:[0:0:0:0] NAPI[1971059,0,0,0,1027,0,0,0,0,0,18446743532543672320] RxReorder[0:0:0:0] RfbTrack[0:60:10:0:0:0:0:0:0:0:0:0:0:0:0:0:0:0:0] drv[RM,IL,RI,PA,PF,DU,DA,RT,RM,RW,RA,RB,DT,NS,IB,HS,LS,DD,ME,BD,NI,DR,TE,PE,CE,DN,FE,DE,IE,TME,ID,NL]:3084771,0,1926946,1926946,0,0,0,1798856,3260,1777999,677,64,20713,0,0,519,0,97,0,42,11,20019,0,0,4,20713,0,0,0,0,0,0
07-10 11:43:34.225     0     0 I [T403350] [wlan][3350]cnmTimerDoTimeOutCheck: (CNM INFO) timer timeout, timer 00000000f0d184dc func kalPerMonHandler.cfi_jt [wlan_drv_gen4m_6886]
07-10 11:43:34.227     0     0 I [T403350] [wlan][3350]cnmTimerStartTimer: (CNM INFO) In DoTimeOut, timer 00000000f0d184dc func kalPerMonHandler.cfi_jt [wlan_drv_gen4m_6886] 500 ms timercount 0
07-10 11:43:34.229     0     0 I [T403350] [wlan][3350]asicConnac2xFillCmdTxdInfo: (TX INFO) TX CMD: ID[0x85] SEQ[211] SET[0] LEN[92]
07-10 11:43:34.229     0     0 I [T403350] [wlan][3350]asicConnac2xFillCmdTxdInfo: (TX INFO) TX CMD: ID[0x82] SEQ[212] SET[0] LEN[76]
07-10 11:43:34.229     0     0 I [T403350] [wlan][3350]wlanLinkQualityMonitor: (SW4 INFO) Link Quality: Tx(rate:10805, total:335089, retry:24196, fail:20770, RTS fail:18, ACK fail:20752), Rx(rate:10809, total:577768, dup:97, error:1545471), PER(0), Congestion(idle slot:3060500652, diff:77759, AwakeDur:37769995)
07-10 11:43:34.238  3352  3352 I [wlan][3352]halSetDriverOwn: (INIT INFO) [hif_thread]: DRIVER OWN Done[4294975395 us], sent[38 us], INT[1257844266 us], reci[3037131061 us], set[30 us]
07-10 11:43:34.238  3352  3352 I [wlan][3352]soc7_0_DumpWfsyscpupcr: (HAL INFO) wm pc=733900.135200/0xf0384fbc;733900.135215/0xf0465576;733900.135225/0xf046561e;733900.135234/0xf046573e;733900.135243/0xf04659a0;
07-10 11:43:34.238  3352  3352 I [wlan][3352]soc7_0_DumpWfsyscpupcr: (HAL INFO) wm lp=733900.135200/0xf0465440;733900.135215/0xf0465556;733900.135225/0xf046565e;733900.135234/0xf0465780;733900.135243/0xf046582c;
07-10 11:43:34.240     0     0 I [T303350] [wlan][3350]nicRxProcessEventPacket: (RX INFO) Not static config event: id=0x21, seq=211
07-10 11:43:34.266     0     0 I [T403352] [wlan][3352]halSetFWOwn: (INIT INFO) FW OWN:1, IntSta:0x08000000
07-10 11:43:34.333     0     0 I         : [T500273] mt6375-adc 11280000.i2c:mt6375@34:adc: mt6375_adc_read_channel(): be_val 48643, val 958
07-10 11:43:34.453     0     0 I         : [T500273] mt6375-adc 11280000.i2c:mt6375@34:adc: mt6375_adc_read_channel(): be_val 48643, val 958
07-10 11:43:35.795  1262  1357 I libPerfCtl: xgfGetFPS pid:31488 fps:-1
07-10 11:43:34.545     0     0 I [C700000] [name: spm&][SPM] mcusysoff-b didn't enter MCUSYS off, MCUSYS cnt is no update
07-10 11:43:34.545     0     0 I [C700000] [name: spm&] Pending Wakeup Sources: NT_CHG_WAKE 11201000.usb0 disp_crtc0_wakelock
07-10 11:43:34.577     0     0 I         : [T400273] mt6375-adc 11280000.i2c:mt6375@34:adc: mt6375_adc_read_channel(): be_val 48643, val 958
07-10 11:43:34.696     0     0 I         : [T500273] mt6375-adc 11280000.i2c:mt6375@34:adc: mt6375_adc_read_channel(): be_val 48643, val 958
07-10 11:43:34.737     0     0 I [T103350] [wlan][3350]kalPerMonUpdate: (SW4 INFO) <513ms> Tput: 0(0.000mbps) [0:0:0:0][0:0:0:0][0:0:0:0][0:0:0:0] Pending:0/4096 [0:0:0:0][0:0:0:0][0:0:0:0][0:0:0:0] LQ[335089:577785:51882] idle:1 lv:0 th:5 fg:0x9 TxCpu[31364,75076,63992,62769,16350,17347,48339,46784] RxCpu[0,0,0,0,0,0,0,0] TxDp[ST:BS:FO:QM:DP]:2:0:0:0:6266 Tx[SQ:TI:TM:TDD:TDM]:0:362021:362021:0:0
07-10 11:43:34.737     0     0 I [T103350] [wlan][3350]kalPerMonUpdate: (SW4 INFO) ndevdrp:[0:0:0:0] NAPI[1971063,0,0,0,1027,0,0,0,0,0,18446743532543672320] RxReorder[0:0:0:0] RfbTrack[0:60:10:0:0:0:0:0:0:0:0:0:0:0:0:0:0:0:0] drv[RM,IL,RI,PA,PF,DU,DA,RT,RM,RW,RA,RB,DT,NS,IB,HS,LS,DD,ME,BD,NI,DR,TE,PE,CE,DN,FE,DE,IE,TME,ID,NL]:3084774,0,1926946,1926946,0,0,0,1798856,3260,1777999,677,64,20713,0,0,519,0,97,0,42,11,20019,0,0,4,20713,0,0,0,0,0,0
07-10 11:43:34.738     0     0 I [T103350] [wlan][3350]cnmTimerDoTimeOutCheck: (CNM INFO) timer timeout, timer 00000000f0d184dc func kalPerMonHandler.cfi_jt [wlan_drv_gen4m_6886]
07-10 11:43:34.739     0     0 I [T103350] [wlan][3350]cnmTimerStartTimer: (CNM INFO) In DoTimeOut, timer 00000000f0d184dc func kalPerMonHandler.cfi_jt [wlan_drv_gen4m_6886] 500 ms timercount 0
07-10 11:43:34.817     0     0 I         : [T200273] mt6375-adc 11280000.i2c:mt6375@34:adc: mt6375_adc_read_channel(): be_val 48643, val 958
07-10 11:43:34.941     0     0 I         : [T100273] mt6375-adc 11280000.i2c:mt6375@34:adc: mt6375_adc_read_channel(): be_val 48643, val 958
07-10 11:43:35.061     0     0 I         : [T200273] mt6375-adc 11280000.i2c:mt6375@34:adc: mt6375_adc_read_channel(): be_val 48643, val 958
07-10 11:43:35.126     0     0 I         : [T301279] psy_charger_get_property psp:12
07-10 11:43:36.448  1266  1279 E NtChgAidl: NtChgAidl: InGameStatus: 0
07-10 11:43:36.449  1266  1279 E NtChg   : NtChg:T0-6:[50,100,350,370,390,410,500],chg_series:8,is_changed:1,TeBoT0-6:[50,100,330,370,390,410,500],TRegion:3,Temp:350,tzname:shell_front,Ibat:2500,onlineI:-400,param_type:6,AbnormalStatus:512,tzn:60,g_cp_mode:4,vbat:4206,pr_id:2,OnGameStatus:0
07-10 11:43:36.449  1266  1279 E NtChg   : NtChg:handle_batt_temp_little_cool triggered
07-10 11:43:36.449  1266  1279 E NtChg   : NtChg:set temp_region=3
07-10 11:43:36.449  1266  1279 E NtChg   : NtChg:set ibatmax=2500 and set vbatmax=4500
07-10 11:43:35.134     0     0 I [T301279] chg_check_pmic_info: psp:64 - 1
07-10 11:43:35.137     0     0 I [T401279] voltage_adc_proc_show: bat vol = 4208000 uv!
07-10 11:43:35.181     0     0 I         : [T100273] mt6375-adc 11280000.i2c:mt6375@34:adc: mt6375_adc_read_channel(): be_val 48643, val 958
07-10 11:43:35.232  3352  3352 I [wlan][3352]halSetDriverOwn: (INIT INFO) [hif_thread]: DRIVER OWN Done[4294970368 us], sent[38 us], INT[1256844837 us], reci[3038125473 us], set[20 us]
07-10 11:43:35.232  3352  3352 I [wlan][3352]halDumpMsduReportStats: (HAL INFO) TX_Delay D:[1:5:10:20]=[0:0:0:0:0] C:[10:20:50:80]=[0:0:0:0:0] M:[5:10:20:50]=[0:0:0:0:0] A:[5:10:20:50]=[0:0:0:0:0] F:[10:20:50:80]=[0:0:0:0:0] Txfail:0
07-10 11:43:35.233  3352  3352 I [wlan][3352]halDumpHifStats: (HAL INFO) I[0 / 1971064 2 0 1 0x0 0x0 0] T[405422 405422 405422 / 362019 362019 362019 362019] R[1947661 / 1345863] T_Q:T_R[0:0 0:0 0:0 0:0 0:0 0:0]  R_R:R_N[0:0 0:0 0:0 0:0] Msdu[2047/2048] Tok[0/4096] Rfb[4147/0/0/4150] txreg[261492] rxreg[1964203]
07-10 11:43:35.249     0     0 I [T203350] [wlan][3350]kalPerMonUpdate: (SW4 INFO) <512ms> Tput: 4712(0.004mbps) [0:0:302:2][0:0:0:0][0:0:0:0][0:0:0:0] Pending:0/4096 [0:0:0:0][0:0:0:0][0:0:0:0][0:0:0:0] LQ[335089:577785:51882] idle:0 lv:0 th:5 fg:0x9 TxCpu[31364,75076,63992,62769,16350,17347,48339,46784] RxCpu[0,0,0,0,0,0,0,0] TxDp[ST:BS:FO:QM:DP]:2:0:0:0:6266 Tx[SQ:TI:TM:TDD:TDM]:0:362021:362021:0:0
07-10 11:43:35.250     0     0 I [T203350] [wlan][3350]kalPerMonUpdate: (SW4 INFO) ndevdrp:[0:0:0:0] NAPI[1971064,0,0,0,1027,0,0,0,0,0,18446743532543672320] RxReorder[0:0:0:0] RfbTrack[0:60:10:0:0:0:0:0:0:0:0:0:0:0:0:0:0:0:0] drv[RM,IL,RI,PA,PF,DU,DA,RT,RM,RW,RA,RB,DT,NS,IB,HS,LS,DD,ME,BD,NI,DR,TE,PE,CE,DN,FE,DE,IE,TME,ID,NL]:3084777,0,1926948,1926948,0,0,0,1798858,3260,1778001,677,64,20713,0,0,519,0,97,0,42,11,20019,0,0,4,20713,0,0,0,0,0,0
07-10 11:43:35.250     0     0 I [T203350] [wlan][3350]cnmTimerDoTimeOutCheck: (CNM INFO) timer timeout, timer 00000000f0d184dc func kalPerMonHandler.cfi_jt [wlan_drv_gen4m_6886]
07-10 11:43:35.251     0     0 I [T203350] [wlan][3350]cnmTimerStartTimer: (CNM INFO) In DoTimeOut, timer 00000000f0d184dc func kalPerMonHandler.cfi_jt [wlan_drv_gen4m_6886] 500 ms timercount 0
07-10 11:43:35.253     0     0 I [T203350] [wlan][3350]asicConnac2xFillCmdTxdInfo: (TX INFO) TX CMD: ID[0x85] SEQ[213] SET[0] LEN[92]
07-10 11:43:35.253     0     0 I [T203350] [wlan][3350]asicConnac2xFillCmdTxdInfo: (TX INFO) TX CMD: ID[0x82] SEQ[214] SET[0] LEN[76]
07-10 11:43:35.254     0     0 I [T203350] [wlan][3350]wlanLinkQualityMonitor: (SW4 INFO) Link Quality: Tx(rate:10805, total:335089, retry:24196, fail:20770, RTS fail:18, ACK fail:20752), Rx(rate:10809, total:577785, dup:97, error:1545536), PER(0), Congestion(idle slot:3060552534, diff:51882, AwakeDur:37770673)
07-10 11:43:35.254  3352  3352 I [wlan][3352]soc7_0_DumpWfsyscpupcr: (HAL INFO) wm pc=733901.151446/0xf038acbe;733901.151464/0xf048dda6;733901.151474/0xf048795e;733901.151483/0xf04816d6;733901.151491/0xf048deee;
07-10 11:43:35.254  3352  3352 I [wlan][3352]soc7_0_DumpWfsyscpupcr: (HAL INFO) wm lp=733901.151446/0xf0481704;733901.151464/0xf048de18;733901.151474/0xf0487b34;733901.151483/0xf04816ac;733901.151491/0xf04120d0;
07-10 11:43:35.255     0     0 I [T103350] [wlan][3350]nicRxProcessEventPacket: (RX INFO) Not static config event: id=0x21, seq=213
07-10 11:43:35.292     0     0 I [T203352] [wlan][3352]halSetFWOwn: (INIT INFO) FW OWN:1, IntSta:0x00000005
07-10 11:43:35.301     0     0 I         : [T200273] mt6375-adc 11280000.i2c:mt6375@34:adc: mt6375_adc_read_channel(): be_val 48643, val 958
07-10 11:43:35.335     0     0 I [T303352] [wlan][3352]halSetDriverOwn: (INIT INFO) [hif_thread]: DRIVER OWN Done[4294970368 us], sent[36 us], INT[1256742395 us], reci[3038227917 us], set[20 us]
07-10 11:43:35.394     0     0 I [T303352] [wlan][3352]halSetFWOwn: (INIT INFO) FW OWN:1, IntSta:0x00000004
07-10 11:43:35.421     0     0 I         : [T200273] mt6375-adc 11280000.i2c:mt6375@34:adc: mt6375_adc_read_channel(): be_val 48643, val 958
07-10 11:43:36.795  1262  1357 I libPerfCtl: xgfGetFPS pid:31488 fps:-1
07-10 11:43:35.541     0     0 I         : [T500273] mt6375-adc 11280000.i2c:mt6375@34:adc: mt6375_adc_read_channel(): be_val 48643, val 958
07-10 11:43:35.541     0     0 I [T500273]  usb_pre_temp: 31
07-10 11:43:35.647     0     0 I         : [T201906] mtk-board-ntc 1c805554.thermal-ntc1: val=0xb008, v_in/r_type/r_ntc/t=69044/0/60061/36040
07-10 11:43:35.660     0     0 I         : [T400273] mt6375-adc 11280000.i2c:mt6375@34:adc: mt6375_adc_read_channel(): be_val 48643, val 958
07-10 11:43:35.761     0     0 I [T203350] [wlan][3350]kalPerMonUpdate: (SW4 INFO) <511ms> Tput: 0(0.000mbps) [0:0:0:0][0:0:0:0][0:0:0:0][0:0:0:0] Pending:0/4096 [0:0:0:0][0:0:0:0][0:0:0:0][0:0:0:0] LQ[335089:577788:3379] idle:1 lv:0 th:5 fg:0x9 TxCpu[31364,75076,63992,62769,16350,17347,48339,46784] RxCpu[0,0,0,0,0,0,0,0] TxDp[ST:BS:FO:QM:DP]:2:0:0:0:6266 Tx[SQ:TI:TM:TDD:TDM]:0:362021:362021:0:0
07-10 11:43:35.761     0     0 I [T203350] [wlan][3350]kalPerMonUpdate: (SW4 INFO) ndevdrp:[0:0:0:0] NAPI[1971070,0,0,0,1027,0,0,0,0,0,18446743532543672320] RxReorder[0:0:0:0] RfbTrack[0:60:10:0:0:0:0:0:0:0:0:0:0:0:0:0:0:0:0] drv[RM,IL,RI,PA,PF,DU,DA,RT,RM,RW,RA,RB,DT,NS,IB,HS,LS,DD,ME,BD,NI,DR,TE,PE,CE,DN,FE,DE,IE,TME,ID,NL]:3084782,0,1926948,1926948,0,0,0,1798858,3260,1778001,677,64,20713,0,0,519,0,97,0,42,11,20019,0,0,4,20713,0,0,0,0,0,0
07-10 11:43:35.761     0     0 I [T203350] [wlan][3350]cnmTimerDoTimeOutCheck: (CNM INFO) timer timeout, timer 00000000f0d184dc func kalPerMonHandler.cfi_jt [wlan_drv_gen4m_6886]
07-10 11:43:35.763     0     0 I [T203350] [wlan][3350]cnmTimerStartTimer: (CNM INFO) In DoTimeOut, timer 00000000f0d184dc func kalPerMonHandler.cfi_jt [wlan_drv_gen4m_6886] 500 ms timercount 0
07-10 11:43:35.780     0     0 I         : [T400273] mt6375-adc 11280000.i2c:mt6375@34:adc: mt6375_adc_read_channel(): be_val 48643, val 958
07-10 11:43:35.901     0     0 I         : [T400273] mt6375-adc 11280000.i2c:mt6375@34:adc: mt6375_adc_read_channel(): be_val 48643, val 958
07-10 11:43:35.958  3241  3241 I mtk-board-ntc 1c805554.thermal-ntc1: val=0xb008, v_in/r_type/r_ntc/t=69044/0/60061/36040
07-10 11:43:35.966     0     0 I         : [T303241] mtk-board-ntc 1c805560.thermal-ntc13: val=0xb0e4, v_in/r_type/r_ntc/t=70280/0/61800/35378
07-10 11:43:36.025     0     0 I         : [T400273] mt6375-adc 11280000.i2c:mt6375@34:adc: mt6375_adc_read_channel(): be_val 48643, val 958
07-10 11:43:36.038     0     0 I [T303350] [wlan][3350]asicConnac2xFillCmdTxdInfo: (TX INFO) TX CMD: ID[0x84] SEQ[215] SET[0] LEN[72]
07-10 11:43:36.044     0     0 I [T203352] [wlan][3352]halSetDriverOwn: (INIT INFO) [hif_thread]: DRIVER OWN Done[4294972389 us], sent[30 us], INT[1256035140 us], reci[3038937181 us], set[38 us]
07-10 11:43:36.044     0     0 I [T203352] [wlan][3352]halDumpHifStats: (HAL INFO) I[0 / 1971070 2 0 1 0x0 0x0 0] T[405425 405425 405424 / 362019 362019 362019 362019] R[1947661 / 1345868] T_Q:T_R[0:0 0:0 0:0 0:0 0:1 0:0]  R_R:R_N[0:0 0:0 0:0 0:0] Msdu[2047/2048] Tok[0/4096] Rfb[4150/0/0/4150] txreg[261492] rxreg[1964208]
07-10 11:43:37.363  2248  2248 E WifiHAL : handleResponse: data=0xb400007b8d0f17d0, len=4920
07-10 11:43:37.363  2248  2248 I WifiHAL : check_data_sanity: confirmed_size=4920, len=4920
07-10 11:43:37.364  2248  2248 I WifiHAL : wifi_get_link_stats: result=0
07-10 11:43:36.049     0     0 I [T402248] [wlan][2248]fill_power_levels: (REQ INFO) Copy power level 2048 bytes
07-10 11:43:36.056     0     0 I [T303350] [wlan][3350]asicConnac2xFillCmdTxdInfo: (TX INFO) TX CMD: ID[0x81] SEQ[216] SET[0] LEN[64]
07-10 11:43:36.059     0     0 I [T303350] [wlan][3350]nicUpdateLinkQuality: (RLM INFO) Rssi=-41, NewRssi=-41
07-10 11:43:36.062     0     0 I [T301492] [wlan][1492]mtk_cfg80211_get_station: (REQ INFO) link speed=10805/10809, bw=0/0, rssi=-41, BSSID:[0c:96:**:**:**:af],TxFail=0, TxTimeOut=0, TxOK=134052, RxOK=721723, FcsErr=2
07-10 11:43:37.386  2248  2248 I WifiHAL : feature_set=0x8489141a
07-10 11:43:36.070     0     0 I [T703352] [wlan][3352]halSetFWOwn: (INIT INFO) FW OWN:1, IntSta:0x08000000
07-10 11:43:36.144     0     0 I         : [T300273] mt6375-adc 11280000.i2c:mt6375@34:adc: mt6375_adc_read_channel(): be_val 48643, val 958
07-10 11:43:36.265     0     0 I         : [T300273] mt6375-adc 11280000.i2c:mt6375@34:adc: mt6375_adc_read_channel(): be_val 48643, val 958
07-10 11:43:36.273     0     0 I [T403350] [wlan][3350]kalPerMonUpdate: (SW4 INFO) <513ms> Tput: 0(0.000mbps) [0:0:0:0][0:0:0:0][0:0:0:0][0:0:0:0] Pending:0/4096 [0:0:0:0][0:0:0:0][0:0:0:0][0:0:0:0] LQ[335089:577788:3379] idle:1 lv:0 th:5 fg:0x9 TxCpu[31364,75076,63992,62769,16350,17347,48339,46784] RxCpu[0,0,0,0,0,0,0,0] TxDp[ST:BS:FO:QM:DP]:2:0:0:0:6266 Tx[SQ:TI:TM:TDD:TDM]:0:362021:362021:0:0
