07-10 11:43:18.665     0     0 I         : [T500138] wdt_dump_cntcv CPU:5 CNTCV_CTL:1 CNTCV_TVAL:c5da CNTVCT:bda5e0641e3 SYST_CNTCR:4490d SYST_DISTL:0 SYST_CNTCV:bda5e0641d3
07-10 11:43:18.665     0     0 I         : [T300136] [wdk-c] cpu=3 o_k=3 lbit=0x2a cbit=0xff,d5,7,1,415107077,ff,693555362,12508213,693555510,12508230,[733884562118604,14999733] 25 ffffffff
07-10 11:43:18.665     0     0 I         : [T700140] [wdk-c] cpu=7 o_k=7 lbit=0xaa cbit=0xff,55,7,1,415107077,ff,693555362,12508213,693555510,12508230,[733884562159296,14999691] 25 ffffffff
07-10 11:43:18.665     0     0 I         : [T700140] wdt_dump_cntcv CPU:7 CNTCV_CTL:0 CNTCV_TVAL:9ef8d77f CNTVCT:bda5e06447b SYST_CNTCR:4490d SYST_DISTL:0 SYST_CNTCV:bda5e064483
07-10 11:43:18.665     0     0 I         : [T300136] wdt_dump_cntcv CPU:3 CNTCV_CTL:1 CNTCV_TVAL:c53f CNTVCT:bda5e06427c SYST_CNTCR:4490d SYST_DISTL:0 SYST_CNTCV:bda5e064270
07-10 11:43:18.665     0     0 I         : [T400137] [wdk-c] cpu=4 o_k=4 lbit=0xba cbit=0xff,45,7,1,415107077,ff,693555362,12508213,693555510,12508230,[733884562345988,14999505] 25 ffffffff
07-10 11:43:18.665     0     0 I         : [T600139] [wdk-c] cpu=6 o_k=6 lbit=0xfa cbit=0xff,5,7,1,415107077,ff,693555362,12508213,693555510,12508230,[733884562385142,14999465] 25 ffffffff
07-10 11:43:18.665     0     0 I         : [T600139] wdt_dump_cntcv CPU:6 CNTCV_CTL:0 CNTCV_TVAL:55e1961a CNTVCT:bda5e064fd7 SYST_CNTCR:4490d SYST_DISTL:0 SYST_CNTCV:bda5e064fe0
07-10 11:43:18.665     0     0 I         : [T400137] wdt_dump_cntcv CPU:4 CNTCV_CTL:1 CNTCV_TVAL:1f20e3 CNTVCT:bda5e065198 SYST_CNTCR:4490d SYST_DISTL:0 SYST_CNTCV:bda5e065188
07-10 11:43:18.665   133   133 I         : [wdk-c] cpu=0 o_k=0 lbit=0xfb cbit=0xff,4,7,1,415107077,ff,693555362,12508213,693555510,12508230,[733884562424142,14999428] 25 ffffffff
07-10 11:43:18.665   133   133 I wdt_dump_cntcv CPU: 0 CNTCV_CTL:1 CNTCV_TVAL:8b1ba9 CNTVCT:bda5e065064 SYST_CNTCR:4490d SYST_DISTL:0 SYST_CNTCV:bda5e065054
07-10 11:43:18.671     0     0 I [T200135] [thread: 135] 2026-07-10 02:43:19.985804 UTC;android time 2026-07-10 02:43:19.985804
07-10 11:43:18.678     0     0 I         : [T200135] [wdk-k] cpu=2 o_k=2 lbit=0xff cbit=0xff,0,7,1,415107077,ff,693555362,12508213,693555510,12508230,[733884568181373,14993685] 25 ffffffff
07-10 11:43:18.678     0     0 I         : [T200135] wdt_dump_cntcv CPU:2 CNTCV_CTL:1 CNTCV_TVAL:c5bc CNTVCT:bda5e064203 SYST_CNTCR:4490d SYST_DISTL:0 SYST_CNTCV:bda5e0641f3
07-10 11:43:18.733     0     0 I         : [T400273] mt6375-adc 11280000.i2c:mt6375@34:adc: mt6375_adc_read_channel(): be_val 48643, val 958
07-10 11:43:20.058  1262  1357 I libPerfCtl: xgfGetFPS pid:11787 fps:-1
07-10 11:43:20.058  1262  1357 I libPerfCtl: xgfGetFPS pid:31488 fps:-1
07-10 11:43:18.852     0     0 I         : [T100273] mt6375-adc 11280000.i2c:mt6375@34:adc: mt6375_adc_read_channel(): be_val 48387, val 957
07-10 11:43:18.865     0     0 I [T103350] [wlan][3350]kalPerMonUpdate: (SW4 INFO) <512ms> Tput: 4056(0.003mbps) [0:0:260:1][0:0:0:0][0:0:0:0][0:0:0:0] Pending:0/4096 [0:0:0:0][0:0:0:0][0:0:0:0][0:0:0:0] LQ[335089:577727:39787] idle:0 lv:0 th:5 fg:0x9 TxCpu[31364,75076,63992,62769,16350,17347,48339,46784] RxCpu[0,0,0,0,0,0,0,0] TxDp[ST:BS:FO:QM:DP]:2:0:0:0:6266 Tx[SQ:TI:TM:TDD:TDM]:0:362021:362021:0:0
07-10 11:43:18.865     0     0 I [T103350] [wlan][3350]kalPerMonUpdate: (SW4 INFO) ndevdrp:[0:0:0:0] NAPI[1970945,0,0,0,1027,0,0,0,0,0,18446743532543672320] RxReorder[0:0:0:0] RfbTrack[0:60:10:0:0:0:0:0:0:0:0:0:0:0:0:0:0:0:0] drv[RM,IL,RI,PA,PF,DU,DA,RT,RM,RW,RA,RB,DT,NS,IB,HS,LS,DD,ME,BD,NI,DR,TE,PE,CE,DN,FE,DE,IE,TME,ID,NL]:3084652,0,1926914,1926914,0,0,0,1798836,3260,1777979,677,64,20713,0,0,519,0,97,0,42,11,20019,0,0,4,20713,0,0,0,0,0,0
07-10 11:43:18.865     0     0 I [T103350] [wlan][3350]cnmTimerDoTimeOutCheck: (CNM INFO) timer timeout, timer 00000000f0d184dc func kalPerMonHandler.cfi_jt [wlan_drv_gen4m_6886]
07-10 11:43:18.867     0     0 I [T103350] [wlan][3350]cnmTimerStartTimer: (CNM INFO) In DoTimeOut, timer 00000000f0d184dc func kalPerMonHandler.cfi_jt [wlan_drv_gen4m_6886] 500 ms timercount 0
07-10 11:43:18.869     0     0 I [T103350] [wlan][3350]asicConnac2xFillCmdTxdInfo: (TX INFO) TX CMD: ID[0x85] SEQ[183] SET[0] LEN[92]
07-10 11:43:18.869     0     0 I [T103350] [wlan][3350]asicConnac2xFillCmdTxdInfo: (TX INFO) TX CMD: ID[0x82] SEQ[184] SET[0] LEN[76]
07-10 11:43:18.869     0     0 I [T103350] [wlan][3350]wlanLinkQualityMonitor: (SW4 INFO) Link Quality: Tx(rate:10805, total:335089, retry:24196, fail:20770, RTS fail:18, ACK fail:20752), Rx(rate:10809, total:577727, dup:97, error:1545288), PER(0), Congestion(idle slot:3060387366, diff:39787, AwakeDur:37768285)
07-10 11:43:18.877     0     0 I [T403352] [wlan][3352]halSetDriverOwn: (INIT INFO) [hif_thread]: DRIVER OWN Done[4294975396 us], sent[40 us], INT[1273204463 us], reci[3021770867 us], set[26 us]
07-10 11:43:18.878     0     0 I [T403352] [wlan][3352]soc7_0_DumpWfsyscpupcr: (HAL INFO) wm pc=733884.775000/0xf0465100;733884.775016/0xf04651fe;733884.775025/0xf04652fe;733884.775034/0xf04653fe;733884.775043/0xf04654c4;
07-10 11:43:18.878     0     0 I [T403352] [wlan][3352]soc7_0_DumpWfsyscpupcr: (HAL INFO) wm lp=733884.775000/0xf046656a;733884.775016/0xf046521a;733884.775025/0xf0465340;733884.775034/0xf04653c4;733884.775043/0xf04654f6;
07-10 11:43:18.878     0     0 I [T403352] [wlan][3352]halDumpMsduReportStats: (HAL INFO) TX_Delay D:[1:5:10:20]=[0:0:0:0:0] C:[10:20:50:80]=[0:0:0:0:0] M:[5:10:20:50]=[0:0:0:0:0] A:[5:10:20:50]=[0:0:0:0:0] F:[10:20:50:80]=[0:0:0:0:0] Txfail:0
07-10 11:43:18.881     0     0 I [T203350] [wlan][3350]nicRxProcessEventPacket: (RX INFO) Not static config event: id=0x21, seq=183
07-10 11:43:18.906  3352  3352 I [wlan][3352]halSetFWOwn: (INIT INFO) FW OWN:1, IntSta:0x08000000
07-10 11:43:18.973     0     0 I         : [T200273] mt6375-adc 11280000.i2c:mt6375@34:adc: mt6375_adc_read_channel(): be_val 48387, val 957
07-10 11:43:19.065     0     0 I         : [T101951] hang_detect HANG_KICK ( 300)
07-10 11:43:19.065     0     0 I         : [T101951] [Hang_Detect] hang_detect enabled 10
07-10 11:43:19.092     0     0 I         : [T200273] mt6375-adc 11280000.i2c:mt6375@34:adc: mt6375_adc_read_channel(): be_val 48643, val 958
07-10 11:43:19.213     0     0 I         : [T200273] mt6375-adc 11280000.i2c:mt6375@34:adc: mt6375_adc_read_channel(): be_val 48643, val 958
07-10 11:43:19.333     0     0 I         : [T500273] mt6375-adc 11280000.i2c:mt6375@34:adc: mt6375_adc_read_channel(): be_val 48643, val 958
07-10 11:43:19.377     0     0 I [T103350] [wlan][3350]kalPerMonUpdate: (SW4 INFO) <512ms> Tput: 0(0.000mbps) [0:0:0:0][0:0:0:0][0:0:0:0][0:0:0:0] Pending:0/4096 [0:0:0:0][0:0:0:0][0:0:0:0][0:0:0:0] LQ[335089:577733:13058] idle:1 lv:0 th:5 fg:0x9 TxCpu[31364,75076,63992,62769,16350,17347,48339,46784] RxCpu[0,0,0,0,0,0,0,0] TxDp[ST:BS:FO:QM:DP]:2:0:0:0:6266 Tx[SQ:TI:TM:TDD:TDM]:0:362021:362021:0:0
07-10 11:43:19.377     0     0 I [T103350] [wlan][3350]kalPerMonUpdate: (SW4 INFO) ndevdrp:[0:0:0:0] NAPI[1970948,0,0,0,1027,0,0,0,0,0,18446743532543672320] RxReorder[0:0:0:0] RfbTrack[0:60:10:0:0:0:0:0:0:0:0:0:0:0:0:0:0:0:0] drv[RM,IL,RI,PA,PF,DU,DA,RT,RM,RW,RA,RB,DT,NS,IB,HS,LS,DD,ME,BD,NI,DR,TE,PE,CE,DN,FE,DE,IE,TME,ID,NL]:3084655,0,1926914,1926914,0,0,0,1798836,3260,1777979,677,64,20713,0,0,519,0,97,0,42,11,20019,0,0,4,20713,0,0,0,0,0,0
07-10 11:43:19.377     0     0 I [T103350] [wlan][3350]cnmTimerDoTimeOutCheck: (CNM INFO) timer timeout, timer 00000000f0d184dc func kalPerMonHandler.cfi_jt [wlan_drv_gen4m_6886]
07-10 11:43:19.379     0     0 I [T103350] [wlan][3350]cnmTimerStartTimer: (CNM INFO) In DoTimeOut, timer 00000000f0d184dc func kalPerMonHandler.cfi_jt [wlan_drv_gen4m_6886] 500 ms timercount 0
07-10 11:43:19.457   273   273 I mt6375-adc 11280000.i2c: mt6375@34:adc: mt6375_adc_read_channel(): be_val 48643, val 958
07-10 11:43:19.577   273   273 I mt6375-adc 11280000.i2c: mt6375@34:adc: mt6375_adc_read_channel(): be_val 48643, val 958
07-10 11:43:19.701     0     0 I         : [T400273] mt6375-adc 11280000.i2c:mt6375@34:adc: mt6375_adc_read_channel(): be_val 48387, val 957
07-10 11:43:21.058  1262  1357 I libPerfCtl: xgfGetFPS pid:11787 fps:-1
07-10 11:43:21.059  1262  1357 I libPerfCtl: xgfGetFPS pid:31488 fps:-1
07-10 11:43:19.767     0     0 I         : [T428609] <733885.661>mt6375_pd_evt_handler ++
07-10 11:43:19.767     0     0 I [T428609] <733885.662>TCPC-TCPC: Alert:0x0001, Mask:0x8e7d
07-10 11:43:19.767     0     0 I         : [T428609] <733885.662>mt6375_set_alert_mask mask = 0x0000
07-10 11:43:19.767     0     0 I [T428609] <733885.662>TCPC-TYPEC: [CC_Alert] 0/6
07-10 11:43:19.767     0     0 I         : [T428609] <733885.662>mt6375_enable_vsafe0v_detect en = 1
07-10 11:43:19.767     0     0 I [T428609] <733885.662>TCPC-TYPEC: RpLvl Alert
07-10 11:43:19.767     0     0 I         : [T428609] <733885.663>mt6375_set_alert_mask mask = 0x8e7d
07-10 11:43:19.767     0     0 I [T428609] <733885.663>TCPC-PE-EVT: sink_tx_change
07-10 11:43:19.767     0     0 I         : [T428609] <733885.663>mt6375_pd_evt_handler evt = 0
07-10 11:43:19.767     0     0 I         : [T428609] <733885.663>mt6375_pd_evt_handler --
07-10 11:43:19.777     0     0 I         : [T428609] <733885.673>mt6375_is_vsafe0v vbus_safe0v:0
07-10 11:43:19.777     0     0 I [T428609] <733885.673>TCPC-TYPEC: [CC_Change] 0/6, vbus_valid = 1
07-10 11:43:19.777     0     0 I [T428609] <733885.673>TCPC-TYPEC: RpLvl Change
07-10 11:43:19.777     0     0 I [T120953] <733885.674>TCPC-PE-EVT: sink_tx_change
07-10 11:43:19.784     0     0 I         : [T326657] PD charger event:20 0
07-10 11:43:19.784     0     0 I         : [T326657] rt-pd-manager rt-pd-manager: pd_tcp_notifier_call event = 20, idx = 0
07-10 11:43:19.784     0     0 I         : [T326657] fsa4480-driver 7-0042: fsa4480_usbc_event_changed: switch chip is WAS4780
07-10 11:43:19.784     0     0 I         : [T326657] fsa4480-driver 7-0042: fsa4480_usbc_event_changed: typeC event: 20
07-10 11:43:19.785     0     0 I         : [T523704] <733885.679>mt6375_pd_evt_handler ++
07-10 11:43:19.785     0     0 I [T523704] <733885.679>TCPC-TCPC: Alert:0x0005, Mask:0x8e7d
07-10 11:43:19.785     0     0 I         : [T523704] <733885.679>mt6375_set_alert_mask mask = 0x0000
07-10 11:43:19.785     0     0 I         : [T523704] <733885.680>mt6375_get_message Count is 7
07-10 11:43:19.785     0     0 I         : [T523704] <733885.680>mt6375_get_message FrameType is 0
07-10 11:43:19.785     0     0 I         : [T523704] <733885.680>mt6375_get_message MessageType is 6
07-10 11:43:19.785     0     0 I [T523704] <733885.680>TCPC-PE-EVT: alert
07-10 11:43:19.785     0     0 I [T523704] <733885.680>TCPC-PE: PD-> PE_SNK_SOURCE_ALERT_RECEIVED
07-10 11:43:19.786     0     0 I [T523704] <733885.680>TCPC-DPM: inform_alert:0x02100000
07-10 11:43:19.786     0     0 I [T523704] <733885.680>TCPC-PE-EVT: dpm_ack
07-10 11:43:19.786     0     0 I [T523704] <733885.680>TCPC-PE: PD-> PE_SNK_READY
07-10 11:43:19.786     0     0 I [T523704] <733885.680>TCPC-TYPEC: [CC_Alert] 0/7
07-10 11:43:19.786     0     0 I         : [T523704] <733885.680>mt6375_enable_vsafe0v_detect en = 1
07-10 11:43:19.786     0     0 I [T523704] <733885.681>TCPC-TYPEC: RpLvl Alert
07-10 11:43:19.786     0     0 I         : [T523704] <733885.681>mt6375_set_alert_mask mask = 0x8e7d
07-10 11:43:19.786     0     0 I [T523704] <733885.681>TCPC-PE-EVT: sink_tx_change
07-10 11:43:19.786     0     0 I [T523704] <733885.681>TCPC-PE-EVT: tcp_event(get_bat_status), 28, 1
07-10 11:43:19.786     0     0 I [T523704] <733885.681>TCPC-PE: PD-> PE_GET_BATTERY_STATUS
07-10 11:43:19.786     0     0 I         : [T523704] <733885.681>mt6375_transmit ++
07-10 11:43:19.786     0     0 I         : [T523704] <733885.682>mt6375_pd_evt_handler evt = 0
07-10 11:43:19.786     0     0 I         : [T523704] <733885.682>mt6375_transmit -- delta = 707us
07-10 11:43:19.786     0     0 I         : [T523704] <733885.682>mt6375_pd_evt_handler --
07-10 11:43:19.788     0     0 I         : [T428609] <733885.685>mt6375_pd_evt_handler ++
07-10 11:43:19.790     0     0 I [T523704] <733885.686>TCPC-TCPC: Alert:0x0040, Mask:0x8e7d
07-10 11:43:19.790     0     0 I         : [T523704] <733885.686>mt6375_set_alert_mask mask = 0x0000
07-10 11:43:19.790     0     0 I         : [T523704] <733885.686>tcpci_alert_tx_success, diff = 4175
07-10 11:43:19.790     0     0 I         : [T523704] <733885.686>mt6375_set_alert_mask mask = 0x8e7d
07-10 11:43:19.790     0     0 I [T523704] <733885.686>TCPC-PE-EVT: good_crc
07-10 11:43:19.790     0     0 I         : [T523704] <733885.686>mt6375_pd_evt_handler evt = 0
07-10 11:43:19.790     0     0 I         : [T523704] <733885.686>mt6375_pd_evt_handler --
07-10 11:43:19.795     0     0 I         : [T428609] <733885.690>mt6375_pd_evt_handler ++
07-10 11:43:19.795     0     0 I [T428609] <733885.690>TCPC-TCPC: Alert:0x0004, Mask:0x8e7d
07-10 11:43:19.795     0     0 I         : [T428609] <733885.690>mt6375_set_alert_mask mask = 0x0000
07-10 11:43:19.795     0     0 I         : [T428609] <733885.691>mt6375_get_message Count is 7
07-10 11:43:19.795     0     0 I         : [T428609] <733885.691>mt6375_get_message FrameType is 0
07-10 11:43:19.795     0     0 I         : [T428609] <733885.691>mt6375_get_message MessageType is 5
07-10 11:43:19.795     0     0 I [T428609] <733885.691>TCPC-PE-EVT: bat_status
07-10 11:43:19.795     0     0 I [T428609] <733885.691>TCPC-PE: PD-> PE_SNK_READY
07-10 11:43:19.795     0     0 I [T428609] <733885.691>TCPC-DPM: 0x02090200
07-10 11:43:19.795     0     0 I         : [T428609] <733885.691>mt6375_set_alert_mask mask = 0x8e7d
07-10 11:43:19.795     0     0 I         : [T428609] <733885.691>mt6375_pd_evt_handler evt = 0
07-10 11:43:19.795     0     0 I         : [T428609] <733885.692>mt6375_pd_evt_handler --
07-10 11:43:19.795     0     0 I         : [T428609] <733885.692>mt6375_is_vsafe0v vbus_safe0v:0
07-10 11:43:19.795     0     0 I [T428609] <733885.692>TCPC-TYPEC: [CC_Change] 0/7, vbus_valid = 1
07-10 11:43:19.795     0     0 I [T428609] <733885.692>TCPC-TYPEC: RpLvl Change
07-10 11:43:19.795     0     0 I [T428609] <733885.692>TCPC-PE-EVT: sink_tx_change
07-10 11:43:19.821     0     0 I         : [T300273] mt6375-adc 11280000.i2c:mt6375@34:adc: mt6375_adc_read_channel(): be_val 48387, val 957
07-10 11:43:19.821     0     0 I [T300273]  usb_pre_temp: 31
07-10 11:43:19.889     0     0 I [T203350] [wlan][3350]kalPerMonUpdate: (SW4 INFO) <513ms> Tput: 0(0.000mbps) [0:0:0:0][0:0:0:0][0:0:0:0][0:0:0:0] Pending:0/4096 [0:0:0:0][0:0:0:0][0:0:0:0][0:0:0:0] LQ[335089:577733:13058] idle:1 lv:0 th:5 fg:0x9 TxCpu[31364,75076,63992,62769,16350,17347,48339,46784] RxCpu[0,0,0,0,0,0,0,0] TxDp[ST:BS:FO:QM:DP]:2:0:0:0:6266 Tx[SQ:TI:TM:TDD:TDM]:0:362021:362021:0:0
07-10 11:43:19.889     0     0 I [T203350] [wlan][3350]kalPerMonUpdate: (SW4 INFO) ndevdrp:[0:0:0:0] NAPI[1970948,0,0,0,1027,0,0,0,0,0,18446743532543672320] RxReorder[0:0:0:0] RfbTrack[0:60:10:0:0:0:0:0:0:0:0:0:0:0:0:0:0:0:0] drv[RM,IL,RI,PA,PF,DU,DA,RT,RM,RW,RA,RB,DT,NS,IB,HS,LS,DD,ME,BD,NI,DR,TE,PE,CE,DN,FE,DE,IE,TME,ID,NL]:3084655,0,1926914,1926914,0,0,0,1798836,3260,1777979,677,64,20713,0,0,519,0,97,0,42,11,20019,0,0,4,20713,0,0,0,0,0,0
07-10 11:43:19.890     0     0 I [T203350] [wlan][3350]cnmTimerDoTimeOutCheck: (CNM INFO) timer timeout, timer 00000000f0d184dc func kalPerMonHandler.cfi_jt [wlan_drv_gen4m_6886]
07-10 11:43:19.891     0     0 I [T203350] [wlan][3350]cnmTimerStartTimer: (CNM INFO) In DoTimeOut, timer 00000000f0d184dc func kalPerMonHandler.cfi_jt [wlan_drv_gen4m_6886] 500 ms timercount 0
07-10 11:43:19.893     0     0 I [T203350] [wlan][3350]kalDumpPwrLevel: (SW4 INFO) Current power level: 0
07-10 11:43:19.941   273   273 I mt6375-adc 11280000.i2c: mt6375@34:adc: mt6375_adc_read_channel(): be_val 48643, val 958
07-10 11:43:20.061     0     0 I         : [T500273] mt6375-adc 11280000.i2c:mt6375@34:adc: mt6375_adc_read_channel(): be_val 48643, val 958
07-10 11:43:20.181     0     0 I         : [T400273] mt6375-adc 11280000.i2c:mt6375@34:adc: mt6375_adc_read_channel(): be_val 48643, val 958
07-10 11:43:20.301     0     0 I         : [T500273] mt6375-adc 11280000.i2c:mt6375@34:adc: mt6375_adc_read_channel(): be_val 48387, val 957
07-10 11:43:20.402     0     0 I [T103350] [wlan][3350]kalPerMonUpdate: (SW4 INFO) <512ms> Tput: 0(0.000mbps) [0:0:0:0][0:0:0:0][0:0:0:0][0:0:0:0] Pending:0/4096 [0:0:0:0][0:0:0:0][0:0:0:0][0:0:0:0] LQ[335089:577733:13058] idle:1 lv:0 th:5 fg:0x9 TxCpu[31364,75076,63992,62769,16350,17347,48339,46784] RxCpu[0,0,0,0,0,0,0,0] TxDp[ST:BS:FO:QM:DP]:2:0:0:0:6266 Tx[SQ:TI:TM:TDD:TDM]:0:362021:362021:0:0
07-10 11:43:20.402     0     0 I [T103350] [wlan][3350]kalPerMonUpdate: (SW4 INFO) ndevdrp:[0:0:0:0] NAPI[1970948,0,0,0,1027,0,0,0,0,0,18446743532543672320] RxReorder[0:0:0:0] RfbTrack[0:60:10:0:0:0:0:0:0:0:0:0:0:0:0:0:0:0:0] drv[RM,IL,RI,PA,PF,DU,DA,RT,RM,RW,RA,RB,DT,NS,IB,HS,LS,DD,ME,BD,NI,DR,TE,PE,CE,DN,FE,DE,IE,TME,ID,NL]:3084655,0,1926914,1926914,0,0,0,1798836,3260,1777979,677,64,20713,0,0,519,0,97,0,42,11,20019,0,0,4,20713,0,0,0,0,0,0
07-10 11:43:20.402     0     0 I [T103350] [wlan][3350]cnmTimerDoTimeOutCheck: (CNM INFO) timer timeout, timer 00000000f0d184dc func kalPerMonHandler.cfi_jt [wlan_drv_gen4m_6886]
07-10 11:43:20.404     0     0 I [T103350] [wlan][3350]cnmTimerStartTimer: (CNM INFO) In DoTimeOut, timer 00000000f0d184dc func kalPerMonHandler.cfi_jt [wlan_drv_gen4m_6886] 500 ms timercount 0
07-10 11:43:20.421     0     0 I         : [T400273] mt6375-adc 11280000.i2c:mt6375@34:adc: mt6375_adc_read_channel(): be_val 48643, val 958
07-10 11:43:20.540     0     0 I         : [T500273] mt6375-adc 11280000.i2c:mt6375@34:adc: mt6375_adc_read_channel(): be_val 48643, val 958
07-10 11:43:20.661     0     0 I         : [T400273] mt6375-adc 11280000.i2c:mt6375@34:adc: mt6375_adc_read_channel(): be_val 48643, val 958
07-10 11:43:22.059  1262  1357 I libPerfCtl: xgfGetFPS pid:31488 fps:-1
07-10 11:43:20.763     0     0 I [T503350] [wlan][3350]asicConnac2xFillCmdTxdInfo: (TX INFO) TX CMD: ID[0x84] SEQ[185] SET[0] LEN[72]
07-10 11:43:20.772     0     0 I [T403352] [wlan][3352]halSetDriverOwn: (INIT INFO) [hif_thread]: DRIVER OWN Done[4294975400 us], sent[40 us], INT[1271310173 us], reci[3023665159 us], set[28 us]
07-10 11:43:20.772     0     0 I [T403352] [wlan][3352]halDumpMsduReportStats: (HAL INFO) TX_Delay D:[1:5:10:20]=[0:0:0:0:0] C:[10:20:50:80]=[0:0:0:0:0] M:[5:10:20:50]=[0:0:0:0:0] A:[5:10:20:50]=[0:0:0:0:0] F:[10:20:50:80]=[0:0:0:0:0] Txfail:0
07-10 11:43:20.772     0     0 I [T403352] [wlan][3352]halDumpHifStats: (HAL INFO) I[0 / 1970949 2 0 0 0x0 0x0 0] T[405395 405395 405394 / 362019 362019 362019 362019] R[1947627 / 1345775] T_Q:T_R[0:0 0:0 0:0 0:0 0:1 0:0]  R_R:R_N[0:0 0:0 0:0 0:0] Msdu[2047/2048] Tok[0/4096] Rfb[4150/0/0/4150] txreg[261492] rxreg[1964096]
07-10 11:43:22.092  2248  2248 E WifiHAL : handleResponse: data=0xb400007b8d0f17d0, len=4920
07-10 11:43:22.092  2248  2248 I WifiHAL : check_data_sanity: confirmed_size=4920, len=4920
07-10 11:43:22.092  2248  2248 I WifiHAL : wifi_get_link_stats: result=0
07-10 11:43:20.777  2248  2248 I [wlan][2248]fill_power_levels: (REQ INFO) Copy power level 2048 bytes
07-10 11:43:20.785     0     0 I [T103350] [wlan][3350]asicConnac2xFillCmdTxdInfo: (TX INFO) TX CMD: ID[0x81] SEQ[186] SET[0] LEN[64]
07-10 11:43:20.785     0     0 I         : [T300273] mt6375-adc 11280000.i2c:mt6375@34:adc: mt6375_adc_read_channel(): be_val 48643, val 958
07-10 11:43:20.788     0     0 I [T103350] [wlan][3350]nicUpdateLinkQuality: (RLM INFO) Rssi=-41, NewRssi=-41
07-10 11:43:20.790     0     0 I [T103350] [wlan][3350]asicConnac2xFillCmdTxdInfo: (TX INFO) TX CMD: ID[0x85] SEQ[187] SET[0] LEN[92]
07-10 11:43:20.792  3350  3350 I [wlan][3350]nicRxProcessEventPacket: (RX INFO) Not static config event: id=0x21, seq=187
07-10 11:43:20.793     0     0 I [T501492] [wlan][1492]mtk_cfg80211_get_station: (REQ INFO) link speed=10805/10809, bw=0/0, rssi=-41, BSSID:[0c:96:**:**:**:af],TxFail=0, TxTimeOut=0, TxOK=134052, RxOK=721689, FcsErr=2
07-10 11:43:22.116  2248  2248 I WifiHAL : feature_set=0x8489141a
07-10 11:43:20.850  3352  3352 I [wlan][3352]halSetFWOwn: (INIT INFO) FW OWN:1, IntSta:0x08000000
07-10 11:43:20.896     0     0 I [T103352] [wlan][3352]halSetDriverOwn: (INIT INFO) [hif_thread]: DRIVER OWN Done[4294970360 us], sent[29 us], INT[1271180915 us], reci[3023789396 us], set[20 us]
07-10 11:43:20.904     0     0 I         : [T500273] mt6375-adc 11280000.i2c:mt6375@34:adc: mt6375_adc_read_channel(): be_val 48643, val 958
07-10 11:43:20.913     0     0 I [T503350] [wlan][3350]kalPerMonUpdate: (SW4 INFO) <511ms> Tput: 4720(0.004mbps) [0:0:302:2][0:0:0:0][0:0:0:0][0:0:0:0] Pending:0/4096 [0:0:0:0][0:0:0:0][0:0:0:0][0:0:0:0] LQ[335089:577733:13058] idle:0 lv:0 th:5 fg:0x9 TxCpu[31364,75076,63992,62769,16350,17347,48339,46784] RxCpu[0,0,0,0,0,0,0,0] TxDp[ST:BS:FO:QM:DP]:2:0:0:0:6266 Tx[SQ:TI:TM:TDD:TDM]:0:362021:362021:0:0
07-10 11:43:20.913     0     0 I [T503350] [wlan][3350]kalPerMonUpdate: (SW4 INFO) ndevdrp:[0:0:0:0] NAPI[1970957,0,0,0,1027,0,0,0,0,0,18446743532543672320] RxReorder[0:0:0:0] RfbTrack[0:60:10:0:0:0:0:0:0:0:0:0:0:0:0:0:0:0:0] drv[RM,IL,RI,PA,PF,DU,DA,RT,RM,RW,RA,RB,DT,NS,IB,HS,LS,DD,ME,BD,NI,DR,TE,PE,CE,DN,FE,DE,IE,TME,ID,NL]:3084663,0,1926916,1926916,0,0,0,1798838,3260,1777981,677,64,20713,0,0,519,0,97,0,42,11,20019,0,0,4,20713,0,0,0,0,0,0
07-10 11:43:20.913     0     0 I [T503350] [wlan][3350]cnmTimerDoTimeOutCheck: (CNM INFO) timer timeout, timer 00000000f0d184dc func kalPerMonHandler.cfi_jt [wlan_drv_gen4m_6886]
07-10 11:43:20.915     0     0 I [T503350] [wlan][3350]cnmTimerStartTimer: (CNM INFO) In DoTimeOut, timer 00000000f0d184dc func kalPerMonHandler.cfi_jt [wlan_drv_gen4m_6886] 500 ms timercount 0
07-10 11:43:20.917     0     0 I [T503350] [wlan][3350]asicConnac2xFillCmdTxdInfo: (TX INFO) TX CMD: ID[0x85] SEQ[188] SET[0] LEN[92]
07-10 11:43:20.917     0     0 I [T503350] [wlan][3350]asicConnac2xFillCmdTxdInfo: (TX INFO) TX CMD: ID[0x82] SEQ[189] SET[0] LEN[76]
07-10 11:43:20.917     0     0 I [T503350] [wlan][3350]wlanLinkQualityMonitor: (SW4 INFO) Link Quality: Tx(rate:10805, total:335089, retry:24196, fail:20770, RTS fail:18, ACK fail:20752), Rx(rate:10809, total:577733, dup:97, error:1545331), PER(0), Congestion(idle slot:3060400424, diff:13058, AwakeDur:37768660)
07-10 11:43:20.918     0     0 I [T103352] [wlan][3352]soc7_0_DumpWfsyscpupcr: (HAL INFO) wm pc=733886.815038/0xf0412e94;733886.815057/0xf0384fbc;733886.815067/0xf0423032;733886.815076/0x00903732;733886.815086/0xf0412c08;
07-10 11:43:20.918     0     0 I [T103352] [wlan][3352]soc7_0_DumpWfsyscpupcr: (HAL INFO) wm lp=733886.815038/0xf0412eae;733886.815057/0xf0422ffc;733886.815067/0xf042301c;733886.815076/0xf04230e4;733886.815086/0xf0413064;
07-10 11:43:20.919  3350  3350 I [wlan][3350]nicRxProcessEventPacket: (RX INFO) Not static config event: id=0x21, seq=188
07-10 11:43:20.930     0     0 I         : [T103241] mtk-board-ntc 1c805554.thermal-ntc1: val=0xaff0, v_in/r_type/r_ntc/t=68910/0/59874/36113
07-10 11:43:20.938     0     0 I         : [T203241] mtk-board-ntc 1c805560.thermal-ntc13: val=0xb0c0, v_in/r_type/r_ntc/t=70078/0/61514/35487
07-10 11:43:20.956     0     0 I [T303352] [wlan][3352]halSetFWOwn: (INIT INFO) FW OWN:1, IntSta:0x00000004
07-10 11:43:21.009     0     0 I [    C0] [ccci1/dpmf]dpmaif-txq: 0-3(status=0xf)[2048]: 2048-0-0, 2048-0-0, 2048-0-0, 2048-0-0
07-10 11:43:21.009     0     0 I         : [    C0] [ccci1/dpmf]dpmaif-txq pos: w/r/rel=(0,0,0)(0,0,0)(0,0,0)(0,0,0), tx_busy=0,0,0,0, last_isr=0,0,0,0
07-10 11:43:21.009     0     0 I [    C0] [ccci1/dpmf]dpmaif-rxq0: received:0; q_state=1; budget:16383; w/r=(0,0)
07-10 11:43:21.010     0     0 I         : [T120953] [ccci1/cif]total cnt=213631;rxq0 isr_cnt=48592;rxq1 isr_cnt=2114;rxq2 isr_cnt=0;rxq3 isr_cnt=0;rxq4 isr_cnt=3959;rxq5 isr_cnt=158979;rxq6 isr_cnt=1;rxq7 isr_cnt=3;rxq8 isr_cnt=0;rxq9 isr_cnt=0;rxq10 isr_cnt=0;rxq11 isr_cnt=0;rxq12 isr_cnt=0;rxq13 isr_cnt=0;rxq14 isr_cnt=0;rxq15 isr_cnt=1;rxq16 isr_cnt=0;rxq17 isr_cnt=0;rxq18 isr_cnt=0;rxq19 isr_cnt=0;rxq20 isr_cnt=0;rxq21 isr_cnt=0;rxq22 isr_cnt=0;rxq23 isr_cnt=0;
07-10 11:43:21.025   273   273 I mt6375-adc 11280000.i2c: mt6375@34:adc: mt6375_adc_read_channel(): be_val 48643, val 958
07-10 11:43:21.145   273   273 I mt6375-adc 11280000.i2c: mt6375@34:adc: mt6375_adc_read_channel(): be_val 48643, val 958
07-10 11:43:21.264     0     0 I         : [T200273] mt6375-adc 11280000.i2c:mt6375@34:adc: mt6375_adc_read_channel(): be_val 48643, val 958
07-10 11:43:21.385     0     0 I         : [T400273] mt6375-adc 11280000.i2c:mt6375@34:adc: mt6375_adc_read_channel(): be_val 48643, val 958
07-10 11:43:21.385     0     0 I [T400273]  usb_pre_temp: 31
07-10 11:43:21.426     0     0 I [T303350] [wlan][3350]kalPerMonUpdate: (SW4 INFO) <513ms> Tput: 0(0.000mbps) [0:0:0:0][0:0:0:0][0:0:0:0][0:0:0:0] Pending:0/4096 [0:0:0:0][0:0:0:0][0:0:0:0][0:0:0:0] LQ[335089:577737:10141] idle:1 lv:0 th:5 fg:0x9 TxCpu[31364,75076,63992,62769,16350,17347,48339,46784] RxCpu[0,0,0,0,0,0,0,0] TxDp[ST:BS:FO:QM:DP]:2:0:0:0:6266 Tx[SQ:TI:TM:TDD:TDM]:0:362021:362021:0:0
07-10 11:43:21.426     0     0 I [T303350] [wlan][3350]kalPerMonUpdate: (SW4 INFO) ndevdrp:[0:0:0:0] NAPI[1970961,0,0,0,1027,0,0,0,0,0,18446743532543672320] RxReorder[0:0:0:0] RfbTrack[0:60:10:0:0:0:0:0:0:0:0:0:0:0:0:0:0:0:0] drv[RM,IL,RI,PA,PF,DU,DA,RT,RM,RW,RA,RB,DT,NS,IB,HS,LS,DD,ME,BD,NI,DR,TE,PE,CE,DN,FE,DE,IE,TME,ID,NL]:3084666,0,1926916,1926916,0,0,0,1798838,3260,1777981,677,64,20713,0,0,519,0,97,0,42,11,20019,0,0,4,20713,0,0,0,0,0,0
07-10 11:43:21.426     0     0 I [T303350] [wlan][3350]cnmTimerDoTimeOutCheck: (CNM INFO) timer timeout, timer 00000000f0d184dc func kalPerMonHandler.cfi_jt [wlan_drv_gen4m_6886]
07-10 11:43:21.428     0     0 I [T303350] [wlan][3350]cnmTimerStartTimer: (CNM INFO) In DoTimeOut, timer 00000000f0d184dc func kalPerMonHandler.cfi_jt [wlan_drv_gen4m_6886] 500 ms timercount 0
07-10 11:43:22.794 19093 31621 I NearbyMediums: No BLE Fast/GATT advertisements found in the latest cycle.
07-10 11:43:22.795 19093 31621 I NearbyMediums: Current Tracked Scanning Clients are : {NearbyConnections.EnvironmentMonitor, NearbySharing}
07-10 11:43:21.505     0     0 I         : [T400273] mt6375-adc 11280000.i2c:mt6375@34:adc: mt6375_adc_read_channel(): be_val 48643, val 958
07-10 11:43:21.508     0     0 I [T403352] [wlan][3352]halSetDriverOwn: (INIT INFO) [hif_thread]: DRIVER OWN Done[4294969374 us], sent[40 us], INT[1270568071 us], reci[3024401240 us], set[23 us]
07-10 11:43:21.508     0     0 I [T403352] [wlan][3352]halDumpHifStats: (HAL INFO) I[0 / 1970962 2 0 1 0x0 0x0 0] T[405399 405399 405399 / 362019 362019 362019 362019] R[1947630 / 1345784] T_Q:T_R[0:0 0:0 0:0 0:0 0:0 0:0]  R_R:R_N[0:0 0:0 0:0 0:0] Msdu[2047/2048] Tok[0/4096] Rfb[4149/0/0/4150] txreg[261492] rxreg[1964108]
07-10 11:43:21.538     0     0 I [T403352] [wlan][3352]halSetFWOwn: (INIT INFO) FW OWN:1, IntSta:0x00000001
07-10 11:43:21.625   273   273 I mt6375-adc 11280000.i2c: mt6375@34:adc: mt6375_adc_read_channel(): be_val 48643, val 958
07-10 11:43:23.059  1262  1357 I libPerfCtl: xgfGetFPS pid:31488 fps:-1
07-10 11:43:21.745     0     0 I         : [T500273] mt6375-adc 11280000.i2c:mt6375@34:adc: mt6375_adc_read_channel(): be_val 48643, val 958
07-10 11:43:21.870     0     0 I         : [T100273] mt6375-adc 11280000.i2c:mt6375@34:adc: mt6375_adc_read_channel(): be_val 48643, val 958
07-10 11:43:21.938     0     0 I [T103350] [wlan][3350]kalPerMonUpdate: (SW4 INFO) <512ms> Tput: 712(0.000mbps) [0:0:46:1][0:0:0:0][0:0:0:0][0:0:0:0] Pending:0/4096 [0:0:0:0][0:0:0:0][0:0:0:0][0:0:0:0] LQ[335089:577737:10141] idle:0 lv:0 th:5 fg:0x9 TxCpu[31364,75076,63992,62769,16350,17347,48339,46784] RxCpu[0,0,0,0,0,0,0,0] TxDp[ST:BS:FO:QM:DP]:2:0:0:0:6266 Tx[SQ:TI:TM:TDD:TDM]:0:362021:362021:0:0
07-10 11:43:21.938     0     0 I [T103350] [wlan][3350]kalPerMonUpdate: (SW4 INFO) ndevdrp:[0:0:0:0] NAPI[1970963,0,0,0,1027,0,0,0,0,0,18446743532543672320] RxReorder[0:0:0:0] RfbTrack[0:60:10:0:0:0:0:0:0:0:0:0:0:0:0:0:0:0:0] drv[RM,IL,RI,PA,PF,DU,DA,RT,RM,RW,RA,RB,DT,NS,IB,HS,LS,DD,ME,BD,NI,DR,TE,PE,CE,DN,FE,DE,IE,TME,ID,NL]:3084668,0,1926917,1926917,0,0,0,1798838,3260,1777981,677,64,20713,0,0,519,0,97,0,42,11,20019,0,0,4,20713,0,0,0,0,0,0
07-10 11:43:21.938     0     0 I [T103350] [wlan][3350]cnmTimerDoTimeOutCheck: (CNM INFO) timer timeout, timer 00000000f0d184dc func kalPerMonHandler.cfi_jt [wlan_drv_gen4m_6886]
07-10 11:43:21.940     0     0 I [T103350] [wlan][3350]cnmTimerStartTimer: (CNM INFO) In DoTimeOut, timer 00000000f0d184dc func kalPerMonHandler.cfi_jt [wlan_drv_gen4m_6886] 500 ms timercount 0
07-10 11:43:21.942     0     0 I [T103350] [wlan][3350]asicConnac2xFillCmdTxdInfo: (TX INFO) TX CMD: ID[0x85] SEQ[190] SET[0] LEN[92]
07-10 11:43:21.942     0     0 I [T103350] [wlan][3350]asicConnac2xFillCmdTxdInfo: (TX INFO) TX CMD: ID[0x82] SEQ[191] SET[0] LEN[76]
07-10 11:43:21.942     0     0 I [T103350] [wlan][3350]wlanLinkQualityMonitor: (SW4 INFO) Link Quality: Tx(rate:10805, total:335089, retry:24196, fail:20770, RTS fail:18, ACK fail:20752), Rx(rate:10809, total:577737, dup:97, error:1545342), PER(0), Congestion(idle slot:3060410565, diff:10141, AwakeDur:37768793)
07-10 11:43:21.950     0     0 I [T503352] [wlan][3352]halSetDriverOwn: (INIT INFO) [hif_thread]: DRIVER OWN Done[4294975397 us], sent[37 us], INT[1270131741 us], reci[3024843591 us], set[28 us]
07-10 11:43:21.951     0     0 I [T503352] [wlan][3352]soc7_0_DumpWfsyscpupcr: (HAL INFO) wm pc=733887.847708/0xf046531c;733887.847723/0xf04654bc;733887.847733/0xf046598a;733887.847742/0xf0464f60;733887.847751/0xf046573e;
07-10 11:43:21.951     0     0 I [T503352] [wlan][3352]soc7_0_DumpWfsyscpupcr: (HAL INFO) wm lp=733887.847708/0xf0465358;733887.847723/0xf04654de;733887.847733/0xf0465594;733887.847742/0xf046565e;733887.847751/0xf0465780;
07-10 11:43:21.951     0     0 I [T503352] [wlan][3352]halDumpMsduReportStats: (HAL INFO) TX_Delay D:[1:5:10:20]=[0:0:0:0:0] C:[10:20:50:80]=[0:0:0:0:0] M:[5:10:20:50]=[0:0:0:0:0] A:[5:10:20:50]=[0:0:0:0:0] F:[10:20:50:80]=[0:0:0:0:0] Txfail:0
07-10 11:43:21.953     0     0 I [T503350] [wlan][3350]nicRxProcessEventPacket: (RX INFO) Not static config event: id=0x21, seq=190
07-10 11:43:21.978     0     0 I [T103352] [wlan][3352]halSetFWOwn: (INIT INFO) FW OWN:1, IntSta:0x08000000
07-10 11:43:21.993   273   273 I mt6375-adc 11280000.i2c: mt6375@34:adc: mt6375_adc_read_channel(): be_val 48643, val 958
07-10 11:43:22.113   273   273 I mt6375-adc 11280000.i2c: mt6375@34:adc: mt6375_adc_read_channel(): be_val 48643, val 958
07-10 11:43:22.231     0     0 I [T300264] get_battery_temperature: 34
07-10 11:43:22.233   273   273 I mt6375-adc 11280000.i2c: mt6375@34:adc: mt6375_adc_read_channel(): be_val 48643, val 958
07-10 11:43:22.250     0     0 I [T400264] get_battery_voltage: 4207
07-10 11:43:22.264     0     0 I [T500264] get_battery_current: 4
07-10 11:43:22.264     0     0 I [T500264] get_uisoc: 77
07-10 11:43:22.265     0     0 I         : [T500264] get_charger_type online:4 type:4 usb_type:1
07-10 11:43:22.265     0     0 I         : [T500264] get_usb_type online:4 usb_type:1
07-10 11:43:22.272     0     0 I         : [T500264] Vbat=4207 vbats=4216 vbus:5162 ibus:52 I=4 T=34 uisoc:77 type:usb>usb pd:3 swchg_ibat:15 cv:4500000
07-10 11:43:22.272     0     0 I         : [T500264] get_charger_type online:4 type:4 usb_type:1
07-10 11:43:22.272     0     0 I         : [T500264] get_usb_type online:4 usb_type:1
07-10 11:43:22.272     0     0 I [T500264] mtk_charger_start_timer: alarm timer start:0, 1002503 970689246
07-10 11:43:22.272     0     0 I [T500264] is_battery_exist: 1
07-10 11:43:22.272     0     0 I [T500264] is_battery_exist: 1
07-10 11:43:22.272     0     0 I [T500264] is_battery_exist: 1
07-10 11:43:22.272     0     0 I         : [T500264] [PE50]pe50_stop already stop
07-10 11:43:22.272     0     0 I         : [T500264] [PPS]pps_is_algo_waiver waiver = 0
07-10 11:43:22.272     0     0 I         : [T500264] [PPS]pps_is_algo_running running = 0
07-10 11:43:22.272     0     0 I         : [T500264] [PPS]pps_is_algo_finish ALGO FINISH  = 0
07-10 11:43:22.272     0     0 I         : [T500264] [PPS]pps_is_algo_ready ++
07-10 11:43:22.272     0     0 I         : [T500264] [PPS]pps_is_algo_ready run once(0)
07-10 11:43:22.272     0     0 I         : [T500264] [PPS]pps_hal_get_soc 77
07-10 11:43:22.272     0     0 I         : [T500264] [PPS]pps_get_tbat 34
07-10 11:43:22.272     0     0 I         : [T500264] [PPS]pps_check_thermal_level tbat(34,5)
07-10 11:43:22.272     0     0 I         : [T500264] pd_authentication pd type is not snk apdo
07-10 11:43:22.272     0     0 I         : [T500264] [PPS]pps_hal_authenticate_ta authenticate fail(4)
07-10 11:43:22.272     0     0 I         : [T500264] pps_hal_is_pd_adapter_ready type:3
07-10 11:43:22.272     0     0 I         : [T500264] _pe4_is_algo_ready state:PE4_TA_NOT_SUPPORT=>PE4_TA_NOT_SUPPORT ret:2
07-10 11:43:22.272     0     0 I         : [T500264] _pd_is_algo_ready 2
07-10 11:43:22.272     0     0 I         : [T500264] pd_hal_is_pd_adapter_ready type:3
07-10 11:43:22.272     0     0 I [T500264] pd_hal_get_uisoc: 77
07-10 11:43:22.272     0     0 I         : [T500264] _pe2_is_algo_ready state:PE2_HW_READY
07-10 11:43:22.272     0     0 I [T500264] pe2_hal_get_uisoc: 77
07-10 11:43:22.272     0     0 I         : [T500264] pe2_hal_get_charger_type type:4
07-10 11:43:22.272     0     0 I         : [T500264] _pe_is_algo_ready state:PE_HW_READY
07-10 11:43:22.272     0     0 I [T500264] pe_hal_get_uisoc: 77
07-10 11:43:22.272     0     0 I         : [T500264] pe_hal_get_charger_type type:4
07-10 11:43:22.272     0     0 I [T500264] get_battery_voltage: 4207
07-10 11:43:22.280     0     0 I         : [T100264] F_VMIVR, val=4400
07-10 11:43:22.280     0     0 I         : [T100264] get_charger_type online:4 type:4 usb_type:1
07-10 11:43:22.280     0     0 I [T100264] get_uisoc: 77
07-10 11:43:22.280     0     0 I         : [T100264] [SW_JEITA] Battery Normal Temperature between 10 and 45 !!
07-10 11:43:22.280     0     0 I [T100264] [SW_JEITA]preState: 3 newState:3 tmp:34 cv:0
07-10 11:43:22.288     0     0 I [T100264] aw32280_is_chg_enabled: charge_enable [0x0016]=0x00
07-10 11:43:22.295     0     0 I [T100264] mtk_chg_check_vbus: vbus(5162 mV) ,swovp(6200) mV
07-10 11:43:22.303   264   264 I tmp     : 34 (jeita:1 sm:3 cv:0 en:1) (sm:1) en:0 c:0 s:1 ov:0 sc:0 0 0 saf_cmd:-1 bat_mon:1 0
07-10 11:43:22.303   264   264 I mtk_charger_enable_power_path_cust: area_id(3), disable_pp(u=0,p=0), en_pp = 1
07-10 11:43:22.303   264   264 I mtk_charger_enable_power_path_cust: power path is already en = 1
07-10 11:43:22.303   264   264 I         : disable charging 0 1 0
07-10 11:43:22.303   264   264 I get_uisoc: 77
07-10 11:43:22.303   264   264 I get_battery_current: 4
07-10 11:43:22.303   264   264 I [sc]disable_charger: 0
07-10 11:43:22.310     0     0 I [T100264] get_uisoc: 77
07-10 11:43:22.310     0     0 I [T100264] [sc1]en: 0 t:0,80000,9803,70197 t:3600,66597,-1,-1 c:4,2000 ibus:52 uisoc: 77,80 s:3000 ans:ignore
07-10 11:43:22.310     0     0 I         : [T100264] charger_routine_thread end , 0
07-10 11:43:22.352     0     0 I         : [T100273] mt6375-adc 11280000.i2c:mt6375@34:adc: mt6375_adc_read_channel(): be_val 48643, val 958
07-10 11:43:22.430     0     0 I [T203352] [wlan][3352]halSetDriverOwn: (INIT INFO) [hif_thread]: DRIVER OWN Done[4294969466 us], sent[35 us], INT[1269646032 us], reci[3025323371 us], set[28 us]
07-10 11:43:22.430     0     0 I [T203352] [wlan][3352]halDumpHifStats: (HAL INFO) I[0 / 1970967 2 0 1 0x0 0x0 0] T[405401 405401 405401 / 362019 362019 362019 362019] R[1947631 / 1345788] T_Q:T_R[0:0 0:0 0:0 0:0 0:0 0:0]  R_R:R_N[0:0 0:0 0:0 0:0] Msdu[2047/2048] Tok[0/4096] Rfb[4149/0/0/4150] txreg[261492] rxreg[1964112]
07-10 11:43:22.449     0     0 I [T303350] [wlan][3350]kalPerMonUpdate: (SW4 INFO) <511ms> Tput: 720(0.000mbps) [0:0:46:1][0:0:0:0][0:0:0:0][0:0:0:0] Pending:0/4096 [0:0:0:0][0:0:0:0][0:0:0:0][0:0:0:0] LQ[335089:577738:4690] idle:0 lv:0 th:5 fg:0x9 TxCpu[31364,75076,63992,62769,16350,17347,48339,46784] RxCpu[0,0,0,0,0,0,0,0] TxDp[ST:BS:FO:QM:DP]:2:0:0:0:6266 Tx[SQ:TI:TM:TDD:TDM]:0:362021:362021:0:0
07-10 11:43:22.449     0     0 I [T303350] [wlan][3350]kalPerMonUpdate: (SW4 INFO) ndevdrp:[0:0:0:0] NAPI[1970967,0,0,0,1027,0,0,0,0,0,18446743532543672320] RxReorder[0:0:0:0] RfbTrack[0:60:10:0:0:0:0:0:0:0:0:0:0:0:0:0:0:0:0] drv[RM,IL,RI,PA,PF,DU,DA,RT,RM,RW,RA,RB,DT,NS,IB,HS,LS,DD,ME,BD,NI,DR,TE,PE,CE,DN,FE,DE,IE,TME,ID,NL]:3084672,0,1926918,1926918,0,0,0,1798838,3260,1777981,677,64,20713,0,0,519,0,97,0,42,11,20019,0,0,4,20713,0,0,0,0,0,0
07-10 11:43:22.449     0     0 I [T303350] [wlan][3350]cnmTimerDoTimeOutCheck: (CNM INFO) timer timeout, timer 00000000f0d184dc func kalPerMonHandler.cfi_jt [wlan_drv_gen4m_6886]
07-10 11:43:22.451     0     0 I [T303350] [wlan][3350]cnmTimerStartTimer: (CNM INFO) In DoTimeOut, timer 00000000f0d184dc func kalPerMonHandler.cfi_jt [wlan_drv_gen4m_6886] 500 ms timercount 0
07-10 11:43:22.459     0     0 I [T303352] [wlan][3352]halSetFWOwn: (INIT INFO) FW OWN:1, IntSta:0x00000001
07-10 11:43:22.473     0     0 I         : [T400273] mt6375-adc 11280000.i2c:mt6375@34:adc: mt6375_adc_read_channel(): be_val 48643, val 958
07-10 11:43:22.593     0     0 I         : [T500273] mt6375-adc 11280000.i2c:mt6375@34:adc: mt6375_adc_read_channel(): be_val 48643, val 958
07-10 11:43:23.953  1916  3535 I AS.AudioService: getMode, get current owner's mode
07-10 11:43:23.953  1916  3535 I AS.AudioService: getMode, currentModeHandler is null
07-10 11:43:22.712     0     0 I         : [T100273] mt6375-adc 11280000.i2c:mt6375@34:adc: mt6375_adc_read_channel(): be_val 48643, val 958
07-10 11:43:22.732     0     0 E         : [C100000] [nt_charger_alarm_timer_func][1605]
07-10 11:43:22.732     0     0 I [T200275] chg_check_pmic_info: psp:64 - 1
07-10 11:43:22.737     0     0 I [T203352] [wlan][3352]halSetDriverOwn: (INIT INFO) [hif_thread]: DRIVER OWN Done[4294969489 us], sent[45 us], INT[1269339138 us], reci[3025630170 us], set[136 us]
07-10 11:43:22.738     0     0 I [T400275] [check_chg_status]vbus: 5156000,{6200000 ~ 4400000}
07-10 11:43:22.738     0     0 E [T400275] check_pps_status: typec_attach=1, pd_type=3
07-10 11:43:22.738     0     0 I [T400275] check_abnormal_status: [nt_abnormal_status] : 512
07-10 11:43:22.738     0     0 I [T400275] [nt_abnormal_status]: { [charging over time] }
07-10 11:43:22.738     0     0 E [T400275] cooling_state_to_charger_limit: lst_rnd_alg_idx :6
07-10 11:43:22.738     0     0 I [T400275] cooling_state_to_charger_limit: fcc_store 2500 ma,fast_charge = 1 ,alg_id = 4
07-10 11:43:22.738     0     0 I [T400275] aw32280_is_chg_enabled: charge_enable [0x0016]=0x00
07-10 11:43:24.060  1262  1357 I libPerfCtl: xgfGetFPS pid:31488 fps:-1
07-10 11:43:22.747     0     0 I [T300275] aw32280_is_chg_enabled: charge_enable [0x0016]=0x00
07-10 11:43:22.747     0     0 I [T300275] chg_check_pmic_info: psp:63 - 4
07-10 11:43:22.766     0     0 I [T503352] [wlan][3352]halSetFWOwn: (INIT INFO) FW OWN:1, IntSta:0x00000001
07-10 11:43:22.770     0     0 I [T400275] aw32280_get_adc_data: ADC_CH [6] : ADC_H [0x011E]=0x08, ADC_L [0x011D]=0x68
07-10 11:43:22.770     0     0 I [T400275] aw32280_get_adc_data: get_adc is 0 (ma/mv)
07-10 11:43:22.771     0     0 I [T400275] chg_check_pmic_info: psp:0 - 3
07-10 11:43:22.772     0     0 I [T400275] pump: 0x36,pump_en:0,ovp:1,wpc:0, fcc:-132,fv:4500,icl:500,ibus_ma:52500,usb_sus:0,wls_sus:0,BattInit:1, chg_type:4,soc:77,soc_time:0,soc_pre:77,real_cap:3848460,htemp_charge:25,plug_in:1,plugGpio:1,usbTemp:31,battTemp:34,CHG_EN:0,CHG_STATUS:3,AICL:-1,AICR:100,CV:4500,MIVR:4400,ICHG:300,BOOST_CV:5400,BOOST_EN:0,BOOST_CC:1800,aging_mode:0,NT_CHG_TYPE:PD,CAM_LMT:{[ON_OFF]9000,[HV_CHG]1,[LMT_C]-1,g_nt_cp_ctrl:101,hvcharger:0}
07-10 11:43:22.772     0     0 I         : [T400275]
07-10 11:43:22.772     0     0 I [T400275] [NT]lst_rnd_alg_idx: 6
07-10 11:43:22.772     0     0 I [T400275] nt_charger_start_timer: alarm timer start [1][0]: 1002504 470434092
07-10 11:43:22.832     0     0 I         : [T100273] mt6375-adc 11280000.i2c:mt6375@34:adc: mt6375_adc_read_channel(): be_val 48643, val 958
07-10 11:43:22.957     0     0 I         : [T200273] mt6375-adc 11280000.i2c:mt6375@34:adc: mt6375_adc_read_channel(): be_val 48643, val 958
07-10 11:43:22.957     0     0 I [T200273]  usb_pre_temp: 31
07-10 11:43:22.961  3350  3350 I [wlan][3350]kalPerMonUpdate: (SW4 INFO) <512ms> Tput: 712(0.000mbps) [0:0:46:1][0:0:0:0][0:0:0:0][0:0:0:0] Pending:0/4096 [0:0:0:0][0:0:0:0][0:0:0:0][0:0:0:0] LQ[335089:577738:4690] idle:0 lv:0 th:5 fg:0x9 TxCpu[31364,75076,63992,62769,16350,17347,48339,46784] RxCpu[0,0,0,0,0,0,0,0] TxDp[ST:BS:FO:QM:DP]:2:0:0:0:6266 Tx[SQ:TI:TM:TDD:TDM]:0:362021:362021:0:0
07-10 11:43:22.961  3350  3350 I [wlan][3350]kalPerMonUpdate: (SW4 INFO) ndevdrp:[0:0:0:0] NAPI[1970970,0,0,0,1027,0,0,0,0,0,18446743532543672320] RxReorder[0:0:0:0] RfbTrack[0:60:10:0:0:0:0:0:0:0:0:0:0:0:0:0:0:0:0] drv[RM,IL,RI,PA,PF,DU,DA,RT,RM,RW,RA,RB,DT,NS,IB,HS,LS,DD,ME,BD,NI,DR,TE,PE,CE,DN,FE,DE,IE,TME,ID,NL]:3084675,0,1926919,1926919,0,0,0,1798838,3260,1777981,677,64,20713,0,0,519,0,97,0,42,11,20019,0,0,4,20713,0,0,0,0,0,0
07-10 11:43:22.962  3350  3350 I [wlan][3350]cnmTimerDoTimeOutCheck: (CNM INFO) timer timeout, timer 00000000f0d184dc func kalPerMonHandler.cfi_jt [wlan_drv_gen4m_6886]
07-10 11:43:22.963  3350  3350 I [wlan][3350]cnmTimerStartTimer: (CNM INFO) In DoTimeOut, timer 00000000f0d184dc func kalPerMonHandler.cfi_jt [wlan_drv_gen4m_6886] 500 ms timercount 0
07-10 11:43:22.965  3350  3350 I [wlan][3350]asicConnac2xFillCmdTxdInfo: (TX INFO) TX CMD: ID[0x85] SEQ[192] SET[0] LEN[92]
07-10 11:43:22.965  3350  3350 I [wlan][3350]asicConnac2xFillCmdTxdInfo: (TX INFO) TX CMD: ID[0x82] SEQ[193] SET[0] LEN[76]
07-10 11:43:22.965  3350  3350 I [wlan][3350]wlanLinkQualityMonitor: (SW4 INFO) Link Quality: Tx(rate:10805, total:335089, retry:24196, fail:20770, RTS fail:18, ACK fail:20752), Rx(rate:10809, total:577738, dup:97, error:1545345), PER(0), Congestion(idle slot:3060415255, diff:4690, AwakeDur:37768860)
07-10 11:43:22.974     0     0 I [T303352] [wlan][3352]halSetDriverOwn: (INIT INFO) [hif_thread]: DRIVER OWN Done[4294975408 us], sent[38 us], INT[1269108041 us], reci[3025867300 us], set[29 us]
07-10 11:43:22.974     0     0 I [T303352] [wlan][3352]soc7_0_DumpWfsyscpupcr: (HAL INFO) wm pc=733888.871438/0xf046542c;733888.871456/0xf046599c;733888.871466/0xf046565e;733888.871476/0xf0464f70;733888.871485/0xf0465832;
07-10 11:43:22.974     0     0 I [T303352] [wlan][3352]soc7_0_DumpWfsyscpupcr: (HAL INFO) wm lp=733888.871438/0xf042365e;733888.871456/0x00901058;733888.871466/0xf04656b2;733888.871476/0xf04657bc;733888.871485/0xf0423e8e;
07-10 11:43:22.975     0     0 I [T303352] [wlan][3352]halDumpMsduReportStats: (HAL INFO) TX_Delay D:[1:5:10:20]=[0:0:0:0:0] C:[10:20:50:80]=[0:0:0:0:0] M:[5:10:20:50]=[0:0:0:0:0] A:[5:10:20:50]=[0:0:0:0:0] F:[10:20:50:80]=[0:0:0:0:0] Txfail:0
07-10 11:43:22.975     0     0 I [T303352] [wlan][3352]halDumpHifStats: (HAL INFO) I[0 / 1970971 2 0 0 0x0 0x0 0] T[405403 405403 405401 / 362019 362019 362019 362019] R[1947632 / 1345790] T_Q:T_R[0:0 0:0 0:0 0:0 0:2 0:0]  R_R:R_N[0:0 0:0 0:0 0:0] Msdu[2047/2048] Tok[0/4096] Rfb[4150/0/0/4150] txreg[261492] rxreg[1964115]
07-10 11:43:22.977     0     0 I [T203350] [wlan][3350]nicRxProcessEventPacket: (RX INFO) Not static config event: id=0x21, seq=192
07-10 11:43:23.002     0     0 I [T503352] [wlan][3352]halSetFWOwn: (INIT INFO) FW OWN:1, IntSta:0x08000000
07-10 11:43:23.077     0     0 I         : [T400273] mt6375-adc 11280000.i2c:mt6375@34:adc: mt6375_adc_read_channel(): be_val 48643, val 958
07-10 11:43:23.105     0     0 I         : [T201279] psy_charger_get_property psp:12
07-10 11:43:24.428  1266  1279 E NtChgAidl: NtChgAidl: InGameStatus: 0
07-10 11:43:24.429  1266  1279 E NtChg   : NtChg:T0-6:[50,100,350,370,390,410,500],chg_series:8,is_changed:1,TeBoT0-6:[50,100,330,370,390,410,500],TRegion:3,Temp:350,tzname:shell_front,Ibat:2500,onlineI:-400,param_type:6,AbnormalStatus:512,tzn:60,g_cp_mode:4,vbat:4206,pr_id:2,OnGameStatus:0
07-10 11:43:24.429  1266  1279 E NtChg   : NtChg:handle_batt_temp_little_cool triggered
07-10 11:43:24.429  1266  1279 E NtChg   : NtChg:set temp_region=3
07-10 11:43:24.429  1266  1279 E NtChg   : NtChg:set ibatmax=2500 and set vbatmax=4500
07-10 11:43:23.114     0     0 I [T501279] chg_check_pmic_info: psp:64 - 1
07-10 11:43:23.115     0     0 I [T501279] voltage_adc_proc_show: bat vol = 4207000 uv!
07-10 11:43:23.197     0     0 I         : [T100273] mt6375-adc 11280000.i2c:mt6375@34:adc: mt6375_adc_read_channel(): be_val 48643, val 958
07-10 11:43:23.317     0     0 I         : [T300273] mt6375-adc 11280000.i2c:mt6375@34:adc: mt6375_adc_read_channel(): be_val 48387, val 957
07-10 11:43:23.352     0     0 I [T103352] [wlan][3352]halSetDriverOwn: (INIT INFO) [hif_thread]: DRIVER OWN Done[4294969364 us], sent[36 us], INT[1268723531 us], reci[3026245777 us], set[20 us]
07-10 11:43:23.382     0     0 I [T503352] [wlan][3352]halSetFWOwn: (INIT INFO) FW OWN:1, IntSta:0x00000001
07-10 11:43:23.437     0     0 I         : [T200273] mt6375-adc 11280000.i2c:mt6375@34:adc: mt6375_adc_read_channel(): be_val 48387, val 957
07-10 11:43:23.474     0     0 I [T203350] [wlan][3350]kalPerMonUpdate: (SW4 INFO) <513ms> Tput: 4048(0.003mbps) [0:0:260:1][0:0:0:0][0:0:0:0][0:0:0:0] Pending:0/4096 [0:0:0:0][0:0:0:0][0:0:0:0][0:0:0:0] LQ[335089:577740:1891] idle:0 lv:0 th:5 fg:0x9 TxCpu[31364,75076,63992,62769,16350,17347,48339,46784] RxCpu[0,0,0,0,0,0,0,0] TxDp[ST:BS:FO:QM:DP]:2:0:0:0:6266 Tx[SQ:TI:TM:TDD:TDM]:0:362021:362021:0:0
07-10 11:43:23.474     0     0 I [T203350] [wlan][3350]kalPerMonUpdate: (SW4 INFO) ndevdrp:[0:0:0:0] NAPI[1970975,0,0,0,1027,0,0,0,0,0,18446743532543672320] RxReorder[0:0:0:0] RfbTrack[0:60:10:0:0:0:0:0:0:0:0:0:0:0:0:0:0:0:0] drv[RM,IL,RI,PA,PF,DU,DA,RT,RM,RW,RA,RB,DT,NS,IB,HS,LS,DD,ME,BD,NI,DR,TE,PE,CE,DN,FE,DE,IE,TME,ID,NL]:3084680,0,1926920,1926920,0,0,0,1798838,3260,1777981,677,64,20713,0,0,519,0,97,0,42,11,20019,0,0,4,20713,0,0,0,0,0,0
07-10 11:43:23.474     0     0 I [T203350] [wlan][3350]cnmTimerDoTimeOutCheck: (CNM INFO) timer timeout, timer 00000000f0d184dc func kalPerMonHandler.cfi_jt [wlan_drv_gen4m_6886]
07-10 11:43:23.476     0     0 I [T203350] [wlan][3350]cnmTimerStartTimer: (CNM INFO) In DoTimeOut, timer 00000000f0d184dc func kalPerMonHandler.cfi_jt [wlan_drv_gen4m_6886] 500 ms timercount 0
07-10 11:43:23.537     0     0 I [C700000] [name: spm&][SPM] system-vcore didn't enter MCUSYS off, MCUSYS cnt is no update
07-10 11:43:23.537     0     0 I [C700000] [name: spm&] Pending Wakeup Sources: WLAN timeout NT_CHG_WAKE 11201000.usb0 disp_crtc0_wakelock
07-10 11:43:23.557     0     0 I         : [T200273] mt6375-adc 11280000.i2c:mt6375@34:adc: mt6375_adc_read_channel(): be_val 48643, val 958
07-10 11:43:23.642  1906  1906 I mtk-board-ntc 1c805554.thermal-ntc1: val=0xaff9, v_in/r_type/r_ntc/t=68960/0/59944/36085
07-10 11:43:23.659     0     0 I [T203352] [wlan][3352]halSetDriverOwn: (INIT INFO) [hif_thread]: DRIVER OWN Done[4294969383 us], sent[45 us], INT[1268417419 us], reci[3026551891 us], set[28 us]
07-10 11:43:23.659     0     0 I [T203352] [wlan][3352]halDumpHifStats: (HAL INFO) I[0 / 1970976 2 0 1 0x0 0x0 0] T[405403 405403 405403 / 362019 362019 362019 362019] R[1947634 / 1345794] T_Q:T_R[0:0 0:0 0:0 0:0 0:0 0:0]  R_R:R_N[0:0 0:0 0:0 0:0] Msdu[2047/2048] Tok[0/4096] Rfb[4149/0/0/4150] txreg[261492] rxreg[1964120]
07-10 11:43:23.677     0     0 I         : [T400273] mt6375-adc 11280000.i2c:mt6375@34:adc: mt6375_adc_read_channel(): be_val 48643, val 958
07-10 11:43:23.689     0     0 I [T103352] [wlan][3352]halSetFWOwn: (INIT INFO) FW OWN:1, IntSta:0x00000001
07-10 11:43:25.060  1262  1357 I libPerfCtl: xgfGetFPS pid:31488 fps:-1
07-10 11:43:23.797     0     0 I         : [T500273] mt6375-adc 11280000.i2c:mt6375@34:adc: mt6375_adc_read_channel(): be_val 48643, val 958
07-10 11:43:23.811     0     0 I [T603350] [wlan][3350]asicConnac2xFillCmdTxdInfo: (TX INFO) TX CMD: ID[0x84] SEQ[194] SET[0] LEN[72]
07-10 11:43:23.819     0     0 I [T503352] [wlan][3352]halSetDriverOwn: (INIT INFO) [hif_thread]: DRIVER OWN Done[4294974427 us], sent[20 us], INT[1268262128 us], reci[3026712247 us], set[32 us]
07-10 11:43:25.139  2248  2248 E WifiHAL : handleResponse: data=0xb400007b8d0f17d0, len=4920
07-10 11:43:25.139  2248  2248 I WifiHAL : check_data_sanity: confirmed_size=4920, len=4920
07-10 11:43:25.139  2248  2248 I WifiHAL : wifi_get_link_stats: result=0
07-10 11:43:23.824     0     0 I [T402248] [wlan][2248]fill_power_levels: (REQ INFO) Copy power level 2048 bytes
07-10 11:43:23.837  3350  3350 I [wlan][3350]nicUpdateLinkQuality: (RLM INFO) Rssi=-41, NewRssi=-41
07-10 11:43:23.840     0     0 I [T301492] [wlan][1492]mtk_cfg80211_get_station: (REQ INFO) link speed=10805/10809, bw=0/0, rssi=-41, BSSID:[0c:96:**:**:**:af],TxFail=0, TxTimeOut=0, TxOK=134052, RxOK=721696, FcsErr=4
07-10 11:43:23.848     0     0 I [T603352] [wlan][3352]halSetFWOwn: (INIT INFO) FW OWN:1, IntSta:0x08000000
07-10 11:43:25.164  2248  2248 I WifiHAL : feature_set=0x8489141a
07-10 11:43:23.916     0     0 I         : [T100273] mt6375-adc 11280000.i2c:mt6375@34:adc: mt6375_adc_read_channel(): be_val 48387, val 957
07-10 11:43:23.985  3350  3350 I [wlan][3350]kalPerMonUpdate: (SW4 INFO) <511ms> Tput: 4064(0.003mbps) [0:0:260:1][0:0:0:0][0:0:0:0][0:0:0:0] Pending:0/4096 [0:0:0:0][0:0:0:0][0:0:0:0][0:0:0:0] LQ[335089:577740:1891] idle:0 lv:0 th:5 fg:0x9 TxCpu[31364,75076,63992,62769,16350,17347,48339,46784] RxCpu[0,0,0,0,0,0,0,0] TxDp[ST:BS:FO:QM:DP]:2:0:0:0:6266 Tx[SQ:TI:TM:TDD:TDM]:0:362021:362021:0:0
