07-09 18:21:40.601  1254  1350 W AString : ctor got NULL, using empty string instead
07-09 18:21:40.601  1254  1350 I SCP-SensorSavedChannel: [-14995,2092,-8844]==>gyro_bias.json
07-09 18:21:40.895  1262  1357 I libPerfCtl: xgfGetFPS pid:10901 fps:-1
07-09 18:21:41.106  1254  1350 W AString : ctor got NULL, using empty string instead
07-09 18:21:41.107  1254  1350 I SCP-SensorSavedChannel: [-14994,2098,-8830]==>gyro_bias.json
07-09 18:21:41.611  1254  1350 W AString : ctor got NULL, using empty string instead
07-09 18:21:41.612  1254  1350 I SCP-SensorSavedChannel: [-14993,2104,-8814]==>gyro_bias.json
07-09 18:21:41.612  1254  1350 W AString : ctor got NULL, using empty string instead
07-09 18:21:41.613  1254  1350 I SCP-SensorSavedChannel: [-36,-151,-373,-13727,7380,4205]==>gyro_temp.json
07-09 18:21:41.613  1254  1350 W AString : ctor got NULL, using empty string instead
07-09 18:21:41.613  1254  1350 I SCP-SensorSavedChannel: [-14939,2081,-8808]==>gyro_bias.json
07-09 18:21:41.895  1262  1357 I libPerfCtl: xgfGetFPS pid:10901 fps:-1
07-09 18:21:42.102  1254  1350 W AString : ctor got NULL, using empty string instead
07-09 18:21:42.102  1254  1350 I SCP-SensorSavedChannel: [-14938,2086,-8796]==>gyro_bias.json
07-09 18:21:42.607  1254  1350 W AString : ctor got NULL, using empty string instead
07-09 18:21:42.607  1254  1350 I SCP-SensorSavedChannel: [-14937,2089,-8790]==>gyro_bias.json
07-09 18:21:42.896  1262  1357 I libPerfCtl: xgfGetFPS pid:10901 fps:-1
07-09 18:21:43.112  1254  1350 W AString : ctor got NULL, using empty string instead
07-09 18:21:43.113  1254  1350 I SCP-SensorSavedChannel: [-14937,2092,-8783]==>gyro_bias.json
07-09 18:21:43.285  1266  1279 E NtChgAidl: NtChgAidl: InGameStatus: 0
07-09 18:21:43.285  1266  1279 E NtChg   : NtChg:T0-6:[50,100,350,370,390,410,500],chg_series:8,is_changed:1,TeBoT0-6:[50,80,350,370,390,410,500],TRegion:2,Temp:323,tzname:shell_front,Ibat:3000,onlineI:-400,param_type:6,AbnormalStatus:512,tzn:60,g_cp_mode:4,vbat:3902,pr_id:2,OnGameStatus:0
07-09 18:21:43.285  1266  1279 E NtChg   : NtChg:handle_batt_temp_cool triggered
07-09 18:21:43.285  1266  1279 E NtChg   : NtChg:set temp_region=2
07-09 18:21:43.285  1266  1279 E NtChg   : NtChg:set ibatmax=3000 and set vbatmax=4500
07-09 18:21:43.429  2248  2248 E WifiHAL : handleResponse: data=0xb400007b8d0f17d0, len=4888
07-09 18:21:43.429  2248  2248 I WifiHAL : check_data_sanity: confirmed_size=4888, len=4888
07-09 18:21:43.429  2248  2248 I WifiHAL : wifi_get_link_stats: result=0
07-09 18:21:43.458  2248  2248 I WifiHAL : feature_set=0x8489141a
07-09 18:21:43.603  1254  1350 W AString : ctor got NULL, using empty string instead
07-09 18:21:43.603  1254  1350 I SCP-SensorSavedChannel: [-14937,2090,-8785]==>gyro_bias.json
07-09 18:21:43.896  1262  1357 I libPerfCtl: xgfGetFPS pid:10901 fps:-1
07-09 18:21:44.108  1254  1350 W AString : ctor got NULL, using empty string instead
07-09 18:21:44.109  1254  1350 I SCP-SensorSavedChannel: [-14936,2095,-8775]==>gyro_bias.json
07-09 18:21:44.515  1916  1933 I AS.AudioService: getMode, get current owner's mode
07-09 18:21:44.516  1916  1933 I AS.AudioService: getMode, currentModeHandler is null
07-09 18:21:44.613  1254  1350 W AString : ctor got NULL, using empty string instead
07-09 18:21:44.614  1254  1350 I SCP-SensorSavedChannel: [-14935,2100,-8761]==>gyro_bias.json
07-09 18:21:45.105  1254  1350 W AString : ctor got NULL, using empty string instead
07-09 18:21:45.105  1254  1350 I SCP-SensorSavedChannel: [-14936,2095,-8774]==>gyro_bias.json
07-09 18:21:45.343 31522 31522 I adbd    : adbd service requested 'exec:screencap '-p''
07-09 18:21:45.452 11900 11900 W screencap: Thread Pool max thread count is 0. Cannot cache binder as linkToDeath cannot be implemented. serviceName: SurfaceFlingerAIDL
07-09 18:21:45.452 11900 11900 W BpBinder: Linking to death on android.gui.ISurfaceComposer but there are no threads (yet?) listening to incoming transactions. See ProcessState::startThreadPool and ProcessState::setThreadPoolMaxThreadCount. Generally you should setup the binder threadpool before other initialization steps.
07-09 18:21:45.453 11900 11900 W ProcessState: Extra binder thread started, but 0 threads requested. Do not use *startThreadPool when zero threads are requested.
07-09 18:21:45.495 11900 11900 I DMABUFHEAPS: Using DMA-BUF heap named: mtk_mm
07-09 18:21:45.495 11900 11900 I DMABUFHEAPS: Using DMA-BUF heap named: mtk_mm-uncached
07-09 18:21:45.495 11900 11900 I DMABUFHEAPS: Using DMA-BUF heap named: mtk_svp_page-uncached
07-09 18:21:45.495 11900 11900 I DMABUFHEAPS: Using DMA-BUF heap named: mtk_prot_region
07-09 18:21:45.495 11900 11900 I DMABUFHEAPS: Using DMA-BUF heap named: mtk_2d_fr_region
07-09 18:21:45.495 11900 11900 I DMABUFHEAPS: Using DMA-BUF heap named: mtk_wfd_page-uncached
07-09 18:21:45.609  1254  1350 W AString : ctor got NULL, using empty string instead
07-09 18:21:45.609  1254  1350 I SCP-SensorSavedChannel: [-14934,2101,-8759]==>gyro_bias.json
07-09 18:21:45.665 11900 11900 W RefBase : RefBase: Explicit destruction, weak count = 0 (in 0x780f3f2848). Use sp<> to manage this object. Note - if weak count is 0, this leaks mRefs (weakref_impl).
07-09 18:21:46.117  1254  1350 W AString : ctor got NULL, using empty string instead
07-09 18:21:46.118  1254  1350 I SCP-SensorSavedChannel: [-14937,2092,-8781]==>gyro_bias.json
07-09 18:21:46.486  2248  2248 E WifiHAL : handleResponse: data=0xb400007b8d0f17d0, len=4888
07-09 18:21:46.486  2248  2248 I WifiHAL : check_data_sanity: confirmed_size=4888, len=4888
07-09 18:21:46.486  2248  2248 I WifiHAL : wifi_get_link_stats: result=0
07-09 18:21:46.510  2248  2248 I WifiHAL : feature_set=0x8489141a
07-09 18:21:46.606  1254  1350 W AString : ctor got NULL, using empty string instead
07-09 18:21:46.606  1254  1350 I SCP-SensorSavedChannel: [-14936,2095,-8774]==>gyro_bias.json
07-09 18:21:46.699  1916  1946 E EventHub: Failed to read sysfs battery info: No such file or directory
07-09 18:21:47.111  1254  1350 W AString : ctor got NULL, using empty string instead
07-09 18:21:47.112  1254  1350 I SCP-SensorSavedChannel: [-14935,2097,-8768]==>gyro_bias.json
07-09 18:21:47.616  1254  1350 W AString : ctor got NULL, using empty string instead
07-09 18:21:47.617  1254  1350 I SCP-SensorSavedChannel: [-14938,2085,-8799]==>gyro_bias.json
07-09 18:21:48.107  1254  1350 W AString : ctor got NULL, using empty string instead
07-09 18:21:48.107  1254  1350 I SCP-SensorSavedChannel: [-14937,2090,-8787]==>gyro_bias.json
07-09 18:21:48.612  1254  1350 W AString : ctor got NULL, using empty string instead
07-09 18:21:48.612  1254  1350 I SCP-SensorSavedChannel: [-14938,2087,-8793]==>gyro_bias.json
07-09 18:21:49.106  1254  1350 W AString : ctor got NULL, using empty string instead
07-09 18:21:49.109  1254  1350 I SCP-SensorSavedChannel: [-14937,2089,-8790]==>gyro_bias.json
07-09 18:21:49.117  1254  1350 W AString : ctor got NULL, using empty string instead
07-09 18:21:49.117  1254  1350 I SCP-SensorSavedChannel: [-28,-144,-378,-14020,7108,4368]==>gyro_temp.json
07-09 18:21:49.118  1254  1350 W AString : ctor got NULL, using empty string instead
07-09 18:21:49.118  1254  1350 I SCP-SensorSavedChannel: [-14986,2050,-8750]==>gyro_bias.json
07-09 18:21:49.295  1266  1279 E NtChgAidl: NtChgAidl: InGameStatus: 0
07-09 18:21:49.295  1266  1279 E NtChg   : NtChg:T0-6:[50,100,350,370,390,410,500],chg_series:8,is_changed:1,TeBoT0-6:[50,80,350,370,390,410,500],TRegion:2,Temp:323,tzname:shell_front,Ibat:3000,onlineI:-400,param_type:6,AbnormalStatus:512,tzn:60,g_cp_mode:4,vbat:3902,pr_id:2,OnGameStatus:0
07-09 18:21:49.295  1266  1279 E NtChg   : NtChg:handle_batt_temp_cool triggered
07-09 18:21:49.295  1266  1279 E NtChg   : NtChg:set temp_region=2
07-09 18:21:49.295  1266  1279 E NtChg   : NtChg:set ibatmax=3000 and set vbatmax=4500
07-09 18:21:49.523  1916  1933 I AS.AudioService: getMode, get current owner's mode
07-09 18:21:49.523  1916  1933 I AS.AudioService: getMode, currentModeHandler is null
07-09 18:21:49.532  2248  2248 E WifiHAL : handleResponse: data=0xb400007b8d0f17d0, len=4888
07-09 18:21:49.532  2248  2248 I WifiHAL : check_data_sanity: confirmed_size=4888, len=4888
07-09 18:21:49.533  2248  2248 I WifiHAL : wifi_get_link_stats: result=0
07-09 18:21:49.556  2248  2248 I WifiHAL : feature_set=0x8489141a
07-09 18:21:49.608  1254  1350 W AString : ctor got NULL, using empty string instead
07-09 18:21:49.608  1254  1350 I SCP-SensorSavedChannel: [-14986,2051,-8747]==>gyro_bias.json
07-09 18:21:49.736 19093 10628 I NearbyMediums: No BLE Fast/GATT advertisements found in the latest cycle.
07-09 18:21:49.736 19093 10628 I NearbyMediums: Current Tracked Scanning Clients are : {NearbyConnections.EnvironmentMonitor, NearbySharing}
07-09 18:21:49.738 19093 11890 I NearbyConnections: Processing lost BlePeripheral BlePeripheral{advertisement=BleAdvertisement { version=2, socketVersion=2, isFast=true, serviceIdHash=null, data=[ 0x23 0x4b 0x58 0x52 0x57 0x11 0x32 0xa2 0x0f 0x54 0x42 0x1c 0x8c 0x6b 0xc8 0xcf 0xec 0xa6 0x91 0xba 0x1c 0xe1 0x14 ], deviceToken=[ 0xaa 0x92 ], rxAdvertisement=null }, dctAdvertisement=null, address=null, psm=0, deviceToken=<ByteString@4a23e05 size=2 contents="\252\222">, isSecondProfile=false, rxInstantConnectionAdv=null}.
07-09 18:21:49.738 19093 11890 I NearbyConnections: Lost BleEndpoint for BlePeripheral BlePeripheral{advertisement=BleAdvertisement { version=2, socketVersion=2, isFast=true, serviceIdHash=null, data=[ 0x23 0x4b 0x58 0x52 0x57 0x11 0x32 0xa2 0x0f 0x54 0x42 0x1c 0x8c 0x6b 0xc8 0xcf 0xec 0xa6 0x91 0xba 0x1c 0xe1 0x14 ], deviceToken=[ 0xaa 0x92 ], rxAdvertisement=null }, dctAdvertisement=null, address=null, psm=0, deviceToken=<ByteString@4a23e05 size=2 contents="\252\222">, isSecondProfile=false, rxInstantConnectionAdv=null} (with EndpointId KXRW and EndpointInfo [ 0x32 0xa2 0x0f 0x54 0x42 0x1c 0x8c 0x6b 0xc8 0xcf 0xec 0xa6 0x91 0xba 0x1c 0xe1 0x14 ]).
07-09 18:21:49.739 19093 11890 I NearbyConnections: ClientProxy(141054581) reporting onEndpointLost(KXRW)
07-09 18:21:49.740 19093 10628 I NearbySharing: NearbySharing Internal event EndpointLost(endpointId=KXRW)
07-09 18:21:50.114  1254  1350 W AString : ctor got NULL, using empty string instead
07-09 18:21:50.114  1254  1350 I SCP-SensorSavedChannel: [-14986,2049,-8751]==>gyro_bias.json
07-09 18:21:51.109  1254  1350 W AString : ctor got NULL, using empty string instead
07-09 18:21:51.110  1254  1350 I SCP-SensorSavedChannel: [-14986,2053,-8743]==>gyro_bias.json
07-09 18:21:51.124  2480  2820 W BluetoothMetricsLogger: MetricsLogger isn't initialized
07-09 18:21:51.124  2480  2820 W BluetoothMetricsLogger: MetricsLogger isn't initialized
07-09 18:21:51.615  1254  1350 W AString : ctor got NULL, using empty string instead
07-09 18:21:51.618  1254  1350 I SCP-SensorSavedChannel: [-14984,2060,-8725]==>gyro_bias.json
07-09 18:21:52.120  1254  1350 W AString : ctor got NULL, using empty string instead
07-09 18:21:52.121  1254  1350 I SCP-SensorSavedChannel: [-14985,2056,-8735]==>gyro_bias.json
07-09 18:21:52.579  2248  2248 E WifiHAL : handleResponse: data=0xb400007b8d0f17d0, len=4888
07-09 18:21:52.579  2248  2248 I WifiHAL : check_data_sanity: confirmed_size=4888, len=4888
07-09 18:21:52.579  2248  2248 I WifiHAL : wifi_get_link_stats: result=0
07-09 18:21:52.603  2248  2248 I WifiHAL : feature_set=0x8489141a
07-09 18:21:52.610  1254  1350 W AString : ctor got NULL, using empty string instead
07-09 18:21:52.610  1254  1350 I SCP-SensorSavedChannel: [-14984,2059,-8726]==>gyro_bias.json
07-09 18:21:53.116  1254  1350 W AString : ctor got NULL, using empty string instead
07-09 18:21:53.119  1254  1350 I SCP-SensorSavedChannel: [-14985,2057,-8731]==>gyro_bias.json
07-09 18:21:53.621  1254  1350 W AString : ctor got NULL, using empty string instead
07-09 18:21:53.622  1254  1350 I SCP-SensorSavedChannel: [-14984,2061,-8722]==>gyro_bias.json
07-09 18:21:53.841  2461 32751 W AlarmManager: Unrecognized alarm listener com.android.networkstack.android.net.ip.IpClientLinkObserver$Dhcp6PdPreferredPrefixAlarmListener@d05cab6
07-09 18:21:53.850  2248  2248 I WifiHAL : createRequest: APF set program request
07-09 18:21:53.852  2248  2248 I WifiHAL : Done!
07-09 18:21:54.112  1254  1350 W AString : ctor got NULL, using empty string instead
07-09 18:21:54.113  1254  1350 I SCP-SensorSavedChannel: [-14984,2059,-8726]==>gyro_bias.json
07-09 18:21:54.527  1916  3535 I AS.AudioService: getMode, get current owner's mode
07-09 18:21:54.528  1916  3535 I AS.AudioService: getMode, currentModeHandler is null
07-09 18:21:54.615  1254  1350 W AString : ctor got NULL, using empty string instead
07-09 18:21:54.618  1254  1350 I SCP-SensorSavedChannel: [-14984,2061,-8720]==>gyro_bias.json
07-09 18:21:55.123  1254  1350 W AString : ctor got NULL, using empty string instead
07-09 18:21:55.123  1254  1350 I SCP-SensorSavedChannel: [-14984,2058,-8728]==>gyro_bias.json
07-09 18:21:55.307  1266  1279 E NtChgAidl: NtChgAidl: InGameStatus: 0
07-09 18:21:55.307  1266  1279 E NtChg   : NtChg:T0-6:[50,100,350,370,390,410,500],chg_series:8,is_changed:1,TeBoT0-6:[50,80,350,370,390,410,500],TRegion:2,Temp:323,tzname:shell_front,Ibat:3000,onlineI:-400,param_type:6,AbnormalStatus:512,tzn:60,g_cp_mode:4,vbat:3900,pr_id:2,OnGameStatus:0
07-09 18:21:55.307  1266  1279 E NtChg   : NtChg:handle_batt_temp_cool triggered
07-09 18:21:55.307  1266  1279 E NtChg   : NtChg:set temp_region=2
07-09 18:21:55.307  1266  1279 E NtChg   : NtChg:set ibatmax=3000 and set vbatmax=4500
07-09 18:21:55.613  1254  1350 W AString : ctor got NULL, using empty string instead
07-09 18:21:55.614  1254  1350 I SCP-SensorSavedChannel: [-14983,2065,-8710]==>gyro_bias.json
07-09 18:21:55.631  2248  2248 E WifiHAL : handleResponse: data=0xb400007b8d0f17d0, len=4888
07-09 18:21:55.631  2248  2248 I WifiHAL : check_data_sanity: confirmed_size=4888, len=4888
07-09 18:21:55.631  2248  2248 I WifiHAL : wifi_get_link_stats: result=0
07-09 18:21:55.656  2248  2248 I WifiHAL : feature_set=0x8489141a
07-09 18:21:56.122  1254  1350 W AString : ctor got NULL, using empty string instead
07-09 18:21:56.123  1254  1350 I SCP-SensorSavedChannel: [-14983,2066,-8707]==>gyro_bias.json
07-09 18:21:56.624  1254  1350 W AString : ctor got NULL, using empty string instead
07-09 18:21:56.624  1254  1350 I SCP-SensorSavedChannel: [-14984,2061,-8722]==>gyro_bias.json
07-09 18:21:56.625  1254  1350 W AString : ctor got NULL, using empty string instead
07-09 18:21:56.625  1254  1350 I SCP-SensorSavedChannel: [-39,-148,-376,-13593,7268,4298]==>gyro_temp.json
07-09 18:21:56.625  1254  1350 W AString : ctor got NULL, using empty string instead
07-09 18:21:56.625  1254  1350 I SCP-SensorSavedChannel: [-14915,2086,-8739]==>gyro_bias.json
07-09 18:21:56.711  1916  1946 E EventHub: Failed to read sysfs battery info: No such file or directory
07-09 18:21:57.114  1254  1350 W AString : ctor got NULL, using empty string instead
07-09 18:21:57.115  1254  1350 I SCP-SensorSavedChannel: [-14914,2088,-8733]==>gyro_bias.json
07-09 18:21:58.616  1254  1350 W AString : ctor got NULL, using empty string instead
07-09 18:21:58.617  1254  1350 I SCP-SensorSavedChannel: [-14912,2097,-8711]==>gyro_bias.json
07-09 18:21:58.683  2248  2248 E WifiHAL : handleResponse: data=0xb400007b8d0f17d0, len=4888
07-09 18:21:58.683  2248  2248 I WifiHAL : check_data_sanity: confirmed_size=4888, len=4888
07-09 18:21:58.683  2248  2248 I WifiHAL : wifi_get_link_stats: result=0
07-09 18:21:58.709  2248  2248 I WifiHAL : feature_set=0x8489141a
07-09 18:21:59.121  1254  1350 W AString : ctor got NULL, using empty string instead
07-09 18:21:59.121  1254  1350 I SCP-SensorSavedChannel: [-14912,2095,-8715]==>gyro_bias.json
07-09 18:21:59.533  1916  3535 I AS.AudioService: getMode, get current owner's mode
07-09 18:21:59.533  1916  3535 I AS.AudioService: getMode, currentModeHandler is null
07-09 18:21:59.627  1254  1350 W AString : ctor got NULL, using empty string instead
07-09 18:21:59.630  1254  1350 I SCP-SensorSavedChannel: [-14912,2098,-8708]==>gyro_bias.json
07-09 18:21:59.746 19093 10686 I NearbyMediums: Found Fast Ble Advertisements :
07-09 18:21:59.746 19093 10686 I NearbyMediums: BleAdvertisement { version=2, socketVersion=2, isFast=true, serviceIdHash=null, data=[ 0x23 0x52 0x31 0x56 0x58 0x11 0x34 0x72 0x07 0x53 0x9a 0xb1 0x05 0xe3 0x05 0x4e 0x84 0xb1 0x7d 0xed 0x77 0x59 0xf5 ], deviceToken=[ 0x82 0xd9 ], rxAdvertisement=null } : 1 times.
07-09 18:21:59.746 19093 10686 I NearbyMediums: Total 1 fast advertisements from 1 unique advertisers.
07-09 18:21:59.751 19093 10686 I NearbyMediums: Current Tracked Scanning Clients are : {NearbyConnections.EnvironmentMonitor, NearbySharing}
07-09 18:22:00.084  1277  1277 I BufferQueueProducer: [StatusBar#90](this:0xb4000072ceb36898,id:-1,api:0,p:-1,c:1277) queueBuffer: fps=0.44 dur=50212.70 max=49863.32 min=15.88
07-09 18:22:00.088  1243  1243 I hwcomposer: [HWCDisplay] [Display_0 (type:1, mode:2)] fps:0.047165,dur:21202.11,max:21202.11,min:21202.11  
07-09 18:22:00.117  1254  1350 W AString : ctor got NULL, using empty string instead
07-09 18:22:00.117  1254  1350 I SCP-SensorSavedChannel: [-14911,2100,-8705]==>gyro_bias.json
07-09 18:22:00.155 31522 31522 I adbd    : adbd service requested 'shell,v2,TERM=dumb,raw:input tap 430 2080'
07-09 18:22:00.218  1263  1373 I libPowerHal: [perfLockAcq] idx:0 hdl:73758 hint:25 pid:1263 tid:1263 duration:10000 lock_user:mtkpower@1.0-se => ret_hdl:73758
07-09 18:22:00.219  1263  1373 I libPowerHal: [PE] MTKPOWER_HINT_APP_TOUCH update cmd:3408b00 param:1
07-09 18:22:00.221  1277  1708 E SurfaceFlinger: MtkDuration override mode is disabled
07-09 18:22:00.221  1277  1708 I PowerHalWrapper: updateFps(): 90
07-09 18:22:00.221  1263  1352 E libPowerHal: [getCPUFreq] error cid:2, nClusterNum:2
07-09 18:22:00.223  1263  1373 I libPowerHal: [perfLockAcq] idx:1 hdl:73759 hint:-1 pid:1263 tid:1352 duration:200 lock_user:mtkpower@1.0-se => ret_hdl:73759
07-09 18:22:00.223  1263  1373 I libPowerHal: [setClusterFreq] mtkpower@1.0-se set cpufreq[0] min:1900000 max:-1 cpufreq[1] min:2600000 max:-1 
07-09 18:22:00.223  1263  1373 I libPowerHal: [setClusterFreq]  set cpu_ctrl cpufreq: 1900000 -1 2600000 -1 
07-09 18:22:00.224  1263  1373 I libPowerHal: [PE] mtkpower@1.0-se update cmd:1404100, param:0
07-09 18:22:00.224  1263  1373 I libPowerHal: [PE] mtkpower@1.0-se update cmd:1404300, param:0
07-09 18:22:00.224  1263  1373 I libPowerHal: [PE] mtkpower@1.0-se update cmd:1408100, param:0
07-09 18:22:00.224  1243  1693 I hwcomposer: [DRMDEV] (0:60) failed to waitNextVsync: -1  
07-09 18:22:00.225  1263  1373 I libPowerHal: [PE] mtkpower@1.0-se update cmd:1408300, param:80
07-09 18:22:00.227  1263  1373 I libPowerHal: [perfLockRel] hdl:73758, idx:0
07-09 18:22:00.227  1263  1373 I libPowerHal: [PD] MTKPOWER_HINT_APP_TOUCH update cmd:3408b00 param:0
07-09 18:22:00.232  1243  1243 I hwcomposer: [HWCDisplay] (0) setActiveConfigWithConstraints config:2  
07-09 18:22:00.232  1243  1243 I hwcomposer: [HWCDisplay] setActiveConfigWithConstraints(), now 671432414354481, diff 127154, estimated_applied_time 16666667 queued_size:0  
07-09 18:22:00.242  1277  1277 I PowerHalWrapper: updateFps(): 90
07-09 18:22:00.242  1277  1277 I PowerHalWrapper: mEnableMultiDisplayMode enable=0 fps=90
07-09 18:22:00.243  1277  1277 I mtkpower_client: PowerHal_Wrap_EnableMultiDisplayMode, enable:0 fps:90 CurMultiDisplayMode:-1
07-09 18:22:00.243  1277  1277 I PowerHalWrapper: updateFps(): 90
07-09 18:22:00.250  1243  1717 I hwcomposer: [HWCDisplay] updateAppliedConfigState: applied config complete[idx:671432431021148, config:2]  
07-09 18:22:00.301  1263  1353 E libPowerHal: Could not open '/proc/touch_boost/force_stop_boost'
07-09 18:22:00.301  1263  1353 E libPowerHal: error : 2, No such file or directory
07-09 18:22:00.301  1263  1373 I libPowerHal: [perfLockRel] hdl:73759, idx:1
07-09 18:22:00.301  1263  1373 I libPowerHal: [setClusterFreq]  set cpu_ctrl cpufreq: -1 -1 -1 -1 
07-09 18:22:00.302  1263  1373 I libPowerHal: [PD] mtkpower@1.0-se update cmd:1404100 param:0
07-09 18:22:00.302  1263  1373 I libPowerHal: [PD] mtkpower@1.0-se update cmd:1404300 param:0
07-09 18:22:00.302  1263  1373 I libPowerHal: [PD] mtkpower@1.0-se update cmd:1408100 param:0
07-09 18:22:00.302  1263  1373 I libPowerHal: [PD] mtkpower@1.0-se update cmd:1408300 param:0
07-09 18:22:00.312  1277  1277 I BufferQueueProducer: [com.weatheron.mobile/com.weatheron.mobile.MainActivity#26474](this:0xb4000072cec534d8,id:-1,api:0,p:-1,c:1277) queueBuffer: fps=0.05 dur=21429.28 max=21429.28 min=21429.28
07-09 18:22:00.622  1254  1350 W AString : ctor got NULL, using empty string instead
07-09 18:22:00.623  1254  1350 I SCP-SensorSavedChannel: [-14910,2103,-8696]==>gyro_bias.json
07-09 18:22:01.075  1262  1357 I libPerfCtl: xgfGetFPS pid:2295 fps:-1
07-09 18:22:01.075  1262  1357 I libPerfCtl: xgfGetFPS pid:10901 fps:-1
07-09 18:22:01.128  1254  1350 W AString : ctor got NULL, using empty string instead
07-09 18:22:01.131  1254  1350 I SCP-SensorSavedChannel: [-14912,2098,-8708]==>gyro_bias.json
07-09 18:22:01.319  1266  1279 E NtChgAidl: NtChgAidl: InGameStatus: 0
07-09 18:22:01.319  1266  1279 E NtChg   : NtChg:T0-6:[50,100,350,370,390,410,500],chg_series:8,is_changed:1,TeBoT0-6:[50,80,350,370,390,410,500],TRegion:2,Temp:322,tzname:shell_front,Ibat:3000,onlineI:-400,param_type:6,AbnormalStatus:512,tzn:60,g_cp_mode:4,vbat:3903,pr_id:2,OnGameStatus:0
07-09 18:22:01.319  1266  1279 E NtChg   : NtChg:handle_batt_temp_cool triggered
07-09 18:22:01.319  1266  1279 E NtChg   : NtChg:set temp_region=2
07-09 18:22:01.319  1266  1279 E NtChg   : NtChg:set ibatmax=3000 and set vbatmax=4500
07-09 18:22:01.618  1254  1350 W AString : ctor got NULL, using empty string instead
07-09 18:22:01.619  1254  1350 I SCP-SensorSavedChannel: [-14914,2090,-8728]==>gyro_bias.json
07-09 18:22:01.736  2248  2248 E WifiHAL : handleResponse: data=0xb400007b8d0f17d0, len=4888
07-09 18:22:01.736  2248  2248 I WifiHAL : check_data_sanity: confirmed_size=4888, len=4888
07-09 18:22:01.736  2248  2248 I WifiHAL : wifi_get_link_stats: result=0
07-09 18:22:01.766  2248  2248 I WifiHAL : feature_set=0x8489141a
07-09 18:22:02.075  1262  1357 I libPerfCtl: xgfGetFPS pid:2295 fps:-1
07-09 18:22:02.075  1262  1357 I libPerfCtl: xgfGetFPS pid:10901 fps:-1
07-09 18:22:02.124  1254  1350 W AString : ctor got NULL, using empty string instead
07-09 18:22:02.124  1254  1350 I SCP-SensorSavedChannel: [-14914,2088,-8734]==>gyro_bias.json
07-09 18:22:02.160  1277  1277 I BufferQueueProducer: [Taskbar#14437](this:0xb4000072cebfddf8,id:-1,api:0,p:-1,c:1277) queueBuffer: fps=0.02 dur=59993.87 max=59993.87 min=59993.87
07-09 18:22:02.164  1243  1243 I hwcomposer: [HWCDisplay] [Display_0 (type:1, mode:2)] fps:10.599395,dur:2075.59,max:1581.13,min:9.82  
07-09 18:22:02.629  1254  1350 W AString : ctor got NULL, using empty string instead
07-09 18:22:02.630  1254  1350 I SCP-SensorSavedChannel: [-14914,2091,-8727]==>gyro_bias.json
07-09 18:22:03.076  1262  1357 I libPerfCtl: xgfGetFPS pid:2295 fps:-1
07-09 18:22:03.076  1262  1357 I libPerfCtl: xgfGetFPS pid:10901 fps:-1
07-09 18:22:03.076  1262  1357 I libPerfCtl: xgfGetFPS pid:11787 fps:-1
07-09 18:22:03.119  1254  1350 W AString : ctor got NULL, using empty string instead
07-09 18:22:03.120  1254  1350 I SCP-SensorSavedChannel: [-14916,2081,-8752]==>gyro_bias.json
07-09 18:22:03.223  1277  1709 E SurfaceFlinger: MtkDuration override mode is disabled
07-09 18:22:03.223  1277  1709 I PowerHalWrapper: updateFps(): 60
07-09 18:22:03.223  1243  1693 I hwcomposer: [DRMDEV] (0:60) failed to waitNextVsync: -1  
07-09 18:22:03.225  1243  1693 I hwcomposer: [DRMDEV] (0:60) failed to waitNextVsync: -1  
07-09 18:22:03.229  1243  1243 I hwcomposer: [HWCDisplay] (0) setActiveConfigWithConstraints config:0  
07-09 18:22:03.229  1243  1243 I hwcomposer: [HWCDisplay] setActiveConfigWithConstraints(), now 671435410923404, diff 453308, estimated_applied_time 11111111 queued_size:0  
07-09 18:22:03.231  1243  1243 I hwcomposer: [HWCDisplay] [Display_0 (type:1, mode:2)] fps:0.936840,dur:1067.42,max:1067.42,min:1067.42  
07-09 18:22:03.236  1243  1693 I hwcomposer: [DRMDEV] (0:60) failed to waitNextVsync: -1  
07-09 18:22:03.266  1243  1717 I hwcomposer: [HWCDisplay] updateAppliedConfigState: applied config complete[idx:671435422034515, config:0]  
07-09 18:22:03.273  1277  1277 I PowerHalWrapper: updateFps(): 60
07-09 18:22:03.273  1277  1277 I PowerHalWrapper: mEnableMultiDisplayMode enable=0 fps=60
07-09 18:22:03.273  1277  1277 I mtkpower_client: PowerHal_Wrap_EnableMultiDisplayMode, enable:0 fps:60 CurMultiDisplayMode:-1
07-09 18:22:03.276  1277  1277 I PowerHalWrapper: updateFps(): 60
07-09 18:22:03.625  1254  1350 W AString : ctor got NULL, using empty string instead
07-09 18:22:03.625  1254  1350 I SCP-SensorSavedChannel: [-14912,2095,-8715]==>gyro_bias.json
07-09 18:22:04.076  1262  1357 I libPerfCtl: xgfGetFPS pid:2295 fps:-1
07-09 18:22:04.076  1262  1357 I libPerfCtl: xgfGetFPS pid:10901 fps:-1
07-09 18:22:04.076  1262  1357 I libPerfCtl: xgfGetFPS pid:11787 fps:-1
07-09 18:22:04.131  1254  1350 W AString : ctor got NULL, using empty string instead
07-09 18:22:04.134  1254  1350 I SCP-SensorSavedChannel: [-14913,2094,-8719]==>gyro_bias.json
07-09 18:22:04.134  1254  1350 W AString : ctor got NULL, using empty string instead
07-09 18:22:04.135  1254  1350 I SCP-SensorSavedChannel: [-43,-155,-366,-13444,7530,3939]==>gyro_temp.json
07-09 18:22:04.135  1254  1350 W AString : ctor got NULL, using empty string instead
07-09 18:22:04.135  1254  1350 I SCP-SensorSavedChannel: [-14890,2137,-8779]==>gyro_bias.json
07-09 18:22:04.540  1916  3535 I AS.AudioService: getMode, get current owner's mode
07-09 18:22:04.540  1916  3535 I AS.AudioService: getMode, currentModeHandler is null
07-09 18:22:04.621  1254  1350 W AString : ctor got NULL, using empty string instead
07-09 18:22:04.621  1254  1350 I SCP-SensorSavedChannel: [-14889,2139,-8775]==>gyro_bias.json
07-09 18:22:04.791  2248  2248 E WifiHAL : handleResponse: data=0xb400007b8d0f17d0, len=4888
07-09 18:22:04.791  2248  2248 I WifiHAL : check_data_sanity: confirmed_size=4888, len=4888
07-09 18:22:04.791  2248  2248 I WifiHAL : wifi_get_link_stats: result=0
07-09 18:22:04.815  2248  2248 I WifiHAL : feature_set=0x8489141a
07-09 18:22:05.077  1262  1357 I libPerfCtl: xgfGetFPS pid:2295 fps:-1
07-09 18:22:05.077  1262  1357 I libPerfCtl: xgfGetFPS pid:10901 fps:-1
07-09 18:22:05.077  1262  1357 I libPerfCtl: xgfGetFPS pid:11787 fps:-1
07-09 18:22:06.077  1262  1357 I libPerfCtl: xgfGetFPS pid:2295 fps:-1
07-09 18:22:06.077  1262  1357 I libPerfCtl: xgfGetFPS pid:10901 fps:-1
07-09 18:22:06.077  1262  1357 I libPerfCtl: xgfGetFPS pid:11787 fps:-1
07-09 18:22:06.122  1254  1350 W AString : ctor got NULL, using empty string instead
07-09 18:22:06.123  1254  1350 I SCP-SensorSavedChannel: [-14890,2138,-8777]==>gyro_bias.json
07-09 18:22:06.510  1916  3535 W ActivityManager: Unbind failed: could not find connection for android.os.BinderProxy@e183a36
07-09 18:22:06.515  1916  3535 W ActivityManager: Unable to start service Intent { act=android.telephony.satellite.SatelliteService xflg=0x4 pkg=com.mediatek.satellite.service } U=0: not found
07-09 18:22:06.516  2535  2535 E SatelliteModemInterface: Error binding to the satellite service. Retrying in 47546 ms.
07-09 18:22:06.628  1254  1350 W AString : ctor got NULL, using empty string instead
07-09 18:22:06.628  1254  1350 I SCP-SensorSavedChannel: [-14889,2140,-8772]==>gyro_bias.json
07-09 18:22:06.720  1916  1946 E EventHub: Failed to read sysfs battery info: No such file or directory
07-09 18:22:07.078  1262  1357 I libPerfCtl: xgfGetFPS pid:2295 fps:-1
07-09 18:22:07.078  1262  1357 I libPerfCtl: xgfGetFPS pid:10901 fps:-1
07-09 18:22:07.078  1262  1357 I libPerfCtl: xgfGetFPS pid:11787 fps:-1
07-09 18:22:07.133  1254  1350 W AString : ctor got NULL, using empty string instead
07-09 18:22:07.136  1254  1350 I SCP-SensorSavedChannel: [-14889,2141,-8769]==>gyro_bias.json
07-09 18:22:07.328  1266  1279 E NtChgAidl: NtChgAidl: InGameStatus: 0
07-09 18:22:07.329  1266  1279 E NtChg   : NtChg:T0-6:[50,100,350,370,390,410,500],chg_series:8,is_changed:1,TeBoT0-6:[50,80,350,370,390,410,500],TRegion:2,Temp:322,tzname:shell_front,Ibat:3000,onlineI:-400,param_type:6,AbnormalStatus:512,tzn:60,g_cp_mode:4,vbat:3905,pr_id:2,OnGameStatus:0
07-09 18:22:07.329  1266  1279 E NtChg   : NtChg:handle_batt_temp_cool triggered
07-09 18:22:07.329  1266  1279 E NtChg   : NtChg:set temp_region=2
07-09 18:22:07.329  1266  1279 E NtChg   : NtChg:set ibatmax=3000 and set vbatmax=4500
07-09 18:22:07.623  1254  1350 W AString : ctor got NULL, using empty string instead
07-09 18:22:07.624  1254  1350 I SCP-SensorSavedChannel: [-14889,2139,-8775]==>gyro_bias.json
07-09 18:22:07.840  2248  2248 E WifiHAL : handleResponse: data=0xb400007b8d0f17d0, len=4888
07-09 18:22:07.840  2248  2248 I WifiHAL : check_data_sanity: confirmed_size=4888, len=4888
07-09 18:22:07.840  2248  2248 I WifiHAL : wifi_get_link_stats: result=0
07-09 18:22:07.870  2248  2248 I WifiHAL : feature_set=0x8489141a
07-09 18:22:08.078  1262  1357 I libPerfCtl: xgfGetFPS pid:2295 fps:-1
07-09 18:22:08.078  1262  1357 I libPerfCtl: xgfGetFPS pid:10901 fps:-1
07-09 18:22:08.078  1262  1357 I libPerfCtl: xgfGetFPS pid:11787 fps:-1
07-09 18:22:08.129  1254  1350 W AString : ctor got NULL, using empty string instead
07-09 18:22:08.129  1254  1350 I SCP-SensorSavedChannel: [-14887,2145,-8759]==>gyro_bias.json
07-09 18:22:08.633  1254  1350 W AString : ctor got NULL, using empty string instead
07-09 18:22:08.634  1254  1350 I SCP-SensorSavedChannel: [-14886,2152,-8743]==>gyro_bias.json
07-09 18:22:09.078  1262  1357 I libPerfCtl: xgfGetFPS pid:2295 fps:-1
07-09 18:22:09.079  1262  1357 I libPerfCtl: xgfGetFPS pid:10901 fps:-1
07-09 18:22:09.079  1262  1357 I libPerfCtl: xgfGetFPS pid:11787 fps:-1
07-09 18:22:09.125  1254  1350 W AString : ctor got NULL, using empty string instead
07-09 18:22:09.125  1254  1350 I SCP-SensorSavedChannel: [-14887,2145,-8759]==>gyro_bias.json
07-09 18:22:09.548  1916  3535 I AS.AudioService: getMode, get current owner's mode
07-09 18:22:09.548  1916  3535 I AS.AudioService: getMode, currentModeHandler is null
07-09 18:22:09.757 19093 10686 I NearbyMediums: No BLE Fast/GATT advertisements found in the latest cycle.
07-09 18:22:09.758 19093 10686 I NearbyMediums: Current Tracked Scanning Clients are : {NearbyConnections.EnvironmentMonitor, NearbySharing}
07-09 18:22:09.759 19093 11890 I NearbyConnections: Processing lost BlePeripheral BlePeripheral{advertisement=BleAdvertisement { version=2, socketVersion=2, isFast=true, serviceIdHash=null, data=[ 0x23 0x52 0x31 0x56 0x58 0x11 0x34 0x72 0x07 0x53 0x9a 0xb1 0x05 0xe3 0x05 0x4e 0x84 0xb1 0x7d 0xed 0x77 0x59 0xf5 ], deviceToken=[ 0x82 0xd9 ], rxAdvertisement=null }, dctAdvertisement=null, address=null, psm=0, deviceToken=<ByteString@bb6ad68 size=2 contents="\202\331">, isSecondProfile=false, rxInstantConnectionAdv=null}.
07-09 18:22:09.760 19093 11890 I NearbyConnections: Lost BleEndpoint for BlePeripheral BlePeripheral{advertisement=BleAdvertisement { version=2, socketVersion=2, isFast=true, serviceIdHash=null, data=[ 0x23 0x52 0x31 0x56 0x58 0x11 0x34 0x72 0x07 0x53 0x9a 0xb1 0x05 0xe3 0x05 0x4e 0x84 0xb1 0x7d 0xed 0x77 0x59 0xf5 ], deviceToken=[ 0x82 0xd9 ], rxAdvertisement=null }, dctAdvertisement=null, address=null, psm=0, deviceToken=<ByteString@bb6ad68 size=2 contents="\202\331">, isSecondProfile=false, rxInstantConnectionAdv=null} (with EndpointId R1VX and EndpointInfo [ 0x34 0x72 0x07 0x53 0x9a 0xb1 0x05 0xe3 0x05 0x4e 0x84 0xb1 0x7d 0xed 0x77 0x59 0xf5 ]).
07-09 18:22:09.760 19093 11890 I NearbyConnections: ClientProxy(141054581) reporting onEndpointLost(R1VX)
07-09 18:22:09.763 19093 11890 I NearbySharing: NearbySharing Internal event EndpointLost(endpointId=R1VX)
07-09 18:22:10.080  1262  1357 I libPerfCtl: xgfGetFPS pid:10901 fps:-1
07-09 18:22:10.080  1262  1357 I libPerfCtl: xgfGetFPS pid:11787 fps:-1
07-09 18:22:10.626  1254  1350 W AString : ctor got NULL, using empty string instead
07-09 18:22:10.627  1254  1350 I SCP-SensorSavedChannel: [-14886,2150,-8749]==>gyro_bias.json
07-09 18:22:10.898  2248  2248 E WifiHAL : handleResponse: data=0xb400007b8d0f17d0, len=4888
07-09 18:22:10.898  2248  2248 I WifiHAL : check_data_sanity: confirmed_size=4888, len=4888
07-09 18:22:10.898  2248  2248 I WifiHAL : wifi_get_link_stats: result=0
07-09 18:22:10.928  2248  2248 I WifiHAL : feature_set=0x8489141a
07-09 18:22:11.080  1262  1357 I libPerfCtl: xgfGetFPS pid:11787 fps:-1
07-09 18:22:11.636  1254  1350 W AString : ctor got NULL, using empty string instead
07-09 18:22:11.640  1254  1350 I SCP-SensorSavedChannel: [-14887,2148,-8752]==>gyro_bias.json
07-09 18:22:11.640  1254  1350 W AString : ctor got NULL, using empty string instead
07-09 18:22:11.640  1254  1350 I SCP-SensorSavedChannel: [-49,-154,-361,-13222,7484,3744]==>gyro_temp.json
07-09 18:22:11.641  1254  1350 W AString : ctor got NULL, using empty string instead
07-09 18:22:11.641  1254  1350 I SCP-SensorSavedChannel: [-14891,2152,-8759]==>gyro_bias.json
07-09 18:22:12.127  1254  1350 W AString : ctor got NULL, using empty string instead
07-09 18:22:12.127  1254  1350 I SCP-SensorSavedChannel: [-14889,2159,-8741]==>gyro_bias.json
07-09 18:22:12.498 31522 31522 I adbd    : adbd service requested 'exec:screencap '-p''
07-09 18:22:12.607 11913 11913 W screencap: Thread Pool max thread count is 0. Cannot cache binder as linkToDeath cannot be implemented. serviceName: SurfaceFlingerAIDL
07-09 18:22:12.608 11913 11913 W BpBinder: Linking to death on android.gui.ISurfaceComposer but there are no threads (yet?) listening to incoming transactions. See ProcessState::startThreadPool and ProcessState::setThreadPoolMaxThreadCount. Generally you should setup the binder threadpool before other initialization steps.
07-09 18:22:12.609 11913 11913 W ProcessState: Extra binder thread started, but 0 threads requested. Do not use *startThreadPool when zero threads are requested.
07-09 18:22:12.632  1254  1350 W AString : ctor got NULL, using empty string instead
07-09 18:22:12.632  1254  1350 I SCP-SensorSavedChannel: [-14889,2158,-8744]==>gyro_bias.json
07-09 18:22:12.655 11913 11913 I DMABUFHEAPS: Using DMA-BUF heap named: mtk_mm
07-09 18:22:12.655 11913 11913 I DMABUFHEAPS: Using DMA-BUF heap named: mtk_mm-uncached
07-09 18:22:12.655 11913 11913 I DMABUFHEAPS: Using DMA-BUF heap named: mtk_svp_page-uncached
07-09 18:22:12.655 11913 11913 I DMABUFHEAPS: Using DMA-BUF heap named: mtk_prot_region
07-09 18:22:12.655 11913 11913 I DMABUFHEAPS: Using DMA-BUF heap named: mtk_2d_fr_region
07-09 18:22:12.655 11913 11913 I DMABUFHEAPS: Using DMA-BUF heap named: mtk_wfd_page-uncached
07-09 18:22:12.823 11913 11913 W RefBase : RefBase: Explicit destruction, weak count = 0 (in 0x76cefcf848). Use sp<> to manage this object. Note - if weak count is 0, this leaks mRefs (weakref_impl).
07-09 18:22:13.139  1254  1350 W AString : ctor got NULL, using empty string instead
07-09 18:22:13.141  1254  1350 I SCP-SensorSavedChannel: [-14891,2152,-8758]==>gyro_bias.json
07-09 18:22:13.348  1266  1279 E NtChgAidl: NtChgAidl: InGameStatus: 0
07-09 18:22:13.348  1266  1279 E NtChg   : NtChg:T0-6:[50,100,350,370,390,410,500],chg_series:8,is_changed:1,TeBoT0-6:[50,80,350,370,390,410,500],TRegion:2,Temp:322,tzname:shell_front,Ibat:3000,onlineI:-400,param_type:6,AbnormalStatus:512,tzn:60,g_cp_mode:4,vbat:3904,pr_id:2,OnGameStatus:0
07-09 18:22:13.348  1266  1279 E NtChg   : NtChg:handle_batt_temp_cool triggered
07-09 18:22:13.348  1266  1279 E NtChg   : NtChg:set temp_region=2
07-09 18:22:13.348  1266  1279 E NtChg   : NtChg:set ibatmax=3000 and set vbatmax=4500
07-09 18:22:13.628  1254  1350 W AString : ctor got NULL, using empty string instead
07-09 18:22:13.629  1254  1350 I SCP-SensorSavedChannel: [-14890,2158,-8745]==>gyro_bias.json
07-09 18:22:13.956  2248  2248 E WifiHAL : handleResponse: data=0xb400007b8d0f17d0, len=4888
07-09 18:22:13.956  2248  2248 I WifiHAL : check_data_sanity: confirmed_size=4888, len=4888
07-09 18:22:13.956  2248  2248 I WifiHAL : wifi_get_link_stats: result=0
07-09 18:22:13.985  2248  2248 I WifiHAL : feature_set=0x8489141a
07-09 18:22:14.134  1254  1350 W AString : ctor got NULL, using empty string instead
07-09 18:22:14.134  1254  1350 I SCP-SensorSavedChannel: [-14891,2152,-8758]==>gyro_bias.json
07-09 18:22:14.554  1916  3535 I AS.AudioService: getMode, get current owner's mode
07-09 18:22:14.555  1916  3535 I AS.AudioService: getMode, currentModeHandler is null
07-09 18:22:14.639  1254  1350 W AString : ctor got NULL, using empty string instead
07-09 18:22:14.639  1254  1350 I SCP-SensorSavedChannel: [-14892,2150,-8763]==>gyro_bias.json
07-09 18:22:14.882  2480  2820 W BluetoothMetricsLogger: MetricsLogger isn't initialized
07-09 18:22:14.882  2480  2820 W BluetoothMetricsLogger: MetricsLogger isn't initialized
07-09 18:22:14.887 19093 10416 I NearbyMediums: This GATT advertisement BleAdvertisement { version=2, socketVersion=2, isFast=true, serviceIdHash=null, data=[ 0x23 0x58 0x45 0x36 0x4b 0x11 0x32 0x94 0xe4 0x8c 0xd2 0x03 0xb5 0x2f 0x9e 0x9d 0x44 0xbb 0x23 0xe9 0xab 0xc6 0x50 ], deviceToken=[ 0xc4 0x68 ], rxAdvertisement=null } is a Fast Advertisement and matched UUID 0000fef3-0000-1000-8000-00805f9b34fb in fastAdvertisementServiceUuids map with serviceID NearbySharing
07-09 18:22:14.888 19093 10628 I NearbyConnections: Found BleAdvertisement [ 0x23 0x58 0x45 0x36 0x4b 0x11 0x32 0x94 0xe4 0x8c 0xd2 0x03 0xb5 0x2f 0x9e 0x9d 0x44 0xbb 0x23 0xe9 0xab 0xc6 0x50 ] (with EndpointId XE6K and EndpointInfo [ 0x32 0x94 0xe4 0x8c 0xd2 0x03 0xb5 0x2f 0x9e 0x9d 0x44 0xbb 0x23 0xe9 0xab 0xc6 0x50 ])
07-09 18:22:14.888 19093 10628 I NearbyConnections: ClientProxy(141054581 0p:com.google.android.gms.nearby.sharing) reporting onEndpointFound(XE6K)
07-09 18:22:14.888 19093 10628 I NearbyConnections: ClientProxy(141054581) reporting onEndpointDistanceChanged(XE6K, UNKNOWN)
07-09 18:22:14.890 19093 10416 I NearbySharing: NearbySharing Internal event EndpointDiscovered(endpointId=XE6K)
07-09 18:22:15.130  1254  1350 W AString : ctor got NULL, using empty string instead
07-09 18:22:15.130  1254  1350 I SCP-SensorSavedChannel: [-14891,2154,-8753]==>gyro_bias.json
07-09 18:22:15.635  1254  1350 W AString : ctor got NULL, using empty string instead
07-09 18:22:15.636  1254  1350 I SCP-SensorSavedChannel: [-14893,2148,-8768]==>gyro_bias.json
07-09 18:22:16.140  1254  1350 W AString : ctor got NULL, using empty string instead
07-09 18:22:16.143  1254  1350 I SCP-SensorSavedChannel: [-14890,2156,-8748]==>gyro_bias.json
07-09 18:22:16.631  1254  1350 W AString : ctor got NULL, using empty string instead
07-09 18:22:16.631  1254  1350 I SCP-SensorSavedChannel: [-14894,2145,-8775]==>gyro_bias.json
07-09 18:22:16.726  1916  1946 E EventHub: Failed to read sysfs battery info: No such file or directory
07-09 18:22:17.001  2248  2248 E WifiHAL : handleResponse: data=0xb400007b8d0f17d0, len=4888
07-09 18:22:17.001  2248  2248 I WifiHAL : check_data_sanity: confirmed_size=4888, len=4888
07-09 18:22:17.001  2248  2248 I WifiHAL : wifi_get_link_stats: result=0
07-09 18:22:17.024  2248  2248 I WifiHAL : feature_set=0x8489141a
07-09 18:22:17.136  1254  1350 W AString : ctor got NULL, using empty string instead
07-09 18:22:17.136  1254  1350 I SCP-SensorSavedChannel: [-14890,2156,-8748]==>gyro_bias.json
07-09 18:22:17.597  1461  1907 E md_thermal: interval=40 temp: 33400 32800 31500 31600
07-09 18:22:17.641  1254  1350 W AString : ctor got NULL, using empty string instead
07-09 18:22:17.642  1254  1350 I SCP-SensorSavedChannel: [-14892,2149,-8766]==>gyro_bias.json
07-09 18:22:17.817  2480  2739 I bluetooth: [le_impl.h(1276)] OnPause: OnPause armed state:ConnectabilityState::DISARMED
07-09 18:22:17.819  2480  2739 I bluetooth: [le_address_manager.cc(538)] GetNextPrivateAddressIntervalRange: nonwake=7m6s, wake=14m48s
07-09 18:22:17.817   467   467 W logd.writer: type=1400 audit(0.0:65386): avc:  denied  { read } for  name="u:object_r:bluetooth_prop:s0" dev="tmpfs" ino=124 scontext=u:r:logd:s0 tcontext=u:object_r:bluetooth_prop:s0 tclass=file permissive=0
07-09 18:22:17.826  2480  2739 I bluetooth: [le_address_manager.cc(711)] OnCommandComplete: Received command complete with op_code LE_SET_RANDOM_ADDRESS(0x2005)
07-09 18:22:17.827  2480  2739 I bluetooth: [le_address_manager.cc(732)] OnCommandComplete: update random address : xx:xx:xx:xx:2f:9f
07-09 18:22:17.827  2480  2739 I bluetooth: [le_address_manager.cc(360)] resume_registered_clients: Resuming registered clients
07-09 18:22:17.827  2480  2739 I bluetooth: [le_scanning_manager.cc(646)] stop_scan: Scanning already stopped, return!
07-09 18:22:17.825   467   467 W logd.writer: type=1400 audit(0.0:65387): avc:  denied  { read } for  name="u:object_r:bluetooth_prop:s0" dev="tmpfs" ino=124 scontext=u:r:logd:s0 tcontext=u:object_r:bluetooth_prop:s0 tclass=file permissive=0
07-09 18:22:18.132  1254  1350 W AString : ctor got NULL, using empty string instead
07-09 18:22:18.132  1254  1350 I SCP-SensorSavedChannel: [-14890,2155,-8752]==>gyro_bias.json
07-09 18:22:19.146  1254  1350 W AString : ctor got NULL, using empty string instead
07-09 18:22:19.147  1254  1350 I SCP-SensorSavedChannel: [-14892,2151,-8761]==>gyro_bias.json
07-09 18:22:19.147  1254  1350 W AString : ctor got NULL, using empty string instead
07-09 18:22:19.148  1254  1350 I SCP-SensorSavedChannel: [-49,-151,-368,-13236,7394,4008]==>gyro_temp.json
07-09 18:22:19.148  1254  1350 W AString : ctor got NULL, using empty string instead
07-09 18:22:19.148  1254  1350 I SCP-SensorSavedChannel: [-14895,2132,-8691]==>gyro_bias.json
07-09 18:22:19.358  1266  1279 E NtChgAidl: NtChgAidl: InGameStatus: 0
07-09 18:22:19.359  1266  1279 E NtChg   : NtChg:T0-6:[50,100,350,370,390,410,500],chg_series:8,is_changed:1,TeBoT0-6:[50,80,350,370,390,410,500],TRegion:2,Temp:322,tzname:shell_front,Ibat:3000,onlineI:-400,param_type:6,AbnormalStatus:512,tzn:60,g_cp_mode:4,vbat:3903,pr_id:2,OnGameStatus:0
07-09 18:22:19.359  1266  1279 E NtChg   : NtChg:handle_batt_temp_cool triggered
07-09 18:22:19.359  1266  1279 E NtChg   : NtChg:set temp_region=2
07-09 18:22:19.359  1266  1279 E NtChg   : NtChg:set ibatmax=3000 and set vbatmax=4500
07-09 18:22:19.563  1916  3535 I AS.AudioService: getMode, get current owner's mode
07-09 18:22:19.563  1916  3535 I AS.AudioService: getMode, currentModeHandler is null
07-09 18:22:19.633  1254  1350 W AString : ctor got NULL, using empty string instead
07-09 18:22:19.634  1254  1350 I SCP-SensorSavedChannel: [-14896,2127,-8703]==>gyro_bias.json
07-09 18:22:19.771 19093 10628 I NearbyMediums: No BLE Fast/GATT advertisements found in the latest cycle.
07-09 18:22:19.772 19093 10628 I NearbyMediums: Current Tracked Scanning Clients are : {NearbyConnections.EnvironmentMonitor, NearbySharing}
07-09 18:22:20.048  2248  2248 E WifiHAL : handleResponse: data=0xb400007b8d0f17d0, len=4888
07-09 18:22:20.048  2248  2248 I WifiHAL : check_data_sanity: confirmed_size=4888, len=4888
07-09 18:22:20.048  2248  2248 I WifiHAL : wifi_get_link_stats: result=0
07-09 18:22:20.085  2248  2248 I WifiHAL : feature_set=0x8489141a
07-09 18:22:20.139  1254  1350 W AString : ctor got NULL, using empty string instead
07-09 18:22:20.140  1254  1350 I SCP-SensorSavedChannel: [-14895,2132,-8692]==>gyro_bias.json
07-09 18:22:20.642  1254  1350 W AString : ctor got NULL, using empty string instead
07-09 18:22:20.642  1254  1350 I SCP-SensorSavedChannel: [-14900,2116,-8731]==>gyro_bias.json
07-09 18:22:21.135  1254  1350 W AString : ctor got NULL, using empty string instead
07-09 18:22:21.135  1254  1350 I SCP-SensorSavedChannel: [-14895,2130,-8698]==>gyro_bias.json
07-09 18:22:21.640  1254  1350 W AString : ctor got NULL, using empty string instead
07-09 18:22:21.643  1254  1350 I SCP-SensorSavedChannel: [-14898,2120,-8721]==>gyro_bias.json
07-09 18:22:22.054  2480  2820 W BluetoothMetricsLogger: MetricsLogger isn't initialized
07-09 18:22:22.054  2480  2820 W BluetoothMetricsLogger: MetricsLogger isn't initialized
07-09 18:22:22.057 19093 10628 I NearbyMediums: This GATT advertisement BleAdvertisement { version=2, socketVersion=2, isFast=true, serviceIdHash=null, data=[ 0x23 0x46 0x59 0x38 0x4d 0x11 0x32 0xff 0xf2 0x31 0x9f 0x7a 0x6f 0x8f 0x7c 0x6c 0xe8 0xfe 0x1a 0x11 0x33 0x77 0xbd ], deviceToken=[ 0x97 0xda ], rxAdvertisement=null } is a Fast Advertisement and matched UUID 0000fef3-0000-1000-8000-00805f9b34fb in fastAdvertisementServiceUuids map with serviceID NearbySharing
07-09 18:22:22.058 19093 10416 I NearbyConnections: Found BleAdvertisement [ 0x23 0x46 0x59 0x38 0x4d 0x11 0x32 0xff 0xf2 0x31 0x9f 0x7a 0x6f 0x8f 0x7c 0x6c 0xe8 0xfe 0x1a 0x11 0x33 0x77 0xbd ] (with EndpointId FY8M and EndpointInfo [ 0x32 0xff 0xf2 0x31 0x9f 0x7a 0x6f 0x8f 0x7c 0x6c 0xe8 0xfe 0x1a 0x11 0x33 0x77 0xbd ])
07-09 18:22:22.060 19093 10416 I NearbyConnections: ClientProxy(141054581 0p:com.google.android.gms.nearby.sharing) reporting onEndpointFound(FY8M)
07-09 18:22:22.060 19093 10416 I NearbyConnections: ClientProxy(141054581) reporting onEndpointDistanceChanged(FY8M, UNKNOWN)
07-09 18:22:22.062 19093 11890 I NearbySharing: NearbySharing Internal event EndpointDiscovered(endpointId=FY8M)
07-09 18:22:22.145  1254  1350 W AString : ctor got NULL, using empty string instead
07-09 18:22:22.146  1254  1350 I SCP-SensorSavedChannel: [-14898,2121,-8718]==>gyro_bias.json
07-09 18:22:22.636  1254  1350 W AString : ctor got NULL, using empty string instead
07-09 18:22:22.636  1254  1350 I SCP-SensorSavedChannel: [-14896,2129,-8699]==>gyro_bias.json
07-09 18:22:23.112  2248  2248 E WifiHAL : handleResponse: data=0xb400007b8d0f17d0, len=4888
07-09 18:22:23.112  2248  2248 I WifiHAL : check_data_sanity: confirmed_size=4888, len=4888
07-09 18:22:23.112  2248  2248 I WifiHAL : wifi_get_link_stats: result=0
07-09 18:22:23.144  2248  2248 I WifiHAL : feature_set=0x8489141a
07-09 18:22:23.144  1254  1350 W AString : ctor got NULL, using empty string instead
07-09 18:22:23.144  1254  1350 I SCP-SensorSavedChannel: [-14899,2119,-8723]==>gyro_bias.json
07-09 18:22:23.646  1254  1350 W AString : ctor got NULL, using empty string instead
07-09 18:22:23.647  1254  1350 I SCP-SensorSavedChannel: [-14896,2128,-8702]==>gyro_bias.json
07-09 18:22:24.137  1254  1350 W AString : ctor got NULL, using empty string instead
07-09 18:22:24.137  1254  1350 I SCP-SensorSavedChannel: [-14895,2132,-8692]==>gyro_bias.json
07-09 18:22:24.567  1916  3535 I AS.AudioService: getMode, get current owner's mode
07-09 18:22:24.567  1916  3535 I AS.AudioService: getMode, currentModeHandler is null
07-09 18:22:24.639  1254  1350 W AString : ctor got NULL, using empty string instead
07-09 18:22:24.642  1254  1350 I SCP-SensorSavedChannel: [-14896,2128,-8700]==>gyro_bias.json
07-09 18:22:25.147  1254  1350 W AString : ctor got NULL, using empty string instead
07-09 18:22:25.148  1254  1350 I SCP-SensorSavedChannel: [-14895,2131,-8695]==>gyro_bias.json
07-09 18:22:25.370  1266  1279 E NtChgAidl: NtChgAidl: InGameStatus: 0
07-09 18:22:25.370  1266  1279 E NtChg   : NtChg:T0-6:[50,100,350,370,390,410,500],chg_series:8,is_changed:1,TeBoT0-6:[50,80,350,370,390,410,500],TRegion:2,Temp:322,tzname:shell_front,Ibat:3000,onlineI:-400,param_type:6,AbnormalStatus:512,tzn:60,g_cp_mode:4,vbat:3903,pr_id:2,OnGameStatus:0
07-09 18:22:25.370  1266  1279 E NtChg   : NtChg:handle_batt_temp_cool triggered
07-09 18:22:25.370  1266  1279 E NtChg   : NtChg:set temp_region=2
07-09 18:22:25.370  1266  1279 E NtChg   : NtChg:set ibatmax=3000 and set vbatmax=4500
07-09 18:22:25.639  1254  1350 W AString : ctor got NULL, using empty string instead
07-09 18:22:25.641  1254  1350 I SCP-SensorSavedChannel: [-14896,2127,-8703]==>gyro_bias.json
07-09 18:22:25.760 31522 31522 I adbd    : adbd service requested 'shell,v2,TERM=dumb,raw:input keyevent 4'
07-09 18:22:25.820  1277  1708 E SurfaceFlinger: MtkDuration override mode is disabled
07-09 18:22:25.820  1243  1693 I hwcomposer: [DRMDEV] (0:60) failed to waitNextVsync: -1  
07-09 18:22:25.821  1277  1708 I PowerHalWrapper: updateFps(): 90
07-09 18:22:25.822  3379  3379 I StylusModule: StylusModule.onUpdateToolType():774 Update tool type = 0
07-09 18:22:25.831  1243  1693 I hwcomposer: [DRMDEV] (0:60) failed to waitNextVsync: -1  
07-09 18:22:25.833  1243  1243 I hwcomposer: [HWCDisplay] (0) setActiveConfigWithConstraints config:2  
07-09 18:22:25.833  1243  1243 I hwcomposer: [HWCDisplay] setActiveConfigWithConstraints(), now 671458014689867, diff 109923, estimated_applied_time 16666667 queued_size:0  
07-09 18:22:25.833  1243  1243 I hwcomposer: [HWCDisplay] [Display_0 (type:1, mode:2)] fps:0.088487,dur:22602.17,max:22556.22,min:45.95  
07-09 18:22:25.854  1243  1717 I hwcomposer: [HWCDisplay] updateAppliedConfigState: applied config complete[idx:671458031356534, config:2]  
07-09 18:22:25.860  1277  1277 I PowerHalWrapper: updateFps(): 90
07-09 18:22:25.860  1277  1277 I PowerHalWrapper: mEnableMultiDisplayMode enable=0 fps=90
07-09 18:22:25.860  1277  1277 I mtkpower_client: PowerHal_Wrap_EnableMultiDisplayMode, enable:0 fps:90 CurMultiDisplayMode:-1
07-09 18:22:25.860  1277  1277 I PowerHalWrapper: updateFps(): 90
07-09 18:22:25.900  1277  1277 I BufferQueueProducer: [com.weatheron.mobile/com.weatheron.mobile.MainActivity#26474](this:0xb4000072cec534d8,id:-1,api:0,p:-1,c:1277) queueBuffer: fps=0.74 dur=25587.55 max=25320.24 min=10.67
07-09 18:22:26.143  1254  1350 W AString : ctor got NULL, using empty string instead
07-09 18:22:26.144  1254  1350 I SCP-SensorSavedChannel: [-14895,2130,-8696]==>gyro_bias.json
07-09 18:22:26.166  2248  2248 E WifiHAL : handleResponse: data=0xb400007b8d0f17d0, len=4888
