07-09 18:21:10.473  1263  1373 I libPowerHal: [PE] MTKPOWER_HINT_UX_SCROLLING_COMMON update cmd:203c300, param:0
07-09 18:21:10.473  1263  1373 I libPowerHal: [PE] MTKPOWER_HINT_UX_SCROLLING_COMMON update cmd:203c900, param:0
07-09 18:21:10.473  1916  3535 I mtkpower_client: ret_hdl:73750
07-09 18:21:10.473 10901 11879 I PowerHalMgrImpl: hdl:73750, pid:10901 
07-09 18:21:10.473  1263  1373 I libPowerHal: [perfLockAcq] idx:2 hdl:73750 hint:-1 pid:1916 tid:3535 duration:3000 lock_user:system_server => ret_hdl:73750
07-09 18:21:10.474  1263  1373 I libPowerHal: [fpsgo_ctrl_render_thread] 11323, 0xb400007b2ebd17d0
07-09 18:21:10.474  1916  3535 I mtkpower_client: perf_lock_rel, hdl:73750, pid: 1916, tid:3535
07-09 18:21:10.474  1263  1373 I libPowerHal: [PE] system_server update ONESHOT(set) cmd:2000300 param:11323
07-09 18:21:10.474  1916  3693 I mtkpower_client: perf_lock_acq, hdl:73750, dur:3000, num:2, pid:1916, tid:3693
07-09 18:21:10.475  1263  1373 I libPowerHal: [perfLockRel] hdl:73750, idx:2
07-09 18:21:10.476  1263  1373 I libPowerHal: [fpsgo_ctrl_render_thread] 11323, 0xb400007b2ebd17d0
07-09 18:21:10.476  1263  1373 I libPowerHal: [PD] system_server update ONESHOT(unset) cmd:2000300 param:11323
07-09 18:21:10.477  1277  1277 I BufferQueueProducer: [com.weatheron.mobile/com.weatheron.mobile.MainActivity#26474](this:0xb4000072cec534d8,id:-1,api:0,p:-1,c:1277) queueBuffer: fps=0.77 dur=30971.51 max=30704.93 min=10.24
07-09 18:21:10.477  1916  3693 I mtkpower_client: ret_hdl:73751
07-09 18:21:10.478  1263  1373 I libPowerHal: [perfLockAcq] idx:2 hdl:73751 hint:-1 pid:1916 tid:3693 duration:3000 lock_user:system_server => ret_hdl:73751
07-09 18:21:10.478 10901 11879 I PowerHalMgrImpl: hdl:73751, pid:10901 
07-09 18:21:10.478  1263  1373 I libPowerHal: [touch_boost_enabled] value:0
07-09 18:21:10.478  1263  1373 I libPowerHal: [PE] system_server update cmd:3408500 param:0
07-09 18:21:10.478  1916  3693 I mtkpower_client: perf_lock_rel, hdl:73751, pid: 1916, tid:3693
07-09 18:21:10.479  1263  1373 I libPowerHal: [perfLockRel] hdl:73751, idx:2
07-09 18:21:10.479  1263  1373 I libPowerHal: [PD] system_server update cmd:3408500 param:1
07-09 18:21:10.479  1263  1373 I libPowerHal: [touch_boost_enabled] value:-1
07-09 18:21:10.479  1263  1373 I libPowerHal: [PD] system_server update cmd:3408500 param:-1
07-09 18:21:10.486  1326  1326 I FPSGO   : fpsgo_boost_sched_rate_ns:0
07-09 18:21:10.486  1326  1326 I mtkpower_client: perf_lock_acq, hdl:0, dur:0, num:12, tid:1326
07-09 18:21:10.486 10901 11323 E eatheron.mobile: legacy_receive_flag: 0
07-09 18:21:10.487  1326  1326 I mtkpower_client: ret_hdl:73752
07-09 18:21:10.487  1326  1326 I FPSGO   : perfLockAcq hdl:73752
07-09 18:21:10.487  1263  1373 I libPowerHal: cmdSetting - unknown cmd:1438500, scmd:(null) ,param_1:0
07-09 18:21:10.487  1263  1373 I libPowerHal: cmdSetting - unknown cmd:1438800, scmd:(null) ,param_1:0
07-09 18:21:10.487  1263  1373 I libPowerHal: [perfLockAcq] idx:2 hdl:73752 hint:-1 pid:1326 tid:1326 duration:0 lock_user:fpsgo => ret_hdl:73752
07-09 18:21:10.488  1263  1373 I libPowerHal: [PE] fpsgo update cmd:1438300, param:0
07-09 18:21:10.488  1263  1373 I libPowerHal: [PE] fpsgo update cmd:1438400, param:0
07-09 18:21:10.488  1263  1373 I libPowerHal: [PE] fpsgo update cmd:1438600, param:0
07-09 18:21:10.488  1263  1373 I libPowerHal: [PE] fpsgo update cmd:1438700, param:0
07-09 18:21:10.506  2480  2820 W BluetoothMetricsLogger: MetricsLogger isn't initialized
07-09 18:21:10.506  2480  2820 W BluetoothMetricsLogger: MetricsLogger isn't initialized
07-09 18:21:10.876  1263  1373 I libPowerHal: [perfLockRel] hdl:73747, idx:0
07-09 18:21:10.877  1263  1373 I libPowerHal: [PD] MTKPOWER_HINT_APP_TOUCH update cmd:3408b00 param:0
07-09 18:21:10.877 10901 10901 I ScrollIdentify: on fling
07-09 18:21:10.879  1916  3693 I mtkpower_client: perf_lock_acq, hdl:73751, dur:3000, num:4, pid:1916, tid:3693
07-09 18:21:10.879  1243  1243 I hwcomposer: [HWCDisplay] [Display_0 (type:1, mode:2)] fps:59.697422,dur:1005.07,max:214.48,min:8.19  
07-09 18:21:10.880  1916  3693 I mtkpower_client: ret_hdl:73753
07-09 18:21:10.880 10901 11879 I PowerHalMgrImpl: hdl:73753, pid:10901 
07-09 18:21:10.881  1263  1373 I libPowerHal: cmdSetting - unknown cmd:2000400, scmd:(null) ,param_1:-11323
07-09 18:21:10.881  1263  1373 I libPowerHal: [perfLockAcq] idx:0 hdl:73753 hint:-1 pid:1916 tid:3693 duration:3000 lock_user:system_server => ret_hdl:73753
07-09 18:21:10.881  1263  1373 I libPowerHal: [fpsgo_ctrl_render_thread] 11323, 0xb400007b2ebcf800
07-09 18:21:10.881  1263  1373 I libPowerHal: [PE] system_server update ONESHOT(set) cmd:2000300 param:11323
07-09 18:21:10.881  1263  1373 I libPowerHal: [perfLockAcq] idx:3 hdl:73754 hint:43 pid:1263 tid:1263 duration:3000 lock_user:mtkpower@1.0-se => ret_hdl:73754
07-09 18:21:10.881  1263  1373 I libPowerHal: [setClusterFreq] MTKPOWER_HINT_UX_SCROLLING set cpufreq[0] min:1075000 max:2000000 cpufreq[1] min:1162000 max:2800000 
07-09 18:21:10.882  1263  1373 I libPowerHal: [setClusterFreq]  set cpu_ctrl cpufreq: 1075000 -1 1162000 -1 
07-09 18:21:10.882  1916  3693 I mtkpower_client: perf_lock_rel, hdl:73753, pid: 1916, tid:3693
07-09 18:21:10.882  1263  1373 I libPowerHal: [PE] MTKPOWER_HINT_UX_SCROLLING update cmd:1408300, param:40
07-09 18:21:10.883  1916  1933 I mtkpower_client: perf_lock_acq, hdl:73753, dur:3000, num:2, pid:1916, tid:1933
07-09 18:21:10.884  1263  1373 I libPowerHal: [perfLockRel] hdl:73753, idx:0
07-09 18:21:10.884  1263  1373 I libPowerHal: [fpsgo_ctrl_render_thread] 11323, 0xb400007b2ebcf800
07-09 18:21:10.884  1263  1373 I libPowerHal: [PD] system_server update ONESHOT(unset) cmd:2000300 param:11323
07-09 18:21:10.885  1916  1933 I mtkpower_client: ret_hdl:73755
07-09 18:21:10.885  1263  1373 I libPowerHal: [perfLockAcq] idx:0 hdl:73755 hint:-1 pid:1916 tid:1933 duration:3000 lock_user:system_server => ret_hdl:73755
07-09 18:21:10.885  1263  1373 I libPowerHal: [perfLockRel] hdl:73754, idx:3
07-09 18:21:10.885 10901 11879 I PowerHalMgrImpl: hdl:73755, pid:10901 
07-09 18:21:10.885  1263  1373 I libPowerHal: [setClusterFreq]  set cpu_ctrl cpufreq: -1 -1 -1 -1 
07-09 18:21:10.885  1263  1373 I libPowerHal: [PD] MTKPOWER_HINT_UX_SCROLLING update cmd:1408300 param:0
07-09 18:21:10.886  1916  1933 I mtkpower_client: perf_lock_rel, hdl:73755, pid: 1916, tid:1933
07-09 18:21:10.886  1916  3693 I mtkpower_client: perf_lock_acq, hdl:73755, dur:3000, num:4, pid:1916, tid:3693
07-09 18:21:10.886  1263  1373 I libPowerHal: [perfLockRel] hdl:73755, idx:0
07-09 18:21:10.887  1916  3693 I mtkpower_client: ret_hdl:73756
07-09 18:21:10.887  1263  1373 I libPowerHal: [perfLockAcq] idx:0 hdl:73756 hint:-1 pid:1916 tid:3693 duration:3000 lock_user:system_server => ret_hdl:73756
07-09 18:21:10.888 10901 11879 I PowerHalMgrImpl: hdl:73756, pid:10901 
07-09 18:21:10.888  1263  1373 I libPowerHal: [notify_targetFPS_pid] 11323, 0xb400007b2ebcf800
07-09 18:21:10.888  1916  3693 I mtkpower_client: perf_lock_rel, hdl:73756, pid: 1916, tid:3693
07-09 18:21:10.888  1263  1373 I libPowerHal: [PE] system_server update ONESHOT(set) cmd:2000200 param:11323
07-09 18:21:10.889  1263  1373 I libPowerHal: [perfLockRel] hdl:73756, idx:0
07-09 18:21:10.890  1263  1373 I libPowerHal: [notify_targetFPS_pid] 11323, 0xb400007b2ebcf800
07-09 18:21:10.891  1263  1373 I libPowerHal: [PD] system_server update ONESHOT(unset) cmd:2000200 param:11323
07-09 18:21:11.061  1262  1357 I libPerfCtl: xgfGetFPS pid:2295 fps:-1
07-09 18:21:11.061  1262  1357 I libPerfCtl: xgfGetFPS pid:10901 fps:90
07-09 18:21:11.061  1262  1357 I MTK_APPList: [updateFPS] pid(10901) : -1 => 90
07-09 18:21:11.061  1262  1357 I MTK_APPList: [notifyAPPstate] com.weatheron.mobile/com.weatheron.mobile.MainActivity, pid=10901, uid=10303, state:FPS_UPDATED, fps:90, win:0
07-09 18:21:11.061  1262  1357 I MTK_APPList: [notifyAPPstate] multi_resumed_app_count: 1
07-09 18:21:11.061  1262  1357 I MTK_APPList: [notifyAPPstate] multi_resumed_app_info[0] com.weatheron.mobile/com.weatheron.mobile.MainActivity, pid:10901, fps:90, isMultiWindow:0
07-09 18:21:11.061  1262  1357 I MTK_APPList: [getForegroundAPPCount] 1
07-09 18:21:11.061  1262  1357 I MTK_APPList: [notifyNetdUID] 10303
07-09 18:21:11.063  1262  1357 I mtkpower_client: PowerHal_Wrap_setSysInfo, result:0
07-09 18:21:11.063  1262  1357 I MTK_APPList: [notifyPID] 10901
07-09 18:21:11.064  1263  1373 I libPowerHal: [perfSetSysInfo] pid type:24, 10901
07-09 18:21:11.064  1262  1357 I mtkpower_client: PowerHal_Wrap_setSysInfo, result:0
07-09 18:21:11.064  1262  1357 I libPerfCtl: xgfGetFPS pid:11787 fps:-1
07-09 18:21:11.080  1254  1350 W AString : ctor got NULL, using empty string instead
07-09 18:21:11.081  1254  1350 I SCP-SensorSavedChannel: [-14965,2073,-8848]==>gyro_bias.json
07-09 18:21:11.184  1916  1933 I mtkpower_client: perf_lock_acq, hdl:73756, dur:3000, num:6, pid:1916, tid:1933
07-09 18:21:11.184  1263  1373 I libPowerHal: [perfLockRel] hdl:73749, idx:1
07-09 18:21:11.185  1263  1373 I libPowerHal: [PD] MTKPOWER_HINT_UX_SCROLLING_COMMON update cmd:1404300 param:0
07-09 18:21:11.185  1263  1373 I libPowerHal: [PD] MTKPOWER_HINT_UX_SCROLLING_COMMON update cmd:203c000 param:25
07-09 18:21:11.185  1263  1373 I libPowerHal: [PD] MTKPOWER_HINT_UX_SCROLLING_COMMON update cmd:203c300 param:25
07-09 18:21:11.185  1263  1373 I libPowerHal: [PD] MTKPOWER_HINT_UX_SCROLLING_COMMON update cmd:203c900 param:5
07-09 18:21:11.186  1916  1933 I mtkpower_client: ret_hdl:73757
07-09 18:21:11.187  1263  1373 I libPowerHal: cmdSetting - unknown cmd:2000400, scmd:(null) ,param_1:11323
07-09 18:21:11.187  1263  1373 I libPowerHal: [perfLockAcq] idx:0 hdl:73757 hint:-1 pid:1916 tid:1933 duration:3000 lock_user:system_server => ret_hdl:73757
07-09 18:21:11.187  1263  1373 I libPowerHal: [notify_targetFPS_pid] -11323, 0xb400007b2ebcf800
07-09 18:21:11.187 10901 11879 I PowerHalMgrImpl: hdl:73757, pid:10901 
07-09 18:21:11.188  1263  1373 I libPowerHal: [PE] system_server update ONESHOT(set) cmd:2000200 param:-11323
07-09 18:21:11.188  1263  1373 I libPowerHal: [fpsgo_ctrl_render_thread] -11323, 0xb400007b2ebcf800
07-09 18:21:11.188  1263  1373 I libPowerHal: [PE] system_server update ONESHOT(set) cmd:2000300 param:-11323
07-09 18:21:11.189  1916  1933 I mtkpower_client: perf_lock_rel, hdl:73757, pid: 1916, tid:1933
07-09 18:21:11.189  1326  1326 I FPSGO   : fpsgo_boost_sched_rate_ns:-1
07-09 18:21:11.189  1326  1326 I mtkpower_client: perf_lock_rel, hdl:73752, tid:1326
07-09 18:21:11.191  1326  1326 I FPSGO   : perfLockRel hdl:73752
07-09 18:21:11.191  1263  1373 I libPowerHal: [perfLockRel] hdl:73757, idx:0
07-09 18:21:11.192  1263  1373 I libPowerHal: [notify_targetFPS_pid] -11323, 0xb400007b2ebcf800
07-09 18:21:11.193  1263  1373 I libPowerHal: [PD] system_server update ONESHOT(unset) cmd:2000200 param:-11323
07-09 18:21:11.193  1263  1373 I libPowerHal: [fpsgo_ctrl_render_thread] -11323, 0xb400007b2ebcf800
07-09 18:21:11.193  1263  1373 I libPowerHal: [PD] system_server update ONESHOT(unset) cmd:2000300 param:-11323
07-09 18:21:11.194  1263  1373 I libPowerHal: [perfLockRel] hdl:73752, idx:2
07-09 18:21:11.195  1263  1373 I libPowerHal: [PD] fpsgo update cmd:1438300, param:1000
07-09 18:21:11.195  1263  1373 I libPowerHal: [PD] fpsgo update cmd:1438400, param:1000
07-09 18:21:11.195  1263  1373 I libPowerHal: [PD] fpsgo update cmd:1438600 param:1000
07-09 18:21:11.195  1263  1373 I libPowerHal: [PD] fpsgo update cmd:1438700 param:1000
07-09 18:21:11.585  1254  1350 W AString : ctor got NULL, using empty string instead
07-09 18:21:11.586  1254  1350 I SCP-SensorSavedChannel: [-14967,2066,-8865]==>gyro_bias.json
07-09 18:21:11.600  1277  1277 I BufferQueueProducer: [com.weatheron.mobile/com.weatheron.mobile.MainActivity#26474](this:0xb4000072cec534d8,id:-1,api:0,p:-1,c:1277) queueBuffer: fps=59.65 dur=1123.21 max=389.24 min=9.66
07-09 18:21:11.882  1243  1243 I hwcomposer: [HWCDisplay] [Display_0 (type:1, mode:2)] fps:54.867523,dur:1002.41,max:389.93,min:8.36  
07-09 18:21:12.062  1262  1357 I libPerfCtl: xgfGetFPS pid:2295 fps:-1
07-09 18:21:12.062  1262  1357 I libPerfCtl: xgfGetFPS pid:10901 fps:-1
07-09 18:21:12.062  1262  1357 I MTK_APPList: [updateFPS] pid(10901) : 90 => -1
07-09 18:21:12.062  1262  1357 I MTK_APPList: [notifyAPPstate] com.weatheron.mobile/com.weatheron.mobile.MainActivity, pid=10901, uid=10303, state:FPS_UPDATED, fps:-1, win:0
07-09 18:21:12.062  1262  1357 I MTK_APPList: [notifyAPPstate] multi_resumed_app_count: 1
07-09 18:21:12.062  1262  1357 I MTK_APPList: [notifyAPPstate] multi_resumed_app_info[0] com.weatheron.mobile/com.weatheron.mobile.MainActivity, pid:10901, fps:-1, isMultiWindow:0
07-09 18:21:12.062  1262  1357 I MTK_APPList: [getForegroundAPPCount] 1
07-09 18:21:12.063  1262  1357 I MTK_APPList: [notifyNetdUID] 10303
07-09 18:21:12.064  1262  1357 I mtkpower_client: PowerHal_Wrap_setSysInfo, result:0
07-09 18:21:12.065  1262  1357 I MTK_APPList: [notifyPID] 10901
07-09 18:21:12.066  1263  1373 I libPowerHal: [perfSetSysInfo] pid type:24, 10901
07-09 18:21:12.067  1262  1357 I mtkpower_client: PowerHal_Wrap_setSysInfo, result:0
07-09 18:21:12.077  1254  1350 W AString : ctor got NULL, using empty string instead
07-09 18:21:12.077  1254  1350 I SCP-SensorSavedChannel: [-14969,2056,-8890]==>gyro_bias.json
07-09 18:21:12.584  1254  1350 W AString : ctor got NULL, using empty string instead
07-09 18:21:12.585  1254  1350 I SCP-SensorSavedChannel: [-14968,2062,-8875]==>gyro_bias.json
07-09 18:21:12.884  2248  2248 E WifiHAL : handleResponse: data=0xb400007b8d0f17d0, len=4888
07-09 18:21:12.884  2248  2248 I WifiHAL : check_data_sanity: confirmed_size=4888, len=4888
07-09 18:21:12.884  2248  2248 I WifiHAL : wifi_get_link_stats: result=0
07-09 18:21:12.914  2248  2248 I WifiHAL : feature_set=0x8489141a
07-09 18:21:13.062  1262  1357 I libPerfCtl: xgfGetFPS pid:2295 fps:-1
07-09 18:21:13.063  1262  1357 I libPerfCtl: xgfGetFPS pid:10901 fps:-1
07-09 18:21:13.087  1254  1350 W AString : ctor got NULL, using empty string instead
07-09 18:21:13.087  1254  1350 I SCP-SensorSavedChannel: [-14969,2058,-8884]==>gyro_bias.json
07-09 18:21:13.225  1266  1279 E NtChgAidl: NtChgAidl: InGameStatus: 0
07-09 18:21:13.225  1266  1279 E NtChg   : NtChg:T0-6:[50,100,350,370,390,410,500],chg_series:8,is_changed:1,TeBoT0-6:[50,80,350,370,390,410,500],TRegion:2,Temp:324,tzname:shell_front,Ibat:3000,onlineI:-400,param_type:6,AbnormalStatus:512,tzn:60,g_cp_mode:4,vbat:3905,pr_id:2,OnGameStatus:0
07-09 18:21:13.225  1266  1279 E NtChg   : NtChg:handle_batt_temp_cool triggered
07-09 18:21:13.225  1266  1279 E NtChg   : NtChg:set temp_region=2
07-09 18:21:13.225  1266  1279 E NtChg   : NtChg:set ibatmax=3000 and set vbatmax=4500
07-09 18:21:13.880  1277  1709 E SurfaceFlinger: MtkDuration override mode is disabled
07-09 18:21:13.880  1277  1709 I PowerHalWrapper: updateFps(): 60
07-09 18:21:13.881  1243  1693 I hwcomposer: [DRMDEV] (0:60) failed to waitNextVsync: -1  
07-09 18:21:13.884  1243  1243 I hwcomposer: [HWCDisplay] (0) setActiveConfigWithConstraints config:0  
07-09 18:21:13.884  1243  1243 I hwcomposer: [HWCDisplay] setActiveConfigWithConstraints(), now 671386066001247, diff 449846, estimated_applied_time 11111111 queued_size:0  
07-09 18:21:13.886  1243  1243 I hwcomposer: [HWCDisplay] [Display_0 (type:1, mode:2)] fps:0.498872,dur:2004.52,max:2004.52,min:2004.52  
07-09 18:21:13.892  1243  1693 I hwcomposer: [DRMDEV] (0:60) failed to waitNextVsync: -1  
07-09 18:21:13.919  1243  1717 I hwcomposer: [HWCDisplay] updateAppliedConfigState: applied config complete[idx:671386077112358, config:0]  
07-09 18:21:13.926  1277  1277 I PowerHalWrapper: updateFps(): 60
07-09 18:21:13.927  1277  1277 I PowerHalWrapper: mEnableMultiDisplayMode enable=0 fps=60
07-09 18:21:13.927  1277  1277 I mtkpower_client: PowerHal_Wrap_EnableMultiDisplayMode, enable:0 fps:60 CurMultiDisplayMode:-1
07-09 18:21:13.928  1277  1277 I PowerHalWrapper: updateFps(): 60
07-09 18:21:14.063  1262  1357 I libPerfCtl: xgfGetFPS pid:2295 fps:-1
07-09 18:21:14.063  1262  1357 I libPerfCtl: xgfGetFPS pid:10901 fps:-1
07-09 18:21:14.085  1254  1350 W AString : ctor got NULL, using empty string instead
07-09 18:21:14.086  1254  1350 I SCP-SensorSavedChannel: [-14969,2057,-8887]==>gyro_bias.json
07-09 18:21:14.476  1916  1933 I AS.AudioService: getMode, get current owner's mode
07-09 18:21:14.476  1916  1933 I AS.AudioService: getMode, currentModeHandler is null
07-09 18:21:14.588  1254  1350 W AString : ctor got NULL, using empty string instead
07-09 18:21:14.589  1254  1350 I SCP-SensorSavedChannel: [-14968,2061,-8878]==>gyro_bias.json
07-09 18:21:15.064  1262  1357 I libPerfCtl: xgfGetFPS pid:2295 fps:-1
07-09 18:21:15.064  1262  1357 I libPerfCtl: xgfGetFPS pid:10901 fps:-1
07-09 18:21:15.940  2248  2248 E WifiHAL : handleResponse: data=0xb400007b8d0f17d0, len=4888
07-09 18:21:15.940  2248  2248 I WifiHAL : check_data_sanity: confirmed_size=4888, len=4888
07-09 18:21:15.940  2248  2248 I WifiHAL : wifi_get_link_stats: result=0
07-09 18:21:15.972  2248  2248 I WifiHAL : feature_set=0x8489141a
07-09 18:21:16.064  1262  1357 I libPerfCtl: xgfGetFPS pid:2295 fps:-1
07-09 18:21:16.064  1262  1357 I libPerfCtl: xgfGetFPS pid:10901 fps:-1
07-09 18:21:16.089  1254  1350 W AString : ctor got NULL, using empty string instead
07-09 18:21:16.090  1254  1350 I SCP-SensorSavedChannel: [-14969,2058,-8884]==>gyro_bias.json
07-09 18:21:16.580  1254  1350 W AString : ctor got NULL, using empty string instead
07-09 18:21:16.581  1254  1350 I SCP-SensorSavedChannel: [-14967,2064,-8869]==>gyro_bias.json
07-09 18:21:16.670  1916  1946 E EventHub: Failed to read sysfs battery info: No such file or directory
07-09 18:21:17.065  1262  1357 I libPerfCtl: xgfGetFPS pid:2295 fps:-1
07-09 18:21:17.065  1262  1357 I libPerfCtl: xgfGetFPS pid:10901 fps:-1
07-09 18:21:17.085  1254  1350 W AString : ctor got NULL, using empty string instead
07-09 18:21:17.086  1254  1350 I SCP-SensorSavedChannel: [-14967,2068,-8861]==>gyro_bias.json
07-09 18:21:17.522  2480  2820 W BluetoothMetricsLogger: MetricsLogger isn't initialized
07-09 18:21:17.522  2480  2820 W BluetoothMetricsLogger: MetricsLogger isn't initialized
07-09 18:21:17.526 19093 10686 I NearbyConnections: Found BleAdvertisement [ 0x23 0x4b 0x58 0x52 0x57 0x11 0x32 0xa2 0x0f 0x54 0x42 0x1c 0x8c 0x6b 0xc8 0xcf 0xec 0xa6 0x91 0xba 0x1c 0xe1 0x14 ] (with EndpointId KXRW and EndpointInfo [ 0x32 0xa2 0x0f 0x54 0x42 0x1c 0x8c 0x6b 0xc8 0xcf 0xec 0xa6 0x91 0xba 0x1c 0xe1 0x14 ])
07-09 18:21:17.527 19093 10686 I NearbyConnections: ClientProxy(141054581 0p:com.google.android.gms.nearby.sharing) reporting onEndpointFound(KXRW)
07-09 18:21:17.528 19093 10686 I NearbyConnections: ClientProxy(141054581) reporting onEndpointDistanceChanged(KXRW, UNKNOWN)
07-09 18:21:17.531 19093 10416 I NearbySharing: NearbySharing Internal event EndpointDiscovered(endpointId=KXRW)
07-09 18:21:17.593  1254  1350 W AString : ctor got NULL, using empty string instead
07-09 18:21:17.593  1254  1350 I SCP-SensorSavedChannel: [-14966,2070,-8855]==>gyro_bias.json
07-09 18:21:18.066  1262  1357 I libPerfCtl: xgfGetFPS pid:2295 fps:-1
07-09 18:21:18.066  1262  1357 I libPerfCtl: xgfGetFPS pid:10901 fps:-1
07-09 18:21:18.081  1254  1350 W AString : ctor got NULL, using empty string instead
07-09 18:21:18.082  1254  1350 I SCP-SensorSavedChannel: [-14965,2075,-8843]==>gyro_bias.json
07-09 18:21:18.587  1254  1350 W AString : ctor got NULL, using empty string instead
07-09 18:21:18.588  1254  1350 I SCP-SensorSavedChannel: [-14965,2077,-8839]==>gyro_bias.json
07-09 18:21:19.000  2248  2248 E WifiHAL : handleResponse: data=0xb400007b8d0f17d0, len=4888
07-09 18:21:19.000  2248  2248 I WifiHAL : check_data_sanity: confirmed_size=4888, len=4888
07-09 18:21:19.000  2248  2248 I WifiHAL : wifi_get_link_stats: result=0
07-09 18:21:19.025  2248  2248 I WifiHAL : feature_set=0x8489141a
07-09 18:21:19.066  1262  1357 I libPerfCtl: xgfGetFPS pid:2295 fps:-1
07-09 18:21:19.067  1262  1357 I libPerfCtl: xgfGetFPS pid:10901 fps:-1
07-09 18:21:19.092  1254  1350 W AString : ctor got NULL, using empty string instead
07-09 18:21:19.092  1254  1350 I SCP-SensorSavedChannel: [-28,-149,-365,-13991,7285,3870]==>gyro_temp.json
07-09 18:21:19.093  1254  1350 W AString : ctor got NULL, using empty string instead
07-09 18:21:19.093  1254  1350 I SCP-SensorSavedChannel: [-14987,2033,-8937]==>gyro_bias.json
07-09 18:21:19.188  1916  1933 W ActivityManager: Unbind failed: could not find connection for android.os.BinderProxy@373af4e
07-09 18:21:19.193  1916  1933 W ActivityManager: Unable to start service Intent { act=android.telephony.satellite.SatelliteService xflg=0x4 pkg=com.mediatek.satellite.service } U=0: not found
07-09 18:21:19.194  2535  2535 E SatelliteModemInterface: Error binding to the satellite service. Retrying in 47310 ms.
07-09 18:21:19.235  1266  1279 E NtChgAidl: NtChgAidl: InGameStatus: 0
07-09 18:21:19.235  1266  1279 E NtChg   : NtChg:T0-6:[50,100,350,370,390,410,500],chg_series:8,is_changed:1,TeBoT0-6:[50,80,350,370,390,410,500],TRegion:2,Temp:324,tzname:shell_front,Ibat:3000,onlineI:-400,param_type:6,AbnormalStatus:512,tzn:60,g_cp_mode:4,vbat:3902,pr_id:2,OnGameStatus:0
07-09 18:21:19.235  1266  1279 E NtChg   : NtChg:handle_batt_temp_cool triggered
07-09 18:21:19.235  1266  1279 E NtChg   : NtChg:set temp_region=2
07-09 18:21:19.235  1266  1279 E NtChg   : NtChg:set ibatmax=3000 and set vbatmax=4500
07-09 18:21:19.483  1916  1933 I AS.AudioService: getMode, get current owner's mode
07-09 18:21:19.483  1916  1933 I AS.AudioService: getMode, currentModeHandler is null
07-09 18:21:19.583  1254  1350 W AString : ctor got NULL, using empty string instead
07-09 18:21:19.584  1254  1350 I SCP-SensorSavedChannel: [-14984,2047,-8904]==>gyro_bias.json
07-09 18:21:19.686 19093 11509 I NearbyMediums: Found Fast Ble Advertisements :
07-09 18:21:19.686 19093 11509 I NearbyMediums: BleAdvertisement { version=2, socketVersion=2, isFast=true, serviceIdHash=null, data=[ 0x23 0x35 0x43 0x57 0x49 0x11 0x32 0xf0 0xd8 0x76 0x1e 0x6d 0x16 0xf2 0x1d 0xb1 0xc7 0xd8 0x40 0xc8 0xa4 0xbb 0x2b ], deviceToken=[ 0xe7 0x6b ], rxAdvertisement=null } : 1 times.
07-09 18:21:19.686 19093 11509 I NearbyMediums: BleAdvertisement { version=2, socketVersion=2, isFast=true, serviceIdHash=null, data=[ 0x23 0x4b 0x58 0x52 0x57 0x11 0x32 0xa2 0x0f 0x54 0x42 0x1c 0x8c 0x6b 0xc8 0xcf 0xec 0xa6 0x91 0xba 0x1c 0xe1 0x14 ], deviceToken=[ 0xaa 0x92 ], rxAdvertisement=null } : 1 times.
07-09 18:21:19.686 19093 11509 I NearbyMediums: Total 2 fast advertisements from 2 unique advertisers.
07-09 18:21:19.693 19093 11509 I NearbyMediums: Current Tracked Scanning Clients are : {NearbyConnections.EnvironmentMonitor, NearbySharing}
07-09 18:21:19.695 19093 10628 I NearbyConnections: Processing lost BlePeripheral BlePeripheral{advertisement=BleAdvertisement { version=2, socketVersion=2, isFast=true, serviceIdHash=null, data=[ 0x23 0x4b 0x39 0x33 0x33 0x11 0x32 0x9a 0x9b 0xc8 0xf2 0x40 0x13 0x07 0x7b 0x72 0x4e 0xe8 0x33 0xde 0xfb 0x9a 0x8d ], deviceToken=[ 0xe8 0xd5 ], rxAdvertisement=null }, dctAdvertisement=null, address=null, psm=0, deviceToken=<ByteString@2979376 size=2 contents="\350\325">, isSecondProfile=false, rxInstantConnectionAdv=null}.
07-09 18:21:19.695 19093 10628 I NearbyConnections: Lost BleEndpoint for BlePeripheral BlePeripheral{advertisement=BleAdvertisement { version=2, socketVersion=2, isFast=true, serviceIdHash=null, data=[ 0x23 0x4b 0x39 0x33 0x33 0x11 0x32 0x9a 0x9b 0xc8 0xf2 0x40 0x13 0x07 0x7b 0x72 0x4e 0xe8 0x33 0xde 0xfb 0x9a 0x8d ], deviceToken=[ 0xe8 0xd5 ], rxAdvertisement=null }, dctAdvertisement=null, address=null, psm=0, deviceToken=<ByteString@2979376 size=2 contents="\350\325">, isSecondProfile=false, rxInstantConnectionAdv=null} (with EndpointId K933 and EndpointInfo [ 0x32 0x9a 0x9b 0xc8 0xf2 0x40 0x13 0x07 0x7b 0x72 0x4e 0xe8 0x33 0xde 0xfb 0x9a 0x8d ]).
07-09 18:21:19.695 19093 10628 I NearbyConnections: ClientProxy(141054581) reporting onEndpointLost(K933)
07-09 18:21:19.698 19093 11509 I NearbySharing: NearbySharing Internal event EndpointLost(endpointId=K933)
07-09 18:21:20.066  1262  1357 I libPerfCtl: xgfGetFPS pid:2295 fps:-1
07-09 18:21:20.067  1262  1357 I libPerfCtl: xgfGetFPS pid:10901 fps:-1
07-09 18:21:20.088  1254  1350 W AString : ctor got NULL, using empty string instead
07-09 18:21:20.088  1254  1350 I SCP-SensorSavedChannel: [-14984,2048,-8901]==>gyro_bias.json
07-09 18:21:20.525 31522 31522 I adbd    : adbd service requested 'exec:screencap '-p''
07-09 18:21:20.593  1254  1350 W AString : ctor got NULL, using empty string instead
07-09 18:21:20.593  1254  1350 I SCP-SensorSavedChannel: [-14983,2053,-8890]==>gyro_bias.json
07-09 18:21:20.632 11888 11888 W screencap: Thread Pool max thread count is 0. Cannot cache binder as linkToDeath cannot be implemented. serviceName: SurfaceFlingerAIDL
07-09 18:21:20.633 11888 11888 W BpBinder: Linking to death on android.gui.ISurfaceComposer but there are no threads (yet?) listening to incoming transactions. See ProcessState::startThreadPool and ProcessState::setThreadPoolMaxThreadCount. Generally you should setup the binder threadpool before other initialization steps.
07-09 18:21:20.633 11888 11888 W ProcessState: Extra binder thread started, but 0 threads requested. Do not use *startThreadPool when zero threads are requested.
07-09 18:21:20.680 11888 11888 I DMABUFHEAPS: Using DMA-BUF heap named: mtk_mm
07-09 18:21:20.680 11888 11888 I DMABUFHEAPS: Using DMA-BUF heap named: mtk_mm-uncached
07-09 18:21:20.681 11888 11888 I DMABUFHEAPS: Using DMA-BUF heap named: mtk_svp_page-uncached
07-09 18:21:20.681 11888 11888 I DMABUFHEAPS: Using DMA-BUF heap named: mtk_prot_region
07-09 18:21:20.681 11888 11888 I DMABUFHEAPS: Using DMA-BUF heap named: mtk_2d_fr_region
07-09 18:21:20.681 11888 11888 I DMABUFHEAPS: Using DMA-BUF heap named: mtk_wfd_page-uncached
07-09 18:21:20.843 11888 11888 W RefBase : RefBase: Explicit destruction, weak count = 0 (in 0x71fc3b3848). Use sp<> to manage this object. Note - if weak count is 0, this leaks mRefs (weakref_impl).
07-09 18:21:21.067  1262  1357 I libPerfCtl: xgfGetFPS pid:10901 fps:-1
07-09 18:21:21.084  1254  1350 W AString : ctor got NULL, using empty string instead
07-09 18:21:21.085  1254  1350 I SCP-SensorSavedChannel: [-14983,2052,-8893]==>gyro_bias.json
07-09 18:21:21.589  1254  1350 W AString : ctor got NULL, using empty string instead
07-09 18:21:21.590  1254  1350 I SCP-SensorSavedChannel: [-14985,2043,-8914]==>gyro_bias.json
07-09 18:21:22.052  2248  2248 E WifiHAL : handleResponse: data=0xb400007b8d0f17d0, len=4888
07-09 18:21:22.052  2248  2248 I WifiHAL : check_data_sanity: confirmed_size=4888, len=4888
07-09 18:21:22.053  2248  2248 I WifiHAL : wifi_get_link_stats: result=0
07-09 18:21:22.078  2248  2248 I WifiHAL : feature_set=0x8489141a
07-09 18:21:22.098  1254  1350 W AString : ctor got NULL, using empty string instead
07-09 18:21:22.098  1254  1350 I SCP-SensorSavedChannel: [-14984,2050,-8896]==>gyro_bias.json
07-09 18:21:22.585  1254  1350 W AString : ctor got NULL, using empty string instead
07-09 18:21:22.585  1254  1350 I SCP-SensorSavedChannel: [-14984,2049,-8900]==>gyro_bias.json
07-09 18:21:23.091  1254  1350 W AString : ctor got NULL, using empty string instead
07-09 18:21:23.094  1254  1350 I SCP-SensorSavedChannel: [-14984,2050,-8897]==>gyro_bias.json
07-09 18:21:23.596  1254  1350 W AString : ctor got NULL, using empty string instead
07-09 18:21:23.596  1254  1350 I SCP-SensorSavedChannel: [-14984,2047,-8904]==>gyro_bias.json
07-09 18:21:23.904  1286  1306 W TeeEndorsementInstaller: Endorsement token not found, wait a bit longer (81 sec) [vendor/mediatek/proprietary/trustzone/trustonic/source/external/mobicore/common/510/Daemon/src/EndorsementInstaller.cpp:104]
07-09 18:21:24.087  1254  1350 W AString : ctor got NULL, using empty string instead
07-09 18:21:24.087  1254  1350 I SCP-SensorSavedChannel: [-14985,2044,-8911]==>gyro_bias.json
07-09 18:21:24.490  1916  1933 I AS.AudioService: getMode, get current owner's mode
07-09 18:21:24.490  1916  1933 I AS.AudioService: getMode, currentModeHandler is null
07-09 18:21:24.591  1254  1350 W AString : ctor got NULL, using empty string instead
07-09 18:21:24.594  1254  1350 I SCP-SensorSavedChannel: [-14984,2046,-8906]==>gyro_bias.json
07-09 18:21:25.097  1254  1350 W AString : ctor got NULL, using empty string instead
07-09 18:21:25.098  1254  1350 I SCP-SensorSavedChannel: [-14984,2048,-8901]==>gyro_bias.json
07-09 18:21:25.105  2248  2248 E WifiHAL : handleResponse: data=0xb400007b8d0f17d0, len=4888
07-09 18:21:25.105  2248  2248 I WifiHAL : check_data_sanity: confirmed_size=4888, len=4888
07-09 18:21:25.105  2248  2248 I WifiHAL : wifi_get_link_stats: result=0
07-09 18:21:25.135  2248  2248 I WifiHAL : feature_set=0x8489141a
07-09 18:21:25.247  1266  1279 E NtChgAidl: NtChgAidl: InGameStatus: 0
07-09 18:21:25.247  1266  1279 E NtChg   : NtChg:T0-6:[50,100,350,370,390,410,500],chg_series:8,is_changed:1,TeBoT0-6:[50,80,350,370,390,410,500],TRegion:2,Temp:324,tzname:shell_front,Ibat:3000,onlineI:-400,param_type:6,AbnormalStatus:512,tzn:60,g_cp_mode:4,vbat:3903,pr_id:2,OnGameStatus:0
07-09 18:21:25.247  1266  1279 E NtChg   : NtChg:handle_batt_temp_cool triggered
07-09 18:21:25.247  1266  1279 E NtChg   : NtChg:set temp_region=2
07-09 18:21:25.247  1266  1279 E NtChg   : NtChg:set ibatmax=3000 and set vbatmax=4500
07-09 18:21:25.588  1254  1350 W AString : ctor got NULL, using empty string instead
07-09 18:21:25.589  1254  1350 I SCP-SensorSavedChannel: [-14983,2055,-8886]==>gyro_bias.json
07-09 18:21:26.093  1254  1350 W AString : ctor got NULL, using empty string instead
07-09 18:21:26.094  1254  1350 I SCP-SensorSavedChannel: [-14983,2052,-8891]==>gyro_bias.json
07-09 18:21:26.598  1254  1350 W AString : ctor got NULL, using empty string instead
07-09 18:21:26.599  1254  1350 I SCP-SensorSavedChannel: [-14984,2049,-8900]==>gyro_bias.json
07-09 18:21:26.599  1254  1350 W AString : ctor got NULL, using empty string instead
07-09 18:21:26.599  1254  1350 I SCP-SensorSavedChannel: [-34,-154,-383,-13793,7496,4580]==>gyro_temp.json
07-09 18:21:26.600  1254  1350 W AString : ctor got NULL, using empty string instead
07-09 18:21:26.600  1254  1350 I SCP-SensorSavedChannel: [-14952,2085,-8781]==>gyro_bias.json
07-09 18:21:26.681  1916  1946 E EventHub: Failed to read sysfs battery info: No such file or directory
07-09 18:21:27.089  1254  1350 W AString : ctor got NULL, using empty string instead
07-09 18:21:27.090  1254  1350 I SCP-SensorSavedChannel: [-14951,2089,-8771]==>gyro_bias.json
07-09 18:21:27.594  1254  1350 W AString : ctor got NULL, using empty string instead
07-09 18:21:27.595  1254  1350 I SCP-SensorSavedChannel: [-14950,2092,-8763]==>gyro_bias.json
07-09 18:21:28.099  1254  1350 W AString : ctor got NULL, using empty string instead
07-09 18:21:28.100  1254  1350 I SCP-SensorSavedChannel: [-14950,2093,-8760]==>gyro_bias.json
07-09 18:21:28.162  2248  2248 E WifiHAL : handleResponse: data=0xb400007b8d0f17d0, len=4888
07-09 18:21:28.162  2248  2248 I WifiHAL : check_data_sanity: confirmed_size=4888, len=4888
07-09 18:21:28.163  2248  2248 I WifiHAL : wifi_get_link_stats: result=0
07-09 18:21:28.192  2248  2248 I WifiHAL : feature_set=0x8489141a
07-09 18:21:28.590  1254  1350 W AString : ctor got NULL, using empty string instead
07-09 18:21:28.591  1254  1350 I SCP-SensorSavedChannel: [-14949,2097,-8751]==>gyro_bias.json
07-09 18:21:29.058  2248  2248 E WifiHAL : handleResponse: data=0xb400007b8d0f17d0, len=4888
07-09 18:21:29.058  2248  2248 I WifiHAL : check_data_sanity: confirmed_size=4888, len=4888
07-09 18:21:29.058  2248  2248 I WifiHAL : wifi_get_link_stats: result=0
07-09 18:21:29.096  1254  1350 W AString : ctor got NULL, using empty string instead
07-09 18:21:29.099  1254  1350 I SCP-SensorSavedChannel: [-14948,2101,-8741]==>gyro_bias.json
07-09 18:21:29.127  1214  1247 I netd    : tetherGetStats() -> {[TetherStatsParcel{iface: wlan0, rxBytes: 0, rxPackets: 0, txBytes: 0, txPackets: 0, ifIndex: 0}]} <5.44ms>
07-09 18:21:29.172  2535  2535 E PhoneInterfaceManager: queryModemActivityInfo: invalid response
07-09 18:21:29.180  1214  1247 I netd    : tetherGetStats() -> {[TetherStatsParcel{iface: wlan0, rxBytes: 0, rxPackets: 0, txBytes: 0, txPackets: 0, ifIndex: 0}]} <4.87ms>
07-09 18:21:29.497  1916  1933 I AS.AudioService: getMode, get current owner's mode
07-09 18:21:29.497  1916  1933 I AS.AudioService: getMode, currentModeHandler is null
07-09 18:21:29.601  1254  1350 W AString : ctor got NULL, using empty string instead
07-09 18:21:29.602  1254  1350 I SCP-SensorSavedChannel: [-14949,2098,-8748]==>gyro_bias.json
07-09 18:21:29.707 19093 10686 I NearbyMediums: No BLE Fast/GATT advertisements found in the latest cycle.
07-09 18:21:29.707 19093 10686 I NearbyMediums: Current Tracked Scanning Clients are : {NearbyConnections.EnvironmentMonitor, NearbySharing}
07-09 18:21:29.709 19093 10628 I NearbyConnections: Processing lost BlePeripheral BlePeripheral{advertisement=BleAdvertisement { version=2, socketVersion=2, isFast=true, serviceIdHash=null, data=[ 0x23 0x35 0x43 0x57 0x49 0x11 0x32 0xf0 0xd8 0x76 0x1e 0x6d 0x16 0xf2 0x1d 0xb1 0xc7 0xd8 0x40 0xc8 0xa4 0xbb 0x2b ], deviceToken=[ 0xe7 0x6b ], rxAdvertisement=null }, dctAdvertisement=null, address=null, psm=0, deviceToken=<ByteString@d18124d size=2 contents="\347k">, isSecondProfile=false, rxInstantConnectionAdv=null}.
07-09 18:21:29.709 19093 10628 I NearbyConnections: Lost BleEndpoint for BlePeripheral BlePeripheral{advertisement=BleAdvertisement { version=2, socketVersion=2, isFast=true, serviceIdHash=null, data=[ 0x23 0x35 0x43 0x57 0x49 0x11 0x32 0xf0 0xd8 0x76 0x1e 0x6d 0x16 0xf2 0x1d 0xb1 0xc7 0xd8 0x40 0xc8 0xa4 0xbb 0x2b ], deviceToken=[ 0xe7 0x6b ], rxAdvertisement=null }, dctAdvertisement=null, address=null, psm=0, deviceToken=<ByteString@d18124d size=2 contents="\347k">, isSecondProfile=false, rxInstantConnectionAdv=null} (with EndpointId 5CWI and EndpointInfo [ 0x32 0xf0 0xd8 0x76 0x1e 0x6d 0x16 0xf2 0x1d 0xb1 0xc7 0xd8 0x40 0xc8 0xa4 0xbb 0x2b ]).
07-09 18:21:29.709 19093 10628 I NearbyConnections: ClientProxy(141054581) reporting onEndpointLost(5CWI)
07-09 18:21:29.710 19093 10628 I NearbyConnections: Processing lost BlePeripheral BlePeripheral{advertisement=BleAdvertisement { version=2, socketVersion=2, isFast=true, serviceIdHash=null, data=[ 0x23 0x4b 0x58 0x52 0x57 0x11 0x32 0xa2 0x0f 0x54 0x42 0x1c 0x8c 0x6b 0xc8 0xcf 0xec 0xa6 0x91 0xba 0x1c 0xe1 0x14 ], deviceToken=[ 0xaa 0x92 ], rxAdvertisement=null }, dctAdvertisement=null, address=null, psm=0, deviceToken=<ByteString@d617102 size=2 contents="\252\222">, isSecondProfile=false, rxInstantConnectionAdv=null}.
07-09 18:21:29.710 19093 10628 I NearbyConnections: Lost BleEndpoint for BlePeripheral BlePeripheral{advertisement=BleAdvertisement { version=2, socketVersion=2, isFast=true, serviceIdHash=null, data=[ 0x23 0x4b 0x58 0x52 0x57 0x11 0x32 0xa2 0x0f 0x54 0x42 0x1c 0x8c 0x6b 0xc8 0xcf 0xec 0xa6 0x91 0xba 0x1c 0xe1 0x14 ], deviceToken=[ 0xaa 0x92 ], rxAdvertisement=null }, dctAdvertisement=null, address=null, psm=0, deviceToken=<ByteString@d617102 size=2 contents="\252\222">, isSecondProfile=false, rxInstantConnectionAdv=null} (with EndpointId KXRW and EndpointInfo [ 0x32 0xa2 0x0f 0x54 0x42 0x1c 0x8c 0x6b 0xc8 0xcf 0xec 0xa6 0x91 0xba 0x1c 0xe1 0x14 ]).
07-09 18:21:29.710 19093 10628 I NearbyConnections: ClientProxy(141054581) reporting onEndpointLost(KXRW)
07-09 18:21:29.711 19093 11509 I NearbySharing: NearbySharing Internal event EndpointLost(endpointId=5CWI)
07-09 18:21:29.715 19093 11890 I NearbySharing: NearbySharing Internal event EndpointLost(endpointId=KXRW)
07-09 18:21:30.091  1254  1350 W AString : ctor got NULL, using empty string instead
07-09 18:21:30.092  1254  1350 I SCP-SensorSavedChannel: [-14948,2104,-8735]==>gyro_bias.json
07-09 18:21:30.597  1254  1350 W AString : ctor got NULL, using empty string instead
07-09 18:21:30.599  1254  1350 I SCP-SensorSavedChannel: [-14948,2100,-8744]==>gyro_bias.json
07-09 18:21:31.102  1254  1350 W AString : ctor got NULL, using empty string instead
07-09 18:21:31.103  1254  1350 I SCP-SensorSavedChannel: [-14948,2102,-8738]==>gyro_bias.json
07-09 18:21:31.211  2248  2248 E WifiHAL : handleResponse: data=0xb400007b8d0f17d0, len=4888
07-09 18:21:31.211  2248  2248 I WifiHAL : check_data_sanity: confirmed_size=4888, len=4888
07-09 18:21:31.211  2248  2248 I WifiHAL : wifi_get_link_stats: result=0
07-09 18:21:31.234  2248  2248 I WifiHAL : feature_set=0x8489141a
07-09 18:21:31.259  1266  1279 E NtChgAidl: NtChgAidl: InGameStatus: 0
07-09 18:21:31.259  1266  1279 E NtChg   : NtChg:T0-6:[50,100,350,370,390,410,500],chg_series:8,is_changed:1,TeBoT0-6:[50,80,350,370,390,410,500],TRegion:2,Temp:324,tzname:shell_front,Ibat:3000,onlineI:-400,param_type:6,AbnormalStatus:512,tzn:60,g_cp_mode:4,vbat:3903,pr_id:2,OnGameStatus:0
07-09 18:21:31.259  1266  1279 E NtChg   : NtChg:handle_batt_temp_cool triggered
07-09 18:21:31.259  1266  1279 E NtChg   : NtChg:set temp_region=2
07-09 18:21:31.259  1266  1279 E NtChg   : NtChg:set ibatmax=3000 and set vbatmax=4500
07-09 18:21:31.593  1254  1350 W AString : ctor got NULL, using empty string instead
07-09 18:21:31.594  1254  1350 I SCP-SensorSavedChannel: [-14949,2096,-8753]==>gyro_bias.json
07-09 18:21:32.098  1254  1350 W AString : ctor got NULL, using empty string instead
07-09 18:21:32.099  1254  1350 I SCP-SensorSavedChannel: [-14947,2107,-8726]==>gyro_bias.json
07-09 18:21:32.603  1254  1350 W AString : ctor got NULL, using empty string instead
07-09 18:21:32.604  1254  1350 I SCP-SensorSavedChannel: [-14947,2104,-8733]==>gyro_bias.json
07-09 18:21:32.711 31522 31522 I adbd    : adbd service requested 'shell,v2,TERM=dumb,raw:input keyevent 4'
07-09 18:21:32.771  1277  1708 E SurfaceFlinger: MtkDuration override mode is disabled
07-09 18:21:32.772  1277  1708 I PowerHalWrapper: updateFps(): 90
07-09 18:21:32.772  1243  1693 I hwcomposer: [DRMDEV] (0:60) failed to waitNextVsync: -1  
07-09 18:21:32.774  3379  3379 I StylusModule: StylusModule.onUpdateToolType():774 Update tool type = 0
07-09 18:21:32.783  1243  1243 I hwcomposer: [HWCDisplay] (0) setActiveConfigWithConstraints config:2  
07-09 18:21:32.783  1243  1243 I hwcomposer: [HWCDisplay] setActiveConfigWithConstraints(), now 671404965459095, diff 420385, estimated_applied_time 16666667 queued_size:0  
07-09 18:21:32.785  1243  1243 I hwcomposer: [HWCDisplay] [Display_0 (type:1, mode:2)] fps:0.105824,dur:18899.26,max:18856.04,min:43.22  
07-09 18:21:32.787  1243  1693 I hwcomposer: [DRMDEV] (0:60) failed to waitNextVsync: -1  
07-09 18:21:32.793  1277  1277 I PowerHalWrapper: updateFps(): 90
07-09 18:21:32.793  1277  1277 I PowerHalWrapper: mEnableMultiDisplayMode enable=0 fps=90
07-09 18:21:32.794  1277  1277 I mtkpower_client: PowerHal_Wrap_EnableMultiDisplayMode, enable:0 fps:90 CurMultiDisplayMode:-1
07-09 18:21:32.795  1277  1277 I PowerHalWrapper: updateFps(): 90
07-09 18:21:32.816  1243  1717 I hwcomposer: [HWCDisplay] updateAppliedConfigState: applied config complete[idx:671404982125762, config:2]  
07-09 18:21:32.901  1277  1277 I BufferQueueProducer: [com.weatheron.mobile/com.weatheron.mobile.MainActivity#26474](this:0xb4000072cec534d8,id:-1,api:0,p:-1,c:1277) queueBuffer: fps=1.17 dur=21300.39 max=21021.80 min=10.68
07-09 18:21:33.094  1254  1350 W AString : ctor got NULL, using empty string instead
07-09 18:21:33.096  1254  1350 I SCP-SensorSavedChannel: [-14949,2099,-8747]==>gyro_bias.json
07-09 18:21:33.600  1254  1350 W AString : ctor got NULL, using empty string instead
07-09 18:21:33.600  1254  1350 I SCP-SensorSavedChannel: [-14949,2096,-8753]==>gyro_bias.json
07-09 18:21:33.891  1262  1357 I libPerfCtl: xgfGetFPS pid:10901 fps:-1
07-09 18:21:34.095  1254  1350 W AString : ctor got NULL, using empty string instead
07-09 18:21:34.096  1254  1350 I SCP-SensorSavedChannel: [-14949,2099,-8747]==>gyro_bias.json
07-09 18:21:34.104  1254  1350 W AString : ctor got NULL, using empty string instead
07-09 18:21:34.105  1254  1350 I SCP-SensorSavedChannel: [-27,-153,-368,-14061,7446,3993]==>gyro_temp.json
07-09 18:21:34.105  1254  1350 W AString : ctor got NULL, using empty string instead
07-09 18:21:34.106  1254  1350 I SCP-SensorSavedChannel: [-14995,2091,-8845]==>gyro_bias.json
07-09 18:21:34.260  2248  2248 E WifiHAL : handleResponse: data=0xb400007b8d0f17d0, len=4888
07-09 18:21:34.260  2248  2248 I WifiHAL : check_data_sanity: confirmed_size=4888, len=4888
07-09 18:21:34.260  2248  2248 I WifiHAL : wifi_get_link_stats: result=0
07-09 18:21:34.284  2248  2248 I WifiHAL : feature_set=0x8489141a
07-09 18:21:34.448  1277  1277 I BufferQueueProducer: [com.weatheron.mobile/com.weatheron.mobile.MainActivity#26474](this:0xb4000072cec534d8,id:-1,api:0,p:-1,c:1277) queueBuffer: fps=11.63 dur=1547.43 max=1291.30 min=10.46
07-09 18:21:34.451  1243  1243 I hwcomposer: [HWCDisplay] [Display_0 (type:1, mode:2)] fps:12.007487,dur:1665.63,max:1291.53,min:10.33  
07-09 18:21:34.502  1916  1933 I AS.AudioService: getMode, get current owner's mode
07-09 18:21:34.502  1916  1933 I AS.AudioService: getMode, currentModeHandler is null
07-09 18:21:34.595  1254  1350 W AString : ctor got NULL, using empty string instead
07-09 18:21:34.596  1254  1350 I SCP-SensorSavedChannel: [-14995,2089,-8851]==>gyro_bias.json
07-09 18:21:34.892  1262  1357 I libPerfCtl: xgfGetFPS pid:10901 fps:-1
07-09 18:21:35.606  1254  1350 W AString : ctor got NULL, using empty string instead
07-09 18:21:35.606  1254  1350 I SCP-SensorSavedChannel: [-14995,2088,-8854]==>gyro_bias.json
07-09 18:21:35.774  1277  1709 E SurfaceFlinger: MtkDuration override mode is disabled
07-09 18:21:35.775  1277  1709 I PowerHalWrapper: updateFps(): 60
07-09 18:21:35.775  1243  1693 I hwcomposer: [DRMDEV] (0:60) failed to waitNextVsync: -1  
07-09 18:21:35.781  1243  1693 I hwcomposer: [DRMDEV] (0:60) failed to waitNextVsync: -1  
07-09 18:21:35.782  1243  1243 I hwcomposer: [HWCDisplay] (0) setActiveConfigWithConstraints config:0  
07-09 18:21:35.782  1243  1243 I hwcomposer: [HWCDisplay] setActiveConfigWithConstraints(), now 671407963840018, diff 428692, estimated_applied_time 11111111 queued_size:0  
07-09 18:21:35.784  1243  1243 I hwcomposer: [HWCDisplay] [Display_0 (type:1, mode:2)] fps:18.006809,dur:1332.83,max:1066.65,min:10.38  
07-09 18:21:35.792  1243  1693 I hwcomposer: [DRMDEV] (0:60) failed to waitNextVsync: -1  
07-09 18:21:35.792  1277  1277 I PowerHalWrapper: updateFps(): 60
07-09 18:21:35.793  1277  1277 I PowerHalWrapper: mEnableMultiDisplayMode enable=0 fps=60
07-09 18:21:35.793  1277  1277 I mtkpower_client: PowerHal_Wrap_EnableMultiDisplayMode, enable:0 fps:60 CurMultiDisplayMode:-1
07-09 18:21:35.794  1277  1277 I PowerHalWrapper: updateFps(): 60
07-09 18:21:35.826  1243  1717 I hwcomposer: [HWCDisplay] updateAppliedConfigState: applied config complete[idx:671407974951129, config:0]  
07-09 18:21:35.892  1262  1357 I libPerfCtl: xgfGetFPS pid:10901 fps:-1
07-09 18:21:36.097  1254  1350 W AString : ctor got NULL, using empty string instead
07-09 18:21:36.097  1254  1350 I SCP-SensorSavedChannel: [-14995,2092,-8843]==>gyro_bias.json
07-09 18:21:36.601  1254  1350 W AString : ctor got NULL, using empty string instead
07-09 18:21:36.602  1254  1350 I SCP-SensorSavedChannel: [-14996,2087,-8856]==>gyro_bias.json
07-09 18:21:36.687  1916  1946 E EventHub: Failed to read sysfs battery info: No such file or directory
07-09 18:21:36.893  1262  1357 I libPerfCtl: xgfGetFPS pid:10901 fps:-1
07-09 18:21:37.107  1254  1350 W AString : ctor got NULL, using empty string instead
07-09 18:21:37.107  1254  1350 I SCP-SensorSavedChannel: [-14994,2094,-8840]==>gyro_bias.json
07-09 18:21:37.269  1266  1279 E NtChgAidl: NtChgAidl: InGameStatus: 0
07-09 18:21:37.269  1266  1279 E NtChg   : NtChg:T0-6:[50,100,350,370,390,410,500],chg_series:8,is_changed:1,TeBoT0-6:[50,80,350,370,390,410,500],TRegion:2,Temp:323,tzname:shell_front,Ibat:3000,onlineI:-400,param_type:6,AbnormalStatus:512,tzn:60,g_cp_mode:4,vbat:3903,pr_id:2,OnGameStatus:0
07-09 18:21:37.269  1266  1279 E NtChg   : NtChg:handle_batt_temp_cool triggered
07-09 18:21:37.269  1266  1279 E NtChg   : NtChg:set temp_region=2
07-09 18:21:37.269  1266  1279 E NtChg   : NtChg:set ibatmax=3000 and set vbatmax=4500
07-09 18:21:37.312  2248  2248 E WifiHAL : handleResponse: data=0xb400007b8d0f17d0, len=4888
07-09 18:21:37.312  2248  2248 I WifiHAL : check_data_sanity: confirmed_size=4888, len=4888
07-09 18:21:37.312  2248  2248 I WifiHAL : wifi_get_link_stats: result=0
07-09 18:21:37.344  2248  2248 I WifiHAL : feature_set=0x8489141a
07-09 18:21:37.585  1461  1907 E md_thermal: interval=40 temp: 33700 32900 31600 31700
07-09 18:21:37.598  1254  1350 W AString : ctor got NULL, using empty string instead
07-09 18:21:37.599  1254  1350 I SCP-SensorSavedChannel: [-14995,2092,-8843]==>gyro_bias.json
07-09 18:21:37.893  1262  1357 I libPerfCtl: xgfGetFPS pid:10901 fps:-1
07-09 18:21:38.103  1254  1350 W AString : ctor got NULL, using empty string instead
07-09 18:21:38.104  1254  1350 I SCP-SensorSavedChannel: [-14994,2094,-8838]==>gyro_bias.json
07-09 18:21:38.494  2480  2820 W BluetoothMetricsLogger: MetricsLogger isn't initialized
07-09 18:21:38.494  2480  2820 W BluetoothMetricsLogger: MetricsLogger isn't initialized
07-09 18:21:38.499 19093 10416 I NearbyConnections: Found BleAdvertisement [ 0x23 0x4b 0x58 0x52 0x57 0x11 0x32 0xa2 0x0f 0x54 0x42 0x1c 0x8c 0x6b 0xc8 0xcf 0xec 0xa6 0x91 0xba 0x1c 0xe1 0x14 ] (with EndpointId KXRW and EndpointInfo [ 0x32 0xa2 0x0f 0x54 0x42 0x1c 0x8c 0x6b 0xc8 0xcf 0xec 0xa6 0x91 0xba 0x1c 0xe1 0x14 ])
07-09 18:21:38.500 19093 10416 I NearbyConnections: ClientProxy(141054581 0p:com.google.android.gms.nearby.sharing) reporting onEndpointFound(KXRW)
07-09 18:21:38.500 19093 10416 I NearbyConnections: ClientProxy(141054581) reporting onEndpointDistanceChanged(KXRW, UNKNOWN)
07-09 18:21:38.502 19093 10416 I NearbySharing: NearbySharing Internal event EndpointDiscovered(endpointId=KXRW)
07-09 18:21:38.608  1254  1350 W AString : ctor got NULL, using empty string instead
07-09 18:21:38.609  1254  1350 I SCP-SensorSavedChannel: [-14995,2091,-8846]==>gyro_bias.json
07-09 18:21:38.883  1277  1277 I BufferQueueProducer: [com.weatheron.mobile/com.weatheron.mobile.MainActivity#26474](this:0xb4000072cec534d8,id:-1,api:0,p:-1,c:1277) queueBuffer: fps=5.41 dur=4435.09 max=4168.46 min=10.65
07-09 18:21:38.886  1243  1243 I hwcomposer: [HWCDisplay] [Display_0 (type:1, mode:2)] fps:0.644741,dur:3102.02,max:3090.52,min:11.50  
07-09 18:21:38.894  1262  1357 I libPerfCtl: xgfGetFPS pid:10901 fps:-1
07-09 18:21:39.099  1254  1350 W AString : ctor got NULL, using empty string instead
07-09 18:21:39.100  1254  1350 I SCP-SensorSavedChannel: [-14994,2094,-8840]==>gyro_bias.json
07-09 18:21:39.509  1916  1933 I AS.AudioService: getMode, get current owner's mode
07-09 18:21:39.509  1916  1933 I AS.AudioService: getMode, currentModeHandler is null
07-09 18:21:39.602  1254  1350 W AString : ctor got NULL, using empty string instead
07-09 18:21:39.603  1254  1350 I SCP-SensorSavedChannel: [-14993,2100,-8824]==>gyro_bias.json
07-09 18:21:39.717 19093 11890 I NearbyMediums: Found Fast Ble Advertisements :
07-09 18:21:39.717 19093 11890 I NearbyMediums: BleAdvertisement { version=2, socketVersion=2, isFast=true, serviceIdHash=null, data=[ 0x23 0x4b 0x58 0x52 0x57 0x11 0x32 0xa2 0x0f 0x54 0x42 0x1c 0x8c 0x6b 0xc8 0xcf 0xec 0xa6 0x91 0xba 0x1c 0xe1 0x14 ], deviceToken=[ 0xaa 0x92 ], rxAdvertisement=null } : 1 times.
07-09 18:21:39.717 19093 11890 I NearbyMediums: Total 1 fast advertisements from 1 unique advertisers.
07-09 18:21:39.722 19093 11890 I NearbyMediums: Current Tracked Scanning Clients are : {NearbyConnections.EnvironmentMonitor, NearbySharing}
07-09 18:21:39.894  1262  1357 I libPerfCtl: xgfGetFPS pid:10901 fps:-1
07-09 18:21:39.956  2480  2820 W BluetoothMetricsLogger: MetricsLogger isn't initialized
07-09 18:21:39.957  2480  2820 W BluetoothMetricsLogger: MetricsLogger isn't initialized
07-09 18:21:39.960 19093 11890 I NearbyMediums: This GATT advertisement BleAdvertisement { version=2, socketVersion=2, isFast=true, serviceIdHash=null, data=[ 0x23 0x52 0x31 0x56 0x58 0x11 0x34 0x72 0x07 0x53 0x9a 0xb1 0x05 0xe3 0x05 0x4e 0x84 0xb1 0x7d 0xed 0x77 0x59 0xf5 ], deviceToken=[ 0x82 0xd9 ], rxAdvertisement=null } is a Fast Advertisement and matched UUID 0000fef3-0000-1000-8000-00805f9b34fb in fastAdvertisementServiceUuids map with serviceID NearbySharing
07-09 18:21:39.961 19093 10686 I NearbyConnections: Found BleAdvertisement [ 0x23 0x52 0x31 0x56 0x58 0x11 0x34 0x72 0x07 0x53 0x9a 0xb1 0x05 0xe3 0x05 0x4e 0x84 0xb1 0x7d 0xed 0x77 0x59 0xf5 ] (with EndpointId R1VX and EndpointInfo [ 0x34 0x72 0x07 0x53 0x9a 0xb1 0x05 0xe3 0x05 0x4e 0x84 0xb1 0x7d 0xed 0x77 0x59 0xf5 ])
07-09 18:21:39.961 19093 10686 I NearbyConnections: ClientProxy(141054581 0p:com.google.android.gms.nearby.sharing) reporting onEndpointFound(R1VX)
07-09 18:21:39.962 19093 10686 I NearbyConnections: ClientProxy(141054581) reporting onEndpointDistanceChanged(R1VX, UNKNOWN)
07-09 18:21:39.963 19093 10416 I NearbySharing: NearbySharing Internal event EndpointDiscovered(endpointId=R1VX)
07-09 18:21:40.109  1254  1350 W AString : ctor got NULL, using empty string instead
07-09 18:21:40.113  1254  1350 I SCP-SensorSavedChannel: [-14993,2099,-8827]==>gyro_bias.json
07-09 18:21:40.372  2248  2248 E WifiHAL : handleResponse: data=0xb400007b8d0f17d0, len=4888
07-09 18:21:40.372  2248  2248 I WifiHAL : check_data_sanity: confirmed_size=4888, len=4888
07-09 18:21:40.372  2248  2248 I WifiHAL : wifi_get_link_stats: result=0
07-09 18:21:40.401  2248  2248 I WifiHAL : feature_set=0x8489141a
