07-09 18:19:26.377 11787 11803 E othing.launcher: Invalid resource ID 0x00000000.
07-09 18:19:26.379 11787 11803 I othing.launcher: AssetManager2(0xb400006f6aa9a018) locale list changing from [] to [ko-KR]
07-09 18:19:26.380 11787 11803 E othing.launcher: Invalid resource ID 0x00000000.
07-09 18:19:26.380 11787 11803 E othing.launcher: Invalid resource ID 0x00000000.
07-09 18:19:26.380 11787 11803 E othing.launcher: Invalid resource ID 0x00000000.
07-09 18:19:26.380 11787 11803 E othing.launcher: Invalid resource ID 0x00000000.
07-09 18:19:26.388  1916  3981 W ParceledListSlice: Element #28 is 22036 bytes.
07-09 18:19:26.388  1916  3981 W ParceledListSlice: Element #29 is 21676 bytes.
07-09 18:19:26.389  1916  3981 W ParceledListSlice: Element #30 is 21928 bytes.
07-09 18:19:26.389  1916  3981 W ParceledListSlice: Element #31 is 22136 bytes.
07-09 18:19:26.389  1916  3981 W ParceledListSlice: Element #32 is 21940 bytes.
07-09 18:19:26.394 11787 11803 I othing.launcher: AssetManager2(0xb400006f6aad33b8) locale list changing from [] to [ko-KR]
07-09 18:19:26.398 11787 11803 W HWUI    : Image decoding logging dropped!
07-09 18:19:26.403 11787 11803 I othing.launcher: AssetManager2(0xb400006f6aaf4d38) locale list changing from [] to [ko-KR]
07-09 18:19:26.403 11787 11803 I othing.launcher: AssetManager2(0xb400006f6ab1ae98) locale list changing from [] to [en]
07-09 18:19:26.405 11787 11803 W HWUI    : Image decoding logging dropped!
07-09 18:19:26.410 11787 11803 W HWUI    : Image decoding logging dropped!
07-09 18:19:26.414 11787 11803 W HWUI    : Image decoding logging dropped!
07-09 18:19:26.441  1916  1954 I system_server: AssetManager2(0xb400006f6ab3b238) locale list changing from [] to [ko-KR]
07-09 18:19:26.443  1916  1954 I system_server: AssetManager2(0xb400006f6aaf0238) locale list changing from [] to [ko-KR]
07-09 18:19:26.450 11787 11803 I othing.launcher: AssetManager2(0xb400006f6aafb778) locale list changing from [] to [ko-KR]
07-09 18:19:26.455 11787 11803 W HWUI    : Image decoding logging dropped!
07-09 18:19:26.460 11787 11803 W HWUI    : Image decoding logging dropped!
07-09 18:19:26.468 11787 11803 I othing.launcher: AssetManager2(0xb400006f6ab2d458) locale list changing from [] to [en]
07-09 18:19:26.472 11787 11803 I othing.launcher: AssetManager2(0xb400006f6aae4398) locale list changing from [] to [ko-KR]
07-09 18:19:26.478 11787 11803 W HWUI    : Image decoding logging dropped!
07-09 18:19:26.483 11787 11803 I othing.launcher: AssetManager2(0xb400006f6ab25438) locale list changing from [] to [en]
07-09 18:19:26.486 11787 11803 W HWUI    : Image decoding logging dropped!
07-09 18:19:26.494  1254  1350 W AString : ctor got NULL, using empty string instead
07-09 18:19:26.495  1254  1350 I SCP-SensorSavedChannel: [-15032,1922,-9272]==>gyro_bias.json
07-09 18:19:26.514  1916  1954 W HWUI    : Image decoding logging dropped!
07-09 18:19:26.518  1916  1954 I system_server: AssetManager2(0xb400006f6aaabf98) locale list changing from [] to [ko-KR]
07-09 18:19:26.519  1916  1954 I system_server: AssetManager2(0xb400006f6aada438) locale list changing from [] to [ko-KR]
07-09 18:19:26.548  2348 11731 I FraudProtectUtils: Not in testing population, skipping local test bank apps. [CONTEXT service_id=469 ]
07-09 18:19:26.548  2348 11731 I FraudProtectUtils: (REDACTED) Latest bank app list size: %d, %s isBankApp: false
07-09 18:19:26.548  2348 11731 W ComponentChangedIO: No package name in intent data or package is not a bank app [CONTEXT service_id=469 ]
07-09 18:19:26.549  1916  1954 W HWUI    : Image decoding logging dropped!
07-09 18:19:26.579  1916  1946 E EventHub: Failed to read sysfs battery info: No such file or directory
07-09 18:19:26.579  1916  1954 W HWUI    : Image decoding logging dropped!
07-09 18:19:26.609  1916  1954 W HWUI    : Image decoding logging dropped!
07-09 18:19:26.627 11787 11803 I othing.launcher: AssetManager2(0xb400006f6ab3b238) locale list changing from [] to [ko-KR]
07-09 18:19:26.631 11787 11803 W HWUI    : Image decoding logging dropped!
07-09 18:19:26.636 11787 11803 W HWUI    : Image decoding logging dropped!
07-09 18:19:26.652 11787 11803 I othing.launcher: AssetManager2(0xb400006f6aae3a38) locale list changing from [] to [en]
07-09 18:19:26.655 11787 11803 W HWUI    : Image decoding logging dropped!
07-09 18:19:26.656 11787 11803 W HWUI    : Image decoding logging dropped!
07-09 18:19:26.663 11787 11803 W HWUI    : Image decoding logging dropped!
07-09 18:19:26.665 11787 11803 W HWUI    : Image decoding logging dropped!
07-09 18:19:26.674 11787 11803 I othing.launcher: AssetManager2(0xb400006f6aaa2cb8) locale list changing from [] to [ko-KR]
07-09 18:19:26.677 11787 11803 W HWUI    : Image decoding logging dropped!
07-09 18:19:26.681 11787 11803 W HWUI    : Image decoding logging dropped!
07-09 18:19:26.682 11787 11803 W HWUI    : Image decoding logging dropped!
07-09 18:19:26.693 11787 11803 I othing.launcher: AssetManager2(0xb400006f6aa7fa38) locale list changing from [] to [en]
07-09 18:19:26.695 11787 11803 W HWUI    : Image decoding logging dropped!
07-09 18:19:26.714  1916  1954 I system_server: AssetManager2(0xb400006f6aac4f98) locale list changing from [] to [ko-KR]
07-09 18:19:26.725 11787 11803 I othing.launcher: AssetManager2(0xb400006f6aa7ce78) locale list changing from [] to [ko-KR]
07-09 18:19:26.728 11787 11803 W HWUI    : Image decoding logging dropped!
07-09 18:19:26.733 11787 11803 W HWUI    : Image decoding logging dropped!
07-09 18:19:26.734 11517 11568 E QTagParser: Error reading from /proc/net/xt_qtaguid/stats. Please check if this file exists.
07-09 18:19:26.742 11787 11803 I othing.launcher: AssetManager2(0xb400006f6ab0ab38) locale list changing from [] to [en]
07-09 18:19:26.745 11787 11803 W HWUI    : Image decoding logging dropped!
07-09 18:19:26.748 11787 11803 W HWUI    : Image decoding logging dropped!
07-09 18:19:26.754 11787 11803 W HWUI    : Image decoding logging dropped!
07-09 18:19:26.756 11787 11803 W HWUI    : Image decoding logging dropped!
07-09 18:19:26.767 11787 11803 I othing.launcher: AssetManager2(0xb400006f6ab15a38) locale list changing from [] to [ko-KR]
07-09 18:19:26.778 11787 11803 W HWUI    : Image decoding logging dropped!
07-09 18:19:26.781 11787 11803 W HWUI    : Image decoding logging dropped!
07-09 18:19:26.790 11787 11803 I othing.launcher: AssetManager2(0xb400006f6aa8e7b8) locale list changing from [] to [en]
07-09 18:19:26.795 11787 11803 W HWUI    : Image decoding logging dropped!
07-09 18:19:26.798 11787 11803 W HWUI    : Image decoding logging dropped!
07-09 18:19:26.806 11787 11803 W HWUI    : Image decoding logging dropped!
07-09 18:19:26.808 11787 11803 W HWUI    : Image decoding logging dropped!
07-09 18:19:26.829 11787 11803 I othing.launcher: AssetManager2(0xb400006f6aafd9d8) locale list changing from [] to [ko-KR]
07-09 18:19:26.835 11787 11803 W HWUI    : Image decoding logging dropped!
07-09 18:19:26.840 11787 11803 I othing.launcher: AssetManager2(0xb400006f6ab231d8) locale list changing from [] to [en]
07-09 18:19:26.843 11787 11803 W HWUI    : Image decoding logging dropped!
07-09 18:19:26.848 11787 11803 W HWUI    : Image decoding logging dropped!
07-09 18:19:26.854 11787 11803 W HWUI    : Image decoding logging dropped!
07-09 18:19:26.859 11787 11803 W HWUI    : Image decoding logging dropped!
07-09 18:19:26.866 11787 11803 W HWUI    : Image decoding logging dropped!
07-09 18:19:26.872 11787 11803 W HWUI    : Image decoding logging dropped!
07-09 18:19:26.877 11787 11803 W HWUI    : Image decoding logging dropped!
07-09 18:19:26.882 11787 11803 W HWUI    : Image decoding logging dropped!
07-09 18:19:26.886   468   468 I lowmemorykiller: nr_free_pages: 52054 nr_inactive_file: 229762 nr_active_file: 692589 workingset_refault: 39672482 pgscan_kswapd: 54456400 pgscan_direct: 420486 pgscan_direct_throttle: 0 init_pgscan_direct: 391252 init_pgscan_kswapd: 54211611 base_file_lru: 933375 init_ws_refault: 39495389 free_swap: 591850 total_swap: 1048575 swap_free_percentage: 56%
07-09 18:19:26.896 11787 11803 I othing.launcher: AssetManager2(0xb400006f6ab27cd8) locale list changing from [] to [ko-KR]
07-09 18:19:26.901 11787 11803 W HWUI    : Image decoding logging dropped!
07-09 18:19:26.906 11787 11803 I othing.launcher: AssetManager2(0xb400006f6aa99cf8) locale list changing from [] to [en]
07-09 18:19:26.909 11787 11803 W HWUI    : Image decoding logging dropped!
07-09 18:19:26.916 11787 11803 W HWUI    : Image decoding logging dropped!
07-09 18:19:26.924 11787 11803 I othing.launcher: AssetManager2(0xb400006f6aad9ad8) locale list changing from [] to [ko-KR]
07-09 18:19:26.928 11787 11803 I othing.launcher: AssetManager2(0xb400006f6aaa2678) locale list changing from [] to [en]
07-09 18:19:26.933 11787 11803 W HWUI    : Image decoding logging dropped!
07-09 18:19:26.950 11787 11803 W HWUI    : Image decoding logging dropped!
07-09 18:19:26.961 11787 11803 W HWUI    : Image decoding logging dropped!
07-09 18:19:26.985  1254  1350 W AString : ctor got NULL, using empty string instead
07-09 18:19:26.986  1254  1350 I SCP-SensorSavedChannel: [-15035,1905,-9312]==>gyro_bias.json
07-09 18:19:26.987   468   468 I lowmemorykiller: nr_free_pages: 48653 nr_inactive_file: 229864 nr_active_file: 693268 workingset_refault: 39673226 pgscan_kswapd: 54456400 pgscan_direct: 420486 pgscan_direct_throttle: 0 init_pgscan_direct: 391252 init_pgscan_kswapd: 54456400 base_file_lru: 922351 init_ws_refault: 39672482 free_swap: 591850 total_swap: 1048575 swap_free_percentage: 56%
07-09 18:19:27.088   468   468 I lowmemorykiller: nr_free_pages: 48590 nr_inactive_file: 229864 nr_active_file: 693268 workingset_refault: 39673233 pgscan_kswapd: 54456400 pgscan_direct: 420486 pgscan_direct_throttle: 0 init_pgscan_direct: 391252 init_pgscan_kswapd: 54456400 base_file_lru: 922351 init_ws_refault: 39672482 free_swap: 591850 total_swap: 1048575 swap_free_percentage: 56%
07-09 18:19:27.183  1262  1357 I libPerfCtl: xgfGetFPS pid:2295 fps:-1
07-09 18:19:27.183  1262  1357 I libPerfCtl: xgfGetFPS pid:10901 fps:-1
07-09 18:19:27.183  1262  1357 I libPerfCtl: xgfGetFPS pid:11787 fps:-1
07-09 18:19:27.190   468   468 I lowmemorykiller: nr_free_pages: 48590 nr_inactive_file: 229864 nr_active_file: 693275 workingset_refault: 39673233 pgscan_kswapd: 54456400 pgscan_direct: 420486 pgscan_direct_throttle: 0 init_pgscan_direct: 391252 init_pgscan_kswapd: 54456400 base_file_lru: 922351 init_ws_refault: 39672482 free_swap: 591850 total_swap: 1048575 swap_free_percentage: 56%
07-09 18:19:27.291   468   468 I lowmemorykiller: nr_free_pages: 48590 nr_inactive_file: 229864 nr_active_file: 693275 workingset_refault: 39673233 pgscan_kswapd: 54456400 pgscan_direct: 420486 pgscan_direct_throttle: 0 init_pgscan_direct: 391252 init_pgscan_kswapd: 54456400 base_file_lru: 922351 init_ws_refault: 39672482 free_swap: 591850 total_swap: 1048575 swap_free_percentage: 56%
07-09 18:19:27.392   468   468 I lowmemorykiller: nr_free_pages: 48590 nr_inactive_file: 229864 nr_active_file: 693275 workingset_refault: 39673233 pgscan_kswapd: 54456400 pgscan_direct: 420486 pgscan_direct_throttle: 0 init_pgscan_direct: 391252 init_pgscan_kswapd: 54456400 base_file_lru: 922351 init_ws_refault: 39672482 free_swap: 591850 total_swap: 1048575 swap_free_percentage: 56%
07-09 18:19:27.491  1254  1350 W AString : ctor got NULL, using empty string instead
07-09 18:19:27.491  1254  1350 I SCP-SensorSavedChannel: [-15037,1893,-9338]==>gyro_bias.json
07-09 18:19:27.494   468   468 I lowmemorykiller: nr_free_pages: 48590 nr_inactive_file: 229863 nr_active_file: 693275 workingset_refault: 39673233 pgscan_kswapd: 54456400 pgscan_direct: 420486 pgscan_direct_throttle: 0 init_pgscan_direct: 391252 init_pgscan_kswapd: 54456400 base_file_lru: 922351 init_ws_refault: 39672482 free_swap: 591850 total_swap: 1048575 swap_free_percentage: 56%
07-09 18:19:27.595   468   468 I lowmemorykiller: nr_free_pages: 48590 nr_inactive_file: 229863 nr_active_file: 693275 workingset_refault: 39673233 pgscan_kswapd: 54456400 pgscan_direct: 420486 pgscan_direct_throttle: 0 init_pgscan_direct: 391252 init_pgscan_kswapd: 54456400 base_file_lru: 922351 init_ws_refault: 39672482 free_swap: 591850 total_swap: 1048575 swap_free_percentage: 56%
07-09 18:19:27.696   468   468 I lowmemorykiller: nr_free_pages: 48590 nr_inactive_file: 229864 nr_active_file: 693275 workingset_refault: 39673233 pgscan_kswapd: 54456400 pgscan_direct: 420486 pgscan_direct_throttle: 0 init_pgscan_direct: 391252 init_pgscan_kswapd: 54456400 base_file_lru: 922351 init_ws_refault: 39672482 free_swap: 591850 total_swap: 1048575 swap_free_percentage: 56%
07-09 18:19:27.735 11517 11568 E QTagParser: Error reading from /proc/net/xt_qtaguid/stats. Please check if this file exists.
07-09 18:19:27.798   468   468 I lowmemorykiller: nr_free_pages: 48590 nr_inactive_file: 229864 nr_active_file: 693275 workingset_refault: 39673233 pgscan_kswapd: 54456400 pgscan_direct: 420486 pgscan_direct_throttle: 0 init_pgscan_direct: 391252 init_pgscan_kswapd: 54456400 base_file_lru: 922351 init_ws_refault: 39672482 free_swap: 591850 total_swap: 1048575 swap_free_percentage: 56%
07-09 18:19:27.899   468   468 I lowmemorykiller: nr_free_pages: 48590 nr_inactive_file: 229864 nr_active_file: 693275 workingset_refault: 39673233 pgscan_kswapd: 54456400 pgscan_direct: 420486 pgscan_direct_throttle: 0 init_pgscan_direct: 391252 init_pgscan_kswapd: 54456400 base_file_lru: 922351 init_ws_refault: 39672482 free_swap: 591850 total_swap: 1048575 swap_free_percentage: 56%
07-09 18:19:27.996  1254  1350 W AString : ctor got NULL, using empty string instead
07-09 18:19:27.996  1254  1350 I SCP-SensorSavedChannel: [-15039,1877,-9375]==>gyro_bias.json
07-09 18:19:28.183  1262  1357 I libPerfCtl: xgfGetFPS pid:2295 fps:-1
07-09 18:19:28.183  1262  1357 I libPerfCtl: xgfGetFPS pid:10901 fps:-1
07-09 18:19:28.183  1262  1357 I libPerfCtl: xgfGetFPS pid:11787 fps:-1
07-09 18:19:28.487  1254  1350 W AString : ctor got NULL, using empty string instead
07-09 18:19:28.487  1254  1350 I SCP-SensorSavedChannel: [-15037,1889,-9348]==>gyro_bias.json
07-09 18:19:28.738 11517 11568 E QTagParser: Error reading from /proc/net/xt_qtaguid/stats. Please check if this file exists.
07-09 18:19:28.992  1254  1350 W AString : ctor got NULL, using empty string instead
07-09 18:19:28.993  1254  1350 I SCP-SensorSavedChannel: [-15036,1896,-9333]==>gyro_bias.json
07-09 18:19:29.024  1263  1373 I libPowerHal: [perfLockRel] hdl:73742, idx:0
07-09 18:19:29.024  1263  1373 I libPowerHal: [PD] MTKPOWER_HINT_UX_SCROLLING_COMMON update cmd:1404300 param:0
07-09 18:19:29.025  1263  1373 I libPowerHal: [PD] MTKPOWER_HINT_UX_SCROLLING_COMMON update cmd:203c000 param:25
07-09 18:19:29.025  1263  1373 I libPowerHal: [PD] MTKPOWER_HINT_UX_SCROLLING_COMMON update cmd:203c300 param:25
07-09 18:19:29.025  1263  1373 I libPowerHal: [PD] MTKPOWER_HINT_UX_SCROLLING_COMMON update cmd:203c900 param:5
07-09 18:19:29.093  2248  2248 E WifiHAL : handleResponse: data=0xb400007b8d0f17d0, len=4888
07-09 18:19:29.093  2248  2248 I WifiHAL : check_data_sanity: confirmed_size=4888, len=4888
07-09 18:19:29.093  2248  2248 I WifiHAL : wifi_get_link_stats: result=0
07-09 18:19:29.118  2248  2248 I WifiHAL : feature_set=0x8489141a
07-09 18:19:29.184  1262  1357 I libPerfCtl: xgfGetFPS pid:2295 fps:-1
07-09 18:19:29.184  1262  1357 I libPerfCtl: xgfGetFPS pid:10901 fps:-1
07-09 18:19:29.336  1916  3981 I AS.AudioService: getMode, get current owner's mode
07-09 18:19:29.336  1916  3981 I AS.AudioService: getMode, currentModeHandler is null
07-09 18:19:29.498  1254  1350 W AString : ctor got NULL, using empty string instead
07-09 18:19:29.501  1254  1350 I SCP-SensorSavedChannel: [-15036,1897,-9329]==>gyro_bias.json
07-09 18:19:29.548 19093 10686 I NearbyMediums: No BLE Fast/GATT advertisements found in the latest cycle.
07-09 18:19:29.549 19093 10686 I NearbyMediums: Current Tracked Scanning Clients are : {NearbyConnections.EnvironmentMonitor, NearbySharing}
07-09 18:19:29.551 19093 10628 I NearbyConnections: Processing lost BlePeripheral BlePeripheral{advertisement=BleAdvertisement { version=2, socketVersion=2, isFast=true, serviceIdHash=null, data=[ 0x23 0x4b 0x58 0x52 0x57 0x11 0x32 0xa2 0x0f 0x54 0x42 0x1c 0x8c 0x6b 0xc8 0xcf 0xec 0xa6 0x91 0xba 0x1c 0xe1 0x14 ], deviceToken=[ 0xaa 0x92 ], rxAdvertisement=null }, dctAdvertisement=null, address=null, psm=0, deviceToken=<ByteString@617efdf size=2 contents="\252\222">, isSecondProfile=false, rxInstantConnectionAdv=null}.
07-09 18:19:29.551 19093 10628 I NearbyConnections: Lost BleEndpoint for BlePeripheral BlePeripheral{advertisement=BleAdvertisement { version=2, socketVersion=2, isFast=true, serviceIdHash=null, data=[ 0x23 0x4b 0x58 0x52 0x57 0x11 0x32 0xa2 0x0f 0x54 0x42 0x1c 0x8c 0x6b 0xc8 0xcf 0xec 0xa6 0x91 0xba 0x1c 0xe1 0x14 ], deviceToken=[ 0xaa 0x92 ], rxAdvertisement=null }, dctAdvertisement=null, address=null, psm=0, deviceToken=<ByteString@617efdf size=2 contents="\252\222">, isSecondProfile=false, rxInstantConnectionAdv=null} (with EndpointId KXRW and EndpointInfo [ 0x32 0xa2 0x0f 0x54 0x42 0x1c 0x8c 0x6b 0xc8 0xcf 0xec 0xa6 0x91 0xba 0x1c 0xe1 0x14 ]).
07-09 18:19:29.551 19093 10628 I NearbyConnections: ClientProxy(141054581) reporting onEndpointLost(KXRW)
07-09 18:19:29.551 19093 10628 I NearbyConnections: Processing lost BlePeripheral BlePeripheral{advertisement=BleAdvertisement { version=2, socketVersion=2, isFast=true, serviceIdHash=null, data=[ 0x23 0x55 0x44 0x5a 0x4d 0x11 0x32 0xba 0x53 0x3d 0x62 0x36 0x56 0x03 0x31 0x70 0xd8 0x1f 0xad 0x60 0x4d 0x31 0x87 ], deviceToken=[ 0xec 0x0c ], rxAdvertisement=null }, dctAdvertisement=null, address=null, psm=0, deviceToken=<ByteString@8c1442c size=2 contents="\354\f">, isSecondProfile=false, rxInstantConnectionAdv=null}.
07-09 18:19:29.552 19093 10628 I NearbyConnections: Lost BleEndpoint for BlePeripheral BlePeripheral{advertisement=BleAdvertisement { version=2, socketVersion=2, isFast=true, serviceIdHash=null, data=[ 0x23 0x55 0x44 0x5a 0x4d 0x11 0x32 0xba 0x53 0x3d 0x62 0x36 0x56 0x03 0x31 0x70 0xd8 0x1f 0xad 0x60 0x4d 0x31 0x87 ], deviceToken=[ 0xec 0x0c ], rxAdvertisement=null }, dctAdvertisement=null, address=null, psm=0, deviceToken=<ByteString@8c1442c size=2 contents="\354\f">, isSecondProfile=false, rxInstantConnectionAdv=null} (with EndpointId UDZM and EndpointInfo [ 0x32 0xba 0x53 0x3d 0x62 0x36 0x56 0x03 0x31 0x70 0xd8 0x1f 0xad 0x60 0x4d 0x31 0x87 ]).
07-09 18:19:29.552 19093 10628 I NearbyConnections: ClientProxy(141054581) reporting onEndpointLost(UDZM)
07-09 18:19:29.553 19093 10628 I NearbySharing: NearbySharing Internal event EndpointLost(endpointId=KXRW)
07-09 18:19:29.554 19093 11509 I NearbySharing: NearbySharing Internal event EndpointLost(endpointId=UDZM)
07-09 18:19:29.741 11517 11568 E QTagParser: Error reading from /proc/net/xt_qtaguid/stats. Please check if this file exists.
07-09 18:19:29.988  1254  1350 W AString : ctor got NULL, using empty string instead
07-09 18:19:29.989  1254  1350 I SCP-SensorSavedChannel: [-15035,1905,-9310]==>gyro_bias.json
07-09 18:19:30.002  1214 11679 I resolv  : res_nsend: used send_dg 0 terrno: 110
07-09 18:19:30.003  1214 11679 I resolv  : res_nsend: used send_dg 0 terrno: 1
07-09 18:19:30.004  1214 11679 I resolv  : res_nsend: used send_dg 0 terrno: 1
07-09 18:19:30.004  1214 11679 I resolv  : res_nsend: used send_dg 0 terrno: 1
07-09 18:19:30.004  1214 11679 I resolv  : doQuery: rcode=0, ancount=0, return value=-110
07-09 18:19:30.030  1214 11741 I resolv  : GetAddrInfoHandler::run: {127 127 127 983167 10288 0}
07-09 18:19:30.030  1214 11741 I resolv  : GetAddrInfoHandler::run: network access blocked
07-09 18:19:30.031  1214 11743 I resolv  : GetAddrInfoHandler::run: {127 127 127 983167 10288 0}
07-09 18:19:30.031  1214 11743 I resolv  : GetAddrInfoHandler::run: network access blocked
07-09 18:19:30.031  1214 11742 I resolv  : GetAddrInfoHandler::run: {127 127 127 983167 10288 0}
07-09 18:19:30.031  1214 11742 I resolv  : GetAddrInfoHandler::run: network access blocked
07-09 18:19:30.049 11517 11568 E QTagParser: Error reading from /proc/net/xt_qtaguid/stats. Please check if this file exists.
07-09 18:19:30.184  1262  1357 I libPerfCtl: xgfGetFPS pid:2295 fps:-1
07-09 18:19:30.184  1262  1357 I libPerfCtl: xgfGetFPS pid:10901 fps:-1
07-09 18:19:30.494  1254  1350 W AString : ctor got NULL, using empty string instead
07-09 18:19:30.495  1254  1350 I SCP-SensorSavedChannel: [-15033,1916,-9286]==>gyro_bias.json
07-09 18:19:30.553 11517 11568 E QTagParser: Error reading from /proc/net/xt_qtaguid/stats. Please check if this file exists.
07-09 18:19:30.561 11517 11568 E QTagParser: Error reading from /proc/net/xt_qtaguid/stats. Please check if this file exists.
07-09 18:19:31.015  1266  1279 E NtChgAidl: NtChgAidl: InGameStatus: 0
07-09 18:19:31.016  1266  1279 E NtChg   : NtChg:T0-6:[50,100,350,370,390,410,500],chg_series:8,is_changed:1,TeBoT0-6:[50,80,350,370,390,410,500],TRegion:2,Temp:328,tzname:shell_front,Ibat:3000,onlineI:-400,param_type:6,AbnormalStatus:512,tzn:60,g_cp_mode:4,vbat:3871,pr_id:2,OnGameStatus:0
07-09 18:19:31.016  1266  1279 E NtChg   : NtChg:handle_batt_temp_cool triggered
07-09 18:19:31.016  1266  1279 E NtChg   : NtChg:set temp_region=2
07-09 18:19:31.016  1266  1279 E NtChg   : NtChg:set ibatmax=3000 and set vbatmax=4500
07-09 18:19:31.185  1262  1357 I libPerfCtl: xgfGetFPS pid:2295 fps:-1
07-09 18:19:31.185  1262  1357 I libPerfCtl: xgfGetFPS pid:10901 fps:-1
07-09 18:19:31.362 31522 31522 I adbd    : adbd service requested 'exec:screencap '-p''
07-09 18:19:31.489  1254  1350 W AString : ctor got NULL, using empty string instead
07-09 18:19:31.489  1254  1350 I SCP-SensorSavedChannel: [-15032,1927,-9260]==>gyro_bias.json
07-09 18:19:31.493 11759 11759 W screencap: Thread Pool max thread count is 0. Cannot cache binder as linkToDeath cannot be implemented. serviceName: SurfaceFlingerAIDL
07-09 18:19:31.493 11759 11759 W BpBinder: Linking to death on android.gui.ISurfaceComposer but there are no threads (yet?) listening to incoming transactions. See ProcessState::startThreadPool and ProcessState::setThreadPoolMaxThreadCount. Generally you should setup the binder threadpool before other initialization steps.
07-09 18:19:31.494 11759 11759 W ProcessState: Extra binder thread started, but 0 threads requested. Do not use *startThreadPool when zero threads are requested.
07-09 18:19:31.542 11759 11759 I DMABUFHEAPS: Using DMA-BUF heap named: mtk_mm
07-09 18:19:31.542 11759 11759 I DMABUFHEAPS: Using DMA-BUF heap named: mtk_mm-uncached
07-09 18:19:31.542 11759 11759 I DMABUFHEAPS: Using DMA-BUF heap named: mtk_svp_page-uncached
07-09 18:19:31.542 11759 11759 I DMABUFHEAPS: Using DMA-BUF heap named: mtk_prot_region
07-09 18:19:31.542 11759 11759 I DMABUFHEAPS: Using DMA-BUF heap named: mtk_2d_fr_region
07-09 18:19:31.542 11759 11759 I DMABUFHEAPS: Using DMA-BUF heap named: mtk_wfd_page-uncached
07-09 18:19:31.564 11517 11568 E QTagParser: Error reading from /proc/net/xt_qtaguid/stats. Please check if this file exists.
07-09 18:19:31.571 11517 11568 E QTagParser: Error reading from /proc/net/xt_qtaguid/stats. Please check if this file exists.
07-09 18:19:31.712 11759 11759 W RefBase : RefBase: Explicit destruction, weak count = 0 (in 0x7806bfb848). Use sp<> to manage this object. Note - if weak count is 0, this leaks mRefs (weakref_impl).
07-09 18:19:31.995  1254  1350 W AString : ctor got NULL, using empty string instead
07-09 18:19:31.995  1254  1350 I SCP-SensorSavedChannel: [-15032,1925,-9264]==>gyro_bias.json
07-09 18:19:32.135  2248  2248 E WifiHAL : handleResponse: data=0xb400007b8d0f17d0, len=4888
07-09 18:19:32.135  2248  2248 I WifiHAL : check_data_sanity: confirmed_size=4888, len=4888
07-09 18:19:32.135  2248  2248 I WifiHAL : wifi_get_link_stats: result=0
07-09 18:19:32.159  2248  2248 I WifiHAL : feature_set=0x8489141a
07-09 18:19:32.185  1262  1357 I libPerfCtl: xgfGetFPS pid:2295 fps:-1
07-09 18:19:32.185  1262  1357 I libPerfCtl: xgfGetFPS pid:10901 fps:-1
07-09 18:19:32.324  1214  1247 I netd    : tetherGetStats() -> {[TetherStatsParcel{iface: wlan0, rxBytes: 0, rxPackets: 0, txBytes: 0, txPackets: 0, ifIndex: 0}]} <5.17ms>
07-09 18:19:32.504  1254  1350 W AString : ctor got NULL, using empty string instead
07-09 18:19:32.505  1254  1350 I SCP-SensorSavedChannel: [-15034,1914,-9291]==>gyro_bias.json
07-09 18:19:32.505  1254  1350 W AString : ctor got NULL, using empty string instead
07-09 18:19:32.506  1254  1350 I SCP-SensorSavedChannel: [-19,-161,-353,-14333,7742,3413]==>gyro_temp.json
07-09 18:19:32.506  1254  1350 W AString : ctor got NULL, using empty string instead
07-09 18:19:32.506  1254  1350 I SCP-SensorSavedChannel: [-15039,1938,-9338]==>gyro_bias.json
07-09 18:19:32.525  2480  2820 W BluetoothMetricsLogger: MetricsLogger isn't initialized
07-09 18:19:32.526  2480  2820 W BluetoothMetricsLogger: MetricsLogger isn't initialized
07-09 18:19:32.530 19093 10686 I NearbyConnections: Found BleAdvertisement [ 0x23 0x4b 0x58 0x52 0x57 0x11 0x32 0xa2 0x0f 0x54 0x42 0x1c 0x8c 0x6b 0xc8 0xcf 0xec 0xa6 0x91 0xba 0x1c 0xe1 0x14 ] (with EndpointId KXRW and EndpointInfo [ 0x32 0xa2 0x0f 0x54 0x42 0x1c 0x8c 0x6b 0xc8 0xcf 0xec 0xa6 0x91 0xba 0x1c 0xe1 0x14 ])
07-09 18:19:32.536 19093 10686 I NearbyConnections: ClientProxy(141054581 0p:com.google.android.gms.nearby.sharing) reporting onEndpointFound(KXRW)
07-09 18:19:32.536 19093 10686 I NearbyConnections: ClientProxy(141054581) reporting onEndpointDistanceChanged(KXRW, UNKNOWN)
07-09 18:19:32.538 19093 10686 I NearbySharing: NearbySharing Internal event EndpointDiscovered(endpointId=KXRW)
07-09 18:19:32.991  1254  1350 W AString : ctor got NULL, using empty string instead
07-09 18:19:32.992  1254  1350 I SCP-SensorSavedChannel: [-15037,1957,-9296]==>gyro_bias.json
07-09 18:19:33.186  1262  1357 I libPerfCtl: xgfGetFPS pid:2295 fps:-1
07-09 18:19:33.186  1262  1357 I libPerfCtl: xgfGetFPS pid:10901 fps:-1
07-09 18:19:33.496  1254  1350 W AString : ctor got NULL, using empty string instead
07-09 18:19:33.497  1254  1350 I SCP-SensorSavedChannel: [-15036,1962,-9285]==>gyro_bias.json
07-09 18:19:33.568   510   510 I Finsky:background: [2] Memory trim requested to level 40
07-09 18:19:33.574 11517 11568 E QTagParser: Error reading from /proc/net/xt_qtaguid/stats. Please check if this file exists.
07-09 18:19:33.576  1214  1247 I netd    : tetherGetStats() -> {[TetherStatsParcel{iface: wlan0, rxBytes: 0, rxPackets: 0, txBytes: 0, txPackets: 0, ifIndex: 0}]} <5.17ms>
07-09 18:19:33.577 18470 18470 I Finsky  : [2] Memory trim requested to level 40
07-09 18:19:33.578 18470 18470 I Finsky  : [2] Flushing in-memory image cache
07-09 18:19:33.583  1214 11766 I resolv  : GetAddrInfoHandler::run: {127 127 127 983167 10288 0}
07-09 18:19:33.583  1214 11766 I resolv  : GetAddrInfoHandler::run: network access blocked
07-09 18:19:33.586 11517 11568 E QTagParser: Error reading from /proc/net/xt_qtaguid/stats. Please check if this file exists.
07-09 18:19:34.187  1262  1357 I libPerfCtl: xgfGetFPS pid:2295 fps:-1
07-09 18:19:34.344  1916  2307 I AS.AudioService: getMode, get current owner's mode
07-09 18:19:34.344  1916  2307 I AS.AudioService: getMode, currentModeHandler is null
07-09 18:19:34.492  1254  1350 W AString : ctor got NULL, using empty string instead
07-09 18:19:34.493  1254  1350 I SCP-SensorSavedChannel: [-15036,1969,-9271]==>gyro_bias.json
07-09 18:19:35.183   693 11623 I keystore2: system/security/keystore2/watchdog/src/lib.rs:377 - Watchdog thread idle -> terminating. Have a great day.
07-09 18:19:35.185  2248  2248 E WifiHAL : handleResponse: data=0xb400007b8d0f17d0, len=4888
07-09 18:19:35.185  2248  2248 I WifiHAL : check_data_sanity: confirmed_size=4888, len=4888
07-09 18:19:35.185  2248  2248 I WifiHAL : wifi_get_link_stats: result=0
07-09 18:19:35.224  2248  2248 I WifiHAL : feature_set=0x8489141a
07-09 18:19:35.994  1254  1350 W AString : ctor got NULL, using empty string instead
07-09 18:19:35.995  1254  1350 I SCP-SensorSavedChannel: [-15034,1978,-9250]==>gyro_bias.json
07-09 18:19:36.078  1214  1247 I netd    : tetherGetStats() -> {[TetherStatsParcel{iface: wlan0, rxBytes: 0, rxPackets: 0, txBytes: 0, txPackets: 0, ifIndex: 0}]} <5.54ms>
07-09 18:19:36.499  1254  1350 W AString : ctor got NULL, using empty string instead
07-09 18:19:36.499  1254  1350 I SCP-SensorSavedChannel: [-15035,1974,-9260]==>gyro_bias.json
07-09 18:19:36.580  1916  1946 E EventHub: Failed to read sysfs battery info: No such file or directory
07-09 18:19:37.007  1254  1350 W AString : ctor got NULL, using empty string instead
07-09 18:19:37.008  1254  1350 I SCP-SensorSavedChannel: [-15034,1982,-9241]==>gyro_bias.json
07-09 18:19:37.028  1266  1279 E NtChgAidl: NtChgAidl: InGameStatus: 0
07-09 18:19:37.028  1266  1279 E NtChg   : NtChg:T0-6:[50,100,350,370,390,410,500],chg_series:8,is_changed:1,TeBoT0-6:[50,80,350,370,390,410,500],TRegion:2,Temp:328,tzname:shell_front,Ibat:3000,onlineI:-400,param_type:6,AbnormalStatus:512,tzn:60,g_cp_mode:4,vbat:3903,pr_id:2,OnGameStatus:0
07-09 18:19:37.028  1266  1279 E NtChg   : NtChg:handle_batt_temp_cool triggered
07-09 18:19:37.028  1266  1279 E NtChg   : NtChg:set temp_region=2
07-09 18:19:37.028  1266  1279 E NtChg   : NtChg:set ibatmax=3000 and set vbatmax=4500
07-09 18:19:37.495  1254  1350 W AString : ctor got NULL, using empty string instead
07-09 18:19:37.496  1254  1350 I SCP-SensorSavedChannel: [-15034,1985,-9235]==>gyro_bias.json
07-09 18:19:37.547  1461  1907 E md_thermal: interval=40 temp: 34400 33800 32000 32300
07-09 18:19:37.995  1254  1350 W AString : ctor got NULL, using empty string instead
07-09 18:19:37.995  1254  1350 I SCP-SensorSavedChannel: [-15033,1989,-9226]==>gyro_bias.json
07-09 18:19:38.249  2248  2248 E WifiHAL : handleResponse: data=0xb400007b8d0f17d0, len=4888
07-09 18:19:38.249  2248  2248 I WifiHAL : check_data_sanity: confirmed_size=4888, len=4888
07-09 18:19:38.249  2248  2248 I WifiHAL : wifi_get_link_stats: result=0
07-09 18:19:38.272  2248  2248 I WifiHAL : feature_set=0x8489141a
07-09 18:19:38.508  1254  1350 W AString : ctor got NULL, using empty string instead
07-09 18:19:38.508  1254  1350 I SCP-SensorSavedChannel: [-15033,1992,-9219]==>gyro_bias.json
07-09 18:19:38.838  2248  2248 E WifiHAL : handleResponse: data=0xb400007b8d0f17d0, len=4888
07-09 18:19:38.838  2248  2248 I WifiHAL : check_data_sanity: confirmed_size=4888, len=4888
07-09 18:19:38.839  2248  2248 I WifiHAL : wifi_get_link_stats: result=0
07-09 18:19:38.851  1214  1247 I netd    : tetherGetStats() -> {[TetherStatsParcel{iface: wlan0, rxBytes: 0, rxPackets: 0, txBytes: 0, txPackets: 0, ifIndex: 0}]} <5.08ms>
07-09 18:19:38.884  1277  1277 I BufferQueueProducer: [com.weatheron.mobile/com.weatheron.mobile.MainActivity#26474](this:0xb4000072cec534d8,id:-1,api:0,p:-1,c:1277) queueBuffer: fps=1.59 dur=15075.26 max=14808.56 min=10.49
07-09 18:19:38.888  1243  1243 I hwcomposer: [HWCDisplay] [Display_0 (type:1, mode:2)] fps:0.145554,dur:13740.60,max:13730.79,min:9.81  
07-09 18:19:38.996  1254  1350 W AString : ctor got NULL, using empty string instead
07-09 18:19:38.997  1254  1350 I SCP-SensorSavedChannel: [-15032,1999,-9205]==>gyro_bias.json
07-09 18:19:39.350  1916  3981 I AS.AudioService: getMode, get current owner's mode
07-09 18:19:39.351  1916  3981 I AS.AudioService: getMode, currentModeHandler is null
07-09 18:19:39.501  1254  1350 W AString : ctor got NULL, using empty string instead
07-09 18:19:39.502  1254  1350 I SCP-SensorSavedChannel: [-15031,2004,-9194]==>gyro_bias.json
07-09 18:19:39.557 19093 10628 I NearbyMediums: Found Fast Ble Advertisements :
07-09 18:19:39.557 19093 10628 I NearbyMediums: BleAdvertisement { version=2, socketVersion=2, isFast=true, serviceIdHash=null, data=[ 0x23 0x4b 0x58 0x52 0x57 0x11 0x32 0xa2 0x0f 0x54 0x42 0x1c 0x8c 0x6b 0xc8 0xcf 0xec 0xa6 0x91 0xba 0x1c 0xe1 0x14 ], deviceToken=[ 0xaa 0x92 ], rxAdvertisement=null } : 1 times.
07-09 18:19:39.557 19093 10628 I NearbyMediums: Total 1 fast advertisements from 1 unique advertisers.
07-09 18:19:39.563 19093 10628 I NearbyMediums: Current Tracked Scanning Clients are : {NearbyConnections.EnvironmentMonitor, NearbySharing}
07-09 18:19:39.874  1262  1357 I libPerfCtl: xgfGetFPS pid:10901 fps:-1
07-09 18:19:40.007  1254  1350 W AString : ctor got NULL, using empty string instead
07-09 18:19:40.008  1254  1350 I SCP-SensorSavedChannel: [-26,-156,-383,-14095,7548,4583]==>gyro_temp.json
07-09 18:19:40.008  1254  1350 W AString : ctor got NULL, using empty string instead
07-09 18:19:40.008  1254  1350 I SCP-SensorSavedChannel: [-15007,1953,-9098]==>gyro_bias.json
07-09 18:19:40.497  1254  1350 W AString : ctor got NULL, using empty string instead
07-09 18:19:40.498  1254  1350 I SCP-SensorSavedChannel: [-15002,1979,-9033]==>gyro_bias.json
07-09 18:19:40.874  1262  1357 I libPerfCtl: xgfGetFPS pid:10901 fps:-1
07-09 18:19:41.003  1254  1350 W AString : ctor got NULL, using empty string instead
07-09 18:19:41.004  1254  1350 I SCP-SensorSavedChannel: [-15001,1986,-9016]==>gyro_bias.json
07-09 18:19:41.300  2248  2248 E WifiHAL : handleResponse: data=0xb400007b8d0f17d0, len=4888
07-09 18:19:41.300  2248  2248 I WifiHAL : check_data_sanity: confirmed_size=4888, len=4888
07-09 18:19:41.300  2248  2248 I WifiHAL : wifi_get_link_stats: result=0
07-09 18:19:41.333  2248  2248 I WifiHAL : feature_set=0x8489141a
07-09 18:19:41.508  1254  1350 W AString : ctor got NULL, using empty string instead
07-09 18:19:41.509  1254  1350 I SCP-SensorSavedChannel: [-15001,1984,-9021]==>gyro_bias.json
07-09 18:19:41.874  1262  1357 I libPerfCtl: xgfGetFPS pid:10901 fps:-1
07-09 18:19:41.999  1254  1350 W AString : ctor got NULL, using empty string instead
07-09 18:19:42.000  1254  1350 I SCP-SensorSavedChannel: [-15001,1986,-9016]==>gyro_bias.json
07-09 18:19:42.263  2480  2820 W BluetoothMetricsLogger: MetricsLogger isn't initialized
07-09 18:19:42.263  2480  2820 W BluetoothMetricsLogger: MetricsLogger isn't initialized
07-09 18:19:42.266 19093 10628 I NearbyMediums: This GATT advertisement BleAdvertisement { version=2, socketVersion=2, isFast=true, serviceIdHash=null, data=[ 0x23 0x30 0x34 0x33 0x4f 0x11 0x32 0xe6 0xc3 0x50 0xdf 0x1c 0x95 0x7f 0x10 0xb0 0x32 0x13 0xe7 0x26 0xc1 0x4e 0x35 ], deviceToken=[ 0x27 0x52 ], rxAdvertisement=null } is a Fast Advertisement and matched UUID 0000fef3-0000-1000-8000-00805f9b34fb in fastAdvertisementServiceUuids map with serviceID NearbySharing
07-09 18:19:42.267 19093 10686 I NearbyConnections: Found BleAdvertisement [ 0x23 0x30 0x34 0x33 0x4f 0x11 0x32 0xe6 0xc3 0x50 0xdf 0x1c 0x95 0x7f 0x10 0xb0 0x32 0x13 0xe7 0x26 0xc1 0x4e 0x35 ] (with EndpointId 043O and EndpointInfo [ 0x32 0xe6 0xc3 0x50 0xdf 0x1c 0x95 0x7f 0x10 0xb0 0x32 0x13 0xe7 0x26 0xc1 0x4e 0x35 ])
07-09 18:19:42.273 19093 10686 I NearbyConnections: ClientProxy(141054581 0p:com.google.android.gms.nearby.sharing) reporting onEndpointFound(043O)
07-09 18:19:42.273 19093 10686 I NearbyConnections: ClientProxy(141054581) reporting onEndpointDistanceChanged(043O, UNKNOWN)
07-09 18:19:42.276 19093 10686 I NearbySharing: NearbySharing Internal event EndpointDiscovered(endpointId=043O)
07-09 18:19:42.331  2480  2820 W BluetoothMetricsLogger: MetricsLogger isn't initialized
07-09 18:19:42.331  2480  2820 W BluetoothMetricsLogger: MetricsLogger isn't initialized
07-09 18:19:42.334 19093 10686 I NearbyMediums: Replace Fast Advertisement Rx Info for service id : NearbySharing on deviceToken : [ 0x27 0x52 ]
07-09 18:19:42.335 19093 10416 I NearbyConnections: Found BleAdvertisement [ 0x23 0x30 0x34 0x33 0x4f 0x11 0x32 0xe6 0xc3 0x50 0xdf 0x1c 0x95 0x7f 0x10 0xb0 0x32 0x13 0xe7 0x26 0xc1 0x4e 0x35 ] (with EndpointId 043O and EndpointInfo [ 0x32 0xe6 0xc3 0x50 0xdf 0x1c 0x95 0x7f 0x10 0xb0 0x32 0x13 0xe7 0x26 0xc1 0x4e 0x35 ])
07-09 18:19:42.336 19093 10416 I NearbyConnections: ClientProxy(141054581) ignoring onEndpointDistanceChanged(043O, UNKNOWN), because this distance has already been reported
07-09 18:19:42.504  1254  1350 W AString : ctor got NULL, using empty string instead
07-09 18:19:42.505  1254  1350 I SCP-SensorSavedChannel: [-15000,1990,-9007]==>gyro_bias.json
07-09 18:19:42.875  1262  1357 I libPerfCtl: xgfGetFPS pid:10901 fps:-1
07-09 18:19:43.010  1254  1350 W AString : ctor got NULL, using empty string instead
07-09 18:19:43.010  1254  1350 I SCP-SensorSavedChannel: [-14999,1996,-8992]==>gyro_bias.json
07-09 18:19:43.039  1266  1279 E NtChgAidl: NtChgAidl: InGameStatus: 0
07-09 18:19:43.040  1266  1279 E NtChg   : NtChg:T0-6:[50,100,350,370,390,410,500],chg_series:8,is_changed:1,TeBoT0-6:[50,80,350,370,390,410,500],TRegion:2,Temp:328,tzname:shell_front,Ibat:3000,onlineI:-400,param_type:6,AbnormalStatus:512,tzn:60,g_cp_mode:4,vbat:3901,pr_id:2,OnGameStatus:0
07-09 18:19:43.040  1266  1279 E NtChg   : NtChg:handle_batt_temp_cool triggered
07-09 18:19:43.040  1266  1279 E NtChg   : NtChg:set temp_region=2
07-09 18:19:43.040  1266  1279 E NtChg   : NtChg:set ibatmax=3000 and set vbatmax=4500
07-09 18:19:43.876  1262  1357 I libPerfCtl: xgfGetFPS pid:10901 fps:-1
07-09 18:19:44.005  1254  1350 W AString : ctor got NULL, using empty string instead
07-09 18:19:44.006  1254  1350 I SCP-SensorSavedChannel: [-14999,1998,-8986]==>gyro_bias.json
07-09 18:19:44.356  1916  3537 I AS.AudioService: getMode, get current owner's mode
07-09 18:19:44.357  1916  3537 I AS.AudioService: getMode, currentModeHandler is null
07-09 18:19:44.360  2248  2248 E WifiHAL : handleResponse: data=0xb400007b8d0f17d0, len=4888
07-09 18:19:44.360  2248  2248 I WifiHAL : check_data_sanity: confirmed_size=4888, len=4888
07-09 18:19:44.360  2248  2248 I WifiHAL : wifi_get_link_stats: result=0
07-09 18:19:44.390  2248  2248 I WifiHAL : feature_set=0x8489141a
07-09 18:19:44.513  1254  1350 W AString : ctor got NULL, using empty string instead
07-09 18:19:44.514  1254  1350 I SCP-SensorSavedChannel: [-14999,2000,-8982]==>gyro_bias.json
07-09 18:19:44.876  1262  1357 I libPerfCtl: xgfGetFPS pid:10901 fps:-1
07-09 18:19:45.001  1254  1350 W AString : ctor got NULL, using empty string instead
07-09 18:19:45.002  1254  1350 I SCP-SensorSavedChannel: [-14998,2005,-8970]==>gyro_bias.json
07-09 18:19:45.877  1262  1357 I libPerfCtl: xgfGetFPS pid:10901 fps:-1
07-09 18:19:46.012  1254  1350 W AString : ctor got NULL, using empty string instead
07-09 18:19:46.013  1254  1350 I SCP-SensorSavedChannel: [-14996,2018,-8937]==>gyro_bias.json
07-09 18:19:46.503  1254  1350 W AString : ctor got NULL, using empty string instead
07-09 18:19:46.504  1254  1350 I SCP-SensorSavedChannel: [-14996,2015,-8946]==>gyro_bias.json
07-09 18:19:46.591  1916  1946 E EventHub: Failed to read sysfs battery info: No such file or directory
07-09 18:19:46.877  1262  1357 I libPerfCtl: xgfGetFPS pid:10901 fps:-1
07-09 18:19:47.008  1254  1350 W AString : ctor got NULL, using empty string instead
07-09 18:19:47.009  1254  1350 I SCP-SensorSavedChannel: [-14997,2011,-8955]==>gyro_bias.json
07-09 18:19:47.416  2248  2248 E WifiHAL : handleResponse: data=0xb400007b8d0f17d0, len=4888
07-09 18:19:47.416  2248  2248 I WifiHAL : check_data_sanity: confirmed_size=4888, len=4888
07-09 18:19:47.416  2248  2248 I WifiHAL : wifi_get_link_stats: result=0
07-09 18:19:47.440  2248  2248 I WifiHAL : feature_set=0x8489141a
07-09 18:19:47.513  1254  1350 W AString : ctor got NULL, using empty string instead
07-09 18:19:47.517  1254  1350 I SCP-SensorSavedChannel: [-14996,2016,-8943]==>gyro_bias.json
07-09 18:19:47.517  1254  1350 W AString : ctor got NULL, using empty string instead
07-09 18:19:47.518  1254  1350 I SCP-SensorSavedChannel: [-19,-163,-362,-14356,7831,3759]==>gyro_temp.json
07-09 18:19:47.518  1254  1350 W AString : ctor got NULL, using empty string instead
07-09 18:19:47.519  1254  1350 I SCP-SensorSavedChannel: [-15035,2035,-9092]==>gyro_bias.json
07-09 18:19:47.878  1262  1357 I libPerfCtl: xgfGetFPS pid:10901 fps:-1
07-09 18:19:48.004  1254  1350 W AString : ctor got NULL, using empty string instead
07-09 18:19:48.005  1254  1350 I SCP-SensorSavedChannel: [-15032,2057,-9043]==>gyro_bias.json
07-09 18:19:48.510  1254  1350 W AString : ctor got NULL, using empty string instead
07-09 18:19:48.510  1254  1350 I SCP-SensorSavedChannel: [-15032,2055,-9049]==>gyro_bias.json
07-09 18:19:49.011  1254  1350 W AString : ctor got NULL, using empty string instead
07-09 18:19:49.011  1254  1350 I SCP-SensorSavedChannel: [-15032,2059,-9039]==>gyro_bias.json
07-09 18:19:49.049  1266  1279 E NtChgAidl: NtChgAidl: InGameStatus: 0
07-09 18:19:49.049  1266  1279 E NtChg   : NtChg:T0-6:[50,100,350,370,390,410,500],chg_series:8,is_changed:1,TeBoT0-6:[50,80,350,370,390,410,500],TRegion:2,Temp:328,tzname:shell_front,Ibat:3000,onlineI:-400,param_type:6,AbnormalStatus:512,tzn:60,g_cp_mode:4,vbat:3904,pr_id:2,OnGameStatus:0
07-09 18:19:49.050  1266  1279 E NtChg   : NtChg:handle_batt_temp_cool triggered
07-09 18:19:49.050  1266  1279 E NtChg   : NtChg:set temp_region=2
07-09 18:19:49.050  1266  1279 E NtChg   : NtChg:set ibatmax=3000 and set vbatmax=4500
07-09 18:19:49.364  1916  3537 I AS.AudioService: getMode, get current owner's mode
07-09 18:19:49.364  1916  3537 I AS.AudioService: getMode, currentModeHandler is null
07-09 18:19:49.572 19093 10416 I NearbyMediums: Found Fast Ble Advertisements :
07-09 18:19:49.572 19093 10416 I NearbyMediums: BleAdvertisement { version=2, socketVersion=2, isFast=true, serviceIdHash=null, data=[ 0x23 0x30 0x34 0x33 0x4f 0x11 0x32 0xe6 0xc3 0x50 0xdf 0x1c 0x95 0x7f 0x10 0xb0 0x32 0x13 0xe7 0x26 0xc1 0x4e 0x35 ], deviceToken=[ 0x27 0x52 ], rxAdvertisement=null } : 1 times.
07-09 18:19:49.572 19093 10416 I NearbyMediums: Total 1 fast advertisements from 1 unique advertisers.
07-09 18:19:49.578 19093 10416 I NearbyMediums: Current Tracked Scanning Clients are : {NearbyConnections.EnvironmentMonitor, NearbySharing}
07-09 18:19:49.580 19093 10686 I NearbyConnections: Processing lost BlePeripheral BlePeripheral{advertisement=BleAdvertisement { version=2, socketVersion=2, isFast=true, serviceIdHash=null, data=[ 0x23 0x4b 0x58 0x52 0x57 0x11 0x32 0xa2 0x0f 0x54 0x42 0x1c 0x8c 0x6b 0xc8 0xcf 0xec 0xa6 0x91 0xba 0x1c 0xe1 0x14 ], deviceToken=[ 0xaa 0x92 ], rxAdvertisement=null }, dctAdvertisement=null, address=null, psm=0, deviceToken=<ByteString@e155f56 size=2 contents="\252\222">, isSecondProfile=false, rxInstantConnectionAdv=null}.
07-09 18:19:49.580 19093 10686 I NearbyConnections: Lost BleEndpoint for BlePeripheral BlePeripheral{advertisement=BleAdvertisement { version=2, socketVersion=2, isFast=true, serviceIdHash=null, data=[ 0x23 0x4b 0x58 0x52 0x57 0x11 0x32 0xa2 0x0f 0x54 0x42 0x1c 0x8c 0x6b 0xc8 0xcf 0xec 0xa6 0x91 0xba 0x1c 0xe1 0x14 ], deviceToken=[ 0xaa 0x92 ], rxAdvertisement=null }, dctAdvertisement=null, address=null, psm=0, deviceToken=<ByteString@e155f56 size=2 contents="\252\222">, isSecondProfile=false, rxInstantConnectionAdv=null} (with EndpointId KXRW and EndpointInfo [ 0x32 0xa2 0x0f 0x54 0x42 0x1c 0x8c 0x6b 0xc8 0xcf 0xec 0xa6 0x91 0xba 0x1c 0xe1 0x14 ]).
07-09 18:19:49.580 19093 10686 I NearbyConnections: ClientProxy(141054581) reporting onEndpointLost(KXRW)
07-09 18:19:49.581 19093 10686 I NearbySharing: NearbySharing Internal event EndpointLost(endpointId=KXRW)
07-09 18:19:50.014  1254  1350 W AString : ctor got NULL, using empty string instead
07-09 18:19:50.015  1254  1350 I SCP-SensorSavedChannel: [-15032,2061,-9035]==>gyro_bias.json
07-09 18:19:50.465  2248  2248 E WifiHAL : handleResponse: data=0xb400007b8d0f17d0, len=4888
07-09 18:19:50.466  2248  2248 I WifiHAL : check_data_sanity: confirmed_size=4888, len=4888
07-09 18:19:50.466  2248  2248 I WifiHAL : wifi_get_link_stats: result=0
07-09 18:19:50.489  2248  2248 I WifiHAL : feature_set=0x8489141a
07-09 18:19:50.516  1254  1350 W AString : ctor got NULL, using empty string instead
07-09 18:19:50.516  1254  1350 I SCP-SensorSavedChannel: [-15031,2065,-9025]==>gyro_bias.json
07-09 18:19:51.007  1254  1350 W AString : ctor got NULL, using empty string instead
07-09 18:19:51.007  1254  1350 I SCP-SensorSavedChannel: [-15032,2058,-9041]==>gyro_bias.json
07-09 18:19:51.516  1254  1350 W AString : ctor got NULL, using empty string instead
07-09 18:19:51.516  1254  1350 I SCP-SensorSavedChannel: [-15031,2065,-9025]==>gyro_bias.json
07-09 18:19:52.328  1916  1955 I ActivityManager: Killing 9983:com.nothing.user.center/u0a132 (adj 965): empty #33
07-09 18:19:52.334  1214  1247 I netd    : tetherGetStats() -> {[TetherStatsParcel{iface: wlan0, rxBytes: 0, rxPackets: 0, txBytes: 0, txPackets: 0, ifIndex: 0}]} <2.34ms>
07-09 18:19:52.385  1217  1217 I Zygote  : Process 9983 exited due to signal 9 (Killed)
07-09 18:19:52.386  1916  3693 I START_DEBUG: remove ALL_TIMEOUT cleanup   ProcessRecord :ProcessRecord{2220587 9983:com.nothing.user.center/u0a132}
07-09 18:19:52.386  1916  1958 I libprocessgroup: Removed cgroup /sys/fs/cgroup/apps/uid_10132/pid_9983
07-09 18:19:52.386  1916  3693 I mtkpower_client: [PowerHal_Wrap_notifyAppState] com.nothing.user.center/com.nothing.user.center pid=9983 activityId:9983 state:3
07-09 18:19:52.387  1262  1262 I IPCThreadState: oneway function results for code 2 on binder at 0xb400007a92666c60 will be dropped but finished with status UNKNOWN_TRANSACTION
07-09 18:19:52.387  1262  1262 I vendor.mediatek.hardware.mtkpower_applist-service.mediatek: packName: com.nothing.user.center actName: com.nothing.user.center pid: 9983 uid: 10132 state: 3
07-09 18:19:52.387  1262  1262 I MTK_APPList: [notifyAPPstate] com.nothing.user.center/com.nothing.user.center, pid=9983, uid=10132, state:DEAD, fps:-1, win:0
07-09 18:19:52.387  1262  1262 I MTK_APPList: [notifyAPPstate] multi_resumed_app_count: 1
07-09 18:19:52.387  1262  1262 I MTK_APPList: [notifyAPPstate] multi_resumed_app_info[0] com.weatheron.mobile/com.weatheron.mobile.MainActivity, pid:10901, fps:-1, isMultiWindow:0
07-09 18:19:52.387  1262  1262 I MTK_APPList: [getForegroundAPPCount] 1
07-09 18:19:52.387  1262  1262 I MTK_APPList: [notifyAPPstate] pack:com.nothing.user.center, pid:9983, STATE_DEAD
07-09 18:19:52.387  1262  1262 I MTK_APPList: [notifyNetdUID] 10303
07-09 18:19:52.389  1262  1262 I mtkpower_client: PowerHal_Wrap_setSysInfo, result:0
07-09 18:19:52.390  1262  1262 I MTK_APPList: [notifyPID] 10901
07-09 18:19:52.391  1263  1373 I libPowerHal: [perfSetSysInfo] pid type:24, 10901
07-09 18:19:52.392  1262  1262 I mtkpower_client: PowerHal_Wrap_setSysInfo, result:0
07-09 18:19:52.508  1254  1350 W AString : ctor got NULL, using empty string instead
07-09 18:19:52.509  1254  1350 I SCP-SensorSavedChannel: [-15031,2071,-9014]==>gyro_bias.json
07-09 18:19:53.014  1254  1350 W AString : ctor got NULL, using empty string instead
07-09 18:19:53.014  1254  1350 I SCP-SensorSavedChannel: [-15030,2073,-9008]==>gyro_bias.json
07-09 18:19:53.151 31522 31522 I adbd    : adbd service requested 'shell,v2,TERM=dumb,raw:input tap 890 520'
07-09 18:19:53.210  1263  1373 I libPowerHal: [perfLockAcq] idx:0 hdl:73743 hint:25 pid:1263 tid:1263 duration:10000 lock_user:mtkpower@1.0-se => ret_hdl:73743
07-09 18:19:53.211  1263  1373 I libPowerHal: [PE] MTKPOWER_HINT_APP_TOUCH update cmd:3408b00 param:1
07-09 18:19:53.211  1263  1352 E libPowerHal: [getCPUFreq] error cid:2, nClusterNum:2
07-09 18:19:53.214  1263  1373 I libPowerHal: [perfLockAcq] idx:1 hdl:73744 hint:-1 pid:1263 tid:1352 duration:200 lock_user:mtkpower@1.0-se => ret_hdl:73744
07-09 18:19:53.214  1263  1373 I libPowerHal: [setClusterFreq] mtkpower@1.0-se set cpufreq[0] min:1900000 max:-1 cpufreq[1] min:2600000 max:-1 
07-09 18:19:53.214  1277  1708 E SurfaceFlinger: MtkDuration override mode is disabled
07-09 18:19:53.214  1263  1373 I libPowerHal: [setClusterFreq]  set cpu_ctrl cpufreq: 1900000 -1 2600000 -1 
07-09 18:19:53.215  1263  1373 I libPowerHal: [PE] mtkpower@1.0-se update cmd:1404100, param:0
07-09 18:19:53.215  1277  1708 I PowerHalWrapper: updateFps(): 90
07-09 18:19:53.215  1243  1693 I hwcomposer: [DRMDEV] (0:60) failed to waitNextVsync: -1  
07-09 18:19:53.215  1263  1373 I libPowerHal: [PE] mtkpower@1.0-se update cmd:1404300, param:0
07-09 18:19:53.215  1263  1373 I libPowerHal: [PE] mtkpower@1.0-se update cmd:1408100, param:0
07-09 18:19:53.217  1263  1373 I libPowerHal: [PE] mtkpower@1.0-se update cmd:1408300, param:80
07-09 18:19:53.217  1243  1243 I hwcomposer: [HWCDisplay] (0) setActiveConfigWithConstraints config:2  
07-09 18:19:53.217  1243  1243 I hwcomposer: [HWCDisplay] setActiveConfigWithConstraints(), now 671305398811396, diff 420692, estimated_applied_time 16666667 queued_size:0  
07-09 18:19:53.218  1243  1243 I hwcomposer: [HWCDisplay] [Display_0 (type:1, mode:2)] fps:0.069783,dur:14330.13,max:14330.13,min:14330.13  
07-09 18:19:53.220  1263  1373 I libPowerHal: [perfLockRel] hdl:73743, idx:0
07-09 18:19:53.220  1263  1373 I libPowerHal: [PD] MTKPOWER_HINT_APP_TOUCH update cmd:3408b00 param:0
07-09 18:19:53.240  1243  1717 I hwcomposer: [HWCDisplay] updateAppliedConfigState: applied config complete[idx:671305415478063, config:2]  
07-09 18:19:53.248  1277  1277 I PowerHalWrapper: updateFps(): 90
07-09 18:19:53.248  1277  1277 I PowerHalWrapper: mEnableMultiDisplayMode enable=0 fps=90
07-09 18:19:53.248  1277  1277 I mtkpower_client: PowerHal_Wrap_EnableMultiDisplayMode, enable:0 fps:90 CurMultiDisplayMode:-1
07-09 18:19:53.249  1277  1277 I PowerHalWrapper: updateFps(): 90
07-09 18:19:53.295  1263  1353 E libPowerHal: Could not open '/proc/touch_boost/force_stop_boost'
07-09 18:19:53.295  1263  1353 E libPowerHal: error : 2, No such file or directory
07-09 18:19:53.296  1263  1373 I libPowerHal: [perfLockRel] hdl:73744, idx:1
07-09 18:19:53.296  1263  1373 I libPowerHal: [setClusterFreq]  set cpu_ctrl cpufreq: -1 -1 -1 -1 
07-09 18:19:53.296  1263  1373 I libPowerHal: [PD] mtkpower@1.0-se update cmd:1404100 param:0
