07-09 18:17:40.078  1263  1373 I mtkpower@impl: [powerd_req] TIMER_MSG_PERF_LOCK_TIMEOUT hdl:73736
07-09 18:17:40.078  1263  1373 I libPowerHal: [perfLockRel] hdl:73736, idx:2
07-09 18:17:40.078  1263  1373 I libPowerHal: [PD] MTKPOWER_HINT_EXT_LAUNCH update cmd:2020000 param:0
07-09 18:17:40.079  1263  1373 I libPowerHal: [PD] MTKPOWER_HINT_EXT_LAUNCH update cmd:1408300 param:0
07-09 18:17:40.080  1263  1373 I libPowerHal: [PD] MTKPOWER_HINT_EXT_LAUNCH update cmd:1000000 param:-1
07-09 18:17:40.080  1263  1373 I libPowerHal: [PD] MTKPOWER_HINT_EXT_LAUNCH update cmd:808000 param:0
07-09 18:17:40.389  1254  1350 W AString : ctor got NULL, using empty string instead
07-09 18:17:40.390  1254  1350 I SCP-SensorSavedChannel: [-15076,1623,-10020]==>gyro_bias.json
07-09 18:17:40.442  1243  1243 I hwcomposer: [HWCDisplay] [Display_0 (type:1, mode:2)] fps:75.946320,dur:1000.71,max:33.24,min:9.73  
07-09 18:17:40.483  1262  1357 I libPerfCtl: xgfGetFPS pid:2295 fps:-1
07-09 18:17:40.483  1262  1357 I libPerfCtl: xgfGetFPS pid:10901 fps:-1
07-09 18:17:40.483  1262  1357 I libPerfCtl: xgfGetFPS pid:11787 fps:-1
07-09 18:17:40.489  2480  2820 W BluetoothMetricsLogger: MetricsLogger isn't initialized
07-09 18:17:40.489  2480  2820 W BluetoothMetricsLogger: MetricsLogger isn't initialized
07-09 18:17:40.491 19093 10684 I NearbyConnections: Found BleAdvertisement [ 0x23 0x42 0x33 0x58 0x30 0x11 0x32 0xbd 0x33 0x11 0xe0 0x47 0xe8 0xd8 0x82 0x87 0x0f 0xc8 0xa2 0x71 0xd4 0x5a 0xa5 ] (with EndpointId B3X0 and EndpointInfo [ 0x32 0xbd 0x33 0x11 0xe0 0x47 0xe8 0xd8 0x82 0x87 0x0f 0xc8 0xa2 0x71 0xd4 0x5a 0xa5 ])
07-09 18:17:40.496 19093 10684 I NearbyConnections: ClientProxy(141054581 0p:com.google.android.gms.nearby.sharing) reporting onEndpointFound(B3X0)
07-09 18:17:40.497 19093 10684 I NearbyConnections: ClientProxy(141054581) reporting onEndpointDistanceChanged(B3X0, UNKNOWN)
07-09 18:17:40.497 19093 10686 I NearbySharing: NearbySharing Internal event EndpointDiscovered(endpointId=B3X0)
07-09 18:17:40.573  1277  1277 I BufferQueueProducer: [com.weatheron.mobile/com.weatheron.mobile.MainActivity#26474](this:0xb4000072cec534d8,id:-1,api:0,p:-1,c:1277) queueBuffer: fps=79.95 dur=1000.61 max=33.38 min=10.48
07-09 18:17:40.894  1254  1350 W AString : ctor got NULL, using empty string instead
07-09 18:17:40.897  1254  1350 I SCP-SensorSavedChannel: [-15078,1616,-10032]==>gyro_bias.json
07-09 18:17:41.337  2348  2348 I EsimTransferChimeraService: onUnbind
07-09 18:17:41.399  1254  1350 W AString : ctor got NULL, using empty string instead
07-09 18:17:41.400  1254  1350 I SCP-SensorSavedChannel: [-15078,1613,-10037]==>gyro_bias.json
07-09 18:17:41.445  1243  1243 I hwcomposer: [HWCDisplay] [Display_0 (type:1, mode:2)] fps:89.752151,dur:1002.76,max:13.32,min:9.37  
07-09 18:17:41.484  1262  1357 I libPerfCtl: xgfGetFPS pid:2295 fps:-1
07-09 18:17:41.484  1262  1357 I libPerfCtl: xgfGetFPS pid:10901 fps:-1
07-09 18:17:41.484  1262  1357 I libPerfCtl: xgfGetFPS pid:11787 fps:-1
07-09 18:17:41.575  1277  1277 I BufferQueueProducer: [com.weatheron.mobile/com.weatheron.mobile.MainActivity#26474](this:0xb4000072cec534d8,id:-1,api:0,p:-1,c:1277) queueBuffer: fps=89.84 dur=1001.79 max=12.57 min=10.32
07-09 18:17:41.629  2461 32751 W AlarmManager: Unrecognized alarm listener com.android.networkstack.android.net.ip.IpClientLinkObserver$Dhcp6PdPreferredPrefixAlarmListener@d05cab6
07-09 18:17:41.637  2248  2248 I WifiHAL : createRequest: APF set program request
07-09 18:17:41.640  2248  2248 I WifiHAL : Done!
07-09 18:17:41.890  1254  1350 W AString : ctor got NULL, using empty string instead
07-09 18:17:41.891  1254  1350 I SCP-SensorSavedChannel: [-15081,1605,-10051]==>gyro_bias.json
07-09 18:17:42.221  2248  2248 E WifiHAL : handleResponse: data=0xb400007b8d0f17d0, len=4888
07-09 18:17:42.221  2248  2248 I WifiHAL : check_data_sanity: confirmed_size=4888, len=4888
07-09 18:17:42.221  2248  2248 I WifiHAL : wifi_get_link_stats: result=0
07-09 18:17:42.221 10901 11372 W HWUI    : Image decoding logging dropped!
07-09 18:17:42.221 10901 11368 W HWUI    : Image decoding logging dropped!
07-09 18:17:42.230  2248  2248 I WifiHAL : feature_set=0x8489141a
07-09 18:17:42.447  1243  1243 I hwcomposer: [HWCDisplay] [Display_0 (type:1, mode:2)] fps:84.829498,dur:1002.01,max:22.92,min:9.57  
07-09 18:17:42.484  1262  1357 I libPerfCtl: xgfGetFPS pid:2295 fps:-1
07-09 18:17:42.484  1262  1357 I libPerfCtl: xgfGetFPS pid:10901 fps:-1
07-09 18:17:42.484  1262  1357 I libPerfCtl: xgfGetFPS pid:11787 fps:-1
07-09 18:17:42.576  1277  1277 I BufferQueueProducer: [com.weatheron.mobile/com.weatheron.mobile.MainActivity#26474](this:0xb4000072cec534d8,id:-1,api:0,p:-1,c:1277) queueBuffer: fps=80.92 dur=1001.04 max=22.75 min=10.40
07-09 18:17:42.779  1266  1279 E NtChgAidl: NtChgAidl: InGameStatus: 0
07-09 18:17:42.780  1266  1279 E NtChg   : NtChg:T0-6:[50,100,120,430,440,450,500],chg_series:8,is_changed:1,TeBoT0-6:[50,80,100,430,440,450,500],TRegion:3,Temp:337,tzname:shell_front,Ibat:3200,onlineI:-400,param_type:7,AbnormalStatus:512,tzn:60,g_cp_mode:4,vbat:3900,pr_id:2,OnGameStatus:0
07-09 18:17:42.780  1266  1279 E NtChg   : NtChg:handle_batt_temp_little_cool triggered
07-09 18:17:42.780  1266  1279 E NtChg   : NtChg:set temp_region=3
07-09 18:17:42.780  1266  1279 E NtChg   : NtChg:set ibatmax=3200 and set vbatmax=4500
07-09 18:17:42.902  1254  1350 W AString : ctor got NULL, using empty string instead
07-09 18:17:42.903  1254  1350 I SCP-SensorSavedChannel: [-15084,1594,-10068]==>gyro_bias.json
07-09 18:17:43.447  1243  1243 I hwcomposer: [HWCDisplay] [Display_0 (type:1, mode:2)] fps:59.971306,dur:1000.48,max:23.11,min:10.28  
07-09 18:17:43.485  1262  1357 I libPerfCtl: xgfGetFPS pid:2295 fps:-1
07-09 18:17:43.485  1262  1357 I libPerfCtl: xgfGetFPS pid:10901 fps:-1
07-09 18:17:43.485  1262  1357 I libPerfCtl: xgfGetFPS pid:11787 fps:-1
07-09 18:17:43.577  1277  1277 I BufferQueueProducer: [com.weatheron.mobile/com.weatheron.mobile.MainActivity#26474](this:0xb4000072cec534d8,id:-1,api:0,p:-1,c:1277) queueBuffer: fps=59.94 dur=1000.95 max=22.71 min=10.64
07-09 18:17:43.897  1254  1350 W AString : ctor got NULL, using empty string instead
07-09 18:17:43.898  1254  1350 I SCP-SensorSavedChannel: [-15085,1591,-10075]==>gyro_bias.json
07-09 18:17:44.198  1916  1933 I AS.AudioService: getMode, get current owner's mode
07-09 18:17:44.199  1916  1933 I AS.AudioService: getMode, currentModeHandler is null
07-09 18:17:44.407  1254  1350 W AString : ctor got NULL, using empty string instead
07-09 18:17:44.408  1254  1350 I SCP-SensorSavedChannel: [-15084,1595,-10067]==>gyro_bias.json
07-09 18:17:44.408  1254  1350 W AString : ctor got NULL, using empty string instead
07-09 18:17:44.409  1254  1350 I SCP-SensorSavedChannel: [-43,-135,-233,-13449,6772,-1264]==>gyro_temp.json
07-09 18:17:44.409  1254  1350 W AString : ctor got NULL, using empty string instead
07-09 18:17:44.409  1254  1350 I SCP-SensorSavedChannel: [-15085,1654,-10139]==>gyro_bias.json
07-09 18:17:44.449  1243  1243 I hwcomposer: [HWCDisplay] [Display_0 (type:1, mode:2)] fps:59.899830,dur:1001.67,max:24.20,min:10.07  
07-09 18:17:44.485  1262  1357 I libPerfCtl: xgfGetFPS pid:2295 fps:-1
07-09 18:17:44.485  1262  1357 I libPerfCtl: xgfGetFPS pid:10901 fps:-1
07-09 18:17:44.485  1262  1357 I libPerfCtl: xgfGetFPS pid:11787 fps:-1
07-09 18:17:44.579  1277  1277 I BufferQueueProducer: [com.weatheron.mobile/com.weatheron.mobile.MainActivity#26474](this:0xb4000072cec534d8,id:-1,api:0,p:-1,c:1277) queueBuffer: fps=59.91 dur=1001.46 max=23.01 min=10.51
07-09 18:17:44.678  2480  2820 W BluetoothMetricsLogger: MetricsLogger isn't initialized
07-09 18:17:44.678  2480  2820 W BluetoothMetricsLogger: MetricsLogger isn't initialized
07-09 18:17:44.681 19093 10416 I NearbyMediums: This GATT advertisement BleAdvertisement { version=2, socketVersion=2, isFast=true, serviceIdHash=null, data=[ 0x23 0x41 0x4a 0x5a 0x49 0x11 0x32 0x8d 0xca 0x94 0x2e 0xf6 0xf9 0x71 0x4c 0x23 0xae 0xcd 0x21 0xdf 0x9e 0x6d 0xcb ], deviceToken=[ 0x6c 0xdc ], rxAdvertisement=null } is a Fast Advertisement and matched UUID 0000fef3-0000-1000-8000-00805f9b34fb in fastAdvertisementServiceUuids map with serviceID NearbySharing
07-09 18:17:44.682 19093 10686 I NearbyConnections: Found BleAdvertisement [ 0x23 0x41 0x4a 0x5a 0x49 0x11 0x32 0x8d 0xca 0x94 0x2e 0xf6 0xf9 0x71 0x4c 0x23 0xae 0xcd 0x21 0xdf 0x9e 0x6d 0xcb ] (with EndpointId AJZI and EndpointInfo [ 0x32 0x8d 0xca 0x94 0x2e 0xf6 0xf9 0x71 0x4c 0x23 0xae 0xcd 0x21 0xdf 0x9e 0x6d 0xcb ])
07-09 18:17:44.684 19093 10686 I NearbyConnections: ClientProxy(141054581 0p:com.google.android.gms.nearby.sharing) reporting onEndpointFound(AJZI)
07-09 18:17:44.685 19093 10686 I NearbyConnections: ClientProxy(141054581) reporting onEndpointDistanceChanged(AJZI, UNKNOWN)
07-09 18:17:44.685 19093 10628 I NearbySharing: NearbySharing Internal event EndpointDiscovered(endpointId=AJZI)
07-09 18:17:44.893  1254  1350 W AString : ctor got NULL, using empty string instead
07-09 18:17:44.894  1254  1350 I SCP-SensorSavedChannel: [-15092,1633,-10176]==>gyro_bias.json
07-09 18:17:45.255  2248  2248 E WifiHAL : handleResponse: data=0xb400007b8d0f17d0, len=4888
07-09 18:17:45.255  2248  2248 I WifiHAL : check_data_sanity: confirmed_size=4888, len=4888
07-09 18:17:45.255  2248  2248 I WifiHAL : wifi_get_link_stats: result=0
07-09 18:17:45.281  2248  2248 I WifiHAL : feature_set=0x8489141a
07-09 18:17:45.356  1916  1916 E UiModeManager: mComputedNightMode:false, mNightMode.get():0, mOverrideNightModeOn:false, mOverrideNightModeOff:falsemTwilightManager.getLastTwilightState():TwilightState { sunrise=07-09 05:21 sunset=07-09 19:58 }
07-09 18:17:45.360  1255  1255 I android.hardware.thermal@2.0-service.mtk: fill_temperatures filterType1 name: SKIN type: SKIN throttlingStatus: NONE value: 33.798 ret_temps size 0
07-09 18:17:45.360  1266  1266 E NtChgAidl: NtChgAidl: setChargeFccIn user:2,val = 9000
07-09 18:17:45.362  1266  1266 E NtChgAidl: NtChgAidl: mBattTempRegion _aidl_return:0
07-09 18:17:45.381  1277  1277 I BufferQueueProducer: [StatusBar#90](this:0xb4000072ceb36898,id:-1,api:0,p:-1,c:1277) queueBuffer: fps=1.25 dur=20048.82 max=19840.34 min=8.09
07-09 18:17:45.398  1254  1350 W AString : ctor got NULL, using empty string instead
07-09 18:17:45.399  1254  1350 I SCP-SensorSavedChannel: [-15090,1638,-10167]==>gyro_bias.json
07-09 18:17:45.450  1243  1243 I hwcomposer: [HWCDisplay] [Display_0 (type:1, mode:2)] fps:59.915810,dur:1001.41,max:23.21,min:9.03  
07-09 18:17:45.486  1262  1357 I libPerfCtl: xgfGetFPS pid:2295 fps:-1
07-09 18:17:45.486  1262  1357 I libPerfCtl: xgfGetFPS pid:10901 fps:-1
07-09 18:17:45.486  1262  1357 I libPerfCtl: xgfGetFPS pid:11787 fps:-1
07-09 18:17:45.581  1277  1277 I BufferQueueProducer: [com.weatheron.mobile/com.weatheron.mobile.MainActivity#26474](this:0xb4000072cec534d8,id:-1,api:0,p:-1,c:1277) queueBuffer: fps=59.87 dur=1002.10 max=22.96 min=10.26
07-09 18:17:45.904  1254  1350 W AString : ctor got NULL, using empty string instead
07-09 18:17:45.904  1254  1350 I SCP-SensorSavedChannel: [-15092,1633,-10176]==>gyro_bias.json
07-09 18:17:46.451  1243  1243 I hwcomposer: [HWCDisplay] [Display_0 (type:1, mode:2)] fps:59.933773,dur:1001.11,max:24.61,min:8.49  
07-09 18:17:46.486  1262  1357 I libPerfCtl: xgfGetFPS pid:2295 fps:-1
07-09 18:17:46.486  1262  1357 I libPerfCtl: xgfGetFPS pid:10901 fps:-1
07-09 18:17:46.486  1262  1357 I libPerfCtl: xgfGetFPS pid:11787 fps:-1
07-09 18:17:46.516  1916  1946 E EventHub: Failed to read sysfs battery info: No such file or directory
07-09 18:17:46.582  1277  1277 I BufferQueueProducer: [com.weatheron.mobile/com.weatheron.mobile.MainActivity#26474](this:0xb4000072cec534d8,id:-1,api:0,p:-1,c:1277) queueBuffer: fps=59.91 dur=1001.47 max=24.31 min=9.16
07-09 18:17:46.900  1254  1350 W AString : ctor got NULL, using empty string instead
07-09 18:17:46.900  1254  1350 I SCP-SensorSavedChannel: [-15087,1647,-10153]==>gyro_bias.json
07-09 18:17:47.405  1254  1350 W AString : ctor got NULL, using empty string instead
07-09 18:17:47.406  1254  1350 I SCP-SensorSavedChannel: [-15088,1644,-10158]==>gyro_bias.json
07-09 18:17:47.453  1243  1243 I hwcomposer: [HWCDisplay] [Display_0 (type:1, mode:2)] fps:59.866199,dur:1002.24,max:23.97,min:9.39  
07-09 18:17:47.487  1262  1357 I libPerfCtl: xgfGetFPS pid:2295 fps:-1
07-09 18:17:47.487  1262  1357 I libPerfCtl: xgfGetFPS pid:10901 fps:-1
07-09 18:17:47.487  1262  1357 I libPerfCtl: xgfGetFPS pid:11787 fps:-1
07-09 18:17:47.583  1277  1277 I BufferQueueProducer: [com.weatheron.mobile/com.weatheron.mobile.MainActivity#26474](this:0xb4000072cec534d8,id:-1,api:0,p:-1,c:1277) queueBuffer: fps=59.93 dur=1001.22 max=22.86 min=10.46
07-09 18:17:47.896  1254  1350 W AString : ctor got NULL, using empty string instead
07-09 18:17:47.897  1254  1350 I SCP-SensorSavedChannel: [-15086,1652,-10144]==>gyro_bias.json
07-09 18:17:48.308  2248  2248 E WifiHAL : handleResponse: data=0xb400007b8d0f17d0, len=4888
07-09 18:17:48.308  2248  2248 I WifiHAL : check_data_sanity: confirmed_size=4888, len=4888
07-09 18:17:48.308  2248  2248 I WifiHAL : wifi_get_link_stats: result=0
07-09 18:17:48.335  2248  2248 I WifiHAL : feature_set=0x8489141a
07-09 18:17:48.455  1243  1243 I hwcomposer: [HWCDisplay] [Display_0 (type:1, mode:2)] fps:59.931492,dur:1001.14,max:23.10,min:10.17  
07-09 18:17:48.487  1262  1357 I libPerfCtl: xgfGetFPS pid:2295 fps:-1
07-09 18:17:48.488  1262  1357 I libPerfCtl: xgfGetFPS pid:10901 fps:-1
07-09 18:17:48.488  1262  1357 I libPerfCtl: xgfGetFPS pid:11787 fps:-1
07-09 18:17:48.585  1277  1277 I BufferQueueProducer: [com.weatheron.mobile/com.weatheron.mobile.MainActivity#26474](this:0xb4000072cec534d8,id:-1,api:0,p:-1,c:1277) queueBuffer: fps=59.90 dur=1001.62 max=22.75 min=10.51
07-09 18:17:48.790  1266  1279 E NtChgAidl: NtChgAidl: InGameStatus: 0
07-09 18:17:48.791  1266  1279 E NtChg   : NtChg:T0-6:[50,100,120,430,440,450,500],chg_series:8,is_changed:1,TeBoT0-6:[50,80,100,430,440,450,500],TRegion:3,Temp:337,tzname:shell_front,Ibat:3200,onlineI:-400,param_type:7,AbnormalStatus:512,tzn:60,g_cp_mode:4,vbat:3890,pr_id:2,OnGameStatus:0
07-09 18:17:48.791  1266  1279 E NtChg   : NtChg:handle_batt_temp_little_cool triggered
07-09 18:17:48.791  1266  1279 E NtChg   : NtChg:set temp_region=3
07-09 18:17:48.791  1266  1279 E NtChg   : NtChg:set ibatmax=3200 and set vbatmax=4500
07-09 18:17:48.907  1254  1350 W AString : ctor got NULL, using empty string instead
07-09 18:17:48.907  1254  1350 I SCP-SensorSavedChannel: [-15085,1654,-10140]==>gyro_bias.json
07-09 18:17:49.203  1916  4392 I AS.AudioService: getMode, get current owner's mode
07-09 18:17:49.203  1916  4392 I AS.AudioService: getMode, currentModeHandler is null
07-09 18:17:49.397  1254  1350 W AString : ctor got NULL, using empty string instead
07-09 18:17:49.398  1254  1350 I SCP-SensorSavedChannel: [-15083,1660,-10130]==>gyro_bias.json
07-09 18:17:49.418 19093 10416 I NearbyMediums: Found Fast Ble Advertisements :
07-09 18:17:49.418 19093 10416 I NearbyMediums: BleAdvertisement { version=2, socketVersion=2, isFast=true, serviceIdHash=null, data=[ 0x23 0x42 0x33 0x58 0x30 0x11 0x32 0xbd 0x33 0x11 0xe0 0x47 0xe8 0xd8 0x82 0x87 0x0f 0xc8 0xa2 0x71 0xd4 0x5a 0xa5 ], deviceToken=[ 0xd6 0xf0 ], rxAdvertisement=null } : 1 times.
07-09 18:17:49.418 19093 10416 I NearbyMediums: Total 1 fast advertisements from 1 unique advertisers.
07-09 18:17:49.420 19093 10416 I NearbyMediums: Current Tracked Scanning Clients are : {NearbyConnections.EnvironmentMonitor, NearbySharing}
07-09 18:17:49.421 19093 10628 I NearbyConnections: Processing lost BlePeripheral BlePeripheral{advertisement=BleAdvertisement { version=2, socketVersion=2, isFast=true, serviceIdHash=null, data=[ 0x23 0x37 0x46 0x4d 0x34 0x11 0x32 0xa0 0x2b 0xdf 0xf2 0x02 0x20 0xa4 0x85 0x60 0x8b 0xf7 0xcd 0x2b 0xfb 0xe5 0xd3 ], deviceToken=[ 0x1d 0x29 ], rxAdvertisement=null }, dctAdvertisement=null, address=null, psm=0, deviceToken=<ByteString@8882587 size=2 contents="\035)">, isSecondProfile=false, rxInstantConnectionAdv=null}.
07-09 18:17:49.421 19093 10628 I NearbyConnections: Lost BleEndpoint for BlePeripheral BlePeripheral{advertisement=BleAdvertisement { version=2, socketVersion=2, isFast=true, serviceIdHash=null, data=[ 0x23 0x37 0x46 0x4d 0x34 0x11 0x32 0xa0 0x2b 0xdf 0xf2 0x02 0x20 0xa4 0x85 0x60 0x8b 0xf7 0xcd 0x2b 0xfb 0xe5 0xd3 ], deviceToken=[ 0x1d 0x29 ], rxAdvertisement=null }, dctAdvertisement=null, address=null, psm=0, deviceToken=<ByteString@8882587 size=2 contents="\035)">, isSecondProfile=false, rxInstantConnectionAdv=null} (with EndpointId 7FM4 and EndpointInfo [ 0x32 0xa0 0x2b 0xdf 0xf2 0x02 0x20 0xa4 0x85 0x60 0x8b 0xf7 0xcd 0x2b 0xfb 0xe5 0xd3 ]).
07-09 18:17:49.422 19093 10628 I NearbyConnections: ClientProxy(141054581) reporting onEndpointLost(7FM4)
07-09 18:17:49.424 19093 10416 I NearbySharing: NearbySharing Internal event EndpointLost(endpointId=7FM4)
07-09 18:17:49.467  1243  1243 I hwcomposer: [HWCDisplay] [Display_0 (type:1, mode:2)] fps:60.261471,dur:1012.26,max:24.18,min:9.41  
07-09 18:17:49.488  1262  1357 I libPerfCtl: xgfGetFPS pid:2295 fps:-1
07-09 18:17:49.488  1262  1357 I libPerfCtl: xgfGetFPS pid:10901 fps:-1
07-09 18:17:49.597  1277  1277 I BufferQueueProducer: [com.weatheron.mobile/com.weatheron.mobile.MainActivity#26474](this:0xb4000072cec534d8,id:-1,api:0,p:-1,c:1277) queueBuffer: fps=60.27 dur=1012.03 max=23.16 min=10.21
07-09 18:17:49.904  1254  1350 W AString : ctor got NULL, using empty string instead
07-09 18:17:49.904  1254  1350 I SCP-SensorSavedChannel: [-15084,1658,-10133]==>gyro_bias.json
07-09 18:17:50.411  1254  1350 W AString : ctor got NULL, using empty string instead
07-09 18:17:50.411  1254  1350 I SCP-SensorSavedChannel: [-15081,1668,-10116]==>gyro_bias.json
07-09 18:17:50.468  1243  1243 I hwcomposer: [HWCDisplay] [Display_0 (type:1, mode:2)] fps:59.936665,dur:1001.06,max:24.98,min:9.91  
07-09 18:17:50.488  1262  1357 I libPerfCtl: xgfGetFPS pid:2295 fps:-1
07-09 18:17:50.489  1262  1357 I libPerfCtl: xgfGetFPS pid:10901 fps:-1
07-09 18:17:50.599  1277  1277 I BufferQueueProducer: [com.weatheron.mobile/com.weatheron.mobile.MainActivity#26474](this:0xb4000072cec534d8,id:-1,api:0,p:-1,c:1277) queueBuffer: fps=59.91 dur=1001.58 max=23.37 min=10.50
07-09 18:17:50.670  1214  1247 I netd    : tetherGetStats() -> {[TetherStatsParcel{iface: wlan0, rxBytes: 0, rxPackets: 0, txBytes: 0, txPackets: 0, ifIndex: 0}]} <5.90ms>
07-09 18:17:50.673  1916  4392 W ProcessStats: Tracking association SourceState{322b2cc com.android.vending/10143 ImpBg #435659} whose proc state 6 is better than process ProcessState{27a11e com.android.vending:background/10143 pkg=com.android.vending} proc state 13 (202 skipped)
07-09 18:17:50.674 18470 18470 I Finsky  : [2] SCH: job service start with id 9977.
07-09 18:17:50.683 18470 10829 I Finsky  : [689] SCH: Satisfied jobs for 9977 are: 12-1
07-09 18:17:50.684 18470 11416 I Finsky  : [694] SCH: Job 12-1 starting
07-09 18:17:50.685 18470 18470 I Finsky  : [2] WM::SCH: Logging work start for 12-1
07-09 18:17:50.686 18470 18470 I Finsky  : [2] [ContentSync] job started
07-09 18:17:50.898  1254  1350 W AString : ctor got NULL, using empty string instead
07-09 18:17:50.898  1254  1350 I SCP-SensorSavedChannel: [-15083,1659,-10132]==>gyro_bias.json
07-09 18:17:51.044 31522 31522 I adbd    : adbd service requested 'exec:uiautomator 'dump' '/dev/tty''
07-09 18:17:51.073 18470 18470 W Finsky  : [2] STU: Failed to get storage stats for package 'com.android.compos' (1601: Error getting stats: android.content.pm.PackageManager.NameNotFoundException)
07-09 18:17:51.073 18470 18470 W Finsky  : [2] STU: Failed to get storage stats for package 'com.google.android.uwb' (1601: Error getting stats: android.content.pm.PackageManager.NameNotFoundException)
07-09 18:17:51.083 18470 18470 W Finsky  : [2] STU: Failed to get storage stats for package 'com.android.nfcservices' (1601: Error getting stats: android.content.pm.PackageManager.NameNotFoundException)
07-09 18:17:51.083 18470 18470 W Finsky  : [2] STU: Failed to get storage stats for package 'com.google.android.tzdata6' (1601: Error getting stats: android.content.pm.PackageManager.NameNotFoundException)
07-09 18:17:51.113 18470 18470 W Finsky  : [2] STU: Failed to get storage stats for package 'com.google.android.permission' (1601: Error getting stats: android.content.pm.PackageManager.NameNotFoundException)
07-09 18:17:51.156 18470 18470 W Finsky  : [2] STU: Failed to get storage stats for package 'com.google.android.devicelock' (1601: Error getting stats: android.content.pm.PackageManager.NameNotFoundException)
07-09 18:17:51.158 11422 11422 I app_process: MMAP_TRYLOCK is supported in uffd errno:2 addr:0x73f7619000 size:4096
07-09 18:17:51.159 11422 11422 I AndroidRuntime: Using default boot image
07-09 18:17:51.159 11422 11422 I AndroidRuntime: Leaving lock profiling enabled
07-09 18:17:51.162 11422 11422 I app_process: Using generational CollectorTypeCMC GC.
07-09 18:17:51.181 18470 18470 W Finsky  : [2] STU: Failed to get storage stats for package 'com.google.android.wifi' (1601: Error getting stats: android.content.pm.PackageManager.NameNotFoundException)
07-09 18:17:51.223 18470 18470 W Finsky  : [2] STU: Failed to get storage stats for package 'com.android.apex.cts.shim' (1601: Error getting stats: android.content.pm.PackageManager.NameNotFoundException)
07-09 18:17:51.233 11422 11422 I app_process: Priority-to-niceness mapping: 19, 16, 13, 10, 0, -2, -4, -5, -6, -8
07-09 18:17:51.255 11422 11422 W libc    : Access denied finding property "ro.vendor.mtk.hbt_binfmt_misc_support"
07-09 18:17:51.255 11422 11422 W libc    : Access denied finding property "ro.vendor.mtk.app32_boost_support"
07-09 18:17:51.255 11422 11422 W libc    : Access denied finding property "ro.vendor.mtk.hbt_dyn_type"
07-09 18:17:51.255 11422 11422 W libc    : Access denied finding property "persist.vendor.mtk.hbt_dyn_type"
07-09 18:17:51.253 11422 11422 W main    : type=1400 audit(0.0:65379): avc:  denied  { read } for  name="u:object_r:system_mtk_app32_boost_prop:s0" dev="tmpfs" ino=398 scontext=u:r:shell:s0 tcontext=u:object_r:system_mtk_app32_boost_prop:s0 tclass=file permissive=0
07-09 18:17:51.253 11422 11422 W main    : type=1400 audit(0.0:65380): avc:  denied  { read } for  name="u:object_r:system_mtk_app32_boost_prop:s0" dev="tmpfs" ino=398 scontext=u:r:shell:s0 tcontext=u:object_r:system_mtk_app32_boost_prop:s0 tclass=file permissive=0
07-09 18:17:51.253 11422 11422 W main    : type=1400 audit(0.0:65381): avc:  denied  { read } for  name="u:object_r:system_mtk_app32_boost_prop:s0" dev="tmpfs" ino=398 scontext=u:r:shell:s0 tcontext=u:object_r:system_mtk_app32_boost_prop:s0 tclass=file permissive=0
07-09 18:17:51.253 11422 11422 W main    : type=1400 audit(0.0:65382): avc:  denied  { read } for  name="u:object_r:system_mtk_app32_boost_prop:s0" dev="tmpfs" ino=398 scontext=u:r:shell:s0 tcontext=u:object_r:system_mtk_app32_boost_prop:s0 tclass=file permissive=0
07-09 18:17:51.269 11422 11422 W PlatformAconfigPackage: android.os.flagging.AconfigStorageReadException: ERROR_CANNOT_READ_STORAGE_FILE: Fail to mmap storage
07-09 18:17:51.269 11422 11422 I AconfigPackage: com.android.adservices.ondevicepersonalization.flags is mapped to com.android.ondevicepersonalization
07-09 18:17:51.269 11422 11422 I AconfigPackage: android.graphics.pdf.flags is mapped to com.android.mediaprovider
07-09 18:17:51.269 11422 11422 I AconfigPackage: com.android.providers.media.flags is mapped to com.android.mediaprovider
07-09 18:17:51.269 11422 11422 I AconfigPackage: android.graphics.pdf.flags.readonly is mapped to com.android.mediaprovider
07-09 18:17:51.269 11422 11422 I AconfigPackage: com.android.art.flags is mapped to com.android.art
07-09 18:17:51.269 11422 11422 I AconfigPackage: com.android.art.rw.flags is mapped to com.android.art
07-09 18:17:51.269 11422 11422 I AconfigPackage: com.android.libcore is mapped to com.android.art
07-09 18:17:51.269 11422 11422 I AconfigPackage: com.android.ipsec.flags is mapped to com.android.ipsec
07-09 18:17:51.269 11422 11422 I AconfigPackage: com.android.wifi.flags is mapped to com.android.wifi
07-09 18:17:51.269 11422 11422 I AconfigPackage: com.android.media.extractor.flags is mapped to com.android.media
07-09 18:17:51.269 11422 11422 I AconfigPackage: com.android.media.metrics.flags is mapped to com.android.media
07-09 18:17:51.269 11422 11422 I AconfigPackage: com.android.media.mainline.flags is mapped to com.android.media
07-09 18:17:51.270 11422 11422 I AconfigPackage: android.provider.flags is mapped to com.android.configinfrastructure
07-09 18:17:51.270 11422 11422 I AconfigPackage: com.android.server.deviceconfig is mapped to com.android.configinfrastructure
07-09 18:17:51.270 11422 11422 I AconfigPackage: com.android.adservices.flags is mapped to com.android.adservices
07-09 18:17:51.270 11422 11422 I AconfigPackage: com.android.sdksandbox.flags is mapped to com.android.adservices
07-09 18:17:51.270 11422 11422 I AconfigPackage: com.android.bluetooth.flags is mapped to com.android.bt
07-09 18:17:51.270 11422 11422 I AconfigPackage: android.media.swcodec.flags is mapped to com.android.media.swcodec
07-09 18:17:51.270 11422 11422 I AconfigPackage: com.android.cellbroadcastreceiver.flags is mapped to com.android.cellbroadcast
07-09 18:17:51.270 11422 11422 I AconfigPackage: com.android.healthfitness.flags is mapped to com.android.healthfitness
07-09 18:17:51.270 11422 11422 I AconfigPackage: com.android.devicelock.flags is mapped to com.android.devicelock
07-09 18:17:51.270 11422 11422 I AconfigPackage: com.android.appsearch.flags is mapped to com.android.appsearch
07-09 18:17:51.270 11422 11422 I AconfigPackage: com.android.system.virtualmachine.flags is mapped to com.android.virt
07-09 18:17:51.270 11422 11422 I AconfigPackage: com.android.rkpd.flags is mapped to com.android.rkpd
07-09 18:17:51.270 11422 11422 I AconfigPackage: com.android.os.statsd.flags is mapped to com.android.os.statsd
07-09 18:17:51.270 11422 11422 I AconfigPackage: com.android.uwb.flags is mapped to com.android.uwb
07-09 18:17:51.271 11422 11422 I AconfigPackage: com.android.ranging.flags is mapped to com.android.uwb
07-09 18:17:51.271 11422 11422 I AconfigPackage: com.android.nfc.module.flags is mapped to com.android.nfcservices
07-09 18:17:51.271 11422 11422 I AconfigPackage: android.uprobestats.mainline.flags is mapped to com.android.uprobestats
07-09 18:17:51.271 11422 11422 I AconfigPackage: com.android.permission.flags is mapped to com.android.permission
07-09 18:17:51.271 11422 11422 I AconfigPackage: com.android.permissioncontroller.flags is mapped to com.android.permission
07-09 18:17:51.271 11422 11422 I AconfigPackage: android.os.profiling is mapped to com.android.profiling
07-09 18:17:51.271 11422 11422 I AconfigPackage: com.android.icu is mapped to com.android.i18n
07-09 18:17:51.271 11422 11422 I AconfigPackage: com.android.adbd.flags is mapped to com.android.adbd
07-09 18:17:51.271 11422 11422 I AconfigPackage: com.android.tethering.mainline.beta is mapped to com.android.tethering
07-09 18:17:51.271 11422 11422 I AconfigPackage: android.net.http is mapped to com.android.tethering
07-09 18:17:51.271 11422 11422 I AconfigPackage: com.android.tethering.readonly.flags is mapped to com.android.tethering
07-09 18:17:51.271 11422 11422 I AconfigPackage: android.net.vcn is mapped to com.android.tethering
07-09 18:17:51.271 11422 11422 I AconfigPackage: com.android.net.flags is mapped to com.android.tethering
07-09 18:17:51.271 11422 11422 I AconfigPackage: com.android.tethering.flags is mapped to com.android.tethering
07-09 18:17:51.271 11422 11422 I AconfigPackage: com.android.tethering.beta.test is mapped to com.android.tethering
07-09 18:17:51.271 11422 11422 I AconfigPackage: com.android.nearby.flags is mapped to com.android.tethering
07-09 18:17:51.271 11422 11422 I AconfigPackage: com.android.net.thread.flags is mapped to com.android.tethering
07-09 18:17:51.271 11422 11422 I AconfigPackage: com.android.net.ct.flags is mapped to com.android.tethering
07-09 18:17:51.271 11422 11422 I AconfigPackage: com.android.org.conscrypt.flags is mapped to com.android.conscrypt
07-09 18:17:51.271 11422 11422 I AconfigPackage: com.android.org.conscrypt.net.flags is mapped to com.android.conscrypt
07-09 18:17:51.271 11422 11422 E FeatureFlagsImplExport: android.os.flagging.AconfigStorageReadException: ERROR_PACKAGE_NOT_FOUND: package android.xr cannot be found on the device
07-09 18:17:51.273 11422 11422 I UiAutomation: Initialized for user 0 on display 0
07-09 18:17:51.273 11422 11422 W UiAutomation: Created with deprecatead constructor, assumes DEFAULT_DISPLAY
07-09 18:17:51.274  1916  2045 I UiAutomationManager: Registering UiTestAutomationService (id=com.android.server.accessibility/UiAutomation, flags=0x0) when called by user 0
07-09 18:17:51.275  1916  2045 W MagnificationConnectionManager: requestConnection duplicated request: connect=false, mConnectionState=DISCONNECTED
07-09 18:17:51.281  1916  2045 W MagnificationConnectionManager: requestConnection duplicated request: connect=false, mConnectionState=DISCONNECTED
07-09 18:17:51.361  2248  2248 E WifiHAL : handleResponse: data=0xb400007b8d0f17d0, len=4888
07-09 18:17:51.361  2248  2248 I WifiHAL : check_data_sanity: confirmed_size=4888, len=4888
07-09 18:17:51.361  2248  2248 I WifiHAL : wifi_get_link_stats: result=0
07-09 18:17:51.373  2248  2248 I WifiHAL : feature_set=0x8489141a
07-09 18:17:51.399  1254  1350 W AString : ctor got NULL, using empty string instead
07-09 18:17:51.399  1254  1350 I SCP-SensorSavedChannel: [-15082,1663,-10125]==>gyro_bias.json
07-09 18:17:51.470  1243  1243 I hwcomposer: [HWCDisplay] [Display_0 (type:1, mode:2)] fps:60.886974,dur:1001.86,max:24.71,min:8.40  
07-09 18:17:51.489  1262  1357 I libPerfCtl: xgfGetFPS pid:2295 fps:-1
07-09 18:17:51.489  1262  1357 I libPerfCtl: xgfGetFPS pid:10901 fps:-1
07-09 18:17:51.600  1277  1277 I BufferQueueProducer: [com.weatheron.mobile/com.weatheron.mobile.MainActivity#26474](this:0xb4000072cec534d8,id:-1,api:0,p:-1,c:1277) queueBuffer: fps=59.92 dur=1001.35 max=23.20 min=9.68
07-09 18:17:51.798 18470 18470 W Finsky  : [2] STU: Failed to get storage stats for package 'com.google.android.appsearch' (1601: Error getting stats: android.content.pm.PackageManager.NameNotFoundException)
07-09 18:17:51.803 18470 18470 W Finsky  : [2] STU: Failed to get storage stats for package 'com.google.android.media.swcodec' (1601: Error getting stats: android.content.pm.PackageManager.NameNotFoundException)
07-09 18:17:51.815 18470 18470 W Finsky  : [2] STU: Failed to get storage stats for package 'com.google.android.art' (1601: Error getting stats: android.content.pm.PackageManager.NameNotFoundException)
07-09 18:17:51.824 18470 18470 W Finsky  : [2] STU: Failed to get storage stats for package 'com.android.uprobestats' (1601: Error getting stats: android.content.pm.PackageManager.NameNotFoundException)
07-09 18:17:51.839 18470 18470 W Finsky  : [2] STU: Failed to get storage stats for package 'com.android.bt' (1601: Error getting stats: android.content.pm.PackageManager.NameNotFoundException)
07-09 18:17:51.864 18470 18470 W Finsky  : [2] STU: Failed to get storage stats for package 'com.android.profiling' (1601: Error getting stats: android.content.pm.PackageManager.NameNotFoundException)
07-09 18:17:51.909  1254  1350 W AString : ctor got NULL, using empty string instead
07-09 18:17:51.909  1254  1350 I SCP-SensorSavedChannel: [-15092,1633,-10176]==>gyro_bias.json
07-09 18:17:51.909  1254  1350 W AString : ctor got NULL, using empty string instead
07-09 18:17:51.909  1254  1350 I SCP-SensorSavedChannel: [-46,-141,-227,-13348,6972,-1490]==>gyro_temp.json
07-09 18:17:51.909  1254  1350 W AString : ctor got NULL, using empty string instead
07-09 18:17:51.910  1254  1350 I SCP-SensorSavedChannel: [-15113,1593,-10090]==>gyro_bias.json
07-09 18:17:51.971 18470 18470 W Finsky  : [2] STU: Failed to get storage stats for package 'com.google.android.mediaprovider' (1601: Error getting stats: android.content.pm.PackageManager.NameNotFoundException)
07-09 18:17:51.985  1916  1955 I ActivityManager: Killing 9664:com.nothing.gallery.media.proxy/u0a183 (adj 975): empty #33
07-09 18:17:51.987  1916  1955 I ActivityManager: Killing 9635:com.nothing.gallery/u0a184 (adj 975): empty #34
07-09 18:17:51.993  1214  1247 I netd    : tetherGetStats() -> {[TetherStatsParcel{iface: wlan0, rxBytes: 0, rxPackets: 0, txBytes: 0, txPackets: 0, ifIndex: 0}]} <3.61ms>
07-09 18:17:52.022  1916  3698 I START_DEBUG: remove ALL_TIMEOUT cleanup   ProcessRecord :ProcessRecord{b3c93cc 9664:com.nothing.gallery.media.proxy/u0a183}
07-09 18:17:52.022  1916  3698 I mtkpower_client: [PowerHal_Wrap_notifyAppState] com.nothing.gallery.media.proxy/com.nothing.gallery.media.proxy pid=9664 activityId:9664 state:3
07-09 18:17:52.023  1262  1262 I IPCThreadState: oneway function results for code 2 on binder at 0xb400007a92666c60 will be dropped but finished with status UNKNOWN_TRANSACTION
07-09 18:17:52.023  1916  1958 I libprocessgroup: Removed cgroup /sys/fs/cgroup/apps/uid_10183/pid_9664
07-09 18:17:52.023  1262  1262 I vendor.mediatek.hardware.mtkpower_applist-service.mediatek: packName: com.nothing.gallery.media.proxy actName: com.nothing.gallery.media.proxy pid: 9664 uid: 10183 state: 3
07-09 18:17:52.023  1262  1262 I MTK_APPList: [notifyAPPstate] com.nothing.gallery.media.proxy/com.nothing.gallery.media.proxy, pid=9664, uid=10183, state:DEAD, fps:-1, win:0
07-09 18:17:52.023  1262  1262 I MTK_APPList: [notifyAPPstate] multi_resumed_app_count: 1
07-09 18:17:52.023  1262  1262 I MTK_APPList: [notifyAPPstate] multi_resumed_app_info[0] com.weatheron.mobile/com.weatheron.mobile.MainActivity, pid:10901, fps:-1, isMultiWindow:0
07-09 18:17:52.023  1262  1262 I MTK_APPList: [getForegroundAPPCount] 1
07-09 18:17:52.023  1262  1262 I MTK_APPList: [notifyAPPstate] pack:com.nothing.gallery.media.proxy, pid:9664, STATE_DEAD
07-09 18:17:52.023  1262  1262 I MTK_APPList: [notifyNetdUID] 10303
07-09 18:17:52.025  1262  1262 I mtkpower_client: PowerHal_Wrap_setSysInfo, result:0
07-09 18:17:52.025  1262  1262 I MTK_APPList: [notifyPID] 10901
07-09 18:17:52.025  1217  1217 I Zygote  : Process 9664 exited due to signal 9 (Killed)
07-09 18:17:52.025  1263  1373 I libPowerHal: [perfSetSysInfo] pid type:24, 10901
07-09 18:17:52.025  1262  1262 I mtkpower_client: PowerHal_Wrap_setSysInfo, result:0
07-09 18:17:52.039  1916  1958 I libprocessgroup: Removed cgroup /sys/fs/cgroup/apps/uid_10184/pid_9635
07-09 18:17:52.039  1217  1217 I Zygote  : Process 9635 exited due to signal 9 (Killed)
07-09 18:17:52.043  1916  4392 I START_DEBUG: remove ALL_TIMEOUT cleanup   ProcessRecord :ProcessRecord{9ff9658 9635:com.nothing.gallery/u0a184}
07-09 18:17:52.046  1916  4392 I mtkpower_client: [PowerHal_Wrap_notifyAppState] com.nothing.gallery/com.nothing.gallery pid=9635 activityId:9635 state:3
07-09 18:17:52.046  1262  1262 I IPCThreadState: oneway function results for code 2 on binder at 0xb400007a92666c60 will be dropped but finished with status UNKNOWN_TRANSACTION
07-09 18:17:52.046  1262  1262 I vendor.mediatek.hardware.mtkpower_applist-service.mediatek: packName: com.nothing.gallery actName: com.nothing.gallery pid: 9635 uid: 10184 state: 3
07-09 18:17:52.046  1262  1262 I MTK_APPList: [notifyAPPstate] com.nothing.gallery/com.nothing.gallery, pid=9635, uid=10184, state:DEAD, fps:-1, win:0
07-09 18:17:52.046  1262  1262 I MTK_APPList: [notifyAPPstate] multi_resumed_app_count: 1
07-09 18:17:52.046  1262  1262 I MTK_APPList: [notifyAPPstate] multi_resumed_app_info[0] com.weatheron.mobile/com.weatheron.mobile.MainActivity, pid:10901, fps:-1, isMultiWindow:0
07-09 18:17:52.046  1262  1262 I MTK_APPList: [getForegroundAPPCount] 1
07-09 18:17:52.046  1262  1262 I MTK_APPList: [notifyAPPstate] pack:com.nothing.gallery, pid:9635, STATE_DEAD
07-09 18:17:52.046  1262  1262 I MTK_APPList: [notifyNetdUID] 10303
07-09 18:17:52.047  1262  1262 I mtkpower_client: PowerHal_Wrap_setSysInfo, result:0
07-09 18:17:52.047  1262  1262 I MTK_APPList: [notifyPID] 10901
07-09 18:17:52.047  1263  1373 I libPowerHal: [perfSetSysInfo] pid type:24, 10901
07-09 18:17:52.048  1262  1262 I mtkpower_client: PowerHal_Wrap_setSysInfo, result:0
07-09 18:17:52.073 18470 18470 W Finsky  : [2] STU: Failed to get storage stats for package 'com.android.virt' (1601: Error getting stats: android.content.pm.PackageManager.NameNotFoundException)
07-09 18:17:52.093 18470 18470 W Finsky  : [2] STU: Failed to get storage stats for package 'com.google.android.adbd' (1601: Error getting stats: android.content.pm.PackageManager.NameNotFoundException)
07-09 18:17:52.100 18470 18470 W Finsky  : [2] STU: Failed to get storage stats for package 'com.google.android.resolv' (1601: Error getting stats: android.content.pm.PackageManager.NameNotFoundException)
07-09 18:17:52.163 18470 18470 W Finsky  : [2] STU: Failed to get storage stats for package 'com.android.i18n' (1601: Error getting stats: android.content.pm.PackageManager.NameNotFoundException)
07-09 18:17:52.192 18470 18470 W Finsky  : [2] STU: Failed to get storage stats for package 'com.google.android.configinfrastructure' (1601: Error getting stats: android.content.pm.PackageManager.NameNotFoundException)
07-09 18:17:52.194 18470 18470 W Finsky  : [2] STU: Failed to get storage stats for package 'com.google.android.media' (1601: Error getting stats: android.content.pm.PackageManager.NameNotFoundException)
07-09 18:17:52.195 18470 18470 W Finsky  : [2] STU: Failed to get storage stats for package 'com.google.android.conscrypt' (1601: Error getting stats: android.content.pm.PackageManager.NameNotFoundException)
07-09 18:17:52.268 18470 18470 W Finsky  : [2] STU: Failed to get storage stats for package 'com.android.vndk.v31' (1601: Error getting stats: android.content.pm.PackageManager.NameNotFoundException)
07-09 18:17:52.282 18470 18470 W Finsky  : [2] STU: Failed to get storage stats for package 'com.android.vndk.v33' (1601: Error getting stats: android.content.pm.PackageManager.NameNotFoundException)
07-09 18:17:52.283 18470 18470 W Finsky  : [2] STU: Failed to get storage stats for package 'com.google.android.neuralnetworks' (1601: Error getting stats: android.content.pm.PackageManager.NameNotFoundException)
07-09 18:17:52.286 18470 18470 W Finsky  : [2] STU: Failed to get storage stats for package 'com.android.vndk.v34' (1601: Error getting stats: android.content.pm.PackageManager.NameNotFoundException)
07-09 18:17:52.315 18470 18470 W Finsky  : [2] STU: Failed to get storage stats for package 'com.google.android.ipsec' (1601: Error getting stats: android.content.pm.PackageManager.NameNotFoundException)
07-09 18:17:52.357 18470 18470 W Finsky  : [2] STU: Failed to get storage stats for package 'com.android.crashrecovery' (1601: Error getting stats: android.content.pm.PackageManager.NameNotFoundException)
07-09 18:17:52.363 18470 18470 W Finsky  : [2] STU: Failed to get storage stats for package 'com.google.android.ondevicepersonalization' (1601: Error getting stats: android.content.pm.PackageManager.NameNotFoundException)
07-09 18:17:52.400  1254  1350 W AString : ctor got NULL, using empty string instead
07-09 18:17:52.401  1254  1350 I SCP-SensorSavedChannel: [-15126,1553,-10153]==>gyro_bias.json
07-09 18:17:52.404 18470 18470 W Finsky  : [2] STU: Failed to get storage stats for package 'com.google.android.sdkext' (1601: Error getting stats: android.content.pm.PackageManager.NameNotFoundException)
07-09 18:17:52.406 18470 18470 W Finsky  : [2] STU: Failed to get storage stats for package 'com.google.android.healthfitness' (1601: Error getting stats: android.content.pm.PackageManager.NameNotFoundException)
07-09 18:17:52.471  1243  1243 I hwcomposer: [HWCDisplay] [Display_0 (type:1, mode:2)] fps:59.921051,dur:1001.32,max:24.96,min:8.29  
07-09 18:17:52.489  1262  1357 I libPerfCtl: xgfGetFPS pid:2295 fps:-1
07-09 18:17:52.489  1262  1357 I libPerfCtl: xgfGetFPS pid:10901 fps:-1
07-09 18:17:52.514 18470 18470 W Finsky  : [2] STU: Failed to get storage stats for package 'com.google.android.adservices' (1601: Error getting stats: android.content.pm.PackageManager.NameNotFoundException)
07-09 18:17:52.515 18470 18470 W Finsky  : [2] STU: Failed to get storage stats for package 'com.google.android.tethering' (1601: Error getting stats: android.content.pm.PackageManager.NameNotFoundException)
07-09 18:17:52.544 18470 18470 W Finsky  : [2] STU: Failed to get storage stats for package 'com.google.android.extservices' (1601: Error getting stats: android.content.pm.PackageManager.NameNotFoundException)
07-09 18:17:52.600  1277  1277 I BufferQueueProducer: [com.weatheron.mobile/com.weatheron.mobile.MainActivity#26474](this:0xb4000072cec534d8,id:-1,api:0,p:-1,c:1277) queueBuffer: fps=59.97 dur=1000.45 max=23.36 min=9.95
07-09 18:17:52.636 18470 18470 W Finsky  : [2] STU: Failed to get storage stats for package 'com.android.runtime' (1601: Error getting stats: android.content.pm.PackageManager.NameNotFoundException)
07-09 18:17:52.682 18470 18470 W Finsky  : [2] STU: Failed to get storage stats for package 'com.google.android.os.statsd' (1601: Error getting stats: android.content.pm.PackageManager.NameNotFoundException)
07-09 18:17:52.720 18470 18470 W Finsky  : [2] STU: Failed to get storage stats for package 'com.google.android.cellbroadcast' (1601: Error getting stats: android.content.pm.PackageManager.NameNotFoundException)
07-09 18:17:52.773 18470 18470 W Finsky  : [2] STU: Failed to get storage stats for package 'com.google.android.rkpd' (1601: Error getting stats: android.content.pm.PackageManager.NameNotFoundException)
07-09 18:17:52.823 18470 18470 W Finsky  : [2] STU: Failed to get storage stats for package 'com.google.android.scheduling' (1601: Error getting stats: android.content.pm.PackageManager.NameNotFoundException)
07-09 18:17:52.878 18470 18470 I Finsky  : [2] App states replicator found 33 unowned apps
07-09 18:17:52.888 18470 18506 I Finsky  : [252] Completed 0 account content syncs with 0 successful.
07-09 18:17:52.888 18470 18470 I Finsky  : [2] [ContentSync] Installation state replication succeeded.
07-09 18:17:52.889 18470 18470 I Finsky  : [2] SCH: jobFinished: 12-1. TimeElapsed: 2204ms.
07-09 18:17:52.889 18470 18470 I Finsky  : [2] WM::SCH: Logging work end for 12-1
07-09 18:17:52.903 18470 18506 I Finsky  : [252] SCH: Scheduling phonesky job Id: 1-1337, CT: 1783579545770, Constraints: [{ L: 43171714, D: 86371714, C: CHARGING_NONE, I: IDLE_NONE, N: NET_ANY, B: BATTERY_ANY }]
07-09 18:17:52.903 18470 18506 I Finsky  : [252] SCH: Scheduling phonesky job Id: 34-305, CT: 1783579547603, Constraints: [{ L: 604800000, D: 2462904323, C: CHARGING_NONE, I: IDLE_NONE, N: NET_ANY, B: BATTERY_ANY }]
07-09 18:17:52.904 18470 18506 I Finsky  : [252] SCH: Scheduling phonesky job Id: 34-312, CT: 1783579547604, Constraints: [{ L: 604800000, D: 2542149949, C: CHARGING_NONE, I: IDLE_NONE, N: NET_ANY, B: BATTERY_ANY }]
07-09 18:17:52.904 18470 18506 I Finsky  : [252] SCH: Scheduling phonesky job Id: 34-315, CT: 1783579547604, Constraints: [{ L: 29349590, D: 1325349590, C: CHARGING_NONE, I: IDLE_NONE, N: NET_ANY, B: BATTERY_ANY }]
07-09 18:17:52.905  1254  1350 W AString : ctor got NULL, using empty string instead
07-09 18:17:52.905  1254  1350 I SCP-SensorSavedChannel: [-15129,1544,-10168]==>gyro_bias.json
07-09 18:17:52.909 18470 18504 I Finsky  : [250] SCH: Scheduling 1 system job(s)
07-09 18:17:52.909 18470 18504 I Finsky  : [250] SCH: Scheduling system job Id: 9983, L: 20224285, D: 77244575, C: false, I: false, N: 1
07-09 18:17:52.915 18470 11416 I Finsky  : [694] SCH: job service finished with id 9977.
07-09 18:17:52.923   510   510 I Finsky:background: [2] Memory trim requested to level 40
07-09 18:17:52.929 18470 18470 I Finsky  : [2] Memory trim requested to level 40
07-09 18:17:52.929 18470 18470 I Finsky  : [2] Flushing in-memory image cache
07-09 18:17:53.411  1254  1350 W AString : ctor got NULL, using empty string instead
07-09 18:17:53.415  1254  1350 I SCP-SensorSavedChannel: [-15132,1536,-10182]==>gyro_bias.json
07-09 18:17:53.483  1243  1243 I hwcomposer: [HWCDisplay] [Display_0 (type:1, mode:2)] fps:60.261021,dur:1012.26,max:24.41,min:9.56  
07-09 18:17:53.489  1262  1357 I libPerfCtl: xgfGetFPS pid:2295 fps:-1
07-09 18:17:53.490  1262  1357 I libPerfCtl: xgfGetFPS pid:10901 fps:-1
07-09 18:17:53.615  1277  1277 I BufferQueueProducer: [com.weatheron.mobile/com.weatheron.mobile.MainActivity#26474](this:0xb4000072cec534d8,id:-1,api:0,p:-1,c:1277) queueBuffer: fps=60.16 dur=1014.03 max=23.06 min=10.58
07-09 18:17:53.902  1254  1350 W AString : ctor got NULL, using empty string instead
07-09 18:17:53.903  1254  1350 I SCP-SensorSavedChannel: [-15133,1531,-10189]==>gyro_bias.json
07-09 18:17:54.208  1916  4010 I AS.AudioService: getMode, get current owner's mode
07-09 18:17:54.208  1916  4010 I AS.AudioService: getMode, currentModeHandler is null
07-09 18:17:54.397  2248  2248 E WifiHAL : handleResponse: data=0xb400007b8d0f17d0, len=4888
07-09 18:17:54.397  2248  2248 I WifiHAL : check_data_sanity: confirmed_size=4888, len=4888
07-09 18:17:54.397  2248  2248 I WifiHAL : wifi_get_link_stats: result=0
07-09 18:17:54.407  1254  1350 W AString : ctor got NULL, using empty string instead
07-09 18:17:54.407  1254  1350 I SCP-SensorSavedChannel: [-15134,1530,-10191]==>gyro_bias.json
07-09 18:17:54.430  2248  2248 I WifiHAL : feature_set=0x8489141a
07-09 18:17:54.441 19093 19104 I NullBinder: NullBinder for android.net.action.RECOMMEND_NETWORKS triggering remote TransactionTooLargeException due to Service without Chimera impl, calling uid: 1000, calling pid: 0
07-09 18:17:54.441 19093 19104 W .gms.persistent: Large reply transaction of 2113536 bytes, interface descriptor , code 1
07-09 18:17:54.445 17690 17779 I BugleRcsEngine: Connected state: [1], networkType: [WIFI] [CONTEXT thread_id=215 ]
07-09 18:17:54.445 17690 17783 I BugleRcsEngine: handleMessage processing message:[NOTIFY_UPTIME_IGNORE_STATE_CHANGED] with [non-null]:RcsEngineImpl reference [CONTEXT log_prefix="RcsEngineImpl[DUAL_REG]:[6219b887-001a]>Handler" thread_id=219 ]
07-09 18:17:54.447 19093 10416 I NearbyMediums: Wifi changed new SSID: "SK_WiFiGIGAD0AD_5G"
07-09 18:17:54.447 19093 10416 I NearbyMediums: WifiLanConnectivityInfo is not changed, skip notify.
07-09 18:17:54.448  2535  2776 E PhoneInterfaceManager: getCarrierPrivilegeStatusForUid: Invalid subId
07-09 18:17:54.449 17690 17783 I BugleRcsEngine: No RCS Configuration was found in Bugle for simID: redacted-pii:sim_id[chars:0,last3:] [CONTEXT log_prefix="ProvisioningEngineDataRetriever" thread_id=219 ]
07-09 18:17:54.485  1243  1243 I hwcomposer: [HWCDisplay] [Display_0 (type:1, mode:2)] fps:59.903893,dur:1001.60,max:23.99,min:9.52  
07-09 18:17:54.490  1262  1357 I libPerfCtl: xgfGetFPS pid:10901 fps:-1
07-09 18:17:54.499  2480  2820 W BluetoothMetricsLogger: MetricsLogger isn't initialized
07-09 18:17:54.499  2480  2820 W BluetoothMetricsLogger: MetricsLogger isn't initialized
07-09 18:17:54.503 19093 10416 I NearbyMediums: This GATT advertisement BleAdvertisement { version=2, socketVersion=2, isFast=true, serviceIdHash=null, data=[ 0x23 0x59 0x52 0x31 0x31 0x11 0x3a 0xd7 0x82 0xbf 0x3d 0x9c 0x8e 0x85 0x18 0x3f 0x84 0xa8 0xbd 0x79 0x5d 0x15 0x8d ], deviceToken=[ 0x38 0x19 ], rxAdvertisement=null } is a Fast Advertisement and matched UUID 0000fef3-0000-1000-8000-00805f9b34fb in fastAdvertisementServiceUuids map with serviceID NearbySharing
07-09 18:17:54.504 19093 10684 I NearbyConnections: Found BleAdvertisement [ 0x23 0x59 0x52 0x31 0x31 0x11 0x3a 0xd7 0x82 0xbf 0x3d 0x9c 0x8e 0x85 0x18 0x3f 0x84 0xa8 0xbd 0x79 0x5d 0x15 0x8d ] (with EndpointId YR11 and EndpointInfo [ 0x3a 0xd7 0x82 0xbf 0x3d 0x9c 0x8e 0x85 0x18 0x3f 0x84 0xa8 0xbd 0x79 0x5d 0x15 0x8d ])
07-09 18:17:54.505 19093 10684 I NearbyConnections: ClientProxy(141054581 0p:com.google.android.gms.nearby.sharing) reporting onEndpointFound(YR11)
07-09 18:17:54.506 19093 10684 I NearbyConnections: ClientProxy(141054581) reporting onEndpointDistanceChanged(YR11, UNKNOWN)
07-09 18:17:54.507 19093 10686 I NearbySharing: NearbySharing Internal event EndpointDiscovered(endpointId=YR11)
07-09 18:17:54.616  1277  1277 I BufferQueueProducer: [com.weatheron.mobile/com.weatheron.mobile.MainActivity#26474](this:0xb4000072cec534d8,id:-1,api:0,p:-1,c:1277) queueBuffer: fps=59.94 dur=1001.02 max=23.00 min=10.48
07-09 18:17:54.803  1266  1279 E NtChgAidl: NtChgAidl: InGameStatus: 0
07-09 18:17:54.803  1266  1279 E NtChg   : NtChg:T0-6:[50,100,120,430,440,450,500],chg_series:8,is_changed:1,TeBoT0-6:[50,80,100,430,440,450,500],TRegion:3,Temp:337,tzname:shell_front,Ibat:3200,onlineI:-400,param_type:7,AbnormalStatus:512,tzn:60,g_cp_mode:4,vbat:3893,pr_id:2,OnGameStatus:0
07-09 18:17:54.803  1266  1279 E NtChg   : NtChg:handle_batt_temp_little_cool triggered
07-09 18:17:54.803  1266  1279 E NtChg   : NtChg:set temp_region=3
07-09 18:17:54.803  1266  1279 E NtChg   : NtChg:set ibatmax=3200 and set vbatmax=4500
07-09 18:17:54.912  1254  1350 W AString : ctor got NULL, using empty string instead
07-09 18:17:54.913  1254  1350 I SCP-SensorSavedChannel: [-15129,1544,-10168]==>gyro_bias.json
07-09 18:17:54.936 19093 10416 I NearbySharing: Network state changed: NetworkState(isRestricted=false, isOnline=true, isCongested=false, isMetered=false, isWifiConnected=true)
07-09 18:17:54.936 19093 10686 I NearbySharing: Network state changed: NetworkState(isRestricted=false, isOnline=true, isCongested=false, isMetered=false, isWifiConnected=true)
07-09 18:17:55.403  1254  1350 W AString : ctor got NULL, using empty string instead
07-09 18:17:55.404  1254  1350 I SCP-SensorSavedChannel: [-15127,1550,-10159]==>gyro_bias.json
