--------- beginning of main
07-10 00:46:25.450 I/artd    (17782): GetBestInfo: odex next to the dex file (/data/app/~~ql_9sGcG3le5yDlCxOkcgg==/com.weatheron.mobile-wwLYSKCb1EjIn8zqZxk7yA==/oat/arm64/base.odex) is kOatUpToDate with filter 'verify' executable 'false'
07-10 00:46:25.474 I/AS.AudioService( 1916): getMode, get current owner's mode
07-10 00:46:25.475 I/AS.AudioService( 1916): getMode, currentModeHandler is null
07-10 00:46:26.002 I/hwcomposer( 1243): [DRMDEV] (0:60) failed to waitNextVsync: -1
07-10 00:46:26.005 I/hwcomposer( 1243): [DRMDEV] (0:60) failed to waitNextVsync: -1
07-10 00:46:26.013 I/hwcomposer( 1243): [DRMDEV] (0:60) failed to waitNextVsync: -1
07-10 00:46:26.021 I/hwcomposer( 1243): [DRMDEV] (0:60) failed to waitNextVsync: -1
07-10 00:46:26.030 I/hwcomposer( 1243): [DRMDEV] (0:60) failed to waitNextVsync: -1
07-10 00:46:26.038 I/hwcomposer( 1243): [DRMDEV] (0:60) failed to waitNextVsync: -1
07-10 00:46:26.041 E/WifiHAL ( 2248): handleResponse: data=0xb400007b8d0f17d0, len=4920
07-10 00:46:26.041 I/WifiHAL ( 2248): check_data_sanity: confirmed_size=4920, len=4920
07-10 00:46:26.041 I/WifiHAL ( 2248): wifi_get_link_stats: result=0
07-10 00:46:26.046 I/hwcomposer( 1243): [DRMDEV] (0:60) failed to waitNextVsync: -1
07-10 00:46:26.075 I/WifiHAL ( 2248): feature_set=0x8489141a
07-10 00:46:27.003 I/hwcomposer( 1243): [DRMDEV] (0:60) failed to waitNextVsync: -1
07-10 00:46:27.005 I/hwcomposer( 1243): [DRMDEV] (0:60) failed to waitNextVsync: -1
07-10 00:46:27.013 I/hwcomposer( 1243): [DRMDEV] (0:60) failed to waitNextVsync: -1
07-10 00:46:27.021 I/hwcomposer( 1243): [DRMDEV] (0:60) failed to waitNextVsync: -1
07-10 00:46:27.030 I/hwcomposer( 1243): [DRMDEV] (0:60) failed to waitNextVsync: -1
07-10 00:46:27.038 I/hwcomposer( 1243): [DRMDEV] (0:60) failed to waitNextVsync: -1
07-10 00:46:27.046 I/hwcomposer( 1243): [DRMDEV] (0:60) failed to waitNextVsync: -1
07-10 00:46:27.294 E/NtChgAidl( 1266): NtChgAidl: InGameStatus: 0
07-10 00:46:27.294 E/NtChg   ( 1266): NtChg:T0-6:[50,100,120,430,440,450,500],chg_series:8,is_changed:1,TeBoT0-6:[50,80,100,430,440,450,500],TRegion:3,Temp:338,tzname:shell_front,Ibat:3200,onlineI:-400,param_type:7,AbnormalStatus:0,tzn:60,g_cp_mode:4,vbat:3864,pr_id:2,OnGameStatus:0
07-10 00:46:27.295 E/NtChg   ( 1266): NtChg:handle_batt_temp_little_cool triggered
07-10 00:46:27.295 E/NtChg   ( 1266): NtChg:set temp_region=3
07-10 00:46:27.295 E/NtChg   ( 1266): NtChg:set ibatmax=3200 and set vbatmax=4500
07-10 00:46:28.001 I/hwcomposer( 1243): [DRMDEV] (0:60) failed to waitNextVsync: -1
07-10 00:46:28.004 I/hwcomposer( 1243): [DRMDEV] (0:60) failed to waitNextVsync: -1
07-10 00:46:28.013 I/hwcomposer( 1243): [DRMDEV] (0:60) failed to waitNextVsync: -1
07-10 00:46:28.021 I/hwcomposer( 1243): [DRMDEV] (0:60) failed to waitNextVsync: -1
07-10 00:46:28.029 I/hwcomposer( 1243): [DRMDEV] (0:60) failed to waitNextVsync: -1
07-10 00:46:28.037 I/hwcomposer( 1243): [DRMDEV] (0:60) failed to waitNextVsync: -1
07-10 00:46:28.046 I/hwcomposer( 1243): [DRMDEV] (0:60) failed to waitNextVsync: -1
07-10 00:46:29.002 I/hwcomposer( 1243): [DRMDEV] (0:60) failed to waitNextVsync: -1
07-10 00:46:29.004 I/hwcomposer( 1243): [DRMDEV] (0:60) failed to waitNextVsync: -1
07-10 00:46:29.013 I/hwcomposer( 1243): [DRMDEV] (0:60) failed to waitNextVsync: -1
07-10 00:46:29.021 I/hwcomposer( 1243): [DRMDEV] (0:60) failed to waitNextVsync: -1
07-10 00:46:29.029 I/hwcomposer( 1243): [DRMDEV] (0:60) failed to waitNextVsync: -1
07-10 00:46:29.038 I/hwcomposer( 1243): [DRMDEV] (0:60) failed to waitNextVsync: -1
07-10 00:46:29.046 I/hwcomposer( 1243): [DRMDEV] (0:60) failed to waitNextVsync: -1
07-10 00:46:29.102 E/WifiHAL ( 2248): handleResponse: data=0xb400007b8d0f17d0, len=4920
07-10 00:46:29.102 I/WifiHAL ( 2248): check_data_sanity: confirmed_size=4920, len=4920
07-10 00:46:29.102 I/WifiHAL ( 2248): wifi_get_link_stats: result=0
07-10 00:46:29.129 I/WifiHAL ( 2248): feature_set=0x8489141a
07-10 00:46:29.139 I/NullBinder(19093): NullBinder for android.net.action.RECOMMEND_NETWORKS triggering remote TransactionTooLargeException due to Service without Chimera impl, calling uid: 1000, calling pid: 0
07-10 00:46:29.139 W/.gms.persistent(19093): Large reply transaction of 2113536 bytes, interface descriptor , code 1
07-10 00:46:29.145 I/BugleRcsEngine(17690): handleMessage processing message:[NOTIFY_UPTIME_IGNORE_STATE_CHANGED] with [non-null]:RcsEngineImpl reference [CONTEXT log_prefix="RcsEngineImpl[DUAL_REG]:[6219b887-001a]>Handler" thread_id=219 ]
07-10 00:46:29.145 I/BugleRcsEngine(17690): Connected state: [1], networkType: [WIFI] [CONTEXT thread_id=215 ]
07-10 00:46:29.148 I/NearbyMediums(19093): Wifi changed new SSID: "SK_WiFiGIGAD0AD_5G"
07-10 00:46:29.148 I/NearbyMediums(19093): WifiLanConnectivityInfo is not changed, skip notify.
07-10 00:46:29.159 E/PhoneInterfaceManager( 2535): getCarrierPrivilegeStatusForUid: Invalid subId
07-10 00:46:29.161 I/BugleRcsEngine(17690): No RCS Configuration was found in Bugle for simID: redacted-pii:sim_id[chars:0,last3:] [CONTEXT log_prefix="ProvisioningEngineDataRetriever" thread_id=219 ]
07-10 00:46:29.635 I/NearbySharing(19093): Network state changed: NetworkState(isRestricted=false, isOnline=true, isCongested=false, isMetered=false, isWifiConnected=true)
07-10 00:46:29.635 I/NearbySharing(19093): Network state changed: NetworkState(isRestricted=false, isOnline=true, isCongested=false, isMetered=false, isWifiConnected=true)
07-10 00:46:29.675 I/CastDatabase(19093): Saving the database
07-10 00:46:29.690 I/SQLiteCastStore(19093): [CastNetworkInfo] saved: 1, skipped: 0, [CastDeviceInfo]: saved 1, skipped 0, [ProbedNetworks]: saved 0, skipped: 0, [ProbedSocketAddress]: saved 1, skipped: 0, [Network-Device pairs]: saved: 1
07-10 00:46:29.962 I/adbd    (31522): adbd service requested 'shell,v2,TERM=dumb,raw:am force-stop com.weatheron.mobile'
07-10 00:46:30.002 I/hwcomposer( 1243): [DRMDEV] (0:60) failed to waitNextVsync: -1
07-10 00:46:30.004 I/hwcomposer( 1243): [DRMDEV] (0:60) failed to waitNextVsync: -1
07-10 00:46:30.013 I/hwcomposer( 1243): [DRMDEV] (0:60) failed to waitNextVsync: -1
07-10 00:46:30.021 I/hwcomposer( 1243): [DRMDEV] (0:60) failed to waitNextVsync: -1
--------- beginning of system
07-10 00:46:30.021 I/ActivityManager( 1916): Force stopping com.weatheron.mobile appid=10303 user=0: from pid 9960
07-10 00:46:30.026 I/START_DEBUG( 1916): remove START_TIMEOUT removeProcess    ProcessRecord :ProcessRecord{4409df 9833:com.weatheron.mobile/u0a303}
07-10 00:46:30.026 I/ActivityManager( 1916): Killing 9833:com.weatheron.mobile/u0a303 (adj 905): stop com.weatheron.mobile due to from pid 9960
07-10 00:46:30.028 I/START_DEBUG( 1916): remove ALL_TIMEOUT cleanup   ProcessRecord :ProcessRecord{4409df 9833:com.weatheron.mobile/u0a303}
07-10 00:46:30.028 I/mtkpower_client( 1916): [PowerHal_Wrap_notifyAppState] com.weatheron.mobile/com.weatheron.mobile pid=9833 activityId:9833 state:3
07-10 00:46:30.029 I/hwcomposer( 1243): [DRMDEV] (0:60) failed to waitNextVsync: -1
07-10 00:46:30.030 I/IPCThreadState( 1262): oneway function results for code 2 on binder at 0xb400007a92666c60 will be dropped but finished with status UNKNOWN_TRANSACTION
07-10 00:46:30.030 I/vendor.mediatek.hardware.mtkpower_applist-service.mediatek( 1262): packName: com.weatheron.mobile actName: com.weatheron.mobile pid: 9833 uid: 10303 state: 3
07-10 00:46:30.030 I/MTK_APPList( 1262): [notifyAPPstate] com.weatheron.mobile/com.weatheron.mobile, pid=9833, uid=10303, state:DEAD, fps:-1, win:0
07-10 00:46:30.030 I/MTK_APPList( 1262): [notifyAPPstate] multi_resumed_app_count: 1
07-10 00:46:30.030 I/MTK_APPList( 1262): [notifyAPPstate] multi_resumed_app_info[0] com.nothing.launcher/com.android.searchlauncher.SearchLauncher, pid:11787, fps:-1, isMultiWindow:1
07-10 00:46:30.030 I/MTK_APPList( 1262): [getForegroundAPPCount] 1
07-10 00:46:30.030 I/MTK_APPList( 1262): [notifyAPPstate] pack:com.weatheron.mobile, pid:9833, STATE_DEAD
07-10 00:46:30.030 I/MTK_APPList( 1262): [notifyNetdUID] 10191
07-10 00:46:30.032 I/mtkpower_client( 1262): PowerHal_Wrap_setSysInfo, result:0
07-10 00:46:30.032 I/MTK_APPList( 1262): [notifyPID] 11787
07-10 00:46:30.032 I/netd    ( 1214): tetherGetStats() -> {[TetherStatsParcel{iface: wlan0, rxBytes: 0, rxPackets: 0, txBytes: 0, txPackets: 0, ifIndex: 0}]} <3.79ms>
07-10 00:46:30.033 I/libPowerHal( 1263): [perfSetSysInfo] pid type:24, 11787
07-10 00:46:30.033 W/ProcessStats( 1916): Tracking association SourceState{299a9b0 system/1000 BFgs #451990} whose proc state 4 is better than process ProcessState{fd37042 com.nothing.wallpaper:Atmosphere/10193 pkg=com.nothing.wallpaper} proc state 5 (4 skipped)
07-10 00:46:30.035 I/AppsFilter( 1916): interaction: PackageSetting{ef5869c com.android.microdroid.empty_payload/10207} -> PackageSetting{9098919 com.weatheron.mobile/10303} BLOCKED
07-10 00:46:30.038 I/hwcomposer( 1243): [DRMDEV] (0:60) failed to waitNextVsync: -1
07-10 00:46:30.038 I/mtkpower_client( 1262): PowerHal_Wrap_setSysInfo, result:0
07-10 00:46:30.046 I/hwcomposer( 1243): [DRMDEV] (0:60) failed to waitNextVsync: -1
07-10 00:46:30.060 I/Zygote  ( 1217): Process 9833 exited due to signal 9 (Killed)
07-10 00:46:30.060 I/libprocessgroup( 1916): Removed cgroup /sys/fs/cgroup/apps/uid_10303/pid_9833
07-10 00:46:30.481 I/AS.AudioService( 1916): getMode, get current owner's mode
07-10 00:46:30.482 I/AS.AudioService( 1916): getMode, currentModeHandler is null
07-10 00:46:31.003 I/hwcomposer( 1243): [DRMDEV] (0:60) failed to waitNextVsync: -1
07-10 00:46:31.004 I/hwcomposer( 1243): [DRMDEV] (0:60) failed to waitNextVsync: -1
07-10 00:46:31.013 I/hwcomposer( 1243): [DRMDEV] (0:60) failed to waitNextVsync: -1
07-10 00:46:31.021 I/hwcomposer( 1243): [DRMDEV] (0:60) failed to waitNextVsync: -1
07-10 00:46:31.030 I/hwcomposer( 1243): [DRMDEV] (0:60) failed to waitNextVsync: -1
07-10 00:46:31.038 I/hwcomposer( 1243): [DRMDEV] (0:60) failed to waitNextVsync: -1
07-10 00:46:31.046 I/hwcomposer( 1243): [DRMDEV] (0:60) failed to waitNextVsync: -1
07-10 00:46:31.153 I/NearbyMediums(19093): No BLE Fast/GATT advertisements found in the latest cycle.
07-10 00:46:31.154 I/NearbyMediums(19093): Current Tracked Scanning Clients are : {NearbyConnections.EnvironmentMonitor, NearbySharing}
07-10 00:46:32.002 I/hwcomposer( 1243): [DRMDEV] (0:60) failed to waitNextVsync: -1
07-10 00:46:32.005 I/hwcomposer( 1243): [DRMDEV] (0:60) failed to waitNextVsync: -1
07-10 00:46:32.013 I/hwcomposer( 1243): [DRMDEV] (0:60) failed to waitNextVsync: -1
07-10 00:46:32.021 I/hwcomposer( 1243): [DRMDEV] (0:60) failed to waitNextVsync: -1
07-10 00:46:32.029 I/hwcomposer( 1243): [DRMDEV] (0:60) failed to waitNextVsync: -1
07-10 00:46:32.038 I/hwcomposer( 1243): [DRMDEV] (0:60) failed to waitNextVsync: -1
07-10 00:46:32.046 I/hwcomposer( 1243): [DRMDEV] (0:60) failed to waitNextVsync: -1
07-10 00:46:32.146 E/WifiHAL ( 2248): handleResponse: data=0xb400007b8d0f17d0, len=4920
07-10 00:46:32.146 I/WifiHAL ( 2248): check_data_sanity: confirmed_size=4920, len=4920
07-10 00:46:32.146 I/WifiHAL ( 2248): wifi_get_link_stats: result=0
07-10 00:46:32.179 I/WifiHAL ( 2248): feature_set=0x8489141a
07-10 00:46:32.263 E/EventHub( 1916): Failed to read sysfs battery info: No such file or directory
07-10 00:46:33.003 I/hwcomposer( 1243): [DRMDEV] (0:60) failed to waitNextVsync: -1
07-10 00:46:33.005 I/hwcomposer( 1243): [DRMDEV] (0:60) failed to waitNextVsync: -1
07-10 00:46:33.014 I/hwcomposer( 1243): [DRMDEV] (0:60) failed to waitNextVsync: -1
07-10 00:46:33.021 I/hwcomposer( 1243): [DRMDEV] (0:60) failed to waitNextVsync: -1
07-10 00:46:33.029 I/hwcomposer( 1243): [DRMDEV] (0:60) failed to waitNextVsync: -1
07-10 00:46:33.038 I/hwcomposer( 1243): [DRMDEV] (0:60) failed to waitNextVsync: -1
07-10 00:46:33.046 I/hwcomposer( 1243): [DRMDEV] (0:60) failed to waitNextVsync: -1
07-10 00:46:33.314 E/NtChgAidl( 1266): NtChgAidl: InGameStatus: 0
07-10 00:46:33.314 E/NtChg   ( 1266): NtChg:T0-6:[50,100,120,430,440,450,500],chg_series:8,is_changed:1,TeBoT0-6:[50,80,100,430,440,450,500],TRegion:3,Temp:337,tzname:shell_front,Ibat:3200,onlineI:-400,param_type:7,AbnormalStatus:0,tzn:60,g_cp_mode:4,vbat:3865,pr_id:2,OnGameStatus:0
07-10 00:46:33.314 E/NtChg   ( 1266): NtChg:handle_batt_temp_little_cool triggered
07-10 00:46:33.314 E/NtChg   ( 1266): NtChg:set temp_region=3
07-10 00:46:33.314 E/NtChg   ( 1266): NtChg:set ibatmax=3200 and set vbatmax=4500
07-10 00:46:34.003 I/hwcomposer( 1243): [DRMDEV] (0:60) failed to waitNextVsync: -1
07-10 00:46:34.004 I/hwcomposer( 1243): [DRMDEV] (0:60) failed to waitNextVsync: -1
07-10 00:46:34.013 I/hwcomposer( 1243): [DRMDEV] (0:60) failed to waitNextVsync: -1
07-10 00:46:34.021 I/hwcomposer( 1243): [DRMDEV] (0:60) failed to waitNextVsync: -1
07-10 00:46:34.029 I/hwcomposer( 1243): [DRMDEV] (0:60) failed to waitNextVsync: -1
07-10 00:46:34.038 I/hwcomposer( 1243): [DRMDEV] (0:60) failed to waitNextVsync: -1
07-10 00:46:34.046 I/hwcomposer( 1243): [DRMDEV] (0:60) failed to waitNextVsync: -1
07-10 00:46:34.207 I/adbd    (31522): adbd service requested 'shell,v2,TERM=dumb,raw:monkey -p com.weatheron.mobile -c android.intent.category.LAUNCHER 1'
07-10 00:46:34.492 I/app_process( 9963): MMAP_TRYLOCK is supported in uffd errno:2 addr:0x74727fb000 size:4096
07-10 00:46:34.494 I/AndroidRuntime( 9963): Using default boot image
07-10 00:46:34.494 I/AndroidRuntime( 9963): Leaving lock profiling enabled
07-10 00:46:34.498 I/app_process( 9963): Using generational CollectorTypeCMC GC.
07-10 00:46:34.597 I/app_process( 9963): Priority-to-niceness mapping: 19, 16, 13, 10, 0, -2, -4, -5, -6, -8
07-10 00:46:34.642 W/libc    ( 9963): Access denied finding property "ro.vendor.mtk.hbt_binfmt_misc_support"
07-10 00:46:34.642 W/libc    ( 9963): Access denied finding property "ro.vendor.mtk.app32_boost_support"
07-10 00:46:34.642 W/libc    ( 9963): Access denied finding property "ro.vendor.mtk.hbt_dyn_type"
07-10 00:46:34.642 W/libc    ( 9963): Access denied finding property "persist.vendor.mtk.hbt_dyn_type"
07-10 00:46:34.636 W/main    ( 9963): type=1400 audit(0.0:67139): avc:  denied  { read } for  name="u:object_r:system_mtk_app32_boost_prop:s0" dev="tmpfs" ino=398 scontext=u:r:shell:s0 tcontext=u:object_r:system_mtk_app32_boost_prop:s0 tclass=file permissive=0
07-10 00:46:34.636 W/main    ( 9963): type=1400 audit(0.0:67140): avc:  denied  { read } for  name="u:object_r:system_mtk_app32_boost_prop:s0" dev="tmpfs" ino=398 scontext=u:r:shell:s0 tcontext=u:object_r:system_mtk_app32_boost_prop:s0 tclass=file permissive=0
07-10 00:46:34.636 W/main    ( 9963): type=1400 audit(0.0:67141): avc:  denied  { read } for  name="u:object_r:system_mtk_app32_boost_prop:s0" dev="tmpfs" ino=398 scontext=u:r:shell:s0 tcontext=u:object_r:system_mtk_app32_boost_prop:s0 tclass=file permissive=0
07-10 00:46:34.636 W/main    ( 9963): type=1400 audit(0.0:67142): avc:  denied  { read } for  name="u:object_r:system_mtk_app32_boost_prop:s0" dev="tmpfs" ino=398 scontext=u:r:shell:s0 tcontext=u:object_r:system_mtk_app32_boost_prop:s0 tclass=file permissive=0
07-10 00:46:34.667 W/Monkey  ( 9963): args: [-p, com.weatheron.mobile, -c, android.intent.category.LAUNCHER, 1]
07-10 00:46:34.670 W/PlatformAconfigPackage( 9963): android.os.flagging.AconfigStorageReadException: ERROR_CANNOT_READ_STORAGE_FILE: Fail to mmap storage
07-10 00:46:34.672 I/AconfigPackage( 9963): com.android.adservices.ondevicepersonalization.flags is mapped to com.android.ondevicepersonalization
07-10 00:46:34.672 I/AconfigPackage( 9963): android.graphics.pdf.flags is mapped to com.android.mediaprovider
07-10 00:46:34.672 I/AconfigPackage( 9963): com.android.providers.media.flags is mapped to com.android.mediaprovider
07-10 00:46:34.672 I/AconfigPackage( 9963): android.graphics.pdf.flags.readonly is mapped to com.android.mediaprovider
07-10 00:46:34.672 I/AconfigPackage( 9963): com.android.art.flags is mapped to com.android.art
07-10 00:46:34.672 I/AconfigPackage( 9963): com.android.art.rw.flags is mapped to com.android.art
07-10 00:46:34.672 I/AconfigPackage( 9963): com.android.libcore is mapped to com.android.art
07-10 00:46:34.673 I/AconfigPackage( 9963): com.android.ipsec.flags is mapped to com.android.ipsec
07-10 00:46:34.674 I/AconfigPackage( 9963): com.android.wifi.flags is mapped to com.android.wifi
07-10 00:46:34.674 I/AconfigPackage( 9963): com.android.media.extractor.flags is mapped to com.android.media
07-10 00:46:34.674 I/AconfigPackage( 9963): com.android.media.metrics.flags is mapped to com.android.media
07-10 00:46:34.674 I/AconfigPackage( 9963): com.android.media.mainline.flags is mapped to com.android.media
07-10 00:46:34.675 I/AconfigPackage( 9963): android.provider.flags is mapped to com.android.configinfrastructure
07-10 00:46:34.675 I/AconfigPackage( 9963): com.android.server.deviceconfig is mapped to com.android.configinfrastructure
07-10 00:46:34.676 I/AconfigPackage( 9963): com.android.adservices.flags is mapped to com.android.adservices
07-10 00:46:34.676 I/AconfigPackage( 9963): com.android.sdksandbox.flags is mapped to com.android.adservices
07-10 00:46:34.676 I/AconfigPackage( 9963): com.android.bluetooth.flags is mapped to com.android.bt
07-10 00:46:34.677 I/AconfigPackage( 9963): android.media.swcodec.flags is mapped to com.android.media.swcodec
07-10 00:46:34.678 I/AconfigPackage( 9963): com.android.cellbroadcastreceiver.flags is mapped to com.android.cellbroadcast
07-10 00:46:34.679 I/AconfigPackage( 9963): com.android.healthfitness.flags is mapped to com.android.healthfitness
07-10 00:46:34.680 I/AconfigPackage( 9963): com.android.devicelock.flags is mapped to com.android.devicelock
07-10 00:46:34.680 I/AconfigPackage( 9963): com.android.appsearch.flags is mapped to com.android.appsearch
07-10 00:46:34.681 I/AconfigPackage( 9963): com.android.system.virtualmachine.flags is mapped to com.android.virt
07-10 00:46:34.682 I/AconfigPackage( 9963): com.android.rkpd.flags is mapped to com.android.rkpd
07-10 00:46:34.683 I/AconfigPackage( 9963): com.android.os.statsd.flags is mapped to com.android.os.statsd
07-10 00:46:34.683 I/AconfigPackage( 9963): com.android.uwb.flags is mapped to com.android.uwb
07-10 00:46:34.683 I/AconfigPackage( 9963): com.android.ranging.flags is mapped to com.android.uwb
07-10 00:46:34.684 I/AconfigPackage( 9963): com.android.nfc.module.flags is mapped to com.android.nfcservices
07-10 00:46:34.685 I/AconfigPackage( 9963): android.uprobestats.mainline.flags is mapped to com.android.uprobestats
07-10 00:46:34.686 I/AconfigPackage( 9963): com.android.permission.flags is mapped to com.android.permission
07-10 00:46:34.686 I/AconfigPackage( 9963): com.android.permissioncontroller.flags is mapped to com.android.permission
07-10 00:46:34.686 I/AconfigPackage( 9963): android.os.profiling is mapped to com.android.profiling
07-10 00:46:34.687 I/AconfigPackage( 9963): com.android.icu is mapped to com.android.i18n
07-10 00:46:34.688 I/AconfigPackage( 9963): com.android.adbd.flags is mapped to com.android.adbd
07-10 00:46:34.688 I/AconfigPackage( 9963): com.android.tethering.mainline.beta is mapped to com.android.tethering
07-10 00:46:34.688 I/AconfigPackage( 9963): android.net.http is mapped to com.android.tethering
07-10 00:46:34.688 I/AconfigPackage( 9963): com.android.tethering.readonly.flags is mapped to com.android.tethering
07-10 00:46:34.688 I/AconfigPackage( 9963): android.net.vcn is mapped to com.android.tethering
07-10 00:46:34.688 I/AconfigPackage( 9963): com.android.net.flags is mapped to com.android.tethering
07-10 00:46:34.688 I/AconfigPackage( 9963): com.android.tethering.flags is mapped to com.android.tethering
07-10 00:46:34.688 I/AconfigPackage( 9963): com.android.tethering.beta.test is mapped to com.android.tethering
07-10 00:46:34.688 I/AconfigPackage( 9963): com.android.nearby.flags is mapped to com.android.tethering
07-10 00:46:34.688 I/AconfigPackage( 9963): com.android.net.thread.flags is mapped to com.android.tethering
07-10 00:46:34.688 I/AconfigPackage( 9963): com.android.net.ct.flags is mapped to com.android.tethering
07-10 00:46:34.689 I/AconfigPackage( 9963): com.android.org.conscrypt.flags is mapped to com.android.conscrypt
07-10 00:46:34.689 I/AconfigPackage( 9963): com.android.org.conscrypt.net.flags is mapped to com.android.conscrypt
07-10 00:46:34.689 E/FeatureFlagsImplExport( 9963): android.os.flagging.AconfigStorageReadException: ERROR_PACKAGE_NOT_FOUND: package android.xr cannot be found on the device
07-10 00:46:34.691 W/libc    ( 9963): Access denied finding property "qemu.sf.lcd_density"
07-10 00:46:34.691 W/libc    ( 9963): Access denied finding property "qemu.sf.lcd_density"
07-10 00:46:34.684 W/commands.monkey( 9963): type=1400 audit(0.0:67143): avc:  denied  { read } for  name="u:object_r:qemu_sf_lcd_density_prop:s0" dev="tmpfs" ino=347 scontext=u:r:shell:s0 tcontext=u:object_r:qemu_sf_lcd_density_prop:s0 tclass=file permissive=0
07-10 00:46:34.696 W/Monkey  ( 9963):  arg: "-p"
07-10 00:46:34.696 W/Monkey  ( 9963):  arg: "com.weatheron.mobile"
07-10 00:46:34.696 W/Monkey  ( 9963):  arg: "-c"
07-10 00:46:34.696 W/Monkey  ( 9963):  arg: "android.intent.category.LAUNCHER"
07-10 00:46:34.696 W/Monkey  ( 9963):  arg: "1"
07-10 00:46:34.696 W/Monkey  ( 9963): data="com.weatheron.mobile"
07-10 00:46:34.696 W/Monkey  ( 9963): data="android.intent.category.LAUNCHER"
07-10 00:46:34.702 I/EventHub( 1916): usingClockIoctl=true
07-10 00:46:34.703 I/EventHub( 1916): New device: id=19, fd=902, path='/dev/input/event7', name='Monkey touch', classes=TOUCH | TOUCH_MT | BATTERY, configuration='', keyLayout='', keyCharacterMap='', builtinKeyboard=false,
07-10 00:46:34.713 I/InputReader( 1916): Device reconfigured: id=18, name='Monkey touch', size 1084x2412, orientation Rotation0, mode DIRECT, display id 0
07-10 00:46:34.713 I/InputReader( 1916): Device added: id=18, eventHubId=19, name='Monkey touch', descriptor='e1fe28b90f915c7d1febbd52c1ef84b3c4cbed9f',sources=TOUCHSCREEN
07-10 00:46:34.739 E/WindowManager( 1916): Display reconfigured outside of a transition: Display{#0 state=ON size=1084x2412 ROTATION_0}
07-10 00:46:34.742 I/PkDeviceHelper( 3379): PkDeviceHelper.refreshDevices():87 refreshing devices
07-10 00:46:34.743 E/EventHub( 1916): Failed to read sysfs battery info: No such file or directory
07-10 00:46:34.757 W/ActivityManager( 1916): registerReceiverWithFeature: no app for null
07-10 00:46:34.765 W/ActivityTaskManager( 1916): callingPackage for (uid=2000, pid=9963) has no WPC
07-10 00:46:34.767 W/OptProp ( 1916): Cannot read opt property android.window.PROPERTY_COMPAT_ALLOW_RESIZEABLE_ACTIVITY_OVERRIDES
07-10 00:46:34.767 W/OptProp ( 1916): Cannot read opt property android.window.PROPERTY_COMPAT_ALLOW_MIN_ASPECT_RATIO_OVERRIDE
07-10 00:46:34.768 I/mtkpower@impl( 1263): [setMode] type:5, enabled:1
07-10 00:46:34.770 I/libPowerHal( 1263): [perfLockAcq] idx:0 hdl:75664 hint:64 pid:1263 tid:1263 duration:30000 lock_user:mtkpower@1.0-se => ret_hdl:75664
07-10 00:46:34.770 I/libPowerHal( 1263): [setClusterFreq] LAUNCH set cpufreq[0] min:2000000 max:-1 cpufreq[1] min:2800000 max:-1
07-10 00:46:34.771 I/libPowerHal( 1263): [setClusterFreq]  set cpu_ctrl cpufreq: 2000000 -1 2800000 -1
07-10 00:46:34.772 I/libPowerHal( 1263): [PE] LAUNCH update cmd:1408300, param:100
07-10 00:46:34.772 I/libPowerHal( 1263): [PE] LAUNCH update cmd:300c000, param:15
07-10 00:46:34.772 I/libPowerHal( 1263): [setDvfsrcDevFreqOpp] opp:1, freq:4266000000
07-10 00:46:34.773 I/libPowerHal( 1263): [PE] LAUNCH update cmd:1000000 param:1
07-10 00:46:34.773 W/PopUpWinSceneDetector( 2271): Malformat: no colon symbol ':', so discard it.
07-10 00:46:34.773 W/PopUpWinSceneDetector( 2271): PopUpWinEvent format is wrong! Ignore it
07-10 00:46:34.773 I/libPowerHal( 1263): [PE] LAUNCH update cmd:808000 param:1
07-10 00:46:34.774 W/OptProp ( 1916): Cannot read opt property android.window.PROPERTY_COMPAT_ALLOW_ORIENTATION_OVERRIDE
07-10 00:46:34.775 I/BpBinder( 1277): onLastStrongRef automatically unlinking death recipients:
07-10 00:46:34.776 I/PowerHalWrapper( 1916): amsBoostNotify pid:11787,activity:com.android.searchlauncher.SearchLauncher, package:com.nothing.launcher, mProcessCreatePackcom.weatheron.mobile
07-10 00:46:34.776 I/PowerHalWrapper( 1916): state: 0
07-10 00:46:34.776 I/mtkpower_client( 1916): [PowerHal_Wrap_notifyAppState] com.nothing.launcher/com.android.searchlauncher.SearchLauncher pid=11787 activityId:232738244 state:0
07-10 00:46:34.776 I/hwcomposer( 1243): [HWCDisplay] [Display_0 (type:1, mode:2)] fps:1.982458,dur:22194.67,max:21468.66,min:6.80
07-10 00:46:34.776 I/IPCThreadState( 1262): oneway function results for code 2 on binder at 0xb400007a92666c60 will be dropped but finished with status UNKNOWN_TRANSACTION
07-10 00:46:34.776 I/vendor.mediatek.hardware.mtkpower_applist-service.mediatek( 1262): packName: com.nothing.launcher actName: com.android.searchlauncher.SearchLauncher pid: 11787 uid: 10191 state: 0
07-10 00:46:34.776 I/MTK_APPList( 1262): [notifyAPPstate] com.nothing.launcher/com.android.searchlauncher.SearchLauncher, pid=11787, uid=10191, state:PAUSED, fps:-1, win:0
07-10 00:46:34.776 I/MTK_APPList( 1262): [notifyAPPstate] multi_resumed_app_count: 0
07-10 00:46:34.776 I/MTK_APPList( 1262): [getForegroundAPPCount] 1
07-10 00:46:34.776 I/MTK_APPList( 1262): [notifyNetdUID] 10191
07-10 00:46:34.776 W/BoostModuleDispatcher( 2295): Not found identify scenario.
07-10 00:46:34.777 I/PowerHalWrapper( 1916): amsBoostNotify AMS_BOOST_PROCESS_CREATE_BOOST:false
07-10 00:46:34.777 I/mtkpower_client( 1262): PowerHal_Wrap_setSysInfo, result:0
07-10 00:46:34.777 I/MTK_APPList( 1262): [notifyPID] 11787
07-10 00:46:34.777 I/libPowerHal( 1263): [perfSetSysInfo] pid type:24, 11787
07-10 00:46:34.777 I/mtkpower_client( 1262): PowerHal_Wrap_setSysInfo, result:0
07-10 00:46:34.777 E/MBrainLocalService( 1916): notifyAppSwitch failed
07-10 00:46:34.778 I/AppsFilter( 1916): interaction: PackageSetting{ef5869c com.android.microdroid.empty_payload/10207} -> PackageSetting{acc2c16 com.weatheron.mobile/10303} BLOCKED
07-10 00:46:34.780 I/ActivityTaskManager( 1916): START u0 {act=android.intent.action.MAIN cat=[android.intent.category.LAUNCHER] flg=0x10200000 cmp=com.weatheron.mobile/.MainActivity} with LAUNCH_SINGLE_TASK from uid 2000 pid 9963 (BAL_ALLOW_PERMISSION) result code=0
07-10 00:46:34.780 W/BoostModuleDispatcher( 2295): Not found identify scenario.
07-10 00:46:34.780 W/BoostModuleDispatcher( 1916): Not found identify scenario.
07-10 00:46:34.781 I/PowerHalWrapper( 1916): amsBoostProcessCreate package:com.weatheron.mobile
07-10 00:46:34.782 I/libPowerHal( 1263): [perfLockRel] hdl:75648, idx:-1
07-10 00:46:34.782 I/libPowerHal( 1263): [perfLockAcq] idx:1 hdl:75665 hint:21 pid:1263 tid:1263 duration:10000 lock_user:mtkpower@1.0-se => ret_hdl:75665
07-10 00:46:34.782 I/libPowerHal( 1263): [setClusterFreq] MTKPOWER_HINT_PROCESS_CREATE set cpufreq[0] min:2000000 max:-1 cpufreq[1] min:2800000 max:-1
07-10 00:46:34.782 I/libPowerHal( 1263): [perfLockRel] hdl:74438, idx:-1
07-10 00:46:34.783 I/Monkey  ( 9963): Events injected: 1
07-10 00:46:34.784 I/ndroid.systemui( 2295): AssetManager2(0xb400006f6abf0638) locale list changing from [] to [ko-KR]
07-10 00:46:34.785 I/NT-AIWidgetAIWidgetInputMonitor(11787): Lifecycle onStateChanged event=ON_PAUSE
07-10 00:46:34.785 I/NT-AIWidgetAIWidgetController(11787): Lifecycle onStateChanged event=ON_PAUSE
07-10 00:46:34.786 I/netd    ( 1214): tetherGetStats() -> {[TetherStatsParcel{iface: wlan0, rxBytes: 0, rxPackets: 0, txBytes: 0, txPackets: 0, ifIndex: 0}]} <1.69ms>
07-10 00:46:34.787 W/SplitSelectStateCtor(11787): Missing session instanceIds
07-10 00:46:34.787 I/NT-TopTaskTracker(11787): Call back onTaskMovedToFront taskId = 815
07-10 00:46:34.787 I/NT-AppEventTracker(11787): Begin non-home task duration timing:TaskDuration(taskId=815, pkgName=com.weatheron.mobile, userId=UserHandle{0}, beginTime=1783611994787, endTime=0, windowType=1, duration=0, state=2)
07-10 00:46:34.788 W/BoostModuleDispatcher( 2295): Not found identify scenario.
07-10 00:46:34.794 I/ActivityManager( 1916): Start proc 9981:com.weatheron.mobile/u0a303 for top-activity {com.weatheron.mobile/com.weatheron.mobile.MainActivity}
07-10 00:46:34.801 I/START_DEBUG( 1916): send START_TIMEOUT message    ProcessRecord :ProcessRecord{60b6784 9981:com.weatheron.mobile/u0a303}
07-10 00:46:34.801 I/ActivityManager( 1916): ProcessObserver broadcast disabled
07-10 00:46:34.802 I/eatheron.mobile( 9981): Using generational CollectorTypeCMC GC.
07-10 00:46:34.807 W/HWUI    ( 2295): Image decoding logging dropped!
07-10 00:46:34.811 I/Monkey  ( 9963): ## Network stats: elapsed time=44ms (0ms mobile, 0ms wifi, 44ms not connected)
07-10 00:46:34.812 W/HWUI    ( 2295): Image decoding logging dropped!
07-10 00:46:34.813 I/app_process( 9963): System.exit called, status: 0
07-10 00:46:34.813 I/AndroidRuntime( 9963): VM exiting with result code 0.
07-10 00:46:34.816 W/BoostModuleDispatcher( 2295): Not found identify scenario.
07-10 00:46:34.816 W/BoostModuleDispatcher( 2295): Not found identify scenario.
07-10 00:46:34.816 I/BpBinder( 1277): onLastStrongRef automatically unlinking death recipients:
07-10 00:46:34.816 W/BoostModuleDispatcher( 2295): Not found identify scenario.
07-10 00:46:34.816 I/START_DEBUG( 1916): send BINDTIMEOUT    ProcessRecord :ProcessRecord{60b6784 9981:com.weatheron.mobile/u0a303}
07-10 00:46:34.816 I/START_DEBUG( 1916): remove START_TIMEOUT finish    ProcessRecord :ProcessRecord{60b6784 9981:com.weatheron.mobile/u0a303}
07-10 00:46:34.821 W/WindowManager( 1916): Changing focus from Window{4939695 u0 com.nothing.launcher/com.android.searchlauncher.SearchLauncher} to null displayId=0 Callers=com.android.server.wm.RootWindowContainer.updateFocusedWindowLocked:494 com.android.server.wm.WindowManagerService.updateFocusedWindowLocked:6830 com.android.server.wm.WindowManagerService.relayoutWindow:2794 com.android.server.wm.Session.relayout:288
07-10 00:46:34.830 I/Finsky  (18470): [2] SCH: job service start with id 9041.
07-10 00:46:34.832 E/SurfaceFlinger( 1277): Out of order buffers detected for RequestedLayerState{com.nothing.launcher/com.android.searchlauncher.SearchLauncher#27228 parentId=22927} producedId=264 frameNumber=263 -> producedId=264 frameNumber=174
07-10 00:46:34.832 I/BufferQueueProducer( 1277): [com.nothing.launcher/com.android.searchlauncher.SearchLauncher#27228](this:0xb4000072ce96c108,id:-1,api:0,p:-1,c:1277) queueBuffer: fps=0.96 dur=21809.78 max=21526.09 min=8.22
07-10 00:46:34.835 I/eatheron.mobile( 9981): AssetManager2(0xb400006f6aa76d98) locale list changing from [] to [ko-KR]
07-10 00:46:34.839 I/NT-TopTaskTracker(11787): Call back onTaskMovedToFront taskId = 815
07-10 00:46:34.839 I/Finsky  (18470): [943] SCH: Satisfied jobs for 9041 are: 12-1
07-10 00:46:34.840 I/EventHub( 1916): Removing device Monkey touch due to epoll hang-up event.
07-10 00:46:34.840 I/EventHub( 1916): Removed device: path=/dev/input/event7 name=Monkey touch id=19 fd=902 classes=TOUCH | TOUCH_MT | BATTERY
07-10 00:46:34.840 I/InputReader( 1916): Device removed: id=18, eventHubId=19, name='Monkey touch', descriptor='e1fe28b90f915c7d1febbd52c1ef84b3c4cbed9f', sources=TOUCHSCREEN
07-10 00:46:34.840 E/SurfaceFlinger( 1277): Out of order buffers detected for RequestedLayerState{com.nothing.launcher/com.android.searchlauncher.SearchLauncher#27228 parentId=22927} producedId=264 frameNumber=263 -> producedId=264 frameNumber=175
07-10 00:46:34.842 I/Finsky  (18470): [949] SCH: Job 12-1 starting
07-10 00:46:34.845 I/Finsky  (18470): [2] WM::SCH: Logging work start for 12-1
07-10 00:46:34.845 I/Finsky  (18470): [2] [ContentSync] job started
07-10 00:46:34.848 I/ActivityManager( 1916): Start proc 9996:com.google.android.apps.tachyon/u0a162 for service {com.google.android.apps.tachyon/androidx.work.impl.background.systemjob.SystemJobService}
07-10 00:46:34.848 I/START_DEBUG( 1916): send START_TIMEOUT message    ProcessRecord :ProcessRecord{644335b 9996:com.google.android.apps.tachyon/u0a162}
07-10 00:46:34.848 I/ActivityManager( 1916): ProcessObserver broadcast disabled
07-10 00:46:34.849 E/SurfaceFlinger( 1277): Out of order buffers detected for RequestedLayerState{com.nothing.launcher/com.android.searchlauncher.SearchLauncher#27228 parentId=22927} producedId=264 frameNumber=263 -> producedId=264 frameNumber=176
07-10 00:46:34.857 E/WindowManager( 1916): Display reconfigured outside of a transition: Display{#0 state=ON size=1084x2412 ROTATION_0}
07-10 00:46:34.857 E/SurfaceFlinger( 1277): Out of order buffers detected for RequestedLayerState{com.nothing.launcher/com.android.searchlauncher.SearchLauncher#27228 parentId=22927} producedId=264 frameNumber=263 -> producedId=264 frameNumber=177
07-10 00:46:34.858 I/PkDeviceHelper( 3379): PkDeviceHelper.refreshDevices():87 refreshing devices
07-10 00:46:34.859 I/EventHub( 1916): Removing device '/dev/input/event7' due to inotify event
07-10 00:46:34.860 E/EventHub( 1916): Failed to read sysfs battery info: No such file or directory
07-10 00:46:34.860 I/id.apps.tachyon( 9996): Using generational CollectorTypeCMC GC.
07-10 00:46:34.864 I/adbd    (31522): jdwp connection from 9996
07-10 00:46:34.865 I/NT-OrientationTouchTransformer(11787): AEROP-2352,createOrAddTouchRegion method called, info:rotation = 0
07-10 00:46:34.865 E/SurfaceFlinger( 1277): Out of order buffers detected for RequestedLayerState{com.nothing.launcher/com.android.searchlauncher.SearchLauncher#27228 parentId=22927} producedId=264 frameNumber=263 -> producedId=264 frameNumber=178
07-10 00:46:34.866 I/SurfaceFlinger( 1277): onHandleDestroyed: layerId=26878, name=[Gesture Monitor] swipe-up#26878
07-10 00:46:34.867 E/MML     ( 1243): unsupport alpha rotation for resize case crop 1084,2412 to dest 794,1768
07-10 00:46:34.868 I/mtkpower@impl( 1263): [setMode] type:6, enabled:1
07-10 00:46:34.868 E/mtkpower@impl( 1263): [setMode] unknown type
07-10 00:46:34.869 I/BufferQueueProducer( 1277): [FramebufferSurface](this:0xb40000738e95e580,id:-1,api:1,p:1277,c:1277) queueBuffer: fps=0.05 dur=453090.73 max=452913.76 min=8.19
07-10 00:46:34.874 E/SurfaceFlinger( 1277): Out of order buffers detected for RequestedLayerState{com.nothing.launcher/com.android.searchlauncher.SearchLauncher#27228 parentId=22927} producedId=264 frameNumber=263 -> producedId=264 frameNumber=179
07-10 00:46:34.875 E/MML     ( 1243): unsupport alpha rotation for resize case crop 1084,2412 to dest 822,1830
07-10 00:46:34.882 E/SurfaceFlinger( 1277): Out of order buffers detected for RequestedLayerState{com.nothing.launcher/com.android.searchlauncher.SearchLauncher#27228 parentId=22927} producedId=264 frameNumber=263 -> producedId=264 frameNumber=180
07-10 00:46:34.883 E/MML     ( 1243): unsupport alpha rotation for resize case crop 1084,2412 to dest 850,1892
07-10 00:46:34.884 I/START_DEBUG( 1916): send BINDTIMEOUT    ProcessRecord :ProcessRecord{644335b 9996:com.google.android.apps.tachyon/u0a162}
07-10 00:46:34.884 I/START_DEBUG( 1916): remove START_TIMEOUT finish    ProcessRecord :ProcessRecord{644335b 9996:com.google.android.apps.tachyon/u0a162}
07-10 00:46:34.886 W/SoLoader( 9981): Initializing SoLoader: 0
07-10 00:46:34.886 W/SoLoader( 9981): Recording new base apk path: /data/app/~~ql_9sGcG3le5yDlCxOkcgg==/com.weatheron.mobile-wwLYSKCb1EjIn8zqZxk7yA==/base.apk
07-10 00:46:34.886 W/SoLoader( 9981): Previously recorded 0 base apk paths.
07-10 00:46:34.887 I/SoLoader( 9981): Preparing SO source: DirectorySoSource[root = /vendor/lib64 flags = 2]
07-10 00:46:34.887 I/SoLoader( 9981): Preparing SO source: DirectorySoSource[root = /system/lib64 flags = 2]
07-10 00:46:34.887 I/SoLoader( 9981): Preparing SO source: DirectApkSoSource[root = [/data/app/~~ql_9sGcG3le5yDlCxOkcgg==/com.weatheron.mobile-wwLYSKCb1EjIn8zqZxk7yA==/base.apk!/lib/arm64-v8a]]
07-10 00:46:34.888 I/SoLoader( 9981): Preparing SO source: ApplicationSoSource[DirectorySoSource[root = /data/app/~~ql_9sGcG3le5yDlCxOkcgg==/com.weatheron.mobile-wwLYSKCb1EjIn8zqZxk7yA==/lib/arm64 flags = 0]]
07-10 00:46:34.888 I/SoLoader( 9981): init finish: 4 SO sources prepared
07-10 00:46:34.888 W/SoLoader( 9981): SoLoader initialized: 8
07-10 00:46:34.890 E/SurfaceFlinger( 1277): Out of order buffers detected for RequestedLayerState{com.nothing.launcher/com.android.searchlauncher.SearchLauncher#27228 parentId=22927} producedId=264 frameNumber=263 -> producedId=264 frameNumber=181
07-10 00:46:34.891 E/MML     ( 1243): unsupport alpha rotation for resize case crop 1084,2412 to dest 872,1940
07-10 00:46:34.893 I/cbfe    ( 5452): onPause
07-10 00:46:34.893 W/drep    ( 5452): measuring already stopped.
07-10 00:46:34.899 E/SurfaceFlinger( 1277): Out of order buffers detected for RequestedLayerState{com.nothing.launcher/com.android.searchlauncher.SearchLauncher#27228 parentId=22927} producedId=264 frameNumber=263 -> producedId=264 frameNumber=182
07-10 00:46:34.899 E/MML     ( 1243): unsupport alpha rotation for resize case crop 1084,2412 to dest 892,1984
07-10 00:46:34.904 I/START_DEBUG( 1916): remove BIND_TIMEOUT finish    ProcessRecord :ProcessRecord{60b6784 9981:com.weatheron.mobile/u0a303}
07-10 00:46:34.905 I/PowerHalWrapper( 1916): amsBoostNotify pid:9981,activity:com.weatheron.mobile.MainActivity, package:com.weatheron.mobile, mProcessCreatePackcom.weatheron.mobile
07-10 00:46:34.905 I/PowerHalWrapper( 1916): state: 1
07-10 00:46:34.905 I/mtkpower_client( 1916): [PowerHal_Wrap_notifyAppState] com.weatheron.mobile/com.weatheron.mobile.MainActivity pid=9981 activityId:43646139 state:1
07-10 00:46:34.906 I/IPCThreadState( 1262): oneway function results for code 2 on binder at 0xb400007a92666c60 will be dropped but finished with status UNKNOWN_TRANSACTION
07-10 00:46:34.906 I/vendor.mediatek.hardware.mtkpower_applist-service.mediatek( 1262): packName: com.weatheron.mobile actName: com.weatheron.mobile.MainActivity pid: 9981 uid: 10303 state: 1
07-10 00:46:34.906 I/MTK_APPList( 1262): [notifyAPPstate] com.weatheron.mobile/com.weatheron.mobile.MainActivity, pid=9981, uid=10303, state:RESUMED, fps:-1, win:0
07-10 00:46:34.906 I/MTK_APPList( 1262): [notifyAPPstate] multi_resumed_app_count: 1
07-10 00:46:34.906 I/MTK_APPList( 1262): [notifyAPPstate] multi_resumed_app_info[0] com.weatheron.mobile/com.weatheron.mobile.MainActivity, pid:9981, fps:-1, isMultiWindow:0
07-10 00:46:34.906 I/MTK_APPList( 1262): [getForegroundAPPCount] 1
07-10 00:46:34.906 I/MTK_APPList( 1262): [notifyAPPstate] foreground:com.weatheron.mobile, pid:9981, uid:10303
07-10 00:46:34.906 I/MTK_APPList( 1262): [notifyNetdUID] 10303
07-10 00:46:34.906 I/mtkpower_client( 1262): PowerHal_Wrap_setSysInfo, result:0
07-10 00:46:34.906 I/MTK_APPList( 1262): [notifyPID] 9981
07-10 00:46:34.907 I/libPowerHal( 1263): [perfSetSysInfo] pid type:24, 9981
07-10 00:46:34.907 I/mtkpower_client( 1262): PowerHal_Wrap_setSysInfo, result:0
07-10 00:46:34.907 I/MTK_APPList( 1262): [notifyAPPstate] pc:0, com.nothing.launcher => com.weatheron.mobile
07-10 00:46:34.907 I/mtkpower_client( 1262): PowerHal_Wrap_querySysInfo, data:1
07-10 00:46:34.907 E/SurfaceFlinger( 1277): Out of order buffers detected for RequestedLayerState{com.nothing.launcher/com.android.searchlauncher.SearchLauncher#27228 parentId=22927} producedId=264 frameNumber=263 -> producedId=264 frameNumber=183
07-10 00:46:34.907 I/PowerHalWrapper( 1916): amsBoostNotify AMS_BOOST_PROCESS_CREATE_BOOST:true
07-10 00:46:34.907 E/MBrainLocalService( 1916): notifyAppSwitch failed
07-10 00:46:34.908 E/MML     ( 1243): unsupport alpha rotation for resize case crop 1084,2412 to dest 910,2026
07-10 00:46:34.912 I/PowerHalWrapper( 9981): PowerHalWrapper.getInstance
07-10 00:46:34.913 I/PowerHalWrapper( 9981): PowerHalWrapper.getInstance
07-10 00:46:34.913 I/M-ProMotion( 9981): M-ProMotion is disabled
07-10 00:46:34.915 I/android.hardware.thermal@2.0-service.mtk( 1255): fill_temperatures filterType0 name: CPU type: CPU throttlingStatus: NONE value: 44.426 ret_temps size 0
07-10 00:46:34.915 I/android.hardware.thermal@2.0-service.mtk( 1255): fill_temperatures filterType0 name: GPU type: GPU throttlingStatus: NONE value: 44.426 ret_temps size 1
07-10 00:46:34.915 I/android.hardware.thermal@2.0-service.mtk( 1255): fill_temperatures filterType0 name: BATTERY type: BATTERY throttlingStatus: NONE value: 32 ret_temps size 2
07-10 00:46:34.915 I/android.hardware.thermal@2.0-service.mtk( 1255): fill_temperatures filterType0 name: SKIN type: SKIN throttlingStatus: NONE value: 33.795 ret_temps size 3
07-10 00:46:34.915 E/SurfaceFlinger( 1277): Out of order buffers detected for RequestedLayerState{com.nothing.launcher/com.android.searchlauncher.SearchLauncher#27228 parentId=22927} producedId=264 frameNumber=263 -> producedId=264 frameNumber=184
07-10 00:46:34.916 I/android.hardware.thermal@2.0-service.mtk( 1255): fill_temperatures filterType0 name: POWER_AMPLIFIER type: POWER_AMPLIFIER throttlingStatus: NONE value: 32.899 ret_temps size 4
07-10 00:46:34.916 I/android.hardware.thermal@2.0-service.mtk( 1255): fill_temperatures filterType0 name: NPU type: NPU throttlingStatus: NONE value: 44.426 ret_temps size 5
07-10 00:46:34.916 I/BroadcastQueue( 1916): BOOT_COMPLETED_BROADCAST_COMPLETION_LATENCY_REPORTED action:android.intent.action.BOOT_COMPLETED dispatchLatency:2 completeLatency:98 dispatchRealLatency:2 completeRealLatency:98 receiversSize:1 userId:0 userType:android.os.usertype.full.SYSTEM
07-10 00:46:34.916 E/MML     ( 1243): unsupport alpha rotation for resize case crop 1084,2412 to dest 926,2062
07-10 00:46:34.920 I/DisplayManager( 9981): Choreographer implicitly registered for the refresh rate.
07-10 00:46:34.922 I/eatheron.mobile( 9981): AssetManager2(0xb400006f6aa79318) locale list changing from [] to [ko-KR]
07-10 00:46:34.924 E/SurfaceFlinger( 1277): Out of order buffers detected for RequestedLayerState{com.nothing.launcher/com.android.searchlauncher.SearchLauncher#27228 parentId=22927} producedId=264 frameNumber=263 -> producedId=264 frameNumber=185
07-10 00:46:34.924 E/MML     ( 1243): unsupport alpha rotation for resize case crop 1084,2412 to dest 942,2094
07-10 00:46:34.930 I/eatheron.mobile( 9981): AssetManager2(0xb400006f6aa79638) locale list changing from [] to [ko-KR]
07-10 00:46:34.933 E/MML     ( 1243): unsupport alpha rotation for resize case crop 1084,2412 to dest 956,2128
07-10 00:46:34.934 E/ashmem  ( 9981): Pinning is deprecated since Android Q. Please use trim or other methods.
07-10 00:46:34.938 W/id.apps.tachyon( 9996): Failed to find entry 'classes.dex': Entry not found
07-10 00:46:34.939 I/hwservicemanager(  471): getTransport: Cannot find entry android.hardware.configstore@1.0::ISurfaceFlingerConfigs/default in either framework or device VINTF manifest.
07-10 00:46:34.941 W/id.apps.tachyon( 9996): Failed to find entry 'classes.dex': Entry not found
07-10 00:46:34.941 E/MML     ( 1243): unsupport alpha rotation for resize case crop 1084,2412 to dest 968,2156
07-10 00:46:34.941 W/id.apps.tachyon( 9996): Failed to find entry 'classes.dex': Entry not found
07-10 00:46:34.949 E/MML     ( 1243): unsupport alpha rotation for resize case crop 1084,2412 to dest 980,2182
07-10 00:46:34.952 I/id.apps.tachyon( 9996): AssetManager2(0xb400006f6aa79f98) locale list changing from [] to [ko-KR]
07-10 00:46:34.957 W/unknown:BridgelessReact( 9981): ReactHost{0}.startSurface(surfaceId = 0): Schedule
07-10 00:46:34.957 W/unknown:BridgelessReact( 9981): ReactHost{0}.attachSurface(surfaceId = 0)
07-10 00:46:34.958 E/MML     ( 1243): unsupport alpha rotation for resize case crop 1084,2412 to dest 992,2206
07-10 00:46:34.960 W/unknown:BridgelessReact( 9981): ReactHost{0}.getOrCreateReactInstanceTask()
07-10 00:46:34.960 W/unknown:BridgelessReact( 9981): ReactHost{0}.getOrCreateReactInstanceTask(): Start
07-10 00:46:34.960 W/unknown:BridgelessReact( 9981): ReactHost{0}.getJSBundleLoader()
07-10 00:46:34.961 W/unknown:BridgelessReact( 9981): ReactHost{0}.getOrCreateReactContext(): Creating BridgelessReactContext
07-10 00:46:34.961 W/unknown:BridgelessReact( 9981): ReactHost{0}.getOrCreateReactInstanceTask(): Creating ReactInstance
07-10 00:46:34.966 I/ContentCaptureHelper( 9981): Setting logging level to OFF
07-10 00:46:34.966 E/MML     ( 1243): unsupport alpha rotation for resize case crop 1084,2412 to dest 1002,2228
07-10 00:46:34.974 E/MML     ( 1243): unsupport alpha rotation for resize case crop 1084,2412 to dest 1010,2250
07-10 00:46:34.976 W/unknown:BridgelessReact( 9981): ReactHost{0}.onHostResume(activity)
07-10 00:46:34.976 W/unknown:BridgelessReact( 9981): ReactContext.onHostResume()
07-10 00:46:34.978 I/PowerHalWrapper( 9981): PowerHalWrapper.getInstance
07-10 00:46:34.980 I/SurfaceFactory( 9981): [static] sSurfaceFactory = com.mediatek.view.impl.SurfaceFactoryImpl@3882e3c
07-10 00:46:34.983 E/MML     ( 1243): unsupport alpha rotation for resize case crop 1084,2412 to dest 1020,2268
07-10 00:46:34.984 E/HWUI    ( 9981): attachRenderThreadToJvm
07-10 00:46:34.984 E/HWUI    ( 9981): AM IS NOT NULL!
07-10 00:46:34.984 E/HWUI    ( 9981): attachRenderThreadToJvm
07-10 00:46:34.984 E/HWUI    ( 9981): AM IS NOT NULL!
07-10 00:46:34.991 E/MML     ( 1243): unsupport alpha rotation for resize case crop 1084,2412 to dest 1028,2286
07-10 00:46:34.999 E/MML     ( 1243): unsupport alpha rotation for resize case crop 1084,2412 to dest 1034,2302
07-10 00:46:35.004 W/WindowManager( 1916): Changing focus from null to Window{fb8b61a u0 com.weatheron.mobile/com.weatheron.mobile.MainActivity} displayId=0 Callers=com.android.server.wm.RootWindowContainer.updateFocusedWindowLocked:494 com.android.server.wm.WindowManagerService.updateFocusedWindowLocked:6830 com.android.server.wm.WindowManagerService.relayoutWindow:2794 com.android.server.wm.Session.relayout:288
07-10 00:46:35.007 I/WindowManager( 1916): Relayout Window{fb8b61a u0 com.weatheron.mobile/com.weatheron.mobile.MainActivity}: oldVis=4 newVis=0 focusMayChange = true requestedWidth = 1084 requestedHeight = 2412 outFrames = ClientWindowFrames{frame=[0,0][1084,2412] display=[0,0][1084,2412] parentFrame=[0,0][0,0]} outSurfaceControl = Surface(name=com.weatheron.mobile/com.weatheron.mobile.MainActivity)/@0x568781f
07-10 00:46:35.008 E/MML     ( 1243): unsupport alpha rotation for resize case crop 1084,2412 to dest 1042,2318
07-10 00:46:35.010 E/eatheron.mobile( 9981): [perfctl] 9981 9981 FPSGO ver:0
07-10 00:46:35.010 E/eatheron.mobile( 9981): [perfctl] 0 0 0 0
07-10 00:46:35.016 E/MML     ( 1243): unsupport alpha rotation for resize case crop 1084,2412 to dest 1048,2330
07-10 00:46:35.017 I/SurfaceFlinger( 1277): onHandleDestroyed: layerId=27431, name=Surface(name=34c83b4 Taskbar)/@0xe23517f - animation-leash of insets_animation#27431
07-10 00:46:35.017 I/SurfaceFlinger( 1277): onHandleDestroyed: layerId=27432, name=Surface(name=a65d512 StatusBar)/@0x902d042 - animation-leash of insets_animation#27432
07-10 00:46:35.018 I/SurfaceFlinger( 1277): onHandleDestroyed: layerId=27419, name=Surface(name=34c83b4 Taskbar)/@0xe23517f - animation-leash of insets_animation#27419
07-10 00:46:35.018 I/SurfaceFlinger( 1277): onHandleDestroyed: layerId=27420, name=Surface(name=a65d512 StatusBar)/@0x902d042 - animation-leash of insets_animation#27420
07-10 00:46:35.024 E/MML     ( 1243): unsupport alpha rotation for resize case crop 1084,2412 to dest 1052,2342
07-10 00:46:35.030 I/GrallocExtra( 9981): gralloc_extra_query:is_SW3D 0
07-10 00:46:35.033 E/MML     ( 1243): unsupport alpha rotation for resize case crop 1084,2412 to dest 1058,2354
07-10 00:46:35.038 I/ActivityTaskManager( 1916): Displayed com.weatheron.mobile/.MainActivity for user 0: +268ms
07-10 00:46:35.041 E/MML     ( 1243): unsupport alpha rotation for resize case crop 1084,2412 to dest 1062,2364
07-10 00:46:35.043 I/mtkpower@impl( 1263): [setMode] type:5, enabled:0
07-10 00:46:35.043 I/libPowerHal( 1263): [perfLockRel] hdl:75664, idx:0
07-10 00:46:35.044 I/PowerHalWrapper( 1916): amsBoostStop AMS_BOOST_PACK_SWITCH:false, AMS_BOOST_ACT_SWITCH:false, AMS_BOOST_PROCESS_CREATE:true, AMS_BOOST_PROCESS_CREATE_FOR_GAME:false, AMS_BOOST_HOT_LAUNCH:false
07-10 00:46:35.046 I/mtkpower@impl( 1263): [mtkPowerHint] hint:21, hold:6000, ext:30, ext_hold:30000
07-10 00:46:35.046 I/libPowerHal( 1263): [perfLockAcq] idx:0 hdl:75666 hint:21 pid:1263 tid:1263 duration:6000 lock_user:mtkpower@1.0-se => ret_hdl:75666
07-10 00:46:35.046 I/libPowerHal( 1263): [setClusterFreq] MTKPOWER_HINT_PROCESS_CREATE set cpufreq[0] min:2000000 max:-1 cpufreq[1] min:2800000 max:-1
07-10 00:46:35.047 I/libPowerHal( 1263): [perfLockRel] hdl:75665, idx:1
07-10 00:46:35.048 I/libPowerHal( 1263): [perfLockAcq] idx:2 hdl:75667 hint:30 pid:1263 tid:1263 duration:30000 lock_user:mtkpower@1.0-se => ret_hdl:75667
07-10 00:46:35.048 I/libPowerHal( 1263): [PE] MTKPOWER_HINT_EXT_LAUNCH update cmd:2020000, param:31
07-10 00:46:35.050 E/MML     ( 1243): unsupport alpha rotation for resize case crop 1084,2412 to dest 1066,2372
07-10 00:46:35.051 I/hwcomposer( 1243): [DBQ] (q2:0xb4000076bb8ff0e0) Buffer queue is created with size(3), m_id(6289), q2
07-10 00:46:35.051 I/hwcomposer( 1243): [DBQ] (q2:0xb4000076bb8ff0e0) Reallocate Slot(0), pool(0 -> 0) size(0 -> 10458432) secure(0 -> 0)
07-10 00:46:35.052 I/hwcomposer( 1243): [DBQ] (q2:0xb4000076bb8ff0e0) Alloc Slot(0), handle=0xb40000756b9032b0 c=0 w=1084 h=2412 p=1088 ys=1088 vs=2412 f=2 sec=0 sh=0, usage=0x800
07-10 00:46:35.058 E/MML     ( 1243): unsupport alpha rotation for resize case crop 1084,2412 to dest 1070,2380
07-10 00:46:35.060 I/hwcomposer( 1243): [DBQ] (q2:0xb4000076bb8ff0e0) Reallocate Slot(1), pool(0 -> 0) size(0 -> 10458432) secure(0 -> 0)
07-10 00:46:35.061 I/hwcomposer( 1243): [DBQ] (q2:0xb4000076bb8ff0e0) Alloc Slot(1), handle=0xb40000756b8fe2f0 c=0 w=1084 h=2412 p=1088 ys=1088 vs=2412 f=2 sec=0 sh=0, usage=0x800
07-10 00:46:35.061 I/ImeTracker( 1916): com.weatheron.mobile:889e0e0c: onRequestHide at ORIGIN_SERVER reason HIDE_UNSPECIFIED_WINDOW fromUser false
