07-10 00:46:50.102 E/soft_error.cpp(22677): [pando::graphql::ast::readerFragmentForHash()] : Could not find root reader fragment with hash 761612807
07-10 00:46:50.103 E/soft_error.cpp(22677): [pando::graphql::ast::readerFragmentForHash()] : Could not find root reader fragment with hash 761612807
07-10 00:46:50.104 E/soft_error.cpp(22677): [pando::graphql::ast::readerFragmentForHash()] : Could not find root reader fragment with hash 761612807
07-10 00:46:50.105 E/soft_error.cpp(22677): [pando::graphql::ast::readerFragmentForHash()] : Could not find root reader fragment with hash 761612807
07-10 00:46:50.106 E/soft_error.cpp(22677): [pando::graphql::ast::readerFragmentForHash()] : Could not find root reader fragment with hash 761612807
07-10 00:46:50.107 E/soft_error.cpp(22677): [pando::graphql::ast::readerFragmentForHash()] : Could not find root reader fragment with hash 761612807
07-10 00:46:50.107 E/soft_error.cpp(22677): [pando::graphql::ast::readerFragmentForHash()] : Could not find root reader fragment with hash 761612807
07-10 00:46:50.108 E/soft_error.cpp(22677): [pando::graphql::ast::readerFragmentForHash()] : Could not find root reader fragment with hash 761612807
07-10 00:46:50.109 E/soft_error.cpp(22677): [pando::graphql::ast::readerFragmentForHash()] : Could not find root reader fragment with hash 761612807
07-10 00:46:50.111 E/soft_error.cpp(22677): [pando::graphql::ast::readerFragmentForHash()] : Could not find root reader fragment with hash 761612807
07-10 00:46:50.112 E/soft_error.cpp(22677): [pando::graphql::ast::readerFragmentForHash()] : Could not find root reader fragment with hash 761612807
07-10 00:46:50.113 E/soft_error.cpp(22677): [pando::graphql::ast::readerFragmentForHash()] : Could not find root reader fragment with hash 761612807
07-10 00:46:50.114 E/soft_error.cpp(22677): [pando::graphql::ast::readerFragmentForHash()] : Could not find root reader fragment with hash 761612807
07-10 00:46:50.116 E/soft_error.cpp(22677): [pando::graphql::ast::readerFragmentForHash()] : Could not find root reader fragment with hash 761612807
07-10 00:46:50.116 E/soft_error.cpp(22677): [pando::graphql::ast::readerFragmentForHash()] : Could not find root reader fragment with hash 761612807
07-10 00:46:50.117 E/soft_error.cpp(22677): [pando::graphql::ast::readerFragmentForHash()] : Could not find root reader fragment with hash 761612807
07-10 00:46:50.117 E/soft_error.cpp(22677): [pando::graphql::ast::readerFragmentForHash()] : Could not find root reader fragment with hash 761612807
07-10 00:46:50.118 E/soft_error.cpp(22677): [pando::graphql::ast::readerFragmentForHash()] : Could not find root reader fragment with hash 761612807
07-10 00:46:50.119 E/soft_error.cpp(22677): [pando::graphql::ast::readerFragmentForHash()] : Could not find root reader fragment with hash 761612807
07-10 00:46:50.120 E/soft_error.cpp(22677): [pando::graphql::ast::readerFragmentForHash()] : Could not find root reader fragment with hash 761612807
07-10 00:46:50.123 E/soft_error.cpp(22677): [pando::graphql::ast::readerFragmentForHash()] : Could not find root reader fragment with hash 761612807
07-10 00:46:50.124 E/soft_error.cpp(22677): [pando::graphql::ast::readerFragmentForHash()] : Could not find root reader fragment with hash 761612807
07-10 00:46:50.124 E/soft_error.cpp(22677): [pando::graphql::ast::readerFragmentForHash()] : Could not find root reader fragment with hash 761612807
07-10 00:46:50.125 E/soft_error.cpp(22677): [pando::graphql::ast::readerFragmentForHash()] : Could not find root reader fragment with hash 761612807
07-10 00:46:50.126 E/soft_error.cpp(22677): [pando::graphql::ast::readerFragmentForHash()] : Could not find root reader fragment with hash 761612807
07-10 00:46:50.126 E/soft_error.cpp(22677): [pando::graphql::ast::readerFragmentForHash()] : Could not find root reader fragment with hash 761612807
07-10 00:46:50.127 E/soft_error.cpp(22677): [pando::graphql::ast::readerFragmentForHash()] : Could not find root reader fragment with hash 761612807
07-10 00:46:50.127 E/soft_error.cpp(22677): [pando::graphql::ast::readerFragmentForHash()] : Could not find root reader fragment with hash 761612807
07-10 00:46:50.129 E/soft_error.cpp(22677): [pando::graphql::ast::readerFragmentForHash()] : Could not find root reader fragment with hash 761612807
07-10 00:46:50.130 E/soft_error.cpp(22677): [pando::graphql::ast::readerFragmentForHash()] : Could not find root reader fragment with hash 761612807
07-10 00:46:50.132 E/soft_error.cpp(22677): [pando::graphql::ast::readerFragmentForHash()] : Could not find root reader fragment with hash 761612807
07-10 00:46:50.133 E/soft_error.cpp(22677): [pando::graphql::ast::readerFragmentForHash()] : Could not find root reader fragment with hash 761612807
07-10 00:46:50.133 E/soft_error.cpp(22677): [pando::graphql::ast::readerFragmentForHash()] : Could not find root reader fragment with hash 761612807
07-10 00:46:50.134 E/soft_error.cpp(22677): [pando::graphql::ast::readerFragmentForHash()] : Could not find root reader fragment with hash 761612807
07-10 00:46:50.135 E/soft_error.cpp(22677): [pando::graphql::ast::readerFragmentForHash()] : Could not find root reader fragment with hash 761612807
07-10 00:46:50.135 E/soft_error.cpp(22677): [pando::graphql::ast::readerFragmentForHash()] : Could not find root reader fragment with hash 761612807
07-10 00:46:50.136 E/soft_error.cpp(22677): [pando::graphql::ast::readerFragmentForHash()] : Could not find root reader fragment with hash 761612807
07-10 00:46:50.136 E/soft_error.cpp(22677): [pando::graphql::ast::readerFragmentForHash()] : Could not find root reader fragment with hash 761612807
07-10 00:46:50.137 E/soft_error.cpp(22677): [pando::graphql::ast::readerFragmentForHash()] : Could not find root reader fragment with hash 761612807
07-10 00:46:50.138 E/soft_error.cpp(22677): [pando::graphql::ast::readerFragmentForHash()] : Could not find root reader fragment with hash 761612807
07-10 00:46:50.143 E/soft_error.cpp(22677): [pando::graphql::ast::readerFragmentForHash()] : Could not find root reader fragment with hash -2048421557
07-10 00:46:50.232 I/Finsky:background( 3966): [2] Memory trim requested to level 40
07-10 00:46:50.238 I/Finsky  (18470): [2] Memory trim requested to level 40
07-10 00:46:50.238 I/Finsky  (18470): [2] Flushing in-memory image cache
07-10 00:46:50.309 W/HWUI    ( 2295): Image decoding logging dropped!
07-10 00:46:50.344 W/HWUI    ( 2295): Image decoding logging dropped!
07-10 00:46:50.354 W/HWUI    ( 2295): Image decoding logging dropped!
07-10 00:46:50.392 W/HWUI    ( 2295): Image decoding logging dropped!
07-10 00:46:50.397 E/WifiHAL ( 2248): handleResponse: data=0xb400007b8d0f17d0, len=4920
07-10 00:46:50.397 I/WifiHAL ( 2248): check_data_sanity: confirmed_size=4920, len=4920
07-10 00:46:50.397 I/WifiHAL ( 2248): wifi_get_link_stats: result=0
07-10 00:46:50.402 W/HWUI    ( 2295): Image decoding logging dropped!
07-10 00:46:50.410 I/BufferQueueProducer( 1277): [StatusBar#90](this:0xb4000072ceb36898,id:-1,api:0,p:-1,c:1277) queueBuffer: fps=0.13 dur=37528.66 max=37453.89 min=8.19
07-10 00:46:50.418 I/WifiHAL ( 2248): feature_set=0x8489141a
07-10 00:46:50.503 I/AS.AudioService( 1916): getMode, get current owner's mode
07-10 00:46:50.503 I/AS.AudioService( 1916): getMode, currentModeHandler is null
07-10 00:46:50.833 I/libPerfCtl( 1262): xgfGetFPS pid:2295 fps:-1
07-10 00:46:50.833 I/libPerfCtl( 1262): xgfGetFPS pid:9981 fps:-1
07-10 00:46:50.834 I/hwcomposer( 1243): [HWCDisplay] [Display_0 (type:1, mode:2)] fps:89.783363,dur:1002.41,max:13.22,min:9.02
07-10 00:46:50.949 E/md_thermal( 1461): interval=40 temp: 38900 36200 33000 33200
07-10 00:46:51.066 I/BufferQueueProducer( 1277): [com.weatheron.mobile/com.weatheron.mobile.MainActivity#27430](this:0xb4000072cec42378,id:-1,api:0,p:-1,c:1277) queueBuffer: fps=89.86 dur=1001.53 max=12.59 min=9.36
07-10 00:46:51.157 I/NearbyMediums(19093): No BLE Fast/GATT advertisements found in the latest cycle.
07-10 00:46:51.157 I/NearbyMediums(19093): Current Tracked Scanning Clients are : {NearbyConnections.EnvironmentMonitor, NearbySharing}
07-10 00:46:51.365 E/NtChgAidl( 1266): NtChgAidl: InGameStatus: 0
07-10 00:46:51.365 E/NtChg   ( 1266): NtChg:T0-6:[50,100,120,430,440,450,500],chg_series:8,is_changed:1,TeBoT0-6:[50,80,100,430,440,450,500],TRegion:3,Temp:341,tzname:shell_front,Ibat:3200,onlineI:-400,param_type:7,AbnormalStatus:0,tzn:60,g_cp_mode:4,vbat:3858,pr_id:2,OnGameStatus:0
07-10 00:46:51.366 E/NtChg   ( 1266): NtChg:handle_batt_temp_little_cool triggered
07-10 00:46:51.366 E/NtChg   ( 1266): NtChg:set temp_region=3
07-10 00:46:51.366 E/NtChg   ( 1266): NtChg:set ibatmax=3200 and set vbatmax=4500
07-10 00:46:51.834 I/libPerfCtl( 1262): xgfGetFPS pid:2295 fps:-1
07-10 00:46:51.834 I/libPerfCtl( 1262): xgfGetFPS pid:9981 fps:-1
07-10 00:46:51.836 I/hwcomposer( 1243): [HWCDisplay] [Display_0 (type:1, mode:2)] fps:89.897400,dur:1001.14,max:12.35,min:9.55
07-10 00:46:52.067 I/BufferQueueProducer( 1277): [com.weatheron.mobile/com.weatheron.mobile.MainActivity#27430](this:0xb4000072cec42378,id:-1,api:0,p:-1,c:1277) queueBuffer: fps=89.92 dur=1000.91 max=11.65 min=10.57
07-10 00:46:52.216 I/agram.barcelona(22677): Method exceeds compiler instruction limit: 18252 in X.00IO X.00IN.A00(com.instagram.common.session.UserSession, X.0Efl, java.lang.String, java.util.AbstractMap, int, int, int)
07-10 00:46:52.270 E/EventHub( 1916): Failed to read sysfs battery info: No such file or directory
07-10 00:46:52.326 E/soft_error.cpp(22677): [pando::graphql::ast::readerFragmentForHash()] : Could not find root reader fragment with hash 761612807
07-10 00:46:52.326 E/soft_error.cpp(22677): [pando::graphql::ast::readerFragmentForHash()] : Could not find root reader fragment with hash 761612807
07-10 00:46:52.327 E/soft_error.cpp(22677): [pando::graphql::ast::readerFragmentForHash()] : Could not find root reader fragment with hash 761612807
07-10 00:46:52.328 E/soft_error.cpp(22677): [pando::graphql::ast::readerFragmentForHash()] : Could not find root reader fragment with hash 761612807
07-10 00:46:52.329 E/soft_error.cpp(22677): [pando::graphql::ast::readerFragmentForHash()] : Could not find root reader fragment with hash 761612807
07-10 00:46:52.329 E/soft_error.cpp(22677): [pando::graphql::ast::readerFragmentForHash()] : Could not find root reader fragment with hash 761612807
07-10 00:46:52.329 E/soft_error.cpp(22677): [pando::graphql::ast::readerFragmentForHash()] : Could not find root reader fragment with hash 761612807
07-10 00:46:52.330 E/soft_error.cpp(22677): [pando::graphql::ast::readerFragmentForHash()] : Could not find root reader fragment with hash 761612807
07-10 00:46:52.331 E/soft_error.cpp(22677): [pando::graphql::ast::readerFragmentForHash()] : Could not find root reader fragment with hash 761612807
07-10 00:46:52.333 E/soft_error.cpp(22677): [pando::graphql::ast::readerFragmentForHash()] : Could not find root reader fragment with hash 761612807
07-10 00:46:52.385 E/soft_error.cpp(22677): [pando::graphql::ast::readerFragmentForHash()] : Could not find root reader fragment with hash 761612807
07-10 00:46:52.386 E/soft_error.cpp(22677): [pando::graphql::ast::readerFragmentForHash()] : Could not find root reader fragment with hash 761612807
07-10 00:46:52.387 E/soft_error.cpp(22677): [pando::graphql::ast::readerFragmentForHash()] : Could not find root reader fragment with hash 761612807
07-10 00:46:52.388 E/soft_error.cpp(22677): [pando::graphql::ast::readerFragmentForHash()] : Could not find root reader fragment with hash 761612807
07-10 00:46:52.389 E/soft_error.cpp(22677): [pando::graphql::ast::readerFragmentForHash()] : Could not find root reader fragment with hash 761612807
07-10 00:46:52.390 E/soft_error.cpp(22677): [pando::graphql::ast::readerFragmentForHash()] : Could not find root reader fragment with hash 761612807
07-10 00:46:52.390 E/soft_error.cpp(22677): [pando::graphql::ast::readerFragmentForHash()] : Could not find root reader fragment with hash 761612807
07-10 00:46:52.391 E/soft_error.cpp(22677): [pando::graphql::ast::readerFragmentForHash()] : Could not find root reader fragment with hash 761612807
07-10 00:46:52.392 E/soft_error.cpp(22677): [pando::graphql::ast::readerFragmentForHash()] : Could not find root reader fragment with hash 761612807
07-10 00:46:52.394 E/soft_error.cpp(22677): [pando::graphql::ast::readerFragmentForHash()] : Could not find root reader fragment with hash 761612807
07-10 00:46:52.834 I/libPerfCtl( 1262): xgfGetFPS pid:2295 fps:-1
07-10 00:46:52.834 I/libPerfCtl( 1262): xgfGetFPS pid:9981 fps:-1
07-10 00:46:52.836 I/hwcomposer( 1243): [HWCDisplay] [Display_0 (type:1, mode:2)] fps:89.916702,dur:1000.93,max:12.48,min:10.38
07-10 00:46:53.068 I/BufferQueueProducer( 1277): [com.weatheron.mobile/com.weatheron.mobile.MainActivity#27430](this:0xb4000072cec42378,id:-1,api:0,p:-1,c:1277) queueBuffer: fps=89.90 dur=1001.16 max=11.98 min=10.28
07-10 00:46:53.440 E/WifiHAL ( 2248): handleResponse: data=0xb400007b8d0f17d0, len=4920
07-10 00:46:53.440 I/WifiHAL ( 2248): check_data_sanity: confirmed_size=4920, len=4920
07-10 00:46:53.440 I/WifiHAL ( 2248): wifi_get_link_stats: result=0
07-10 00:46:53.465 I/WifiHAL ( 2248): feature_set=0x8489141a
07-10 00:46:53.835 I/libPerfCtl( 1262): xgfGetFPS pid:2295 fps:-1
07-10 00:46:53.835 I/libPerfCtl( 1262): xgfGetFPS pid:9981 fps:-1
07-10 00:46:53.837 I/hwcomposer( 1243): [HWCDisplay] [Display_0 (type:1, mode:2)] fps:89.952583,dur:1000.53,max:12.92,min:9.64
07-10 00:46:54.069 I/BufferQueueProducer( 1277): [com.weatheron.mobile/com.weatheron.mobile.MainActivity#27430](this:0xb4000072cec42378,id:-1,api:0,p:-1,c:1277) queueBuffer: fps=89.92 dur=1000.88 max=11.94 min=10.54
07-10 00:46:54.835 I/libPerfCtl( 1262): xgfGetFPS pid:2295 fps:-1
07-10 00:46:54.836 I/libPerfCtl( 1262): xgfGetFPS pid:9981 fps:-1
07-10 00:46:54.838 I/hwcomposer( 1243): [HWCDisplay] [Display_0 (type:1, mode:2)] fps:89.862946,dur:1001.53,max:12.02,min:9.96
07-10 00:46:55.070 I/BufferQueueProducer( 1277): [com.weatheron.mobile/com.weatheron.mobile.MainActivity#27430](this:0xb4000072cec42378,id:-1,api:0,p:-1,c:1277) queueBuffer: fps=89.94 dur=1000.71 max=11.40 min=10.78
07-10 00:46:55.509 I/AS.AudioService( 1916): getMode, get current owner's mode
07-10 00:46:55.510 I/AS.AudioService( 1916): getMode, currentModeHandler is null
07-10 00:46:55.836 I/libPerfCtl( 1262): xgfGetFPS pid:2295 fps:-1
07-10 00:46:55.836 I/libPerfCtl( 1262): xgfGetFPS pid:9981 fps:-1
07-10 00:46:55.839 I/hwcomposer( 1243): [HWCDisplay] [Display_0 (type:1, mode:2)] fps:89.941666,dur:1000.65,max:11.91,min:9.98
07-10 00:46:56.071 I/BufferQueueProducer( 1277): [com.weatheron.mobile/com.weatheron.mobile.MainActivity#27430](this:0xb4000072cec42378,id:-1,api:0,p:-1,c:1277) queueBuffer: fps=89.91 dur=1000.99 max=11.61 min=10.46
07-10 00:46:56.489 E/WifiHAL ( 2248): handleResponse: data=0xb400007b8d0f17d0, len=4920
07-10 00:46:56.489 I/WifiHAL ( 2248): check_data_sanity: confirmed_size=4920, len=4920
07-10 00:46:56.489 I/WifiHAL ( 2248): wifi_get_link_stats: result=0
07-10 00:46:56.509 I/WifiHAL ( 2248): feature_set=0x8489141a
07-10 00:46:56.837 I/libPerfCtl( 1262): xgfGetFPS pid:2295 fps:-1
07-10 00:46:56.837 I/libPerfCtl( 1262): xgfGetFPS pid:9981 fps:-1
07-10 00:46:56.840 I/hwcomposer( 1243): [HWCDisplay] [Display_0 (type:1, mode:2)] fps:89.921280,dur:1000.88,max:12.15,min:9.75
07-10 00:46:56.942 W/MagnificationConnectionManager( 1916): requestConnection duplicated request: connect=false, mConnectionState=DISCONNECTED
07-10 00:46:56.948 W/IPCThreadState(10179): call to talkWithDriver in joinThreadPool returned error: -9 (Bad file descriptor), FD: -1
07-10 00:46:56.948 W/IPCThreadState(10179): call to talkWithDriver in joinThreadPool returned error: -9 (Bad file descriptor), FD: -1
07-10 00:46:56.961 I/SurfaceFlinger( 1277): onHandleDestroyed: layerId=27438, name=WindowToken{4bc91c3 type=2032 android.os.Binder@4962972}#27438
07-10 00:46:57.071 I/BufferQueueProducer( 1277): [com.weatheron.mobile/com.weatheron.mobile.MainActivity#27430](this:0xb4000072cec42378,id:-1,api:0,p:-1,c:1277) queueBuffer: fps=89.93 dur=1000.81 max=11.88 min=9.99
07-10 00:46:57.384 E/NtChgAidl( 1266): NtChgAidl: InGameStatus: 0
07-10 00:46:57.385 E/NtChg   ( 1266): NtChg:T0-6:[50,100,120,430,440,450,500],chg_series:8,is_changed:1,TeBoT0-6:[50,80,100,430,440,450,500],TRegion:3,Temp:343,tzname:shell_front,Ibat:3200,onlineI:-400,param_type:7,AbnormalStatus:0,tzn:60,g_cp_mode:4,vbat:3847,pr_id:2,OnGameStatus:0
07-10 00:46:57.385 E/NtChg   ( 1266): NtChg:handle_batt_temp_little_cool triggered
07-10 00:46:57.385 E/NtChg   ( 1266): NtChg:set temp_region=3
07-10 00:46:57.385 E/NtChg   ( 1266): NtChg:set ibatmax=3200 and set vbatmax=4500
07-10 00:46:57.787 W/RefBase (10179): RefBase: Explicit destruction, weak count = 0 (in 0x7a28ff6848). Use sp<> to manage this object. Note - if weak count is 0, this leaks mRefs (weakref_impl).
07-10 00:46:57.837 I/libPerfCtl( 1262): xgfGetFPS pid:2295 fps:-1
07-10 00:46:57.837 I/libPerfCtl( 1262): xgfGetFPS pid:9981 fps:-1
07-10 00:46:57.841 I/hwcomposer( 1243): [HWCDisplay] [Display_0 (type:1, mode:2)] fps:89.935089,dur:1000.72,max:12.43,min:9.83
07-10 00:46:58.072 I/BufferQueueProducer( 1277): [com.weatheron.mobile/com.weatheron.mobile.MainActivity#27430](this:0xb4000072cec42378,id:-1,api:0,p:-1,c:1277) queueBuffer: fps=89.91 dur=1001.02 max=11.80 min=10.18
07-10 00:46:58.838 I/libPerfCtl( 1262): xgfGetFPS pid:2295 fps:-1
07-10 00:46:58.838 I/libPerfCtl( 1262): xgfGetFPS pid:9981 fps:-1
07-10 00:46:58.842 I/hwcomposer( 1243): [HWCDisplay] [Display_0 (type:1, mode:2)] fps:89.909035,dur:1001.01,max:12.35,min:9.71
07-10 00:46:59.073 I/BufferQueueProducer( 1277): [com.weatheron.mobile/com.weatheron.mobile.MainActivity#27430](this:0xb4000072cec42378,id:-1,api:0,p:-1,c:1277) queueBuffer: fps=89.92 dur=1000.90 max=11.43 min=10.70
07-10 00:46:59.534 E/WifiHAL ( 2248): handleResponse: data=0xb400007b8d0f17d0, len=4920
07-10 00:46:59.534 I/WifiHAL ( 2248): check_data_sanity: confirmed_size=4920, len=4920
07-10 00:46:59.534 I/WifiHAL ( 2248): wifi_get_link_stats: result=0
07-10 00:46:59.558 I/WifiHAL ( 2248): feature_set=0x8489141a
07-10 00:46:59.838 I/libPerfCtl( 1262): xgfGetFPS pid:2295 fps:-1
07-10 00:46:59.838 I/libPerfCtl( 1262): xgfGetFPS pid:9981 fps:-1
07-10 00:46:59.842 I/hwcomposer( 1243): [HWCDisplay] [Display_0 (type:1, mode:2)] fps:89.937386,dur:1000.70,max:12.29,min:9.68
07-10 00:47:00.052 I/BufferQueueProducer( 1277): [StatusBar#90](this:0xb4000072ceb36898,id:-1,api:0,p:-1,c:1277) queueBuffer: fps=2.49 dur=9641.94 max=9386.01 min=10.07
07-10 00:47:00.073 W/AlarmManager( 2461): Unrecognized alarm listener com.android.networkstack.android.net.ip.IpClientLinkObserver$Dhcp6PdPreferredPrefixAlarmListener@d05cab6
07-10 00:47:00.074 I/BufferQueueProducer( 1277): [com.weatheron.mobile/com.weatheron.mobile.MainActivity#27430](this:0xb4000072cec42378,id:-1,api:0,p:-1,c:1277) queueBuffer: fps=89.98 dur=1000.28 max=11.63 min=10.51
07-10 00:47:00.075 I/WifiHAL ( 2248): createRequest: APF set program request
07-10 00:47:00.077 I/WifiHAL ( 2248): Done!
07-10 00:47:00.516 I/AS.AudioService( 1916): getMode, get current owner's mode
07-10 00:47:00.516 I/AS.AudioService( 1916): getMode, currentModeHandler is null
07-10 00:47:00.839 I/libPerfCtl( 1262): xgfGetFPS pid:9981 fps:-1
07-10 00:47:00.843 I/hwcomposer( 1243): [HWCDisplay] [Display_0 (type:1, mode:2)] fps:89.908760,dur:1001.01,max:13.39,min:10.04
07-10 00:47:01.075 I/BufferQueueProducer( 1277): [com.weatheron.mobile/com.weatheron.mobile.MainActivity#27430](this:0xb4000072cec42378,id:-1,api:0,p:-1,c:1277) queueBuffer: fps=89.85 dur=1001.62 max=11.78 min=10.71
07-10 00:47:01.159 I/NearbyMediums(19093): No BLE Fast/GATT advertisements found in the latest cycle.
07-10 00:47:01.159 I/NearbyMediums(19093): Current Tracked Scanning Clients are : {NearbyConnections.EnvironmentMonitor, NearbySharing}
07-10 00:47:01.161 I/NearbyConnections(19093): Processing lost BlePeripheral BlePeripheral{advertisement=BleAdvertisement { version=2, socketVersion=2, isFast=true, serviceIdHash=null, data=[ 0x23 0x52 0x33 0x43 0x38 0x11 0x32 0x38 0x20 0x03 0xae 0x16 0x41 0x07 0xe2 0x22 0xdd 0x89 0x46 0xfc 0x50 0xdc 0x2b ], deviceToken=[ 0x42 0xdf ], rxAdvertisement=null }, dctAdvertisement=null, address=null, psm=0, deviceToken=<ByteString@ec25ee6 size=2 contents="B\337">, isSecondProfile=false, rxInstantConnectionAdv=null}.
07-10 00:47:01.161 I/NearbyConnections(19093): Lost BleEndpoint for BlePeripheral BlePeripheral{advertisement=BleAdvertisement { version=2, socketVersion=2, isFast=true, serviceIdHash=null, data=[ 0x23 0x52 0x33 0x43 0x38 0x11 0x32 0x38 0x20 0x03 0xae 0x16 0x41 0x07 0xe2 0x22 0xdd 0x89 0x46 0xfc 0x50 0xdc 0x2b ], deviceToken=[ 0x42 0xdf ], rxAdvertisement=null }, dctAdvertisement=null, address=null, psm=0, deviceToken=<ByteString@ec25ee6 size=2 contents="B\337">, isSecondProfile=false, rxInstantConnectionAdv=null} (with EndpointId R3C8 and EndpointInfo [ 0x32 0x38 0x20 0x03 0xae 0x16 0x41 0x07 0xe2 0x22 0xdd 0x89 0x46 0xfc 0x50 0xdc 0x2b ]).
07-10 00:47:01.162 I/NearbyConnections(19093): ClientProxy(141054581) reporting onEndpointLost(R3C8)
07-10 00:47:01.163 I/NearbySharing(19093): NearbySharing Internal event EndpointLost(endpointId=R3C8)
07-10 00:47:01.840 I/libPerfCtl( 1262): xgfGetFPS pid:9981 fps:-1
07-10 00:47:01.844 I/hwcomposer( 1243): [HWCDisplay] [Display_0 (type:1, mode:2)] fps:89.922089,dur:1000.87,max:12.38,min:9.71
07-10 00:47:02.076 I/BufferQueueProducer( 1277): [com.weatheron.mobile/com.weatheron.mobile.MainActivity#27430](this:0xb4000072cec42378,id:-1,api:0,p:-1,c:1277) queueBuffer: fps=89.91 dur=1000.96 max=11.64 min=10.49
07-10 00:47:02.273 E/EventHub( 1916): Failed to read sysfs battery info: No such file or directory
07-10 00:47:02.572 E/WifiHAL ( 2248): handleResponse: data=0xb400007b8d0f17d0, len=4920
07-10 00:47:02.572 I/WifiHAL ( 2248): check_data_sanity: confirmed_size=4920, len=4920
07-10 00:47:02.572 I/WifiHAL ( 2248): wifi_get_link_stats: result=0
07-10 00:47:02.592 I/WifiHAL ( 2248): feature_set=0x8489141a
07-10 00:47:02.840 I/libPerfCtl( 1262): xgfGetFPS pid:9981 fps:-1
07-10 00:47:02.846 I/hwcomposer( 1243): [HWCDisplay] [Display_0 (type:1, mode:2)] fps:89.884865,dur:1001.28,max:12.92,min:9.78
07-10 00:47:03.077 I/BufferQueueProducer( 1277): [com.weatheron.mobile/com.weatheron.mobile.MainActivity#27430](this:0xb4000072cec42378,id:-1,api:0,p:-1,c:1277) queueBuffer: fps=89.97 dur=1000.36 max=11.70 min=10.36
07-10 00:47:03.407 E/NtChgAidl( 1266): NtChgAidl: InGameStatus: 0
07-10 00:47:03.408 E/NtChg   ( 1266): NtChg:T0-6:[50,100,120,430,440,450,500],chg_series:8,is_changed:1,TeBoT0-6:[50,80,100,430,440,450,500],TRegion:3,Temp:343,tzname:shell_front,Ibat:3200,onlineI:-400,param_type:7,AbnormalStatus:0,tzn:60,g_cp_mode:4,vbat:3849,pr_id:2,OnGameStatus:0
07-10 00:47:03.408 E/NtChg   ( 1266): NtChg:handle_batt_temp_little_cool triggered
07-10 00:47:03.408 E/NtChg   ( 1266): NtChg:set temp_region=3
07-10 00:47:03.408 E/NtChg   ( 1266): NtChg:set ibatmax=3200 and set vbatmax=4500
07-10 00:47:03.841 I/libPerfCtl( 1262): xgfGetFPS pid:9981 fps:-1
07-10 00:47:03.846 I/hwcomposer( 1243): [HWCDisplay] [Display_0 (type:1, mode:2)] fps:89.983322,dur:1000.19,max:12.37,min:9.66
07-10 00:47:04.077 I/BufferQueueProducer( 1277): [com.weatheron.mobile/com.weatheron.mobile.MainActivity#27430](this:0xb4000072cec42378,id:-1,api:0,p:-1,c:1277) queueBuffer: fps=89.94 dur=1000.67 max=11.69 min=10.57
07-10 00:47:04.841 I/libPerfCtl( 1262): xgfGetFPS pid:9981 fps:-1
07-10 00:47:04.847 I/hwcomposer( 1243): [HWCDisplay] [Display_0 (type:1, mode:2)] fps:89.910149,dur:1001.00,max:12.08,min:9.86
07-10 00:47:05.071 I/mtkpower@impl( 1263): [powerd_req] TIMER_MSG_PERF_LOCK_TIMEOUT hdl:75667
07-10 00:47:05.071 I/libPowerHal( 1263): [perfLockRel] hdl:75667, idx:2
07-10 00:47:05.072 I/libPowerHal( 1263): [PD] MTKPOWER_HINT_EXT_LAUNCH update cmd:2020000 param:0
07-10 00:47:05.072 I/libPowerHal( 1263): [PD] MTKPOWER_HINT_EXT_LAUNCH update cmd:1408300 param:0
07-10 00:47:05.074 I/libPowerHal( 1263): [PD] MTKPOWER_HINT_EXT_LAUNCH update cmd:1000000 param:-1
07-10 00:47:05.075 I/libPowerHal( 1263): [PD] MTKPOWER_HINT_EXT_LAUNCH update cmd:808000 param:0
07-10 00:47:05.079 I/BufferQueueProducer( 1277): [com.weatheron.mobile/com.weatheron.mobile.MainActivity#27430](this:0xb4000072cec42378,id:-1,api:0,p:-1,c:1277) queueBuffer: fps=89.88 dur=1001.34 max=11.60 min=10.42
07-10 00:47:05.519 I/AS.AudioService( 1916): getMode, get current owner's mode
07-10 00:47:05.519 I/AS.AudioService( 1916): getMode, currentModeHandler is null
07-10 00:47:05.612 E/WifiHAL ( 2248): handleResponse: data=0xb400007b8d0f17d0, len=4920
07-10 00:47:05.612 I/WifiHAL ( 2248): check_data_sanity: confirmed_size=4920, len=4920
07-10 00:47:05.612 I/WifiHAL ( 2248): wifi_get_link_stats: result=0
07-10 00:47:05.638 I/WifiHAL ( 2248): feature_set=0x8489141a
07-10 00:47:05.721 I/adbd    (31522): adbd service requested 'exec:screencap '-p''
07-10 00:47:05.813 W/screencap(10228): Thread Pool max thread count is 0. Cannot cache binder as linkToDeath cannot be implemented. serviceName: SurfaceFlingerAIDL
07-10 00:47:05.813 W/BpBinder(10228): Linking to death on android.gui.ISurfaceComposer but there are no threads (yet?) listening to incoming transactions. See ProcessState::startThreadPool and ProcessState::setThreadPoolMaxThreadCount. Generally you should setup the binder threadpool before other initialization steps.
07-10 00:47:05.813 W/ProcessState(10228): Extra binder thread started, but 0 threads requested. Do not use *startThreadPool when zero threads are requested.
07-10 00:47:05.838 I/DMABUFHEAPS(10228): Using DMA-BUF heap named: mtk_mm
07-10 00:47:05.838 I/DMABUFHEAPS(10228): Using DMA-BUF heap named: mtk_mm-uncached
07-10 00:47:05.838 I/DMABUFHEAPS(10228): Using DMA-BUF heap named: mtk_svp_page-uncached
07-10 00:47:05.838 I/DMABUFHEAPS(10228): Using DMA-BUF heap named: mtk_prot_region
07-10 00:47:05.838 I/DMABUFHEAPS(10228): Using DMA-BUF heap named: mtk_2d_fr_region
07-10 00:47:05.838 I/DMABUFHEAPS(10228): Using DMA-BUF heap named: mtk_wfd_page-uncached
07-10 00:47:05.841 I/libPerfCtl( 1262): xgfGetFPS pid:9981 fps:-1
07-10 00:47:05.858 I/hwcomposer( 1243): [HWCDisplay] [Display_0 (type:1, mode:2)] fps:88.970490,dur:1011.57,max:24.06,min:8.98
07-10 00:47:06.018 W/RefBase (10228): RefBase: Explicit destruction, weak count = 0 (in 0x750a7c4848). Use sp<> to manage this object. Note - if weak count is 0, this leaks mRefs (weakref_impl).
07-10 00:47:06.079 I/BufferQueueProducer( 1277): [com.weatheron.mobile/com.weatheron.mobile.MainActivity#27430](this:0xb4000072cec42378,id:-1,api:0,p:-1,c:1277) queueBuffer: fps=88.92 dur=1000.86 max=22.80 min=10.17
07-10 00:47:06.842 I/libPerfCtl( 1262): xgfGetFPS pid:9981 fps:-1
07-10 00:47:06.860 I/hwcomposer( 1243): [HWCDisplay] [Display_0 (type:1, mode:2)] fps:89.845428,dur:1001.72,max:13.44,min:9.01
07-10 00:47:07.080 I/BufferQueueProducer( 1277): [com.weatheron.mobile/com.weatheron.mobile.MainActivity#27430](this:0xb4000072cec42378,id:-1,api:0,p:-1,c:1277) queueBuffer: fps=89.95 dur=1000.56 max=12.12 min=9.85
07-10 00:47:07.842 I/libPerfCtl( 1262): xgfGetFPS pid:9981 fps:-1
07-10 00:47:07.861 I/hwcomposer( 1243): [HWCDisplay] [Display_0 (type:1, mode:2)] fps:89.915047,dur:1000.94,max:13.66,min:9.30
07-10 00:47:08.081 I/BufferQueueProducer( 1277): [com.weatheron.mobile/com.weatheron.mobile.MainActivity#27430](this:0xb4000072cec42378,id:-1,api:0,p:-1,c:1277) queueBuffer: fps=89.95 dur=1000.60 max=12.13 min=10.10
07-10 00:47:08.669 E/WifiHAL ( 2248): handleResponse: data=0xb400007b8d0f17d0, len=4920
07-10 00:47:08.669 I/WifiHAL ( 2248): check_data_sanity: confirmed_size=4920, len=4920
07-10 00:47:08.669 I/WifiHAL ( 2248): wifi_get_link_stats: result=0
07-10 00:47:08.694 I/WifiHAL ( 2248): feature_set=0x8489141a
07-10 00:47:08.843 I/libPerfCtl( 1262): xgfGetFPS pid:9981 fps:-1
07-10 00:47:08.861 I/hwcomposer( 1243): [HWCDisplay] [Display_0 (type:1, mode:2)] fps:89.988815,dur:1000.12,max:13.18,min:8.77
07-10 00:47:08.915 I/bluetooth( 2480): [le_impl.h(1276)] OnPause: OnPause armed state:ConnectabilityState::DISARMED
07-10 00:47:08.912 W/logd.writer(  467): type=1400 audit(0.0:67153): avc:  denied  { read } for  name="u:object_r:bluetooth_prop:s0" dev="tmpfs" ino=124 scontext=u:r:logd:s0 tcontext=u:object_r:bluetooth_prop:s0 tclass=file permissive=0
07-10 00:47:08.917 I/bluetooth( 2480): [le_address_manager.cc(538)] GetNextPrivateAddressIntervalRange: nonwake=7m44s, wake=13m37s
07-10 00:47:08.912 W/logd.writer(  467): type=1400 audit(0.0:67154): avc:  denied  { read } for  name="u:object_r:bluetooth_prop:s0" dev="tmpfs" ino=124 scontext=u:r:logd:s0 tcontext=u:object_r:bluetooth_prop:s0 tclass=file permissive=0
07-10 00:47:08.930 I/bluetooth( 2480): [le_address_manager.cc(711)] OnCommandComplete: Received command complete with op_code LE_SET_RANDOM_ADDRESS(0x2005)
07-10 00:47:08.924 W/logd.writer(  467): type=1400 audit(0.0:67155): avc:  denied  { read } for  name="u:object_r:bluetooth_prop:s0" dev="tmpfs" ino=124 scontext=u:r:logd:s0 tcontext=u:object_r:bluetooth_prop:s0 tclass=file permissive=0
07-10 00:47:08.930 I/bluetooth( 2480): [le_address_manager.cc(732)] OnCommandComplete: update random address : xx:xx:xx:xx:23:3e
07-10 00:47:08.930 I/bluetooth( 2480): [le_address_manager.cc(360)] resume_registered_clients: Resuming registered clients
07-10 00:47:08.930 I/bluetooth( 2480): [le_scanning_manager.cc(646)] stop_scan: Scanning already stopped, return!
07-10 00:47:08.928 W/logd.writer(  467): type=1400 audit(0.0:67156): avc:  denied  { read } for  name="u:object_r:bluetooth_prop:s0" dev="tmpfs" ino=124 scontext=u:r:logd:s0 tcontext=u:object_r:bluetooth_prop:s0 tclass=file permissive=0
07-10 00:47:08.928 W/logd.writer(  467): type=1400 audit(0.0:67157): avc:  denied  { read } for  name="u:object_r:bluetooth_prop:s0" dev="tmpfs" ino=124 scontext=u:r:logd:s0 tcontext=u:object_r:bluetooth_prop:s0 tclass=file permissive=0
07-10 00:47:09.081 I/BufferQueueProducer( 1277): [com.weatheron.mobile/com.weatheron.mobile.MainActivity#27430](this:0xb4000072cec42378,id:-1,api:0,p:-1,c:1277) queueBuffer: fps=89.92 dur=1000.89 max=12.11 min=9.65
07-10 00:47:09.421 E/NtChgAidl( 1266): NtChgAidl: InGameStatus: 0
07-10 00:47:09.421 E/NtChg   ( 1266): NtChg:T0-6:[50,100,120,430,440,450,500],chg_series:8,is_changed:1,TeBoT0-6:[50,80,100,430,440,450,500],TRegion:3,Temp:343,tzname:shell_front,Ibat:3200,onlineI:-400,param_type:7,AbnormalStatus:0,tzn:60,g_cp_mode:4,vbat:3856,pr_id:2,OnGameStatus:0
07-10 00:47:09.421 E/NtChg   ( 1266): NtChg:handle_batt_temp_little_cool triggered
07-10 00:47:09.422 E/NtChg   ( 1266): NtChg:set temp_region=3
07-10 00:47:09.422 E/NtChg   ( 1266): NtChg:set ibatmax=3200 and set vbatmax=4500
07-10 00:47:09.797 I/resolv  ( 1214): GetAddrInfoHandler::run: {127 127 127 983167 10241 0}
07-10 00:47:09.800 I/resolv  ( 1214): res_nmkquery: (QUERY, IN, A)
07-10 00:47:09.818 I/resolv  ( 1214): res_nsend: used send_dg 104 terrno: 0
07-10 00:47:09.818 I/netd    ( 1214): tetherGetStats() -> {[TetherStatsParcel{iface: wlan0, rxBytes: 0, rxPackets: 0, txBytes: 0, txPackets: 0, ifIndex: 0}]} <4.90ms>
07-10 00:47:09.818 I/resolv  ( 1214): doQuery: rcode=0, ancount=1, return value=104
07-10 00:47:09.844 I/libPerfCtl( 1262): xgfGetFPS pid:9981 fps:-1
07-10 00:47:09.863 I/hwcomposer( 1243): [HWCDisplay] [Display_0 (type:1, mode:2)] fps:89.799812,dur:1002.23,max:13.92,min:8.43
07-10 00:47:10.082 I/BufferQueueProducer( 1277): [com.weatheron.mobile/com.weatheron.mobile.MainActivity#27430](this:0xb4000072cec42378,id:-1,api:0,p:-1,c:1277) queueBuffer: fps=89.93 dur=1000.82 max=12.50 min=9.94
07-10 00:47:10.314 I/resolv  ( 1214): GetAddrInfoHandler::run: {127 127 127 983167 10241 0}
07-10 00:47:10.316 I/resolv  ( 1214): res_nmkquery: (QUERY, IN, A)
07-10 00:47:10.326 I/resolv  ( 1214): res_nsend: used send_dg 145 terrno: 0
07-10 00:47:10.327 I/resolv  ( 1214): doQuery: rcode=0, ancount=0, return value=145
07-10 00:47:10.524 I/AS.AudioService( 1916): getMode, get current owner's mode
07-10 00:47:10.524 I/AS.AudioService( 1916): getMode, currentModeHandler is null
07-10 00:47:10.844 I/libPerfCtl( 1262): xgfGetFPS pid:9981 fps:-1
07-10 00:47:10.874 I/hwcomposer( 1243): [HWCDisplay] [Display_0 (type:1, mode:2)] fps:90.063293,dur:1010.40,max:12.89,min:9.35
07-10 00:47:11.083 I/BufferQueueProducer( 1277): [com.weatheron.mobile/com.weatheron.mobile.MainActivity#27430](this:0xb4000072cec42378,id:-1,api:0,p:-1,c:1277) queueBuffer: fps=89.91 dur=1000.99 max=12.03 min=10.26
07-10 00:47:11.094 W/soft_error.cpp(22677): [pando::graphql::PandoGraphQLRequestHybrid::assertValid] : Using a PandoGraphQLRequest after it has been consumed. Query name is PostLiveMetricsQuery
07-10 00:47:11.162 I/NearbyMediums(19093): No BLE Fast/GATT advertisements found in the latest cycle.
07-10 00:47:11.162 I/NearbyMediums(19093): Current Tracked Scanning Clients are : {NearbyConnections.EnvironmentMonitor, NearbySharing}
07-10 00:47:11.454 E/soft_error.cpp(22677): [pando::graphql::ast::readerFragmentForHash()] : Could not find root reader fragment with hash 761612807
07-10 00:47:11.456 E/soft_error.cpp(22677): [pando::graphql::ast::readerFragmentForHash()] : Could not find root reader fragment with hash 761612807
07-10 00:47:11.457 E/soft_error.cpp(22677): [pando::graphql::ast::readerFragmentForHash()] : Could not find root reader fragment with hash 761612807
07-10 00:47:11.459 E/soft_error.cpp(22677): [pando::graphql::ast::readerFragmentForHash()] : Could not find root reader fragment with hash 761612807
07-10 00:47:11.460 E/soft_error.cpp(22677): [pando::graphql::ast::readerFragmentForHash()] : Could not find root reader fragment with hash 761612807
07-10 00:47:11.461 E/soft_error.cpp(22677): [pando::graphql::ast::readerFragmentForHash()] : Could not find root reader fragment with hash 761612807
07-10 00:47:11.461 E/soft_error.cpp(22677): [pando::graphql::ast::readerFragmentForHash()] : Could not find root reader fragment with hash 761612807
07-10 00:47:11.462 E/soft_error.cpp(22677): [pando::graphql::ast::readerFragmentForHash()] : Could not find root reader fragment with hash 761612807
07-10 00:47:11.465 E/soft_error.cpp(22677): [pando::graphql::ast::readerFragmentForHash()] : Could not find root reader fragment with hash 761612807
07-10 00:47:11.467 E/soft_error.cpp(22677): [pando::graphql::ast::readerFragmentForHash()] : Could not find root reader fragment with hash 761612807
07-10 00:47:11.470 E/soft_error.cpp(22677): [pando::graphql::ast::readerFragmentForHash()] : Could not find root reader fragment with hash 761612807
07-10 00:47:11.471 E/soft_error.cpp(22677): [pando::graphql::ast::readerFragmentForHash()] : Could not find root reader fragment with hash 761612807
07-10 00:47:11.471 E/soft_error.cpp(22677): [pando::graphql::ast::readerFragmentForHash()] : Could not find root reader fragment with hash 761612807
07-10 00:47:11.472 E/soft_error.cpp(22677): [pando::graphql::ast::readerFragmentForHash()] : Could not find root reader fragment with hash 761612807
07-10 00:47:11.473 E/soft_error.cpp(22677): [pando::graphql::ast::readerFragmentForHash()] : Could not find root reader fragment with hash 761612807
07-10 00:47:11.474 E/soft_error.cpp(22677): [pando::graphql::ast::readerFragmentForHash()] : Could not find root reader fragment with hash 761612807
07-10 00:47:11.474 E/soft_error.cpp(22677): [pando::graphql::ast::readerFragmentForHash()] : Could not find root reader fragment with hash 761612807
07-10 00:47:11.475 E/soft_error.cpp(22677): [pando::graphql::ast::readerFragmentForHash()] : Could not find root reader fragment with hash 761612807
07-10 00:47:11.476 E/soft_error.cpp(22677): [pando::graphql::ast::readerFragmentForHash()] : Could not find root reader fragment with hash 761612807
07-10 00:47:11.477 E/soft_error.cpp(22677): [pando::graphql::ast::readerFragmentForHash()] : Could not find root reader fragment with hash 761612807
07-10 00:47:11.479 E/soft_error.cpp(22677): [pando::graphql::ast::readerFragmentForHash()] : Could not find root reader fragment with hash 761612807
07-10 00:47:11.480 E/soft_error.cpp(22677): [pando::graphql::ast::readerFragmentForHash()] : Could not find root reader fragment with hash 761612807
07-10 00:47:11.480 E/soft_error.cpp(22677): [pando::graphql::ast::readerFragmentForHash()] : Could not find root reader fragment with hash 761612807
07-10 00:47:11.481 E/soft_error.cpp(22677): [pando::graphql::ast::readerFragmentForHash()] : Could not find root reader fragment with hash 761612807
07-10 00:47:11.482 E/soft_error.cpp(22677): [pando::graphql::ast::readerFragmentForHash()] : Could not find root reader fragment with hash 761612807
07-10 00:47:11.482 E/soft_error.cpp(22677): [pando::graphql::ast::readerFragmentForHash()] : Could not find root reader fragment with hash 761612807
07-10 00:47:11.483 E/soft_error.cpp(22677): [pando::graphql::ast::readerFragmentForHash()] : Could not find root reader fragment with hash 761612807
07-10 00:47:11.483 E/soft_error.cpp(22677): [pando::graphql::ast::readerFragmentForHash()] : Could not find root reader fragment with hash 761612807
07-10 00:47:11.484 E/soft_error.cpp(22677): [pando::graphql::ast::readerFragmentForHash()] : Could not find root reader fragment with hash 761612807
07-10 00:47:11.486 E/soft_error.cpp(22677): [pando::graphql::ast::readerFragmentForHash()] : Could not find root reader fragment with hash 761612807
07-10 00:47:11.487 E/soft_error.cpp(22677): [pando::graphql::ast::readerFragmentForHash()] : Could not find root reader fragment with hash 761612807
07-10 00:47:11.488 E/soft_error.cpp(22677): [pando::graphql::ast::readerFragmentForHash()] : Could not find root reader fragment with hash 761612807
07-10 00:47:11.488 E/soft_error.cpp(22677): [pando::graphql::ast::readerFragmentForHash()] : Could not find root reader fragment with hash 761612807
07-10 00:47:11.489 E/soft_error.cpp(22677): [pando::graphql::ast::readerFragmentForHash()] : Could not find root reader fragment with hash 761612807
07-10 00:47:11.490 E/soft_error.cpp(22677): [pando::graphql::ast::readerFragmentForHash()] : Could not find root reader fragment with hash 761612807
07-10 00:47:11.490 E/soft_error.cpp(22677): [pando::graphql::ast::readerFragmentForHash()] : Could not find root reader fragment with hash 761612807
07-10 00:47:11.490 E/soft_error.cpp(22677): [pando::graphql::ast::readerFragmentForHash()] : Could not find root reader fragment with hash 761612807
07-10 00:47:11.491 E/soft_error.cpp(22677): [pando::graphql::ast::readerFragmentForHash()] : Could not find root reader fragment with hash 761612807
07-10 00:47:11.492 E/soft_error.cpp(22677): [pando::graphql::ast::readerFragmentForHash()] : Could not find root reader fragment with hash 761612807
07-10 00:47:11.493 E/soft_error.cpp(22677): [pando::graphql::ast::readerFragmentForHash()] : Could not find root reader fragment with hash 761612807
07-10 00:47:11.550 I/BufferQueueProducer( 1277): [Taskbar#14437](this:0xb4000072cebfddf8,id:-1,api:0,p:-1,c:1277) queueBuffer: fps=0.02 dur=59999.87 max=59999.87 min=59999.87
07-10 00:47:11.714 E/WifiHAL ( 2248): handleResponse: data=0xb400007b8d0f17d0, len=4920
07-10 00:47:11.714 I/WifiHAL ( 2248): check_data_sanity: confirmed_size=4920, len=4920
07-10 00:47:11.714 I/WifiHAL ( 2248): wifi_get_link_stats: result=0
07-10 00:47:11.740 I/WifiHAL ( 2248): feature_set=0x8489141a
07-10 00:47:11.845 I/libPerfCtl( 1262): xgfGetFPS pid:9981 fps:-1
07-10 00:47:11.845 I/libPerfCtl( 1262): xgfGetFPS pid:11787 fps:-1
07-10 00:47:11.875 I/hwcomposer( 1243): [HWCDisplay] [Display_0 (type:1, mode:2)] fps:89.847672,dur:1001.70,max:12.99,min:8.29
07-10 00:47:12.084 I/BufferQueueProducer( 1277): [com.weatheron.mobile/com.weatheron.mobile.MainActivity#27430](this:0xb4000072cec42378,id:-1,api:0,p:-1,c:1277) queueBuffer: fps=89.92 dur=1000.87 max=12.02 min=9.74
07-10 00:47:12.284 E/EventHub( 1916): Failed to read sysfs battery info: No such file or directory
07-10 00:47:12.845 I/libPerfCtl( 1262): xgfGetFPS pid:9981 fps:-1
07-10 00:47:12.845 I/libPerfCtl( 1262): xgfGetFPS pid:11787 fps:-1
07-10 00:47:12.876 I/hwcomposer( 1243): [HWCDisplay] [Display_0 (type:1, mode:2)] fps:89.913704,dur:1000.96,max:13.38,min:9.34
07-10 00:47:13.085 I/BufferQueueProducer( 1277): [com.weatheron.mobile/com.weatheron.mobile.MainActivity#27430](this:0xb4000072cec42378,id:-1,api:0,p:-1,c:1277) queueBuffer: fps=89.93 dur=1000.81 max=12.03 min=10.20
07-10 00:47:13.206 I/AppSearchIcing( 1916): icing-search-engine.cc:2487: Persisting data to disk with mode 3
07-10 00:47:13.235 I/AppSearchIcing( 1916): icing-search-engine.cc:2502: PersistToDisk completed.
07-10 00:47:13.846 I/libPerfCtl( 1262): xgfGetFPS pid:9981 fps:-1
07-10 00:47:13.846 I/libPerfCtl( 1262): xgfGetFPS pid:11787 fps:-1
07-10 00:47:13.877 I/hwcomposer( 1243): [HWCDisplay] [Display_0 (type:1, mode:2)] fps:89.950272,dur:1000.55,max:13.08,min:9.00
07-10 00:47:14.085 I/BufferQueueProducer( 1277): [com.weatheron.mobile/com.weatheron.mobile.MainActivity#27430](this:0xb4000072cec42378,id:-1,api:0,p:-1,c:1277) queueBuffer: fps=89.97 dur=1000.37 max=12.28 min=10.12
07-10 00:47:14.757 E/WifiHAL ( 2248): handleResponse: data=0xb400007b8d0f17d0, len=4920
07-10 00:47:14.757 I/WifiHAL ( 2248): check_data_sanity: confirmed_size=4920, len=4920
07-10 00:47:14.757 I/WifiHAL ( 2248): wifi_get_link_stats: result=0
07-10 00:47:14.776 I/WifiHAL ( 2248): feature_set=0x8489141a
07-10 00:47:14.846 I/libPerfCtl( 1262): xgfGetFPS pid:9981 fps:-1
07-10 00:47:14.846 I/libPerfCtl( 1262): xgfGetFPS pid:11787 fps:-1
07-10 00:47:14.878 I/hwcomposer( 1243): [HWCDisplay] [Display_0 (type:1, mode:2)] fps:89.946388,dur:1000.60,max:13.84,min:9.01
07-10 00:47:14.957 I/DGW     (22677): I[notifyStreamGroupError:1903] StreamGroupTransport[lightspeed] notify StreamGroup error: TransientError domain: MNSQUICConnection code: 0 detail: Error on socket write Operation not permitted,
07-10 00:47:14.959 W/DGW     (22677): W[isInExtendedForegroundState:138] ConnectivityManager Extended foreground interval is not enabled for this connect attempt
07-10 00:47:14.961 I/DGW     (22677): I[notifyStreamGroupError:1903] StreamGroupTransport[rpsignaling] notify StreamGroup error: TransientError domain: MNSQUICConnection code: 0 detail: Error on socket write Operation not permitted,
07-10 00:47:14.962 E/msys    (22677): E[S MSync]modular_sync_service_ffi::service_ffi::handle_network_response(1044)=>DB[231] - Encountered a network error (2002: TransientError domain: MNSQUICConnection code: 0 detail: Error on socket write Operation not permitted, )
07-10 00:47:14.962 E/msys    (22677): E[S MSync]modular_sync_service_ffi::service_ffi::handle_network_error_response(1275)=>DB[231] - handle network error response
07-10 00:47:14.962 E/MDCoreSyncManagerImpl(22677): Unknown event type: SUBSCRIPTION_STATE_CHANGED
07-10 00:47:14.963 I/DGW     (22677): I[onStreamGroupError:672] DGW: StreamGroup error: TransientError domain: MNSQUICConnection code: 0 detail: Error on socket write Operation not permitted,
07-10 00:47:14.963 I/DGW     (22677): I[clearStream:302] DGW: Clearing stream coordinators
07-10 00:47:14.963 I/DGW     (22677): I[closeStream:352] DGW: Closing stream: streamId=1, reason=StreamCoordinator destroyed
07-10 00:47:14.964 I/DGW     (22677): I[startNewStream:257] DGW: Starting new stream, traceId=400573431814510841583909583017_766
07-10 00:47:14.964 I/DGW     (22677): I[start:39] DGW: StreamGroup starting: traceId=400573431814510841583909583017_766, service=rpsignaling
07-10 00:47:14.964 E/MDCoreSyncManagerImpl(22677): Unknown event type: SUBSCRIPTION_STATE_CHANGED
07-10 00:47:14.964 W/DGW     (22677): W[setEnabled:191] StreamGroupPinger[rpsignaling]: setEnabled: 0
07-10 00:47:14.965 W/DGW     (22677): W[setEnabled:191] StreamGroupPinger[lightspeed]: setEnabled: 0
07-10 00:47:14.965 I/DGW     (22677): I[addStreamCoordinator:211] DGW: Adding stream coordinator (DC)
07-10 00:47:14.965 I/DGW     (22677): I[establishStream:289] DGW: Establishing stream: streamId=1
07-10 00:47:14.965 I/DGW     (22677): I[establishStream:96] DGW: StreamGroup establishing stream: traceId=1
07-10 00:47:14.965 I/DGW     (22677): I[onConnecting:182] DGW: StreamGroup connecting: traceId=400573431814510841583909583017_766_1
07-10 00:47:14.969 I/resolv  ( 1214): GetAddrInfoHandler::run: {127 127 127 983167 10241 0}
07-10 00:47:14.969 I/resolv  ( 1214): GetAddrInfoHandler::run: network access blocked
07-10 00:47:14.979 E/msys    (22677): E[N mns:DGWClient]_LogError(328)=>Failed to resolve using system DNS resolver, getaddrinfo(): No address associated with hostname
07-10 00:47:14.981 I/resolv  ( 1214): GetAddrInfoHandler::run: {127 127 127 983167 10241 0}
07-10 00:47:14.981 I/resolv  ( 1214): GetAddrInfoHandler::run: network access blocked
07-10 00:47:14.982 I/resolv  ( 1214): GetAddrInfoHandler::run: {127 127 127 983167 10241 0}
07-10 00:47:14.982 E/msys    (22677): E[N mns:DGWClient]_LogError(328)=>Failed to resolve using system DNS resolver, getaddrinfo(): No address associated with hostname
07-10 00:47:14.982 I/resolv  ( 1214): GetAddrInfoHandler::run: network access blocked
07-10 00:47:14.983 E/msys    (22677): E[N mns:DGWClient]_LogError(328)=>Failed to resolve using system DNS resolver, getaddrinfo(): No address associated with hostname
07-10 00:47:15.086 I/BufferQueueProducer( 1277): [com.weatheron.mobile/com.weatheron.mobile.MainActivity#27430](this:0xb4000072cec42378,id:-1,api:0,p:-1,c:1277) queueBuffer: fps=89.90 dur=1001.08 max=12.39 min=9.61
07-10 00:47:15.440 E/NtChgAidl( 1266): NtChgAidl: InGameStatus: 0
07-10 00:47:15.440 E/NtChg   ( 1266): NtChg:T0-6:[50,100,120,430,440,450,500],chg_series:8,is_changed:1,TeBoT0-6:[50,80,100,430,440,450,500],TRegion:3,Temp:344,tzname:shell_front,Ibat:3200,onlineI:-400,param_type:7,AbnormalStatus:0,tzn:60,g_cp_mode:4,vbat:3856,pr_id:2,OnGameStatus:0
07-10 00:47:15.440 E/NtChg   ( 1266): NtChg:handle_batt_temp_little_cool triggered
07-10 00:47:15.440 E/NtChg   ( 1266): NtChg:set temp_region=3
07-10 00:47:15.440 E/NtChg   ( 1266): NtChg:set ibatmax=3200 and set vbatmax=4500
07-10 00:47:15.498 W/ActivityManager( 1916): Unbind failed: could not find connection for android.os.BinderProxy@5d5fe9a
07-10 00:47:15.502 W/ActivityManager( 1916): Unable to start service Intent { act=android.telephony.satellite.SatelliteService xflg=0x4 pkg=com.mediatek.satellite.service } U=0: not found
07-10 00:47:15.502 E/SatelliteModemInterface( 2535): Error binding to the satellite service. Retrying in 43798 ms.
07-10 00:47:15.528 I/AS.AudioService( 1916): getMode, get current owner's mode
07-10 00:47:15.528 I/AS.AudioService( 1916): getMode, currentModeHandler is null
07-10 00:47:15.847 I/libPerfCtl( 1262): xgfGetFPS pid:9981 fps:-1
07-10 00:47:15.848 I/libPerfCtl( 1262): xgfGetFPS pid:11787 fps:-1
07-10 00:47:15.879 I/hwcomposer( 1243): [HWCDisplay] [Display_0 (type:1, mode:2)] fps:89.903412,dur:1001.07,max:13.07,min:7.96
07-10 00:47:16.087 I/BufferQueueProducer( 1277): [com.weatheron.mobile/com.weatheron.mobile.MainActivity#27430](this:0xb4000072cec42378,id:-1,api:0,p:-1,c:1277) queueBuffer: fps=89.91 dur=1001.05 max=12.05 min=9.80
07-10 00:47:16.848 I/libPerfCtl( 1262): xgfGetFPS pid:9981 fps:-1
07-10 00:47:16.848 I/libPerfCtl( 1262): xgfGetFPS pid:11787 fps:-1
07-10 00:47:16.880 I/hwcomposer( 1243): [HWCDisplay] [Display_0 (type:1, mode:2)] fps:89.844963,dur:1001.73,max:12.87,min:9.25
07-10 00:47:17.088 I/BufferQueueProducer( 1277): [com.weatheron.mobile/com.weatheron.mobile.MainActivity#27430](this:0xb4000072cec42378,id:-1,api:0,p:-1,c:1277) queueBuffer: fps=89.91 dur=1000.99 max=12.02 min=10.25
07-10 00:47:17.797 E/WifiHAL ( 2248): handleResponse: data=0xb400007b8d0f17d0, len=4920
07-10 00:47:17.797 I/WifiHAL ( 2248): check_data_sanity: confirmed_size=4920, len=4920
07-10 00:47:17.798 I/WifiHAL ( 2248): wifi_get_link_stats: result=0
07-10 00:47:17.825 I/WifiHAL ( 2248): feature_set=0x8489141a
07-10 00:47:17.848 I/libPerfCtl( 1262): xgfGetFPS pid:9981 fps:-1
07-10 00:47:17.848 I/libPerfCtl( 1262): xgfGetFPS pid:11787 fps:-1
07-10 00:47:17.881 I/hwcomposer( 1243): [HWCDisplay] [Display_0 (type:1, mode:2)] fps:89.948776,dur:1000.57,max:13.19,min:8.87
07-10 00:47:18.089 I/BufferQueueProducer( 1277): [com.weatheron.mobile/com.weatheron.mobile.MainActivity#27430](this:0xb4000072cec42378,id:-1,api:0,p:-1,c:1277) queueBuffer: fps=89.94 dur=1000.71 max=12.13 min=10.25
07-10 00:47:18.849 I/libPerfCtl( 1262): xgfGetFPS pid:9981 fps:-1
07-10 00:47:18.849 I/libPerfCtl( 1262): xgfGetFPS pid:11787 fps:-1
07-10 00:47:18.891 I/hwcomposer( 1243): [HWCDisplay] [Display_0 (type:1, mode:2)] fps:90.053688,dur:1010.51,max:13.18,min:8.93
07-10 00:47:19.090 I/BufferQueueProducer( 1277): [com.weatheron.mobile/com.weatheron.mobile.MainActivity#27430](this:0xb4000072cec42378,id:-1,api:0,p:-1,c:1277) queueBuffer: fps=89.93 dur=1000.72 max=12.18 min=9.77
07-10 00:47:19.849 I/libPerfCtl( 1262): xgfGetFPS pid:9981 fps:-1
07-10 00:47:19.850 I/libPerfCtl( 1262): xgfGetFPS pid:11787 fps:-1
07-10 00:47:19.893 I/hwcomposer( 1243): [HWCDisplay] [Display_0 (type:1, mode:2)] fps:89.842674,dur:1001.75,max:13.60,min:9.02
07-10 00:47:20.091 I/BufferQueueProducer( 1277): [com.weatheron.mobile/com.weatheron.mobile.MainActivity#27430](this:0xb4000072cec42378,id:-1,api:0,p:-1,c:1277) queueBuffer: fps=89.87 dur=1001.45 max=12.76 min=9.64
07-10 00:47:20.532 I/AS.AudioService( 1916): getMode, get current owner's mode
07-10 00:47:20.532 I/AS.AudioService( 1916): getMode, currentModeHandler is null
07-10 00:47:20.848 E/WifiHAL ( 2248): handleResponse: data=0xb400007b8d0f17d0, len=4920
07-10 00:47:20.848 I/WifiHAL ( 2248): check_data_sanity: confirmed_size=4920, len=4920
07-10 00:47:20.848 I/WifiHAL ( 2248): wifi_get_link_stats: result=0
07-10 00:47:20.850 I/libPerfCtl( 1262): xgfGetFPS pid:9981 fps:-1
07-10 00:47:20.868 I/WifiHAL ( 2248): feature_set=0x8489141a
