07-10 00:46:36.050 I/libPowerHal( 1263): [PE] system_server update ONESHOT(set) cmd:3410300 param:21
07-10 00:46:36.050 I/libPowerHal( 1263): [perfLockRel] hdl:75668, idx:1
07-10 00:46:36.050 I/SbeHandle( 1263): end_default_hold_time HindID : 21
07-10 00:46:36.050 I/libPowerHal( 1263): [disableScenarioByHintId] Disable HindID : 21
07-10 00:46:36.050 I/libPowerHal( 1263): [PD] system_server update ONESHOT(unset) cmd:3410300 param:21
07-10 00:46:36.081 E/TlcKM   (  695): lookup_operation: op 0xae9c83ff5711efa6 not found
07-10 00:46:36.081 E/TlcKM   (  695): lookup_operation(session, operation_handle, &op) == -28
07-10 00:46:36.102 E/TlcKM   (  695): lookup_operation: op 0x7b7847e41bcbdf4f not found
07-10 00:46:36.102 E/TlcKM   (  695): lookup_operation(session, operation_handle, &op) == -28
07-10 00:46:36.117 E/TlcKM   (  695): lookup_operation: op 0xe55019904ee2af9e not found
07-10 00:46:36.117 E/TlcKM   (  695): lookup_operation(session, operation_handle, &op) == -28
07-10 00:46:36.144 I/TY_com.google.android.libraries.communications.conference.service.impl.backends.shared.p2pfirst.P2PFirstMa[000:922][10059] RR: populateEndpointData: P2P_FIRST_M2=true M3=false p2PVersion=5 - skip: false skipDasher: true
07-10 00:46:36.144 I/P2PFirstMasImpl( 9996): [000:922][10059] RR: populateEndpointData: P2P_FIRST_M2=true M3=false p2PVersion=5 - skip: false skipDasher: true
07-10 00:46:36.165 W/ComponentDiscovery( 9996): Class com.google.firebase.installations.FirebaseInstallationsKtxRegistrar is not an found.
07-10 00:46:36.200 I/TY_com.google.android.apps.tachyon.gnp.GnpRegistrationEventsListenerImpl( 9996): [000:979][10049] Received 2 registration events and 0 unregistration events
07-10 00:46:36.201 I/TY_ChimeRegListener( 9996): [000:979][10049] Successfully registered account.
07-10 00:46:36.201 I/TY_ChimeRegListener( 9996): [000:980][10049] Successfully registered account.
07-10 00:46:36.202 I/TY_com.google.android.libraries.communications.conference.service.impl.logging.CommonClearcutLogger( 9996)[000:980][10059] Logging impression 9313
07-10 00:46:36.202 I/TY_com.google.android.libraries.communications.conference.service.impl.logging.CommonClearcutLogger( 9996)[000:980][10058] Logging impression 9313
07-10 00:46:36.202 I/CommonClearcutLogger( 9996): [000:980][10059] Logging impression 9313
07-10 00:46:36.202 I/CommonClearcutLogger( 9996): [000:981][10058] Logging impression 9313
07-10 00:46:36.202 I/TY_com.google.android.libraries.communications.conference.service.impl.logging.CommonClearcutLogger( 9996)[000:981][10059] Logging impression 11636
07-10 00:46:36.202 I/CommonClearcutLogger( 9996): [000:981][10059] Logging impression 11636
07-10 00:46:36.218 W/Finsky  (18470): [2] STU: Failed to get storage stats for package 'com.google.android.appsearch' (1601: Error getting stats: android.content.pm.PackageManager.NameNotFoundException)
07-10 00:46:36.220 W/Finsky  (18470): [2] STU: Failed to get storage stats for package 'com.google.android.media.swcodec' (1601: Error getting stats: android.content.pm.PackageManager.NameNotFoundException)
07-10 00:46:36.225 W/Finsky  (18470): [2] STU: Failed to get storage stats for package 'com.google.android.art' (1601: Error getting stats: android.content.pm.PackageManager.NameNotFoundException)
07-10 00:46:36.231 W/Finsky  (18470): [2] STU: Failed to get storage stats for package 'com.android.uprobestats' (1601: Error getting stats: android.content.pm.PackageManager.NameNotFoundException)
07-10 00:46:36.241 W/Finsky  (18470): [2] STU: Failed to get storage stats for package 'com.android.bt' (1601: Error getting stats: android.content.pm.PackageManager.NameNotFoundException)
07-10 00:46:36.248 W/Finsky  (18470): [2] STU: Failed to get storage stats for package 'com.android.profiling' (1601: Error getting stats: android.content.pm.PackageManager.NameNotFoundException)
07-10 00:46:36.344 W/Finsky  (18470): [2] STU: Failed to get storage stats for package 'com.google.android.mediaprovider' (1601: Error getting stats: android.content.pm.PackageManager.NameNotFoundException)
07-10 00:46:36.439 W/Finsky  (18470): [2] STU: Failed to get storage stats for package 'com.android.virt' (1601: Error getting stats: android.content.pm.PackageManager.NameNotFoundException)
07-10 00:46:36.455 W/Finsky  (18470): [2] STU: Failed to get storage stats for package 'com.google.android.adbd' (1601: Error getting stats: android.content.pm.PackageManager.NameNotFoundException)
07-10 00:46:36.462 W/Finsky  (18470): [2] STU: Failed to get storage stats for package 'com.google.android.resolv' (1601: Error getting stats: android.content.pm.PackageManager.NameNotFoundException)
07-10 00:46:36.519 W/Finsky  (18470): [2] STU: Failed to get storage stats for package 'com.android.i18n' (1601: Error getting stats: android.content.pm.PackageManager.NameNotFoundException)
07-10 00:46:36.554 W/Finsky  (18470): [2] STU: Failed to get storage stats for package 'com.google.android.configinfrastructure' (1601: Error getting stats: android.content.pm.PackageManager.NameNotFoundException)
07-10 00:46:36.557 W/Finsky  (18470): [2] STU: Failed to get storage stats for package 'com.google.android.media' (1601: Error getting stats: android.content.pm.PackageManager.NameNotFoundException)
07-10 00:46:36.557 W/Finsky  (18470): [2] STU: Failed to get storage stats for package 'com.google.android.conscrypt' (1601: Error getting stats: android.content.pm.PackageManager.NameNotFoundException)
07-10 00:46:36.633 W/Finsky  (18470): [2] STU: Failed to get storage stats for package 'com.android.vndk.v31' (1601: Error getting stats: android.content.pm.PackageManager.NameNotFoundException)
07-10 00:46:36.645 W/Finsky  (18470): [2] STU: Failed to get storage stats for package 'com.android.vndk.v33' (1601: Error getting stats: android.content.pm.PackageManager.NameNotFoundException)
07-10 00:46:36.646 W/Finsky  (18470): [2] STU: Failed to get storage stats for package 'com.google.android.neuralnetworks' (1601: Error getting stats: android.content.pm.PackageManager.NameNotFoundException)
07-10 00:46:36.648 W/Finsky  (18470): [2] STU: Failed to get storage stats for package 'com.android.vndk.v34' (1601: Error getting stats: android.content.pm.PackageManager.NameNotFoundException)
07-10 00:46:36.675 W/Finsky  (18470): [2] STU: Failed to get storage stats for package 'com.google.android.ipsec' (1601: Error getting stats: android.content.pm.PackageManager.NameNotFoundException)
07-10 00:46:36.714 W/Finsky  (18470): [2] STU: Failed to get storage stats for package 'com.android.crashrecovery' (1601: Error getting stats: android.content.pm.PackageManager.NameNotFoundException)
07-10 00:46:36.719 W/Finsky  (18470): [2] STU: Failed to get storage stats for package 'com.google.android.ondevicepersonalization' (1601: Error getting stats: android.content.pm.PackageManager.NameNotFoundException)
07-10 00:46:36.748 W/Finsky  (18470): [2] STU: Failed to get storage stats for package 'com.google.android.sdkext' (1601: Error getting stats: android.content.pm.PackageManager.NameNotFoundException)
07-10 00:46:36.750 W/Finsky  (18470): [2] STU: Failed to get storage stats for package 'com.google.android.healthfitness' (1601: Error getting stats: android.content.pm.PackageManager.NameNotFoundException)
07-10 00:46:36.774 I/eokz    (32234): (REDACTED) HDM. appOpsListener %s %s
07-10 00:46:36.774 I/eokz    (32234): (REDACTED) HDM. Ignoring irrelevant audio permission changes for package %s
07-10 00:46:36.787 I/hwcomposer( 1243): [HWCDisplay] [Display_0 (type:1, mode:2)] fps:88.944061,dur:1000.63,max:22.20,min:9.69
07-10 00:46:36.827 I/libPerfCtl( 1262): xgfGetFPS pid:2295 fps:-1
07-10 00:46:36.827 I/libPerfCtl( 1262): xgfGetFPS pid:9981 fps:-1
07-10 00:46:36.827 I/libPerfCtl( 1262): xgfGetFPS pid:11787 fps:-1
07-10 00:46:36.838 W/Finsky  (18470): [2] STU: Failed to get storage stats for package 'com.google.android.adservices' (1601: Error getting stats: android.content.pm.PackageManager.NameNotFoundException)
07-10 00:46:36.839 W/Finsky  (18470): [2] STU: Failed to get storage stats for package 'com.google.android.tethering' (1601: Error getting stats: android.content.pm.PackageManager.NameNotFoundException)
07-10 00:46:36.856 W/System  ( 9981): A resource failed to call close.
07-10 00:46:36.856 W/System  ( 9981): A resource failed to call close.
07-10 00:46:36.863 W/Finsky  (18470): [2] STU: Failed to get storage stats for package 'com.google.android.extservices' (1601: Error getting stats: android.content.pm.PackageManager.NameNotFoundException)
07-10 00:46:36.957 W/Finsky  (18470): [2] STU: Failed to get storage stats for package 'com.android.runtime' (1601: Error getting stats: android.content.pm.PackageManager.NameNotFoundException)
07-10 00:46:36.989 W/Finsky  (18470): [2] STU: Failed to get storage stats for package 'com.google.android.os.statsd' (1601: Error getting stats: android.content.pm.PackageManager.NameNotFoundException)
07-10 00:46:37.024 W/Finsky  (18470): [2] STU: Failed to get storage stats for package 'com.google.android.cellbroadcast' (1601: Error getting stats: android.content.pm.PackageManager.NameNotFoundException)
07-10 00:46:37.041 I/BufferQueueProducer( 1277): [com.weatheron.mobile/com.weatheron.mobile.MainActivity#27430](this:0xb4000072cec42378,id:-1,api:0,p:-1,c:1277) queueBuffer: fps=88.92 dur=1000.85 max=22.01 min=10.56
07-10 00:46:37.075 W/Finsky  (18470): [2] STU: Failed to get storage stats for package 'com.google.android.rkpd' (1601: Error getting stats: android.content.pm.PackageManager.NameNotFoundException)
07-10 00:46:37.129 W/Finsky  (18470): [2] STU: Failed to get storage stats for package 'com.google.android.scheduling' (1601: Error getting stats: android.content.pm.PackageManager.NameNotFoundException)
07-10 00:46:37.217 I/Finsky  (18470): [2] App states replicator found 33 unowned apps
07-10 00:46:37.231 I/Finsky  (18470): [251] Completed 0 account content syncs with 0 successful.
07-10 00:46:37.233 I/Finsky  (18470): [2] [ContentSync] Installation state replication succeeded.
07-10 00:46:37.233 I/Finsky  (18470): [2] SCH: jobFinished: 12-1. TimeElapsed: 2389ms.
07-10 00:46:37.233 I/Finsky  (18470): [2] WM::SCH: Logging work end for 12-1
07-10 00:46:37.246 I/Finsky  (18470): [251] SCH: Scheduling phonesky job Id: 1-1337, CT: 1783579545770, Constraints: [{ L: 43171714, D: 86371714, C: CHARGING_NONE, I: IDLE_NONE, N: NET_ANY, B: BATTERY_ANY }]
07-10 00:46:37.247 I/Finsky  (18470): [251] SCH: Scheduling phonesky job Id: 34-305, CT: 1783579547603, Constraints: [{ L: 604800000, D: 2462904323, C: CHARGING_NONE, I: IDLE_NONE, N: NET_ANY, B: BATTERY_ANY }]
07-10 00:46:37.247 I/Finsky  (18470): [251] SCH: Scheduling phonesky job Id: 34-312, CT: 1783579547604, Constraints: [{ L: 604800000, D: 2542149949, C: CHARGING_NONE, I: IDLE_NONE, N: NET_ANY, B: BATTERY_ANY }]
07-10 00:46:37.247 I/Finsky  (18470): [251] SCH: Scheduling phonesky job Id: 34-315, CT: 1783608977642, Constraints: [{ L: 79199748, D: 1375199748, C: CHARGING_NONE, I: IDLE_NONE, N: NET_ANY, B: BATTERY_ANY }]
07-10 00:46:37.247 I/Finsky  (18470): [251] SCH: Scheduling phonesky job Id: 34-316, CT: 1783608977926, Constraints: [{ L: 604800000, D: 2591999741, C: CHARGING_NONE, I: IDLE_NONE, N: NET_ANY, B: BATTERY_ANY }]
07-10 00:46:37.254 I/Finsky  (18470): [249] SCH: Scheduling 1 system job(s)
07-10 00:46:37.255 I/Finsky  (18470): [249] SCH: Scheduling system job Id: 9048, L: 10720230, D: 53920230, C: false, I: false, N: 1
07-10 00:46:37.266 I/Finsky  (18470): [949] SCH: job service finished with id 9041.
07-10 00:46:37.276 I/netd    ( 1214): tetherGetStats() -> {[TetherStatsParcel{iface: wlan0, rxBytes: 0, rxPackets: 0, txBytes: 0, txPackets: 0, ifIndex: 0}]} <1.20ms>
07-10 00:46:37.278 I/ActivityManager( 1916): Killing 5523:com.android.settings.intelligence/u0a139 (adj 975): empty #33
07-10 00:46:37.278 I/Finsky:background( 3966): [2] Memory trim requested to level 40
07-10 00:46:37.278 I/ActivityManager( 1916): Killing 6283:com.nothing.logkit/1000 (adj 975): empty #34
07-10 00:46:37.309 I/START_DEBUG( 1916): remove ALL_TIMEOUT cleanup   ProcessRecord :ProcessRecord{178e7f5 6283:com.nothing.logkit/1000}
07-10 00:46:37.310 I/mtkpower_client( 1916): [PowerHal_Wrap_notifyAppState] com.nothing.logkit/com.nothing.logkit pid=6283 activityId:6283 state:3
07-10 00:46:37.311 I/Zygote  ( 1217): Process 6283 exited due to signal 9 (Killed)
07-10 00:46:37.311 I/IPCThreadState( 1262): oneway function results for code 2 on binder at 0xb400007a92666c60 will be dropped but finished with status UNKNOWN_TRANSACTION
07-10 00:46:37.311 I/vendor.mediatek.hardware.mtkpower_applist-service.mediatek( 1262): packName: com.nothing.logkit actName: com.nothing.logkit pid: 6283 uid: 1000 state: 3
07-10 00:46:37.311 I/MTK_APPList( 1262): [notifyAPPstate] com.nothing.logkit/com.nothing.logkit, pid=6283, uid=1000, state:DEAD, fps:-1, win:0
07-10 00:46:37.311 I/MTK_APPList( 1262): [notifyAPPstate] multi_resumed_app_count: 1
07-10 00:46:37.311 I/MTK_APPList( 1262): [notifyAPPstate] multi_resumed_app_info[0] com.weatheron.mobile/com.weatheron.mobile.MainActivity, pid:9981, fps:-1, isMultiWindow:0
07-10 00:46:37.311 I/MTK_APPList( 1262): [getForegroundAPPCount] 1
07-10 00:46:37.311 I/MTK_APPList( 1262): [notifyAPPstate] pack:com.nothing.logkit, pid:6283, STATE_DEAD
07-10 00:46:37.311 I/MTK_APPList( 1262): [notifyNetdUID] 10303
07-10 00:46:37.312 I/mtkpower_client( 1262): PowerHal_Wrap_setSysInfo, result:0
07-10 00:46:37.312 I/MTK_APPList( 1262): [notifyPID] 9981
07-10 00:46:37.312 I/libPowerHal( 1263): [perfSetSysInfo] pid type:24, 9981
07-10 00:46:37.312 I/mtkpower_client( 1262): PowerHal_Wrap_setSysInfo, result:0
07-10 00:46:37.342 I/START_DEBUG( 1916): remove ALL_TIMEOUT cleanup   ProcessRecord :ProcessRecord{975a0b7 5523:com.android.settings.intelligence/u0a139}
07-10 00:46:37.343 I/libprocessgroup( 1916): Removed cgroup /sys/fs/cgroup/apps/uid_10139/pid_5523
07-10 00:46:37.343 I/mtkpower_client( 1916): [PowerHal_Wrap_notifyAppState] com.android.settings.intelligence/com.android.settings.intelligence pid=5523 activityId:5523 state:3
07-10 00:46:37.343 I/IPCThreadState( 1262): oneway function results for code 2 on binder at 0xb400007a92666c60 will be dropped but finished with status UNKNOWN_TRANSACTION
07-10 00:46:37.343 I/vendor.mediatek.hardware.mtkpower_applist-service.mediatek( 1262): packName: com.android.settings.intelligence actName: com.android.settings.intelligence pid: 5523 uid: 10139 state: 3
07-10 00:46:37.343 I/MTK_APPList( 1262): [notifyAPPstate] com.android.settings.intelligence/com.android.settings.intelligence, pid=5523, uid=10139, state:DEAD, fps:-1, win:0
07-10 00:46:37.343 I/MTK_APPList( 1262): [notifyAPPstate] multi_resumed_app_count: 1
07-10 00:46:37.343 I/MTK_APPList( 1262): [notifyAPPstate] multi_resumed_app_info[0] com.weatheron.mobile/com.weatheron.mobile.MainActivity, pid:9981, fps:-1, isMultiWindow:0
07-10 00:46:37.343 I/MTK_APPList( 1262): [getForegroundAPPCount] 1
07-10 00:46:37.343 I/MTK_APPList( 1262): [notifyAPPstate] pack:com.android.settings.intelligence, pid:5523, STATE_DEAD
07-10 00:46:37.343 I/libprocessgroup( 1916): Removed cgroup /sys/fs/cgroup/system/uid_1000/pid_6283
07-10 00:46:37.343 I/MTK_APPList( 1262): [notifyNetdUID] 10303
07-10 00:46:37.344 I/Zygote  ( 1217): Process 5523 exited due to signal 9 (Killed)
07-10 00:46:37.345 I/mtkpower_client( 1262): PowerHal_Wrap_setSysInfo, result:0
07-10 00:46:37.345 I/MTK_APPList( 1262): [notifyPID] 9981
07-10 00:46:37.346 I/libPowerHal( 1263): [perfSetSysInfo] pid type:24, 9981
07-10 00:46:37.347 I/mtkpower_client( 1262): PowerHal_Wrap_setSysInfo, result:0
07-10 00:46:37.789 I/hwcomposer( 1243): [HWCDisplay] [Display_0 (type:1, mode:2)] fps:89.781235,dur:1002.44,max:12.37,min:9.90
07-10 00:46:37.827 I/libPerfCtl( 1262): xgfGetFPS pid:2295 fps:-1
07-10 00:46:37.828 I/libPerfCtl( 1262): xgfGetFPS pid:9981 fps:-1
07-10 00:46:37.828 I/libPerfCtl( 1262): xgfGetFPS pid:11787 fps:-1
07-10 00:46:38.043 I/BufferQueueProducer( 1277): [com.weatheron.mobile/com.weatheron.mobile.MainActivity#27430](this:0xb4000072cec42378,id:-1,api:0,p:-1,c:1277) queueBuffer: fps=89.86 dur=1001.53 max=11.89 min=10.45
07-10 00:46:38.094 I/Finsky:background( 3966): [2] Memory trim requested to level 40
07-10 00:46:38.213 E/WifiHAL ( 2248): handleResponse: data=0xb400007b8d0f17d0, len=4920
07-10 00:46:38.214 I/WifiHAL ( 2248): check_data_sanity: confirmed_size=4920, len=4920
07-10 00:46:38.214 I/WifiHAL ( 2248): wifi_get_link_stats: result=0
07-10 00:46:38.238 I/WifiHAL ( 2248): feature_set=0x8489141a
07-10 00:46:38.583 I/netd    ( 1214): tetherGetStats() -> {[TetherStatsParcel{iface: wlan0, rxBytes: 0, rxPackets: 0, txBytes: 0, txPackets: 0, ifIndex: 0}]} <3.10ms>
07-10 00:46:38.585 I/Finsky:background( 3966): [2] Memory trim requested to level 40
07-10 00:46:38.790 I/hwcomposer( 1243): [HWCDisplay] [Display_0 (type:1, mode:2)] fps:89.911232,dur:1000.99,max:13.00,min:8.78
07-10 00:46:38.828 I/libPerfCtl( 1262): xgfGetFPS pid:2295 fps:-1
07-10 00:46:38.828 I/libPerfCtl( 1262): xgfGetFPS pid:9981 fps:-1
07-10 00:46:38.828 I/libPerfCtl( 1262): xgfGetFPS pid:11787 fps:-1
07-10 00:46:39.044 I/BufferQueueProducer( 1277): [com.weatheron.mobile/com.weatheron.mobile.MainActivity#27430](this:0xb4000072cec42378,id:-1,api:0,p:-1,c:1277) queueBuffer: fps=89.89 dur=1001.26 max=12.26 min=9.94
07-10 00:46:39.328 E/NtChgAidl( 1266): NtChgAidl: InGameStatus: 0
07-10 00:46:39.328 E/NtChg   ( 1266): NtChg:T0-6:[50,100,120,430,440,450,500],chg_series:8,is_changed:1,TeBoT0-6:[50,80,100,430,440,450,500],TRegion:3,Temp:337,tzname:shell_front,Ibat:3200,onlineI:-400,param_type:7,AbnormalStatus:0,tzn:60,g_cp_mode:4,vbat:3863,pr_id:2,OnGameStatus:0
07-10 00:46:39.328 E/NtChg   ( 1266): NtChg:handle_batt_temp_little_cool triggered
07-10 00:46:39.328 E/NtChg   ( 1266): NtChg:set temp_region=3
07-10 00:46:39.328 E/NtChg   ( 1266): NtChg:set ibatmax=3200 and set vbatmax=4500
07-10 00:46:39.801 I/hwcomposer( 1243): [HWCDisplay] [Display_0 (type:1, mode:2)] fps:90.018631,dur:1010.90,max:12.46,min:9.95
07-10 00:46:39.828 I/libPerfCtl( 1262): xgfGetFPS pid:2295 fps:-1
07-10 00:46:39.828 I/libPerfCtl( 1262): xgfGetFPS pid:9981 fps:-1
07-10 00:46:39.828 I/libPerfCtl( 1262): xgfGetFPS pid:11787 fps:-1
07-10 00:46:40.056 I/BufferQueueProducer( 1277): [com.weatheron.mobile/com.weatheron.mobile.MainActivity#27430](this:0xb4000072cec42378,id:-1,api:0,p:-1,c:1277) queueBuffer: fps=88.99 dur=1011.35 max=22.00 min=10.59
07-10 00:46:40.495 I/AS.AudioService( 1916): getMode, get current owner's mode
07-10 00:46:40.495 I/AS.AudioService( 1916): getMode, currentModeHandler is null
07-10 00:46:40.801 I/hwcomposer( 1243): [HWCDisplay] [Display_0 (type:1, mode:2)] fps:88.961540,dur:1000.43,max:21.54,min:9.57
07-10 00:46:40.829 I/libPerfCtl( 1262): xgfGetFPS pid:2295 fps:-1
07-10 00:46:40.829 I/libPerfCtl( 1262): xgfGetFPS pid:9981 fps:-1
07-10 00:46:40.829 I/libPerfCtl( 1262): xgfGetFPS pid:11787 fps:-1
07-10 00:46:41.050 I/mtkpower@impl( 1263): [powerd_req] TIMER_MSG_PERF_LOCK_TIMEOUT hdl:75666
07-10 00:46:41.051 I/libPowerHal( 1263): [perfLockRel] hdl:75666, idx:-1
07-10 00:46:41.057 I/BufferQueueProducer( 1277): [com.weatheron.mobile/com.weatheron.mobile.MainActivity#27430](this:0xb4000072cec42378,id:-1,api:0,p:-1,c:1277) queueBuffer: fps=89.89 dur=1001.18 max=11.69 min=10.62
07-10 00:46:41.155 I/NearbyMediums(19093): No BLE Fast/GATT advertisements found in the latest cycle.
07-10 00:46:41.156 I/NearbyMediums(19093): Current Tracked Scanning Clients are : {NearbyConnections.EnvironmentMonitor, NearbySharing}
07-10 00:46:41.253 E/WifiHAL ( 2248): handleResponse: data=0xb400007b8d0f17d0, len=4920
07-10 00:46:41.253 I/WifiHAL ( 2248): check_data_sanity: confirmed_size=4920, len=4920
07-10 00:46:41.253 I/WifiHAL ( 2248): wifi_get_link_stats: result=0
07-10 00:46:41.277 I/WifiHAL ( 2248): feature_set=0x8489141a
07-10 00:46:41.535 W/BluetoothMetricsLogger( 2480): MetricsLogger isn't initialized
07-10 00:46:41.535 W/BluetoothMetricsLogger( 2480): MetricsLogger isn't initialized
07-10 00:46:41.538 I/NearbyMediums(19093): This GATT advertisement BleAdvertisement { version=2, socketVersion=2, isFast=true, serviceIdHash=null, data=[ 0x23 0x52 0x33 0x43 0x38 0x11 0x32 0x38 0x20 0x03 0xae 0x16 0x41 0x07 0xe2 0x22 0xdd 0x89 0x46 0xfc 0x50 0xdc 0x2b ], deviceToken=[ 0x42 0xdf ], rxAdvertisement=null } is a Fast Advertisement and matched UUID 0000fef3-0000-1000-8000-00805f9b34fb in fastAdvertisementServiceUuids map with serviceID NearbySharing
07-10 00:46:41.540 I/NearbyConnections(19093): Found BleAdvertisement [ 0x23 0x52 0x33 0x43 0x38 0x11 0x32 0x38 0x20 0x03 0xae 0x16 0x41 0x07 0xe2 0x22 0xdd 0x89 0x46 0xfc 0x50 0xdc 0x2b ] (with EndpointId R3C8 and EndpointInfo [ 0x32 0x38 0x20 0x03 0xae 0x16 0x41 0x07 0xe2 0x22 0xdd 0x89 0x46 0xfc 0x50 0xdc 0x2b ])
07-10 00:46:41.550 I/NearbyConnections(19093): ClientProxy(141054581 0p:com.google.android.gms.nearby.sharing) reporting onEndpointFound(R3C8)
07-10 00:46:41.551 I/NearbyConnections(19093): ClientProxy(141054581) reporting onEndpointDistanceChanged(R3C8, UNKNOWN)
07-10 00:46:41.553 I/NearbySharing(19093): NearbySharing Internal event EndpointDiscovered(endpointId=R3C8)
07-10 00:46:41.804 I/hwcomposer( 1243): [HWCDisplay] [Display_0 (type:1, mode:2)] fps:89.749695,dur:1002.79,max:12.81,min:9.41
07-10 00:46:41.829 I/libPerfCtl( 1262): xgfGetFPS pid:2295 fps:-1
07-10 00:46:41.829 I/libPerfCtl( 1262): xgfGetFPS pid:9981 fps:-1
07-10 00:46:41.829 I/libPerfCtl( 1262): xgfGetFPS pid:11787 fps:-1
07-10 00:46:42.057 I/BufferQueueProducer( 1277): [com.weatheron.mobile/com.weatheron.mobile.MainActivity#27430](this:0xb4000072cec42378,id:-1,api:0,p:-1,c:1277) queueBuffer: fps=89.94 dur=1000.72 max=11.78 min=10.32
07-10 00:46:42.267 E/EventHub( 1916): Failed to read sysfs battery info: No such file or directory
07-10 00:46:42.805 I/hwcomposer( 1243): [HWCDisplay] [Display_0 (type:1, mode:2)] fps:89.896332,dur:1001.15,max:12.41,min:9.71
07-10 00:46:42.830 I/libPerfCtl( 1262): xgfGetFPS pid:2295 fps:-1
07-10 00:46:42.830 I/libPerfCtl( 1262): xgfGetFPS pid:9981 fps:-1
07-10 00:46:42.830 I/libPerfCtl( 1262): xgfGetFPS pid:11787 fps:-1
07-10 00:46:43.058 I/BufferQueueProducer( 1277): [com.weatheron.mobile/com.weatheron.mobile.MainActivity#27430](this:0xb4000072cec42378,id:-1,api:0,p:-1,c:1277) queueBuffer: fps=89.92 dur=1000.93 max=11.71 min=10.35
07-10 00:46:43.648 E/WifiHAL ( 2248): handleResponse: data=0xb400007b8d0f17d0, len=4920
07-10 00:46:43.649 I/WifiHAL ( 2248): check_data_sanity: confirmed_size=4920, len=4920
07-10 00:46:43.649 I/WifiHAL ( 2248): wifi_get_link_stats: result=0
07-10 00:46:43.658 I/netd    ( 1214): tetherGetStats() -> {[TetherStatsParcel{iface: wlan0, rxBytes: 0, rxPackets: 0, txBytes: 0, txPackets: 0, ifIndex: 0}]} <4.10ms>
07-10 00:46:43.806 I/hwcomposer( 1243): [HWCDisplay] [Display_0 (type:1, mode:2)] fps:89.920532,dur:1000.88,max:12.65,min:9.91
07-10 00:46:43.830 I/libPerfCtl( 1262): xgfGetFPS pid:2295 fps:-1
07-10 00:46:43.830 I/libPerfCtl( 1262): xgfGetFPS pid:9981 fps:-1
07-10 00:46:43.830 I/libPerfCtl( 1262): xgfGetFPS pid:11787 fps:-1
07-10 00:46:44.059 I/BufferQueueProducer( 1277): [com.weatheron.mobile/com.weatheron.mobile.MainActivity#27430](this:0xb4000072cec42378,id:-1,api:0,p:-1,c:1277) queueBuffer: fps=89.93 dur=1000.77 max=11.87 min=10.59
07-10 00:46:44.296 E/WifiHAL ( 2248): handleResponse: data=0xb400007b8d0f17d0, len=4920
07-10 00:46:44.296 I/WifiHAL ( 2248): check_data_sanity: confirmed_size=4920, len=4920
07-10 00:46:44.296 I/WifiHAL ( 2248): wifi_get_link_stats: result=0
07-10 00:46:44.325 I/WifiHAL ( 2248): feature_set=0x8489141a
07-10 00:46:44.806 I/hwcomposer( 1243): [HWCDisplay] [Display_0 (type:1, mode:2)] fps:89.979240,dur:1000.23,max:12.25,min:10.02
07-10 00:46:44.831 I/libPerfCtl( 1262): xgfGetFPS pid:2295 fps:-1
07-10 00:46:44.831 I/libPerfCtl( 1262): xgfGetFPS pid:9981 fps:-1
07-10 00:46:44.831 I/libPerfCtl( 1262): xgfGetFPS pid:11787 fps:-1
07-10 00:46:45.060 I/BufferQueueProducer( 1277): [com.weatheron.mobile/com.weatheron.mobile.MainActivity#27430](this:0xb4000072cec42378,id:-1,api:0,p:-1,c:1277) queueBuffer: fps=89.89 dur=1001.23 max=11.58 min=10.66
07-10 00:46:45.356 E/NtChgAidl( 1266): NtChgAidl: InGameStatus: 0
07-10 00:46:45.356 E/NtChg   ( 1266): NtChg:T0-6:[50,100,120,430,440,450,500],chg_series:8,is_changed:1,TeBoT0-6:[50,80,100,430,440,450,500],TRegion:3,Temp:339,tzname:shell_front,Ibat:3200,onlineI:-400,param_type:7,AbnormalStatus:0,tzn:60,g_cp_mode:4,vbat:3856,pr_id:2,OnGameStatus:0
07-10 00:46:45.356 E/NtChg   ( 1266): NtChg:handle_batt_temp_little_cool triggered
07-10 00:46:45.356 E/NtChg   ( 1266): NtChg:set temp_region=3
07-10 00:46:45.356 E/NtChg   ( 1266): NtChg:set ibatmax=3200 and set vbatmax=4500
07-10 00:46:45.497 I/AS.AudioService( 1916): getMode, get current owner's mode
07-10 00:46:45.497 I/AS.AudioService( 1916): getMode, currentModeHandler is null
07-10 00:46:45.807 I/hwcomposer( 1243): [HWCDisplay] [Display_0 (type:1, mode:2)] fps:89.907158,dur:1001.03,max:12.25,min:9.39
07-10 00:46:45.831 I/libPerfCtl( 1262): xgfGetFPS pid:9981 fps:-1
07-10 00:46:46.062 I/BufferQueueProducer( 1277): [com.weatheron.mobile/com.weatheron.mobile.MainActivity#27430](this:0xb4000072cec42378,id:-1,api:0,p:-1,c:1277) queueBuffer: fps=89.90 dur=1001.11 max=11.98 min=9.97
07-10 00:46:46.112 E/AppOps  ( 1916): attributionTag  not declared in manifest of com.nothing.hearthstone
07-10 00:46:46.618 I/keystore2(  693): system/security/keystore2/watchdog/src/lib.rs:377 - Watchdog thread idle -> terminating. Have a great day.
07-10 00:46:46.658 I/adbd    (31522): adbd service requested 'exec:screencap '-p''
07-10 00:46:46.669 I/adbd    (31522): adbd service requested 'shell,v2,TERM=dumb,raw:uiautomator dump /sdcard/weatheron-v8-home.xml'
07-10 00:46:46.760 I/app_process(10179): MMAP_TRYLOCK is supported in uffd errno:2 addr:0x7a54e72000 size:4096
07-10 00:46:46.761 I/AndroidRuntime(10179): Using default boot image
07-10 00:46:46.761 I/AndroidRuntime(10179): Leaving lock profiling enabled
07-10 00:46:46.762 W/screencap(10181): Thread Pool max thread count is 0. Cannot cache binder as linkToDeath cannot be implemented. serviceName: SurfaceFlingerAIDL
07-10 00:46:46.764 W/BpBinder(10181): Linking to death on android.gui.ISurfaceComposer but there are no threads (yet?) listening to incoming transactions. See ProcessState::startThreadPool and ProcessState::setThreadPoolMaxThreadCount. Generally you should setup the binder threadpool before other initialization steps.
07-10 00:46:46.764 I/app_process(10179): Using generational CollectorTypeCMC GC.
07-10 00:46:46.765 W/ProcessState(10181): Extra binder thread started, but 0 threads requested. Do not use *startThreadPool when zero threads are requested.
07-10 00:46:46.820 I/hwcomposer( 1243): [HWCDisplay] [Display_0 (type:1, mode:2)] fps:89.895035,dur:1012.29,max:12.80,min:9.50
07-10 00:46:46.832 I/libPerfCtl( 1262): xgfGetFPS pid:9981 fps:-1
07-10 00:46:46.838 I/app_process(10179): Priority-to-niceness mapping: 19, 16, 13, 10, 0, -2, -4, -5, -6, -8
07-10 00:46:46.860 W/libc    (10179): Access denied finding property "ro.vendor.mtk.hbt_binfmt_misc_support"
07-10 00:46:46.860 W/libc    (10179): Access denied finding property "ro.vendor.mtk.app32_boost_support"
07-10 00:46:46.860 W/libc    (10179): Access denied finding property "ro.vendor.mtk.hbt_dyn_type"
07-10 00:46:46.860 W/libc    (10179): Access denied finding property "persist.vendor.mtk.hbt_dyn_type"
07-10 00:46:46.856 W/main    (10179): type=1400 audit(0.0:67147): avc:  denied  { read } for  name="u:object_r:system_mtk_app32_boost_prop:s0" dev="tmpfs" ino=398 scontext=u:r:shell:s0 tcontext=u:object_r:system_mtk_app32_boost_prop:s0 tclass=file permissive=0
07-10 00:46:46.856 W/main    (10179): type=1400 audit(0.0:67148): avc:  denied  { read } for  name="u:object_r:system_mtk_app32_boost_prop:s0" dev="tmpfs" ino=398 scontext=u:r:shell:s0 tcontext=u:object_r:system_mtk_app32_boost_prop:s0 tclass=file permissive=0
07-10 00:46:46.856 W/main    (10179): type=1400 audit(0.0:67149): avc:  denied  { read } for  name="u:object_r:system_mtk_app32_boost_prop:s0" dev="tmpfs" ino=398 scontext=u:r:shell:s0 tcontext=u:object_r:system_mtk_app32_boost_prop:s0 tclass=file permissive=0
07-10 00:46:46.856 W/main    (10179): type=1400 audit(0.0:67150): avc:  denied  { read } for  name="u:object_r:system_mtk_app32_boost_prop:s0" dev="tmpfs" ino=398 scontext=u:r:shell:s0 tcontext=u:object_r:system_mtk_app32_boost_prop:s0 tclass=file permissive=0
07-10 00:46:46.884 W/PlatformAconfigPackage(10179): android.os.flagging.AconfigStorageReadException: ERROR_CANNOT_READ_STORAGE_FILE: Fail to mmap storage
07-10 00:46:46.885 I/AconfigPackage(10179): com.android.adservices.ondevicepersonalization.flags is mapped to com.android.ondevicepersonalization
07-10 00:46:46.885 I/AconfigPackage(10179): android.graphics.pdf.flags is mapped to com.android.mediaprovider
07-10 00:46:46.885 I/AconfigPackage(10179): com.android.providers.media.flags is mapped to com.android.mediaprovider
07-10 00:46:46.885 I/AconfigPackage(10179): android.graphics.pdf.flags.readonly is mapped to com.android.mediaprovider
07-10 00:46:46.885 I/AconfigPackage(10179): com.android.art.flags is mapped to com.android.art
07-10 00:46:46.885 I/AconfigPackage(10179): com.android.art.rw.flags is mapped to com.android.art
07-10 00:46:46.885 I/AconfigPackage(10179): com.android.libcore is mapped to com.android.art
07-10 00:46:46.886 I/AconfigPackage(10179): com.android.ipsec.flags is mapped to com.android.ipsec
07-10 00:46:46.886 I/AconfigPackage(10179): com.android.wifi.flags is mapped to com.android.wifi
07-10 00:46:46.886 I/AconfigPackage(10179): com.android.media.extractor.flags is mapped to com.android.media
07-10 00:46:46.886 I/AconfigPackage(10179): com.android.media.metrics.flags is mapped to com.android.media
07-10 00:46:46.886 I/AconfigPackage(10179): com.android.media.mainline.flags is mapped to com.android.media
07-10 00:46:46.886 I/AconfigPackage(10179): android.provider.flags is mapped to com.android.configinfrastructure
07-10 00:46:46.886 I/AconfigPackage(10179): com.android.server.deviceconfig is mapped to com.android.configinfrastructure
07-10 00:46:46.886 I/AconfigPackage(10179): com.android.adservices.flags is mapped to com.android.adservices
07-10 00:46:46.886 I/AconfigPackage(10179): com.android.sdksandbox.flags is mapped to com.android.adservices
07-10 00:46:46.886 I/AconfigPackage(10179): com.android.bluetooth.flags is mapped to com.android.bt
07-10 00:46:46.887 I/AconfigPackage(10179): android.media.swcodec.flags is mapped to com.android.media.swcodec
07-10 00:46:46.887 I/AconfigPackage(10179): com.android.cellbroadcastreceiver.flags is mapped to com.android.cellbroadcast
07-10 00:46:46.887 I/AconfigPackage(10179): com.android.healthfitness.flags is mapped to com.android.healthfitness
07-10 00:46:46.887 I/AconfigPackage(10179): com.android.devicelock.flags is mapped to com.android.devicelock
07-10 00:46:46.887 I/AconfigPackage(10179): com.android.appsearch.flags is mapped to com.android.appsearch
07-10 00:46:46.887 I/AconfigPackage(10179): com.android.system.virtualmachine.flags is mapped to com.android.virt
07-10 00:46:46.888 I/AconfigPackage(10179): com.android.rkpd.flags is mapped to com.android.rkpd
07-10 00:46:46.888 I/AconfigPackage(10179): com.android.os.statsd.flags is mapped to com.android.os.statsd
07-10 00:46:46.888 I/AconfigPackage(10179): com.android.uwb.flags is mapped to com.android.uwb
07-10 00:46:46.888 I/AconfigPackage(10179): com.android.ranging.flags is mapped to com.android.uwb
07-10 00:46:46.888 I/AconfigPackage(10179): com.android.nfc.module.flags is mapped to com.android.nfcservices
07-10 00:46:46.888 I/AconfigPackage(10179): android.uprobestats.mainline.flags is mapped to com.android.uprobestats
07-10 00:46:46.888 I/AconfigPackage(10179): com.android.permission.flags is mapped to com.android.permission
07-10 00:46:46.888 I/AconfigPackage(10179): com.android.permissioncontroller.flags is mapped to com.android.permission
07-10 00:46:46.888 I/AconfigPackage(10179): android.os.profiling is mapped to com.android.profiling
07-10 00:46:46.889 I/AconfigPackage(10179): com.android.icu is mapped to com.android.i18n
07-10 00:46:46.889 I/AconfigPackage(10179): com.android.adbd.flags is mapped to com.android.adbd
07-10 00:46:46.889 I/AconfigPackage(10179): com.android.tethering.mainline.beta is mapped to com.android.tethering
07-10 00:46:46.889 I/AconfigPackage(10179): android.net.http is mapped to com.android.tethering
07-10 00:46:46.889 I/AconfigPackage(10179): com.android.tethering.readonly.flags is mapped to com.android.tethering
07-10 00:46:46.889 I/AconfigPackage(10179): android.net.vcn is mapped to com.android.tethering
07-10 00:46:46.889 I/AconfigPackage(10179): com.android.net.flags is mapped to com.android.tethering
07-10 00:46:46.889 I/AconfigPackage(10179): com.android.tethering.flags is mapped to com.android.tethering
07-10 00:46:46.889 I/AconfigPackage(10179): com.android.tethering.beta.test is mapped to com.android.tethering
07-10 00:46:46.889 I/AconfigPackage(10179): com.android.nearby.flags is mapped to com.android.tethering
07-10 00:46:46.889 I/AconfigPackage(10179): com.android.net.thread.flags is mapped to com.android.tethering
07-10 00:46:46.889 I/AconfigPackage(10179): com.android.net.ct.flags is mapped to com.android.tethering
07-10 00:46:46.889 I/AconfigPackage(10179): com.android.org.conscrypt.flags is mapped to com.android.conscrypt
07-10 00:46:46.889 I/AconfigPackage(10179): com.android.org.conscrypt.net.flags is mapped to com.android.conscrypt
07-10 00:46:46.889 E/FeatureFlagsImplExport(10179): android.os.flagging.AconfigStorageReadException: ERROR_PACKAGE_NOT_FOUND: package android.xr cannot be found on the device
07-10 00:46:46.891 I/UiAutomation(10179): Initialized for user 0 on display 0
07-10 00:46:46.891 W/UiAutomation(10179): Created with deprecatead constructor, assumes DEFAULT_DISPLAY
07-10 00:46:46.893 I/UiAutomationManager( 1916): Registering UiTestAutomationService (id=com.android.server.accessibility/UiAutomation, flags=0x0) when called by user 0
07-10 00:46:46.893 W/MagnificationConnectionManager( 1916): requestConnection duplicated request: connect=false, mConnectionState=DISCONNECTED
07-10 00:46:46.904 W/MagnificationConnectionManager( 1916): requestConnection duplicated request: connect=false, mConnectionState=DISCONNECTED
07-10 00:46:46.917 I/DMABUFHEAPS(10181): Using DMA-BUF heap named: mtk_mm
07-10 00:46:46.917 I/DMABUFHEAPS(10181): Using DMA-BUF heap named: mtk_mm-uncached
07-10 00:46:46.917 I/DMABUFHEAPS(10181): Using DMA-BUF heap named: mtk_svp_page-uncached
07-10 00:46:46.917 I/DMABUFHEAPS(10181): Using DMA-BUF heap named: mtk_prot_region
07-10 00:46:46.917 I/DMABUFHEAPS(10181): Using DMA-BUF heap named: mtk_2d_fr_region
07-10 00:46:46.917 I/DMABUFHEAPS(10181): Using DMA-BUF heap named: mtk_wfd_page-uncached
07-10 00:46:47.062 I/BufferQueueProducer( 1277): [com.weatheron.mobile/com.weatheron.mobile.MainActivity#27430](this:0xb4000072cec42378,id:-1,api:0,p:-1,c:1277) queueBuffer: fps=89.96 dur=1000.49 max=12.84 min=9.96
07-10 00:46:47.092 W/RefBase (10181): RefBase: Explicit destruction, weak count = 0 (in 0x70565f0848). Use sp<> to manage this object. Note - if weak count is 0, this leaks mRefs (weakref_impl).
07-10 00:46:47.350 E/WifiHAL ( 2248): handleResponse: data=0xb400007b8d0f17d0, len=4920
07-10 00:46:47.350 I/WifiHAL ( 2248): check_data_sanity: confirmed_size=4920, len=4920
07-10 00:46:47.350 I/WifiHAL ( 2248): wifi_get_link_stats: result=0
07-10 00:46:47.379 I/WifiHAL ( 2248): feature_set=0x8489141a
07-10 00:46:47.821 I/hwcomposer( 1243): [HWCDisplay] [Display_0 (type:1, mode:2)] fps:89.930130,dur:1000.78,max:13.38,min:9.44
07-10 00:46:47.832 I/libPerfCtl( 1262): xgfGetFPS pid:9981 fps:-1
07-10 00:46:48.063 I/BufferQueueProducer( 1277): [com.weatheron.mobile/com.weatheron.mobile.MainActivity#27430](this:0xb4000072cec42378,id:-1,api:0,p:-1,c:1277) queueBuffer: fps=89.88 dur=1001.33 max=11.57 min=10.58
07-10 00:46:48.821 I/hwcomposer( 1243): [HWCDisplay] [Display_0 (type:1, mode:2)] fps:89.916908,dur:1000.92,max:12.47,min:9.97
07-10 00:46:48.833 I/libPerfCtl( 1262): xgfGetFPS pid:9981 fps:-1
07-10 00:46:49.064 I/BufferQueueProducer( 1277): [com.weatheron.mobile/com.weatheron.mobile.MainActivity#27430](this:0xb4000072cec42378,id:-1,api:0,p:-1,c:1277) queueBuffer: fps=89.98 dur=1000.25 max=11.47 min=10.62
07-10 00:46:49.761 I/AlarmManager(19093): setExactAndAllowWhileIdle [name: GCM_HB_ALARM type: 2 triggerAtMillis: 964360145]
07-10 00:46:49.781 I/AlarmManager(19093): setExactAndAllowWhileIdle [name: FcmRetry type: 2 triggerAtMillis: 963220163]
07-10 00:46:49.794 I/netd    ( 1214): tetherGetStats() -> {[TetherStatsParcel{iface: wlan0, rxBytes: 0, rxPackets: 0, txBytes: 0, txPackets: 0, ifIndex: 0}]} <2.14ms>
07-10 00:46:49.794 I/resolv  ( 1214): GetAddrInfoHandler::run: {127 127 127 983167 10241 0}
07-10 00:46:49.795 I/resolv  ( 1214): GetAddrInfoHandler::run: {127 127 127 983167 10241 0}
07-10 00:46:49.796 I/resolv  ( 1214): res_nmkquery: (QUERY, IN, A)
07-10 00:46:49.796 I/resolv  ( 1214): res_nmkquery: (QUERY, IN, A)
07-10 00:46:49.796 I/DGW     (22677): I[notifyStreamGroupError:1903] StreamGroupTransport[lightspeed] notify StreamGroup error: TransientError domain: MNSQUICConnection code: 1 detail: Local error: 0x40000015: 30 seconds timeout
07-10 00:46:49.796 I/DGW     (22677): I[notifyStreamGroupError:1903] StreamGroupTransport[rpsignaling] notify StreamGroup error: TransientError domain: MNSQUICConnection code: 1 detail: Local error: 0x40000015: 30 seconds timeout
07-10 00:46:49.797 W/DGW     (22677): W[isInExtendedForegroundState:138] ConnectivityManager Extended foreground interval is not enabled for this connect attempt
07-10 00:46:49.797 I/DGW     (22677): I[onStreamGroupError:672] DGW: StreamGroup error: TransientError domain: MNSQUICConnection code: 1 detail: Local error: 0x40000015: 30 seconds timeout
07-10 00:46:49.797 I/DGW     (22677): I[clearStream:302] DGW: Clearing stream coordinators
07-10 00:46:49.797 I/DGW     (22677): I[closeStream:352] DGW: Closing stream: streamId=1, reason=StreamCoordinator destroyed
07-10 00:46:49.797 I/DGW     (22677): I[startNewStream:257] DGW: Starting new stream, traceId=400573431814510841583909583017_765
07-10 00:46:49.797 I/DGW     (22677): I[start:39] DGW: StreamGroup starting: traceId=400573431814510841583909583017_765, service=rpsignaling
07-10 00:46:49.798 I/resolv  ( 1214): GetAddrInfoHandler::run: {127 127 127 983167 10241 0}
07-10 00:46:49.798 W/DGW     (22677): W[setEnabled:191] StreamGroupPinger[rpsignaling]: setEnabled: 0
07-10 00:46:49.798 I/resolv  ( 1214): GetAddrInfoHandler::run: {127 127 127 983167 10241 0}
07-10 00:46:49.798 I/resolv  ( 1214): GetAddrInfoHandler::run: {127 127 127 983167 10241 0}
07-10 00:46:49.799 I/resolv  ( 1214): res_nmkquery: (QUERY, IN, A)
07-10 00:46:49.799 I/resolv  ( 1214): res_nmkquery: (QUERY, IN, A)
07-10 00:46:49.799 I/resolv  ( 1214): res_nmkquery: (QUERY, IN, A)
07-10 00:46:49.799 I/resolv  ( 1214): GetAddrInfoHandler::run: {127 127 127 983167 10241 0}
07-10 00:46:49.800 I/resolv  ( 1214): res_nmkquery: (QUERY, IN, A)
07-10 00:46:49.801 I/resolv  ( 1214): res_nsend: used send_dg 86 terrno: 0
07-10 00:46:49.801 I/resolv  ( 1214): res_nsend: used send_dg 86 terrno: 0
07-10 00:46:49.801 I/resolv  ( 1214): resolv_cache_add: ALREADY IN CACHE (0xb400007ab252c3f0) ? IGNORING ADD
07-10 00:46:49.801 I/resolv  ( 1214): doQuery: rcode=0, ancount=2, return value=86
07-10 00:46:49.801 I/resolv  ( 1214): doQuery: rcode=0, ancount=2, return value=86
07-10 00:46:49.799 I/DGW     (22677): I[addStreamCoordinator:211] DGW: Adding stream coordinator (DC)
07-10 00:46:49.803 I/DGW     (22677): I[establishStream:289] DGW: Establishing stream: streamId=1
07-10 00:46:49.803 I/DGW     (22677): I[establishStream:96] DGW: StreamGroup establishing stream: traceId=1
07-10 00:46:49.803 I/DGW     (22677): I[onConnecting:182] DGW: StreamGroup connecting: traceId=400573431814510841583909583017_765_1
07-10 00:46:49.803 I/resolv  ( 1214): GetAddrInfoHandler::run: {127 127 127 983167 10241 0}
07-10 00:46:49.805 I/resolv  ( 1214): res_nmkquery: (QUERY, IN, A)
07-10 00:46:49.805 I/resolv  ( 1214): res_nsend: used send_dg 91 terrno: 0
07-10 00:46:49.805 I/resolv  ( 1214): res_nsend: used send_dg 94 terrno: 0
07-10 00:46:49.805 I/resolv  ( 1214): doQuery: rcode=0, ancount=2, return value=94
07-10 00:46:49.806 E/msys    (22677): E[N mns:TigonMNS]_OnResolverSuccess(359)=>Cache refresh succeeded with system DNS resolver. IP count: 1
07-10 00:46:49.806 I/resolv  ( 1214): doQuery: rcode=0, ancount=2, return value=91
07-10 00:46:49.807 E/msys    (22677): E[N mns:TigonMNS]_OnResolverSuccess(359)=>Cache refresh succeeded with system DNS resolver. IP count: 1
07-10 00:46:49.807 E/msys    (22677): E[S MSync]modular_sync_service_ffi::service_ffi::handle_network_response(1044)=>DB[231] - Encountered a network error (2002: TransientError domain: MNSQUICConnection code: 1 detail: Local error: 0x40000015: 30 seconds timeout)
07-10 00:46:49.807 I/resolv  ( 1214): res_nsend: used send_dg 78 terrno: 0
07-10 00:46:49.807 I/resolv  ( 1214): res_nsend: used send_dg 76 terrno: 0
07-10 00:46:49.807 E/msys    (22677): E[S MSync]modular_sync_service_ffi::service_ffi::handle_network_error_response(1275)=>DB[231] - handle network error response
07-10 00:46:49.808 I/resolv  ( 1214): doQuery: rcode=0, ancount=2, return value=78
07-10 00:46:49.808 I/resolv  ( 1214): doQuery: rcode=0, ancount=2, return value=76
07-10 00:46:49.808 E/MDCoreSyncManagerImpl(22677): Unknown event type: SUBSCRIPTION_STATE_CHANGED
07-10 00:46:49.809 I/resolv  ( 1214): GetAddrInfoHandler::run: {127 127 127 983167 10241 0}
07-10 00:46:49.809 I/resolv  ( 1214): GetAddrInfoHandler::run: {127 127 127 983167 10241 0}
07-10 00:46:49.810 E/msys    (22677): E[N mns:TigonMNS]_OnResolverSuccess(359)=>Cache refresh succeeded with system DNS resolver. IP count: 1
07-10 00:46:49.810 E/msys    (22677): E[N mns:TigonMNS]_OnResolverSuccess(359)=>Cache refresh succeeded with system DNS resolver. IP count: 1
07-10 00:46:49.811 I/resolv  ( 1214): res_nsend: used send_dg 95 terrno: 0
07-10 00:46:49.811 I/resolv  ( 1214): doQuery: rcode=0, ancount=2, return value=95
07-10 00:46:49.812 I/resolv  ( 1214): res_nmkquery: (QUERY, IN, A)
07-10 00:46:49.812 E/MDCoreSyncManagerImpl(22677): Unknown event type: SUBSCRIPTION_STATE_CHANGED
07-10 00:46:49.813 I/netd    ( 1214): tetherGetStats() -> {[TetherStatsParcel{iface: wlan0, rxBytes: 0, rxPackets: 0, txBytes: 0, txPackets: 0, ifIndex: 0}]} <1.23ms>
07-10 00:46:49.813 E/msys    (22677): E[N mns:DGWClient]_OnResolverSuccess(359)=>Cache refresh succeeded with system DNS resolver. IP count: 1
07-10 00:46:49.814 W/DGW     (22677): W[setEnabled:191] StreamGroupPinger[lightspeed]: setEnabled: 0
07-10 00:46:49.814 I/resolv  ( 1214): GetAddrInfoHandler::run: {127 127 127 983167 10241 0}
07-10 00:46:49.817 I/resolv  ( 1214): res_nmkquery: (QUERY, IN, A)
07-10 00:46:49.817 I/resolv  ( 1214): res_nsend: used send_dg 82 terrno: 0
07-10 00:46:49.817 I/resolv  ( 1214): doQuery: rcode=0, ancount=2, return value=82
07-10 00:46:49.819 I/resolv  ( 1214): res_nmkquery: (QUERY, IN, A)
07-10 00:46:49.821 I/resolv  ( 1214): res_nsend: used send_dg 82 terrno: 0
07-10 00:46:49.821 I/resolv  ( 1214): resolv_cache_add: ALREADY IN CACHE (0xb400007ab252b890) ? IGNORING ADD
07-10 00:46:49.821 I/resolv  ( 1214): doQuery: rcode=0, ancount=2, return value=82
07-10 00:46:49.821 W/DGW     (22677): W[setEnabled:191] StreamGroupPinger[rpsignaling]: setEnabled: 1
07-10 00:46:49.822 I/DGW     (22677): I[onStreamReady:587] DGW: Stream ready, streamId: 1
07-10 00:46:49.825 I/resolv  ( 1214): res_nsend: used send_dg 95 terrno: 0
07-10 00:46:49.825 W/DGW     (22677): W[setEnabled:191] StreamGroupPinger[lightspeed]: setEnabled: 1
07-10 00:46:49.825 I/resolv  ( 1214): doQuery: rcode=0, ancount=2, return value=95
07-10 00:46:49.832 I/hwcomposer( 1243): [HWCDisplay] [Display_0 (type:1, mode:2)] fps:90.056816,dur:1010.47,max:12.48,min:9.72
07-10 00:46:49.833 I/libPerfCtl( 1262): xgfGetFPS pid:9981 fps:-1
07-10 00:46:49.845 E/msys    (22677): E[N mns:TigonMNS]_OnResolverSuccess(359)=>Cache refresh succeeded with system DNS resolver. IP count: 1
07-10 00:46:49.846 E/msys    (22677): E[N mns:TigonMNS]_OnResolverSuccess(359)=>Cache refresh succeeded with system DNS resolver. IP count: 1
07-10 00:46:49.846 E/msys    (22677): E[N mns:TigonMNS]_OnResolverSuccess(359)=>Cache refresh succeeded with system DNS resolver. IP count: 1
07-10 00:46:49.846 I/resolv  ( 1214): GetAddrInfoHandler::run: {127 127 127 983167 10241 0}
07-10 00:46:49.846 I/resolv  ( 1214): res_nmkquery: (QUERY, IN, A)
07-10 00:46:49.846 I/resolv  ( 1214): resolv_cache_lookup: FOUND IN CACHE entry=0xb400007ab252c5b0
07-10 00:46:49.847 I/resolv  ( 1214): doQuery: rcode=0, ancount=2, return value=78
07-10 00:46:49.847 W/soft_error.cpp(22677): [pando::graphql::PandoGraphQLRequestHybrid::assertValid] : Using a PandoGraphQLRequest after it has been consumed. Query name is AckPushIrisCursorMutation
07-10 00:46:49.850 E/msys    (22677): E[N mns:TigonMNS]_OnResolverSuccess(359)=>Cache refresh succeeded with system DNS resolver. IP count: 1
07-10 00:46:49.851 E/soft_error.cpp(22677): [pando::graphql::ast::readerFragmentForHash()] : Could not find root reader fragment with hash 1884256758
07-10 00:46:49.851 E/soft_error.cpp(22677): [pando::graphql::ast::readerFragmentForHash()] : Could not find root reader fragment with hash 1884256758
07-10 00:46:49.862 E/soft_error.cpp(22677): [pando::graphql::ast::readerFragmentForHash()] : Could not find root reader fragment with hash -2048421557
07-10 00:46:49.946 W/DGW     (22677): W[onSuccessfulResponse:942] StreamGroupTransport[rpsignaling] on successful response. DGW is now connected.
07-10 00:46:49.946 I/DGW     (22677): I[onStreamGroupCreation:721] DGW: StreamGroup ready
07-10 00:46:50.040 W/DGW     (22677): W[onSuccessfulResponse:942] StreamGroupTransport[lightspeed] on successful response. DGW is now connected.
07-10 00:46:50.050 I/resolv  ( 1214): GetAddrInfoHandler::run: {127 127 127 983167 10241 0}
07-10 00:46:50.052 I/resolv  ( 1214): res_nmkquery: (QUERY, IN, A)
07-10 00:46:50.052 I/resolv  ( 1214): resolv_cache_lookup: FOUND IN CACHE entry=0xb400007ab252e1b0
07-10 00:46:50.052 I/resolv  ( 1214): doQuery: rcode=0, ancount=2, return value=76
07-10 00:46:50.054 E/msys    (22677): E[N mns:TigonMNS]_OnResolverSuccess(359)=>Cache refresh succeeded with system DNS resolver. IP count: 1
07-10 00:46:50.056 E/soft_error.cpp(22677): [pando::graphql::ast::readerFragmentForHash()] : Could not find root reader fragment with hash -2048421557
07-10 00:46:50.064 I/BufferQueueProducer( 1277): [com.weatheron.mobile/com.weatheron.mobile.MainActivity#27430](this:0xb4000072cec42378,id:-1,api:0,p:-1,c:1277) queueBuffer: fps=89.93 dur=1000.83 max=12.60 min=9.68
07-10 00:46:50.081 I/AS.AudioService( 1916): getMode, get current owner's mode
07-10 00:46:50.081 I/AS.AudioService( 1916): getMode, currentModeHandler is null
07-10 00:46:50.081 E/NtNotificationManagerService( 1916): getSound supportGenerativeRingtone = false, isDefaultRingtone = false
07-10 00:46:50.082 E/NtNotificationManagerService( 1916): getSound supportGenerativeRingtone = false, isDefaultRingtone = false
07-10 00:46:50.083 E/soft_error.cpp(22677): [pando::graphql::ast::readerFragmentForHash()] : Could not find root reader fragment with hash 761612807
07-10 00:46:50.084 E/soft_error.cpp(22677): [pando::graphql::ast::readerFragmentForHash()] : Could not find root reader fragment with hash 761612807
07-10 00:46:50.084 E/soft_error.cpp(22677): [pando::graphql::ast::readerFragmentForHash()] : Could not find root reader fragment with hash 761612807
07-10 00:46:50.085 W/NotificationHistory( 1916): Attempted to add notif for locked/gone/disabled user 0
07-10 00:46:50.085 E/soft_error.cpp(22677): [pando::graphql::ast::readerFragmentForHash()] : Could not find root reader fragment with hash 761612807
07-10 00:46:50.086 E/soft_error.cpp(22677): [pando::graphql::ast::readerFragmentForHash()] : Could not find root reader fragment with hash 761612807
07-10 00:46:50.086 E/soft_error.cpp(22677): [pando::graphql::ast::readerFragmentForHash()] : Could not find root reader fragment with hash 761612807
07-10 00:46:50.080 W/binder:10179_2(10179): type=1400 audit(0.0:67151): avc:  denied  { read } for  name="u:object_r:qemu_sf_lcd_density_prop:s0" dev="tmpfs" ino=347 scontext=u:r:shell:s0 tcontext=u:object_r:qemu_sf_lcd_density_prop:s0 tclass=file permissive=0
07-10 00:46:50.087 W/libc    (10179): Access denied finding property "qemu.sf.lcd_density"
07-10 00:46:50.087 E/soft_error.cpp(22677): [pando::graphql::ast::readerFragmentForHash()] : Could not find root reader fragment with hash 761612807
07-10 00:46:50.084 W/binder:10179_2(10179): type=1400 audit(0.0:67152): avc:  denied  { read } for  name="u:object_r:qemu_sf_lcd_density_prop:s0" dev="tmpfs" ino=347 scontext=u:r:shell:s0 tcontext=u:object_r:qemu_sf_lcd_density_prop:s0 tclass=file permissive=0
07-10 00:46:50.088 E/soft_error.cpp(22677): [pando::graphql::ast::readerFragmentForHash()] : Could not find root reader fragment with hash 761612807
07-10 00:46:50.088 W/libc    (10179): Access denied finding property "qemu.sf.lcd_density"
07-10 00:46:50.089 E/soft_error.cpp(22677): [pando::graphql::ast::readerFragmentForHash()] : Could not find root reader fragment with hash 761612807
07-10 00:46:50.091 E/soft_error.cpp(22677): [pando::graphql::ast::readerFragmentForHash()] : Could not find root reader fragment with hash 761612807
07-10 00:46:50.091 I/NotificationListener(11787): received notification posted event - com.instagram.barcelona#UserHandle{0},category=-1
07-10 00:46:50.096 E/MDCoreSyncManagerImpl(22677): Unknown event type: SUBSCRIPTION_STATE_CHANGED
