07-10 00:47:38.095 W/ProviderInstaller(10349): Failed to load providerinstaller module: No acceptable module com.google.android.gms.providerinstaller.dynamite found. Local version is 0 and remote version is 0.
07-10 00:47:38.102 E/ashmem  (10457): Pinning is deprecated since Android Q. Please use trim or other methods.
07-10 00:47:38.122 I/CAR.DRIVINGMODE(10457): DrivingMode Settings Indexed from the location module
07-10 00:47:38.130 I/.android.gms.ui(10457): AssetManager2(0xb400006f6aa75178) locale list changing from [] to [ko-KR]
07-10 00:47:38.133 I/.android.gms.ui(10457): AssetManager2(0xb400006f6aa78698) locale list changing from [] to [ko-KR]
07-10 00:47:38.143 I/PersephoneGrpcManifestC(10349): PersephoneGrpcManifestConfigFetcher downloading with public key hash d2566efab1e009defaeae7bfbfddb0b33c62d261adf0f995abe76ef2c1078f8e
07-10 00:47:38.143 I/PersephoneGrpcManifestC(10349): PersephoneGrpcManifestConfigFetcher downloading with public key hash d2566efab1e009defaeae7bfbfddb0b33c62d261adf0f995abe76ef2c1078f8e
07-10 00:47:38.145 I/ManifestDownloadDedupli(10349): Deduplicator: disabled for com.google.android.apps.messaging:6103366989018783298
07-10 00:47:38.145 I/ManifestDownloadDedupli(10349): Deduplicator: disabled for com.google.android.apps.messaging:6103366989018783298
07-10 00:47:38.168 I/GmsModuleInitializer(10457): Using ContainerGservicesDelegate
07-10 00:47:38.173 I/GellerSyncClient(10349): Starting batch sync for corpora: [1037]
07-10 00:47:38.180 I/.apps.messaging(10349): AssetManager2(0xb400006f6aa7f718) locale list changing from [] to [ko-KR]
07-10 00:47:38.192 W/ProviderHelper(10457): Unknown dynamite feature providerinstaller.dynamite
07-10 00:47:38.192 I/DynamiteModule(10457): Considering local module com.google.android.gms.providerinstaller.dynamite:1 and remote module com.google.android.gms.providerinstaller.dynamite:0
07-10 00:47:38.192 I/DynamiteModule(10457): Selected local version of com.google.android.gms.providerinstaller.dynamite
07-10 00:47:38.205 I/GellerDatabaseImpl(10349): Setting isLegacySQLite mode to false.
07-10 00:47:38.213 I/GellerDatabaseImpl(10349): The GellerConfig is not present, returning null.
07-10 00:47:38.213 I/GellerDatabaseImpl(10349): The GellerConfig is not present, defaulting isUploadEnabled for corpus GDD_BUGLE_EMOJIFY to true.
07-10 00:47:38.228 I/.android.gms.ui(10457): AssetManager2(0xb400006f6aa7a8f8) locale list changing from [] to [ko-KR]
07-10 00:47:38.231 I/GellerSyncClient(10349): The syncToken for corpus GDD_BUGLE_EMOJIFY is EgkI8biZ2MnClQM= and the syncRequestReason is PERIODIC
07-10 00:47:38.240 W/gjjv    (10349): Failed to create JWT helper. This is unexpected
07-10 00:47:38.240 W/gjjv    (10349): java.lang.NoSuchMethodException: fktx.getScopes []
07-10 00:47:38.240 W/gjjv    (10349): 	at java.lang.Class.getMethod(Class.java:2942)
07-10 00:47:38.240 W/gjjv    (10349): 	at java.lang.Class.getMethod(Class.java:2442)
07-10 00:47:38.240 W/gjjv    (10349): 	at gjjt.<init>(PG:15)
07-10 00:47:38.240 W/gjjv    (10349): 	at gjjv.<clinit>(PG:27)
07-10 00:47:38.240 W/gjjv    (10349): 	at epza.a(PG:103)
07-10 00:47:38.240 W/gjjv    (10349): 	at eqan.b(PG:59)
07-10 00:47:38.240 W/gjjv    (10349): 	at epzo.a(PG:31)
07-10 00:47:38.240 W/gjjv    (10349): 	at fjzc.a(PG:22)
07-10 00:47:38.240 W/gjjv    (10349): 	at fqtj.a(PG:16)
07-10 00:47:38.240 W/gjjv    (10349): 	at fqsr.d(PG:3)
07-10 00:47:38.240 W/gjjv    (10349): 	at fqst.run(PG:47)
07-10 00:47:38.240 W/gjjv    (10349): 	at epds.run(PG:7)
07-10 00:47:38.240 W/gjjv    (10349): 	at fmym.run(PG:44)
07-10 00:47:38.240 W/gjjv    (10349): 	at epgj.run(PG:18)
07-10 00:47:38.240 W/gjjv    (10349): 	at epdb.run(PG:89)
07-10 00:47:38.240 W/gjjv    (10349): 	at java.lang.Thread.run(Thread.java:1572)
07-10 00:47:38.240 W/gjjv    (10349): 	at epep.run(PG:62)
07-10 00:47:38.253 I/resolv  ( 1214): GetAddrInfoHandler::run: {127 786559 127 983167 10137 0}
07-10 00:47:38.254 I/resolv  ( 1214): res_nmkquery: (QUERY, IN, A)
07-10 00:47:38.260 I/resolv  ( 1214): GetAddrInfoHandler::run: {127 786559 127 983167 10138 0}
07-10 00:47:38.260 I/resolv  ( 1214): res_nmkquery: (QUERY, IN, A)
07-10 00:47:38.264 I/resolv  ( 1214): res_nsend: used send_dg 106 terrno: 0
07-10 00:47:38.264 E/GoogleApiManager(10349): Failed to get service from broker.
07-10 00:47:38.264 E/GoogleApiManager(10349): java.lang.SecurityException: Unknown calling package name 'com.google.android.gms'.
07-10 00:47:38.264 E/GoogleApiManager(10349): 	at android.os.Parcel.createExceptionOrNull(Parcel.java:3339)
07-10 00:47:38.264 E/GoogleApiManager(10349): 	at android.os.Parcel.createException(Parcel.java:3323)
07-10 00:47:38.264 E/GoogleApiManager(10349): 	at android.os.Parcel.readException(Parcel.java:3306)
07-10 00:47:38.264 E/GoogleApiManager(10349): 	at android.os.Parcel.readException(Parcel.java:3248)
07-10 00:47:38.264 E/GoogleApiManager(10349): 	at bkss.a(:com.google.android.gms@262434035@26.24.34 (260400-938041327):36)
07-10 00:47:38.264 E/GoogleApiManager(10349): 	at bkqo.y(:com.google.android.gms@262434035@26.24.34 (260400-938041327):143)
07-10 00:47:38.264 E/GoogleApiManager(10349): 	at bjwq.run(:com.google.android.gms@262434035@26.24.34 (260400-938041327):42)
07-10 00:47:38.264 E/GoogleApiManager(10349): 	at android.os.Handler.handleCallback(Handler.java:995)
07-10 00:47:38.264 E/GoogleApiManager(10349): 	at android.os.Handler.dispatchMessage(Handler.java:103)
07-10 00:47:38.264 E/GoogleApiManager(10349): 	at dcyq.mF(:com.google.android.gms@262434035@26.24.34 (260400-938041327):1)
07-10 00:47:38.264 E/GoogleApiManager(10349): 	at dcyq.dispatchMessage(:com.google.android.gms@262434035@26.24.34 (260400-938041327):5)
07-10 00:47:38.264 E/GoogleApiManager(10349): 	at android.os.Looper.loopOnce(Looper.java:283)
07-10 00:47:38.264 E/GoogleApiManager(10349): 	at android.os.Looper.loop(Looper.java:392)
07-10 00:47:38.264 E/GoogleApiManager(10349): 	at android.os.HandlerThread.run(HandlerThread.java:94)
07-10 00:47:38.264 I/resolv  ( 1214): doQuery: rcode=0, ancount=4, return value=106
07-10 00:47:38.265 W/GoogleApiManager(10349): Not showing notification since connectionResult is not user-facing: ConnectionResult{statusCode=DEVELOPER_ERROR, resolution=null, message=null, clientMethodKey=null}
07-10 00:47:38.266 I/resolv  ( 1214): res_nsend: used send_dg 100 terrno: 0
07-10 00:47:38.266 I/resolv  ( 1214): doQuery: rcode=0, ancount=4, return value=100
07-10 00:47:38.267 W/FlagRegistrar(10349): Failed to register com.google.android.gms.providerinstaller#com.google.android.apps.messaging
07-10 00:47:38.267 W/FlagRegistrar(10349): gpku: 17: 17: API: Phenotype.API is not available on this device. Connection failed with: ConnectionResult{statusCode=DEVELOPER_ERROR, resolution=null, message=null, clientMethodKey=null}
07-10 00:47:38.267 W/FlagRegistrar(10349): 	at gpkw.a(:com.google.android.gms@262434035@26.24.34 (260400-938041327):13)
07-10 00:47:38.267 W/FlagRegistrar(10349): 	at hput.d(:com.google.android.gms@262434035@26.24.34 (260400-938041327):3)
07-10 00:47:38.267 W/FlagRegistrar(10349): 	at hpuv.run(:com.google.android.gms@262434035@26.24.34 (260400-938041327):139)
07-10 00:47:38.267 W/FlagRegistrar(10349): 	at hpxd.execute(:com.google.android.gms@262434035@26.24.34 (260400-938041327):1)
07-10 00:47:38.267 W/FlagRegistrar(10349): 	at hpvd.f(:com.google.android.gms@262434035@26.24.34 (260400-938041327):1)
07-10 00:47:38.267 W/FlagRegistrar(10349): 	at hpvd.m(:com.google.android.gms@262434035@26.24.34 (260400-938041327):101)
07-10 00:47:38.267 W/FlagRegistrar(10349): 	at hpvd.q(:com.google.android.gms@262434035@26.24.34 (260400-938041327):16)
07-10 00:47:38.267 W/FlagRegistrar(10349): 	at gitx.hD(:com.google.android.gms@262434035@26.24.34 (260400-938041327):35)
07-10 00:47:38.267 W/FlagRegistrar(10349): 	at fuvp.run(:com.google.android.gms@262434035@26.24.34 (260400-938041327):12)
07-10 00:47:38.267 W/FlagRegistrar(10349): 	at hpxd.execute(:com.google.android.gms@262434035@26.24.34 (260400-938041327):1)
07-10 00:47:38.267 W/FlagRegistrar(10349): 	at fuvq.b(:com.google.android.gms@262434035@26.24.34 (260400-938041327):18)
07-10 00:47:38.267 W/FlagRegistrar(10349): 	at fuwf.b(:com.google.android.gms@262434035@26.24.34 (260400-938041327):34)
07-10 00:47:38.267 W/FlagRegistrar(10349): 	at fuwh.c(:com.google.android.gms@262434035@26.24.34 (260400-938041327):23)
07-10 00:47:38.267 W/FlagRegistrar(10349): 	at bjtx.e(:com.google.android.gms@262434035@26.24.34 (260400-938041327):9)
07-10 00:47:38.267 W/FlagRegistrar(10349): 	at bjwo.q(:com.google.android.gms@262434035@26.24.34 (260400-938041327):48)
07-10 00:47:38.267 W/FlagRegistrar(10349): 	at bjwo.d(:com.google.android.gms@262434035@26.24.34 (260400-938041327):10)
07-10 00:47:38.267 W/FlagRegistrar(10349): 	at bjwo.g(:com.google.android.gms@262434035@26.24.34 (260400-938041327):191)
07-10 00:47:38.267 W/FlagRegistrar(10349): 	at bjwo.onConnectionFailed(:com.google.android.gms@262434035@26.24.34 (260400-938041327):2)
07-10 00:47:38.267 W/FlagRegistrar(10349): 	at bjwq.run(:com.google.android.gms@262434035@26.24.34 (260400-938041327):70)
07-10 00:47:38.267 W/FlagRegistrar(10349): 	at android.os.Handler.handleCallback(Handler.java:995)
07-10 00:47:38.267 W/FlagRegistrar(10349): 	at android.os.Handler.dispatchMessage(Handler.java:103)
07-10 00:47:38.267 W/FlagRegistrar(10349): 	at dcyq.mF(:com.google.android.gms@262434035@26.24.34 (260400-938041327):1)
07-10 00:47:38.267 W/FlagRegistrar(10349): 	at dcyq.dispatchMessage(:com.google.android.gms@262434035@26.24.34 (260400-938041327):5)
07-10 00:47:38.267 W/FlagRegistrar(10349): 	at android.os.Looper.loopOnce(Looper.java:283)
07-10 00:47:38.267 W/FlagRegistrar(10349): 	at android.os.Looper.loop(Looper.java:392)
07-10 00:47:38.267 W/FlagRegistrar(10349): 	at android.os.HandlerThread.run(HandlerThread.java:94)
07-10 00:47:38.267 W/FlagRegistrar(10349): Caused by: bjsc: 17: API: Phenotype.API is not available on this device. Connection failed with: ConnectionResult{statusCode=DEVELOPER_ERROR, resolution=null, message=null, clientMethodKey=null}
07-10 00:47:38.267 W/FlagRegistrar(10349): 	at bkqa.a(:com.google.android.gms@262434035@26.24.34 (260400-938041327):15)
07-10 00:47:38.267 W/FlagRegistrar(10349): 	at bjua.a(:com.google.android.gms@262434035@26.24.34 (260400-938041327):1)
07-10 00:47:38.267 W/FlagRegistrar(10349): 	at bjtx.e(:com.google.android.gms@262434035@26.24.34 (260400-938041327):5)
07-10 00:47:38.267 W/FlagRegistrar(10349): 	... 12 more
07-10 00:47:38.269 I/GmsModuleInitializer(10457): Using ContainerGservicesDelegate
07-10 00:47:38.274 E/GoogleApiManager(10349): Failed to get service from broker.
07-10 00:47:38.274 E/GoogleApiManager(10349): java.lang.SecurityException: Unknown calling package name 'com.google.android.gms'.
07-10 00:47:38.274 E/GoogleApiManager(10349): 	at android.os.Parcel.createExceptionOrNull(Parcel.java:3339)
07-10 00:47:38.274 E/GoogleApiManager(10349): 	at android.os.Parcel.createException(Parcel.java:3323)
07-10 00:47:38.274 E/GoogleApiManager(10349): 	at android.os.Parcel.readException(Parcel.java:3306)
07-10 00:47:38.274 E/GoogleApiManager(10349): 	at android.os.Parcel.readException(Parcel.java:3248)
07-10 00:47:38.274 E/GoogleApiManager(10349): 	at bkss.a(:com.google.android.gms@262434035@26.24.34 (260400-938041327):36)
07-10 00:47:38.274 E/GoogleApiManager(10349): 	at bkqo.y(:com.google.android.gms@262434035@26.24.34 (260400-938041327):143)
07-10 00:47:38.274 E/GoogleApiManager(10349): 	at bjwq.run(:com.google.android.gms@262434035@26.24.34 (260400-938041327):42)
07-10 00:47:38.274 E/GoogleApiManager(10349): 	at android.os.Handler.handleCallback(Handler.java:995)
07-10 00:47:38.274 E/GoogleApiManager(10349): 	at android.os.Handler.dispatchMessage(Handler.java:103)
07-10 00:47:38.274 E/GoogleApiManager(10349): 	at dcyq.mF(:com.google.android.gms@262434035@26.24.34 (260400-938041327):1)
07-10 00:47:38.274 E/GoogleApiManager(10349): 	at dcyq.dispatchMessage(:com.google.android.gms@262434035@26.24.34 (260400-938041327):5)
07-10 00:47:38.274 E/GoogleApiManager(10349): 	at android.os.Looper.loopOnce(Looper.java:283)
07-10 00:47:38.274 E/GoogleApiManager(10349): 	at android.os.Looper.loop(Looper.java:392)
07-10 00:47:38.274 E/GoogleApiManager(10349): 	at android.os.HandlerThread.run(HandlerThread.java:94)
07-10 00:47:38.274 W/GoogleApiManager(10349): Not showing notification since connectionResult is not user-facing: ConnectionResult{statusCode=DEVELOPER_ERROR, resolution=null, message=null, clientMethodKey=null}
07-10 00:47:38.276 W/FlagStore(10349): Unable to update local snapshot for com.google.android.gms.providerinstaller#com.google.android.apps.messaging, may result in stale flags.
07-10 00:47:38.276 W/FlagStore(10349): java.util.concurrent.ExecutionException: gpku: 17: 17: API: Phenotype.API is not available on this device. Connection failed with: ConnectionResult{statusCode=DEVELOPER_ERROR, resolution=null, message=null, clientMethodKey=null}
07-10 00:47:38.276 W/FlagStore(10349): 	at hpvd.j(:com.google.android.gms@262434035@26.24.34 (260400-938041327):21)
07-10 00:47:38.276 W/FlagStore(10349): 	at hpvm.t(:com.google.android.gms@262434035@26.24.34 (260400-938041327):24)
07-10 00:47:38.276 W/FlagStore(10349): 	at hpvd.get(:com.google.android.gms@262434035@26.24.34 (260400-938041327):1)
07-10 00:47:38.276 W/FlagStore(10349): 	at hpzs.a(:com.google.android.gms@262434035@26.24.34 (260400-938041327):2)
07-10 00:47:38.276 W/FlagStore(10349): 	at hpyi.s(:com.google.android.gms@262434035@26.24.34 (260400-938041327):10)
07-10 00:47:38.276 W/FlagStore(10349): 	at gpqe.d(:com.google.android.gms@262434035@26.24.34 (260400-938041327):1)
07-10 00:47:38.276 W/FlagStore(10349): 	at gppi.run(:com.google.android.gms@262434035@26.24.34 (260400-938041327):5)
07-10 00:47:38.276 W/FlagStore(10349): 	at java.util.concurrent.Executors$RunnableAdapter.call(Executors.java:520)
07-10 00:47:38.276 W/FlagStore(10349): 	at java.util.concurrent.FutureTask.run(FutureTask.java:328)
07-10 00:47:38.276 W/FlagStore(10349): 	at java.util.concurrent.ScheduledThreadPoolExecutor$ScheduledFutureTask.run(ScheduledThreadPoolExecutor.java:323)
07-10 00:47:38.276 W/FlagStore(10349): 	at java.util.concurrent.ThreadPoolExecutor.runWorker(ThreadPoolExecutor.java:1100)
07-10 00:47:38.276 W/FlagStore(10349): 	at java.util.concurrent.ThreadPoolExecutor$Worker.run(ThreadPoolExecutor.java:624)
07-10 00:47:38.276 W/FlagStore(10349): 	at java.lang.Thread.run(Thread.java:1572)
07-10 00:47:38.276 W/FlagStore(10349): Caused by: gpku: 17: 17: API: Phenotype.API is not available on this device. Connection failed with: ConnectionResult{statusCode=DEVELOPER_ERROR, resolution=null, message=null, clientMethodKey=null}
07-10 00:47:38.276 W/FlagStore(10349): 	at gpkw.a(:com.google.android.gms@262434035@26.24.34 (260400-938041327):13)
07-10 00:47:38.276 W/FlagStore(10349): 	at hput.d(:com.google.android.gms@262434035@26.24.34 (260400-938041327):3)
07-10 00:47:38.276 W/FlagStore(10349): 	at hpuv.run(:com.google.android.gms@262434035@26.24.34 (260400-938041327):139)
07-10 00:47:38.276 W/FlagStore(10349): 	at hpxd.execute(:com.google.android.gms@262434035@26.24.34 (260400-938041327):1)
07-10 00:47:38.276 W/FlagStore(10349): 	at hpvd.f(:com.google.android.gms@262434035@26.24.34 (260400-938041327):1)
07-10 00:47:38.276 W/FlagStore(10349): 	at hpvd.m(:com.google.android.gms@262434035@26.24.34 (260400-938041327):101)
07-10 00:47:38.276 W/FlagStore(10349): 	at hpvd.q(:com.google.android.gms@262434035@26.24.34 (260400-938041327):16)
07-10 00:47:38.276 W/FlagStore(10349): 	at gitx.hD(:com.google.android.gms@262434035@26.24.34 (260400-938041327):35)
07-10 00:47:38.276 W/FlagStore(10349): 	at fuvp.run(:com.google.android.gms@262434035@26.24.34 (260400-938041327):12)
07-10 00:47:38.276 W/FlagStore(10349): 	at hpxd.execute(:com.google.android.gms@262434035@26.24.34 (260400-938041327):1)
07-10 00:47:38.276 W/FlagStore(10349): 	at fuvq.b(:com.google.android.gms@262434035@26.24.34 (260400-938041327):18)
07-10 00:47:38.276 W/FlagStore(10349): 	at fuwf.b(:com.google.android.gms@262434035@26.24.34 (260400-938041327):34)
07-10 00:47:38.276 W/FlagStore(10349): 	at fuwm.B(:com.google.android.gms@262434035@26.24.34 (260400-938041327):17)
07-10 00:47:38.276 W/FlagStore(10349): 	at fuvh.run(:com.google.android.gms@262434035@26.24.34 (260400-938041327):60)
07-10 00:47:38.276 W/FlagStore(10349): 	at hpxd.execute(:com.google.android.gms@262434035@26.24.34 (260400-938041327):1)
07-10 00:47:38.276 W/FlagStore(10349): 	at fuvi.b(:com.google.android.gms@262434035@26.24.34 (260400-938041327):8)
07-10 00:47:38.276 W/FlagStore(10349): 	at fuwf.b(:com.google.android.gms@262434035@26.24.34 (260400-938041327):34)
07-10 00:47:38.276 W/FlagStore(10349): 	at fuwh.c(:com.google.android.gms@262434035@26.24.34 (260400-938041327):23)
07-10 00:47:38.276 W/FlagStore(10349): 	at bjtx.e(:com.google.android.gms@262434035@26.24.34 (260400-938041327):9)
07-10 00:47:38.276 W/FlagStore(10349): 	at bjwo.q(:com.google.android.gms@262434035@26.24.34 (260400-938041327):48)
07-10 00:47:38.276 W/FlagStore(10349): 	at bjwo.d(:com.google.android.gms@262434035@26.24.34 (260400-938041327):10)
07-10 00:47:38.276 W/FlagStore(10349): 	at bjwo.g(:com.google.android.gms@262434035@26.24.34 (260400-938041327):191)
07-10 00:47:38.276 W/FlagStore(10349): 	at bjwo.onConnectionFailed(:com.google.android.gms@262434035@26.24.34 (260400-938041327):2)
07-10 00:47:38.276 W/FlagStore(10349): 	at bjwq.run(:com.google.android.gms@262434035@26.24.34 (260400-938041327):70)
07-10 00:47:38.276 W/FlagStore(10349): 	at android.os.Handler.handleCallback(Handler.java:995)
07-10 00:47:38.276 W/FlagStore(10349): 	at android.os.Handler.dispatchMessage(Handler.java:103)
07-10 00:47:38.276 W/FlagStore(10349): 	at dcyq.mF(:com.google.android.gms@262434035@26.24.34 (260400-938041327):1)
07-10 00:47:38.276 W/FlagStore(10349): 	at dcyq.dispatchMessage(:com.google.android.gms@262434035@26.24.34 (260400-938041327):5)
07-10 00:47:38.276 W/FlagStore(10349): 	at android.os.Looper.loopOnce(Looper.java:283)
07-10 00:47:38.276 W/FlagStore(10349): 	at android.os.Looper.loop(Looper.java:392)
07-10 00:47:38.276 W/FlagStore(10349): 	at android.os.HandlerThread.run(HandlerThread.java:94)
07-10 00:47:38.277 W/FlagStore(10349): Caused by: bjsc: 17: API: Phenotype.API is not available on this device. Connection failed with: ConnectionResult{statusCode=DEVELOPER_ERROR, resolution=null, message=null, clientMethodKey=null}
07-10 00:47:38.277 W/FlagStore(10349): 	at bkqa.a(:com.google.android.gms@262434035@26.24.34 (260400-938041327):15)
07-10 00:47:38.277 W/FlagStore(10349): 	at bjua.a(:com.google.android.gms@262434035@26.24.34 (260400-938041327):1)
07-10 00:47:38.277 W/FlagStore(10349): 	at bjtx.e(:com.google.android.gms@262434035@26.24.34 (260400-938041327):5)
07-10 00:47:38.277 W/FlagStore(10349): 	... 12 more
07-10 00:47:38.287 W/ProviderHelper(10457): Unknown dynamite feature providerinstaller.dynamite
07-10 00:47:38.287 I/DynamiteModule(10457): Considering local module com.google.android.gms.providerinstaller.dynamite:1 and remote module com.google.android.gms.providerinstaller.dynamite:0
07-10 00:47:38.288 I/DynamiteModule(10457): Selected local version of com.google.android.gms.providerinstaller.dynamite
07-10 00:47:38.317 I/.android.gms.ui(10457): AssetManager2(0xb400006f6aa7cb58) locale list changing from [] to [ko-KR]
07-10 00:47:38.319 I/ProviderInstaller(10349): Installed default security provider GmsCore_OpenSSL
07-10 00:47:38.347 I/GmsModuleInitializer(10457): Using ContainerGservicesDelegate
07-10 00:47:38.364 W/ProviderHelper(10457): Unknown dynamite feature providerinstaller.dynamite
07-10 00:47:38.364 I/DynamiteModule(10457): Considering local module com.google.android.gms.providerinstaller.dynamite:1 and remote module com.google.android.gms.providerinstaller.dynamite:0
07-10 00:47:38.364 I/DynamiteModule(10457): Selected local version of com.google.android.gms.providerinstaller.dynamite
07-10 00:47:38.387 I/libPerfCtl( 1262): xgfGetFPS pid:9981 fps:-1
07-10 00:47:38.438 I/.android.gms.ui(10457): AssetManager2(0xb400006f6aa80398) locale list changing from [] to [ko-KR]
07-10 00:47:38.472 I/GmsModuleInitializer(10457): Using ContainerGservicesDelegate
07-10 00:47:38.511 I/SensorService( 1916): [NothSensor] com.google.android.gms Calling batch handle 10 flags 0 rate 20000000 timeout 0
07-10 00:47:38.511 I/SCP-OriginChannel( 1254): batch: [10,20000000,0]
07-10 00:47:38.512 I/SCP-OriginChannel( 1254): activate: [10,1]
07-10 00:47:38.512 I/SCP-HfManager( 1254): [SCP_HAL] enableDisable: sensor:10 on:1 delayNs:20000000 latencyNs:0 downSample:1
07-10 00:47:38.519 I/SensorService( 1916): [NothSensor] com.google.android.gms Calling batch handle 11 flags 0 rate 20000000 timeout 0
07-10 00:47:38.519 I/SCP-OriginChannel( 1254): batch: [11,20000000,0]
07-10 00:47:38.521 I/SCP-OriginChannel( 1254): activate: [11,1]
07-10 00:47:38.521 I/SCP-HfManager( 1254): [SCP_HAL] enableDisable: sensor:11 on:1 delayNs:20000000 latencyNs:0 downSample:1
07-10 00:47:38.522 I/Nearby  (10457): (REDACTED) is blocked device type %s, isAuto=%s, isIot=%s, isLatchsky=%s, isChinaWearable=%s, isTv=%s, isWearable=%s (supportWearOs=%s), isChromeOsDevice=%s (supportChromeOs=%s)
07-10 00:47:38.526 I/ActivityManager( 1916): Killing 26642:com.google.android.gms/u0a138 (adj 500): Sync transaction while in frozen state
07-10 00:47:38.532 I/netd    ( 1214): tetherGetStats() -> {[TetherStatsParcel{iface: wlan0, rxBytes: 0, rxPackets: 0, txBytes: 0, txPackets: 0, ifIndex: 0}]} <2.02ms>
07-10 00:47:38.532 I/Multidevice(19093): (REDACTED) [FeatureSettingsApiService] onGetService called from: %s
07-10 00:47:38.533 I/Multidevice(19093): [FeatureSettingsApiService] Created API Stub. [CONTEXT service_id=348 ]
07-10 00:47:38.541 I/Multidevice(19093): (REDACTED) [FeatureSettingsApiService] getXdFeatureStatus( %s ): %s
07-10 00:47:38.545 I/gpkj    (10457): (REDACTED) Shared storage file not found for %s
07-10 00:47:38.549 I/QuickStart(10457): [XosFlowLauncher] checkOsMigrationFlowRequirements: flag and system property is not set
07-10 00:47:38.551 W/IPCThreadState(10457): Transaction failed because process frozen.
07-10 00:47:38.551 E/JavaBinder(10457): !!! FAILED BINDER TRANSACTION !!!  (parcel size = 488)
07-10 00:47:38.551 W/ActivityManager( 1916): pid 10457 com.google.android.gms.ui sent binder code 46 with flags 2 to frozen apps and got error -2147483646
07-10 00:47:38.552 W/GmsClient(10457): IGmsServiceBroker.getService failed
07-10 00:47:38.552 W/GmsClient(10457): android.os.DeadObjectException: Transaction failed on small parcel; remote process probably died, but this could also be caused by running out of binder buffer space
07-10 00:47:38.552 W/GmsClient(10457): 	at android.os.BinderProxy.transactNative(Native Method)
07-10 00:47:38.552 W/GmsClient(10457): 	at android.os.BinderProxy.transact(BinderProxy.java:599)
07-10 00:47:38.552 W/GmsClient(10457): 	at bkss.a(:com.google.android.gms@262434035@26.24.34 (260400-938041327):33)
07-10 00:47:38.552 W/GmsClient(10457): 	at bkqo.y(:com.google.android.gms@262434035@26.24.34 (260400-938041327):171)
07-10 00:47:38.552 W/GmsClient(10457): 	at bjwq.run(:com.google.android.gms@262434035@26.24.34 (260400-938041327):42)
07-10 00:47:38.552 W/GmsClient(10457): 	at android.os.Handler.handleCallback(Handler.java:995)
07-10 00:47:38.552 W/GmsClient(10457): 	at android.os.Handler.dispatchMessage(Handler.java:103)
07-10 00:47:38.552 W/GmsClient(10457): 	at dcyq.mF(:com.google.android.gms@262434035@26.24.34 (260400-938041327):1)
07-10 00:47:38.552 W/GmsClient(10457): 	at dcyq.dispatchMessage(:com.google.android.gms@262434035@26.24.34 (260400-938041327):148)
07-10 00:47:38.552 W/GmsClient(10457): 	at android.os.Looper.loopOnce(Looper.java:283)
07-10 00:47:38.552 W/GmsClient(10457): 	at android.os.Looper.loop(Looper.java:392)
07-10 00:47:38.552 W/GmsClient(10457): 	at android.os.HandlerThread.run(HandlerThread.java:94)
07-10 00:47:38.558 I/SpatulaSettingsModuleIn(10457): Spatula Settings item fetched [CONTEXT service_id=386 ]
07-10 00:47:38.564 I/RemoteProvisionSysSvc( 1916): getRegistration(android.hardware.security.keymint.IRemotelyProvisionedComponent/default)
07-10 00:47:38.571 I/GellerDatabaseImpl(10349): Writing metadata key: _sync_timestamp_micros, corpus: GDD_BUGLE_EMOJIFY
07-10 00:47:38.572 I/DRIVINGMODE(10457): isAllowedProfile = true
07-10 00:47:38.575 I/GellerDatabaseImpl(10349): Writing metadata key: _sync_token, corpus: GDD_BUGLE_EMOJIFY
07-10 00:47:38.576 W/PersonalSafety(10457): Debug page in internal setting true, true, false  [CONTEXT service_id=310 ]
07-10 00:47:38.577 I/PersonalSafety(10457): (REDACTED) Displaying Google Setting item %b, %b, %b
07-10 00:47:38.582 I/ActivityManager( 1916): Start proc 10548:com.google.android.rkpdapp/u0a279 for service {com.google.android.rkpdapp/com.android.rkpdapp.service.RemoteProvisioningService}
07-10 00:47:38.582 I/START_DEBUG( 1916): send START_TIMEOUT message    ProcessRecord :ProcessRecord{4dd6bdb 10548:com.google.android.rkpdapp/u0a279}
07-10 00:47:38.582 I/ActivityManager( 1916): ProcessObserver broadcast disabled
07-10 00:47:38.582 I/LogUtil (10349): GddFileGroupPopulator: Account was not provided, skipping private sync for corpus: GDD_BUGLE_EMOJIFY, configuration: GddBugleEmojify
07-10 00:47:38.583 I/GellerSyncClient(10349): Starting batch sync for corpora: [1037]
07-10 00:47:38.585 E/MultiBiometricLockoutState( 1916): getAuthMapForUser : 0 containsKey:true
07-10 00:47:38.585 E/MultiBiometricLockoutState( 1916): getLockoutState strength:15 mPermanentlyLockedOut: false mTimedLockout:false
07-10 00:47:38.587 I/GellerDatabaseImpl(10349): The GellerConfig is not present, returning null.
07-10 00:47:38.587 I/GellerDatabaseImpl(10349): The GellerConfig is not present, defaulting isUploadEnabled for corpus GDD_BUGLE_EMOJIFY to true.
07-10 00:47:38.588 I/Trustlet_Onbody(19093): Trustlet onbody is supported. [CONTEXT service_id=294 ]
07-10 00:47:38.589 I/Trustlet_Place(19093): (REDACTED) [PlaceTrustletChimeraService] Trusted Places isSupported: %s
07-10 00:47:38.589 I/android.rkpdapp(10548): Using generational CollectorTypeCMC GC.
07-10 00:47:38.589 I/GellerSyncClient(10349): The syncToken for corpus GDD_BUGLE_EMOJIFY is EgkIo+2Z2fjFlQM= and the syncRequestReason is PERIODIC
07-10 00:47:38.600 I/START_DEBUG( 1916): send BINDTIMEOUT    ProcessRecord :ProcessRecord{4dd6bdb 10548:com.google.android.rkpdapp/u0a279}
07-10 00:47:38.600 I/START_DEBUG( 1916): remove START_TIMEOUT finish    ProcessRecord :ProcessRecord{4dd6bdb 10548:com.google.android.rkpdapp/u0a279}
07-10 00:47:38.612 W/ActivityManager( 1916): Scheduling restart of crashed service com.google.android.gms/.chimera.GmsBoundBrokerService in 1000ms for connection
07-10 00:47:38.612 W/ActivityManager( 1916): Scheduling restart of crashed service com.google.android.gms/.chimera.GmsApiService in 11000ms for connection
07-10 00:47:38.612 W/ActivityManager( 1916): Scheduling restart of crashed service com.google.android.gms/.auth.api.proxy.AuthService in 21000ms for connection
07-10 00:47:38.612 W/ProcessStats( 1916): Tracking association SourceState{322b2cc com.android.vending/10143 Service #452141} whose proc state 8 is better than process ProcessState{27a11e com.android.vending:background/10143 pkg=com.android.vending} proc state 14 (6 skipped)
07-10 00:47:38.612 I/Zygote  ( 1217): Process 26642 exited due to signal 9 (Killed)
07-10 00:47:38.613 I/START_DEBUG( 1916): remove ALL_TIMEOUT cleanup   ProcessRecord :ProcessRecord{6f4d913 26642:com.google.android.gms/u0a138}
07-10 00:47:38.613 I/libprocessgroup( 1916): Removed cgroup /sys/fs/cgroup/apps/uid_10138/pid_26642
07-10 00:47:38.613 I/mtkpower_client( 1916): [PowerHal_Wrap_notifyAppState] com.google.android.gms/com.google.android.gms pid=26642 activityId:26642 state:3
07-10 00:47:38.613 I/IPCThreadState( 1262): oneway function results for code 2 on binder at 0xb400007a92666c60 will be dropped but finished with status UNKNOWN_TRANSACTION
07-10 00:47:38.613 I/vendor.mediatek.hardware.mtkpower_applist-service.mediatek( 1262): packName: com.google.android.gms actName: com.google.android.gms pid: 26642 uid: 10138 state: 3
07-10 00:47:38.613 I/MTK_APPList( 1262): [notifyAPPstate] com.google.android.gms/com.google.android.gms, pid=26642, uid=10138, state:DEAD, fps:-1, win:0
07-10 00:47:38.613 I/MTK_APPList( 1262): [notifyAPPstate] multi_resumed_app_count: 1
07-10 00:47:38.613 I/MTK_APPList( 1262): [notifyAPPstate] multi_resumed_app_info[0] com.weatheron.mobile/com.weatheron.mobile.MainActivity, pid:9981, fps:-1, isMultiWindow:0
07-10 00:47:38.613 I/MTK_APPList( 1262): [getForegroundAPPCount] 1
07-10 00:47:38.614 I/MTK_APPList( 1262): [notifyAPPstate] pack:com.google.android.gms, pid:26642, STATE_DEAD
07-10 00:47:38.614 I/MTK_APPList( 1262): [notifyNetdUID] 10303
07-10 00:47:38.615 I/mtkpower_client( 1262): PowerHal_Wrap_setSysInfo, result:0
07-10 00:47:38.615 I/MTK_APPList( 1262): [notifyPID] 9981
07-10 00:47:38.616 I/libPowerHal( 1263): [perfSetSysInfo] pid type:24, 9981
07-10 00:47:38.616 I/mtkpower_client( 1262): PowerHal_Wrap_setSysInfo, result:0
07-10 00:47:38.618 W/AString ( 1254): ctor got NULL, using empty string instead
07-10 00:47:38.618 I/Finsky:background( 3966): [2] Memory trim requested to level 40
07-10 00:47:38.618 I/SCP-SensorSavedChannel( 1254): [-58,-146,-346,-12903,7190,3085]==>gyro_temp.json
07-10 00:47:38.618 W/AString ( 1254): ctor got NULL, using empty string instead
07-10 00:47:38.618 I/SCP-SensorSavedChannel( 1254): [-15179,1694,-10229]==>gyro_bias.json
07-10 00:47:38.621 I/android.rkpdapp(10548): AssetManager2(0xb400006f6aa79f98) locale list changing from [] to [ko-KR]
07-10 00:47:38.627 I/START_DEBUG( 1916): remove BIND_TIMEOUT finish    ProcessRecord :ProcessRecord{4dd6bdb 10548:com.google.android.rkpdapp/u0a279}
07-10 00:47:38.629 I/Finsky  (18470): [2] Memory trim requested to level 40
07-10 00:47:38.629 I/Finsky  (18470): [2] Flushing in-memory image cache
07-10 00:47:38.630 I/RegistrationProxy( 1916): onServiceConnected: com.android.rkpdapp.service.RemoteProvisioningService
07-10 00:47:38.632 E/ashmem  (10548): Pinning is deprecated since Android Q. Please use trim or other methods.
07-10 00:47:38.641 I/RegistrationProxy( 1916): IGetRegistrationCallback.onSuccess
07-10 00:47:38.646 I/RemoteProvisionSysSvc( 1916): Fetching key 10138 for client 187123013
07-10 00:47:38.646 I/RegistrationProxy( 1916): getKeyAsync operation started with callback 254915738
07-10 00:47:38.647 I/RkpdRegistrationBinder(10548): Key requested for : android.hardware.security.keymint.IRemotelyProvisionedComponent/default, clientUid: 1017, keyId: 10138, callback: 95673532
07-10 00:47:38.661 I/RkpdRegistrationBinder(10548): Key successfully assigned to client
07-10 00:47:38.662 I/RemoteProvisionSysSvc( 1916): Successfully fetched key for client 187123013
07-10 00:47:38.810 I/GellerDatabaseImpl(10349): Writing metadata key: _sync_timestamp_micros, corpus: GDD_BUGLE_EMOJIFY
07-10 00:47:38.812 I/GellerDatabaseImpl(10349): Writing metadata key: _sync_token, corpus: GDD_BUGLE_EMOJIFY
07-10 00:47:39.133 W/AString ( 1254): ctor got NULL, using empty string instead
07-10 00:47:39.134 I/SCP-SensorSavedChannel( 1254): [-15188,1672,-10281]==>gyro_bias.json
07-10 00:47:39.136 E/WifiHAL ( 2248): handleResponse: data=0xb400007b8d0f17d0, len=4920
07-10 00:47:39.136 I/WifiHAL ( 2248): check_data_sanity: confirmed_size=4920, len=4920
07-10 00:47:39.136 I/WifiHAL ( 2248): wifi_get_link_stats: result=0
07-10 00:47:39.151 I/WifiHAL ( 2248): feature_set=0x8489141a
07-10 00:47:39.387 I/libPerfCtl( 1262): xgfGetFPS pid:9981 fps:-1
07-10 00:47:39.524 E/NtChgAidl( 1266): NtChgAidl: InGameStatus: 0
07-10 00:47:39.524 E/NtChg   ( 1266): NtChg:T0-6:[50,100,350,370,390,410,500],chg_series:8,is_changed:1,TeBoT0-6:[50,80,350,370,390,410,500],TRegion:2,Temp:342,tzname:shell_front,Ibat:3000,onlineI:-400,param_type:6,AbnormalStatus:0,tzn:60,g_cp_mode:4,vbat:3863,pr_id:2,OnGameStatus:0
07-10 00:47:39.524 E/NtChg   ( 1266): NtChg:handle_batt_temp_cool triggered
07-10 00:47:39.524 E/NtChg   ( 1266): NtChg:set temp_region=2
07-10 00:47:39.524 E/NtChg   ( 1266): NtChg:set ibatmax=3000 and set vbatmax=4500
07-10 00:47:39.632 I/ActivityManager( 1916): Start proc 10571:com.google.android.gms/u0a138 for service {com.google.android.gms/com.google.android.gms.chimera.GmsBoundBrokerService}
07-10 00:47:39.632 I/START_DEBUG( 1916): send START_TIMEOUT message    ProcessRecord :ProcessRecord{357cda8 10571:com.google.android.gms/u0a138}
07-10 00:47:39.632 I/ActivityManager( 1916): ProcessObserver broadcast disabled
07-10 00:47:39.634 W/AString ( 1254): ctor got NULL, using empty string instead
07-10 00:47:39.634 I/SCP-SensorSavedChannel( 1254): [-15194,1656,-10319]==>gyro_bias.json
07-10 00:47:39.651 I/gle.android.gms(10571): Using generational CollectorTypeCMC GC.
07-10 00:47:39.660 W/binder:32164_9(32164): type=1400 audit(0.0:67160): avc:  denied  { read } for  name="u:object_r:system_adbd_prop:s0" dev="tmpfs" ino=382 scontext=u:r:gmscore_app:s0:c512,c768 tcontext=u:object_r:system_adbd_prop:s0 tclass=file permissive=0 app=com.google.android.gms
07-10 00:47:39.666 W/libc    (32164): Access denied finding property "persist.adb.tls_server.enable"
07-10 00:47:39.664 W/binder:32164_9(32164): type=1400 audit(0.0:67161): avc:  denied  { read } for  name="u:object_r:adbd_prop:s0" dev="tmpfs" ino=104 scontext=u:r:gmscore_app:s0:c512,c768 tcontext=u:object_r:adbd_prop:s0 tclass=file permissive=0 app=com.google.android.gms
07-10 00:47:39.667 W/libc    (32164): Access denied finding property "service.adb.tls.port"
07-10 00:47:39.667 I/START_DEBUG( 1916): send BINDTIMEOUT    ProcessRecord :ProcessRecord{357cda8 10571:com.google.android.gms/u0a138}
07-10 00:47:39.667 I/START_DEBUG( 1916): remove START_TIMEOUT finish    ProcessRecord :ProcessRecord{357cda8 10571:com.google.android.gms/u0a138}
07-10 00:47:39.710 I/gle.android.gms(10571): AssetManager2(0xb400006f6aa7b578) locale list changing from [] to [ko-KR]
07-10 00:47:39.731 W/ProviderHelper(10571): Unknown dynamite feature providerinstaller.dynamite
07-10 00:47:39.732 I/DynamiteModule(10571): Considering local module com.google.android.gms.providerinstaller.dynamite:1 and remote module com.google.android.gms.providerinstaller.dynamite:0
07-10 00:47:39.732 I/DynamiteModule(10571): Selected local version of com.google.android.gms.providerinstaller.dynamite
07-10 00:47:39.743 I/ProviderInstaller(10571): Installed default security provider GmsCore_OpenSSL
07-10 00:47:39.743 I/android.hardware.thermal@2.0-service.mtk( 1255): fill_temperatures filterType0 name: CPU type: CPU throttlingStatus: NONE value: 45.995 ret_temps size 0
07-10 00:47:39.744 I/android.hardware.thermal@2.0-service.mtk( 1255): fill_temperatures filterType0 name: GPU type: GPU throttlingStatus: NONE value: 45.995 ret_temps size 1
07-10 00:47:39.744 I/android.hardware.thermal@2.0-service.mtk( 1255): fill_temperatures filterType0 name: BATTERY type: BATTERY throttlingStatus: NONE value: 32 ret_temps size 2
07-10 00:47:39.744 I/android.hardware.thermal@2.0-service.mtk( 1255): fill_temperatures filterType0 name: SKIN type: SKIN throttlingStatus: NONE value: 34.29 ret_temps size 3
07-10 00:47:39.744 I/android.hardware.thermal@2.0-service.mtk( 1255): fill_temperatures filterType0 name: POWER_AMPLIFIER type: POWER_AMPLIFIER throttlingStatus: NONE value: 33.389 ret_temps size 4
07-10 00:47:39.744 I/android.hardware.thermal@2.0-service.mtk( 1255): fill_temperatures filterType0 name: NPU type: NPU throttlingStatus: NONE value: 45.995 ret_temps size 5
07-10 00:47:39.744 I/android.hardware.thermal@2.0-service.mtk( 1255): fill_cooling_devices filterType0 name: mutt-pa1 type: MODEM value: 0 ret_coolings size 0
07-10 00:47:39.744 I/android.hardware.thermal@2.0-service.mtk( 1255): fill_cooling_devices filterType0 name: mutt-pa2 type: MODEM value: 0 ret_coolings size 1
07-10 00:47:39.744 I/android.hardware.thermal@2.0-service.mtk( 1255): fill_cooling_devices filterType0 name: tx-pwr-pa1 type: MODEM value: 0 ret_coolings size 2
07-10 00:47:39.744 I/android.hardware.thermal@2.0-service.mtk( 1255): fill_cooling_devices filterType0 name: tx-pwr-pa2 type: MODEM value: 0 ret_coolings size 3
07-10 00:47:39.744 I/android.hardware.thermal@2.0-service.mtk( 1255): fill_cooling_devices filterType0 name: scg-off-pa2 type: MODEM value: 0 ret_coolings size 4
07-10 00:47:39.744 I/android.hardware.thermal@2.0-service.mtk( 1255): fill_thresholds filterType0 name: CPU type: CPU hotThrottlingThresholds: 90 vrThrottlingThreshold: 85 ret_thresholds size 0
07-10 00:47:39.744 I/android.hardware.thermal@2.0-service.mtk( 1255): fill_thresholds filterType0 name: GPU type: GPU hotThrottlingThresholds: 90 vrThrottlingThreshold: 85 ret_thresholds size 1
07-10 00:47:39.744 I/android.hardware.thermal@2.0-service.mtk( 1255): fill_thresholds filterType0 name: BATTERY type: BATTERY hotThrottlingThresholds: 50 vrThrottlingThreshold: 50 ret_thresholds size 2
07-10 00:47:39.744 I/android.hardware.thermal@2.0-service.mtk( 1255): fill_thresholds filterType0 name: SKIN type: SKIN hotThrottlingThresholds: 44 vrThrottlingThreshold: 50 ret_thresholds size 3
07-10 00:47:39.744 W/android.hardware.thermal@2.0-service.mtk( 1255): fill_thresholds: USB_PORT not support
07-10 00:47:39.744 I/android.hardware.thermal@2.0-service.mtk( 1255): fill_thresholds filterType0 name: POWER_AMPLIFIER type: POWER_AMPLIFIER hotThrottlingThresholds: 68 vrThrottlingThreshold: nan ret_thresholds size 4
07-10 00:47:39.744 W/android.hardware.thermal@2.0-service.mtk( 1255): fill_thresholds: BCL_VOLTAGE not support
07-10 00:47:39.744 W/android.hardware.thermal@2.0-service.mtk( 1255): fill_thresholds: BCL_CURRENT not support
07-10 00:47:39.744 W/android.hardware.thermal@2.0-service.mtk( 1255): fill_thresholds: BCL_PERCENTAGE not support
07-10 00:47:39.744 I/android.hardware.thermal@2.0-service.mtk( 1255): fill_thresholds filterType0 name: NPU type: NPU hotThrottlingThresholds: 90 vrThrottlingThreshold: nan ret_thresholds size 5
07-10 00:47:39.747 I/START_DEBUG( 1916): remove BIND_TIMEOUT finish    ProcessRecord :ProcessRecord{357cda8 10571:com.google.android.gms/u0a138}
07-10 00:47:39.747 I/Watchcat(10571): Started
07-10 00:47:39.752 I/GMS_MM_Logger(10571): (REDACTED) Start time: %s
07-10 00:47:39.752 I/GMS_MM_Logger(10571): Started.
07-10 00:47:39.759 I/gpkj    (10571): (REDACTED) Shared storage file not found for %s
07-10 00:47:39.782 I/netd    ( 1214): tetherGetStats() -> {[TetherStatsParcel{iface: wlan0, rxBytes: 0, rxPackets: 0, txBytes: 0, txPackets: 0, ifIndex: 0}]} <1.80ms>
07-10 00:47:39.908 I/resolv  ( 1214): GetAddrInfoHandler::run: {127 786559 127 983167 10138 0}
07-10 00:47:40.010 I/SensorService( 1916): [NothSensor] com.google.android.gms Calling batch handle 10 flags 0 rate 20000000 timeout 0
07-10 00:47:40.011 I/SCP-OriginChannel( 1254): flush: [10]
07-10 00:47:40.013 I/SCP-HfLooper( 1254): [10] flush complete
07-10 00:47:40.014 I/SensorService( 1916): [NothSensor] com.google.android.gms Calling batch handle 11 flags 0 rate 20000000 timeout 0
07-10 00:47:40.014 I/SCP-OriginChannel( 1254): flush: [11]
07-10 00:47:40.016 I/SCP-HfLooper( 1254): [11] flush complete
07-10 00:47:40.042 I/RemoteProvisionSysSvc( 1916): getRegistration(android.hardware.security.keymint.IRemotelyProvisionedComponent/default)
07-10 00:47:40.051 I/RegistrationProxy( 1916): onServiceConnected: com.android.rkpdapp.service.RemoteProvisioningService
07-10 00:47:40.059 I/RegistrationProxy( 1916): IGetRegistrationCallback.onSuccess
07-10 00:47:40.066 I/RemoteProvisionSysSvc( 1916): Fetching key 10138 for client 195772424
07-10 00:47:40.066 I/RegistrationProxy( 1916): getKeyAsync operation started with callback 60613537
07-10 00:47:40.069 I/RkpdRegistrationBinder(10548): Key requested for : android.hardware.security.keymint.IRemotelyProvisionedComponent/default, clientUid: 1017, keyId: 10138, callback: 28876786
07-10 00:47:40.072 I/RkpdRegistrationBinder(10548): Key successfully assigned to client
07-10 00:47:40.074 I/RemoteProvisionSysSvc( 1916): Successfully fetched key for client 195772424
07-10 00:47:40.132 W/AString ( 1254): ctor got NULL, using empty string instead
07-10 00:47:40.133 I/SCP-SensorSavedChannel( 1254): [-15195,1652,-10327]==>gyro_bias.json
07-10 00:47:40.387 I/libPerfCtl( 1262): xgfGetFPS pid:9981 fps:-1
07-10 00:47:40.560 I/AS.AudioService( 1916): getMode, get current owner's mode
07-10 00:47:40.561 I/AS.AudioService( 1916): getMode, currentModeHandler is null
07-10 00:47:40.635 W/AString ( 1254): ctor got NULL, using empty string instead
07-10 00:47:40.637 I/SCP-SensorSavedChannel( 1254): [-15197,1649,-10334]==>gyro_bias.json
07-10 00:47:41.060 W/libc    (32164): Access denied finding property "persist.adb.tls_server.enable"
07-10 00:47:41.056 W/binder:32164_4(32164): type=1400 audit(0.0:67162): avc:  denied  { read } for  name="u:object_r:system_adbd_prop:s0" dev="tmpfs" ino=382 scontext=u:r:gmscore_app:s0:c512,c768 tcontext=u:object_r:system_adbd_prop:s0 tclass=file permissive=0 app=com.google.android.gms
07-10 00:47:41.061 W/libc    (32164): Access denied finding property "service.adb.tls.port"
07-10 00:47:41.056 W/binder:32164_4(32164): type=1400 audit(0.0:67163): avc:  denied  { read } for  name="u:object_r:adbd_prop:s0" dev="tmpfs" ino=104 scontext=u:r:gmscore_app:s0:c512,c768 tcontext=u:object_r:adbd_prop:s0 tclass=file permissive=0 app=com.google.android.gms
07-10 00:47:41.129 I/android.hardware.thermal@2.0-service.mtk( 1255): fill_temperatures filterType0 name: CPU type: CPU throttlingStatus: NONE value: 38.973 ret_temps size 0
07-10 00:47:41.129 I/android.hardware.thermal@2.0-service.mtk( 1255): fill_temperatures filterType0 name: GPU type: GPU throttlingStatus: NONE value: 38.973 ret_temps size 1
07-10 00:47:41.129 I/android.hardware.thermal@2.0-service.mtk( 1255): fill_temperatures filterType0 name: BATTERY type: BATTERY throttlingStatus: NONE value: 32 ret_temps size 2
07-10 00:47:41.129 I/android.hardware.thermal@2.0-service.mtk( 1255): fill_temperatures filterType0 name: SKIN type: SKIN throttlingStatus: NONE value: 34.29 ret_temps size 3
07-10 00:47:41.129 I/android.hardware.thermal@2.0-service.mtk( 1255): fill_temperatures filterType0 name: POWER_AMPLIFIER type: POWER_AMPLIFIER throttlingStatus: NONE value: 33.384 ret_temps size 4
07-10 00:47:41.129 I/android.hardware.thermal@2.0-service.mtk( 1255): fill_temperatures filterType0 name: NPU type: NPU throttlingStatus: NONE value: 38.847 ret_temps size 5
07-10 00:47:41.131 I/android.hardware.thermal@2.0-service.mtk( 1255): fill_cooling_devices filterType0 name: mutt-pa1 type: MODEM value: 0 ret_coolings size 0
07-10 00:47:41.131 I/android.hardware.thermal@2.0-service.mtk( 1255): fill_cooling_devices filterType0 name: mutt-pa2 type: MODEM value: 0 ret_coolings size 1
07-10 00:47:41.131 I/android.hardware.thermal@2.0-service.mtk( 1255): fill_cooling_devices filterType0 name: tx-pwr-pa1 type: MODEM value: 0 ret_coolings size 2
07-10 00:47:41.131 I/android.hardware.thermal@2.0-service.mtk( 1255): fill_cooling_devices filterType0 name: tx-pwr-pa2 type: MODEM value: 0 ret_coolings size 3
07-10 00:47:41.131 I/android.hardware.thermal@2.0-service.mtk( 1255): fill_cooling_devices filterType0 name: scg-off-pa2 type: MODEM value: 0 ret_coolings size 4
07-10 00:47:41.132 I/android.hardware.thermal@2.0-service.mtk( 1255): fill_thresholds filterType0 name: CPU type: CPU hotThrottlingThresholds: 90 vrThrottlingThreshold: 85 ret_thresholds size 0
07-10 00:47:41.132 I/android.hardware.thermal@2.0-service.mtk( 1255): fill_thresholds filterType0 name: GPU type: GPU hotThrottlingThresholds: 90 vrThrottlingThreshold: 85 ret_thresholds size 1
07-10 00:47:41.132 I/android.hardware.thermal@2.0-service.mtk( 1255): fill_thresholds filterType0 name: BATTERY type: BATTERY hotThrottlingThresholds: 50 vrThrottlingThreshold: 50 ret_thresholds size 2
07-10 00:47:41.132 I/android.hardware.thermal@2.0-service.mtk( 1255): fill_thresholds filterType0 name: SKIN type: SKIN hotThrottlingThresholds: 44 vrThrottlingThreshold: 50 ret_thresholds size 3
07-10 00:47:41.132 W/android.hardware.thermal@2.0-service.mtk( 1255): fill_thresholds: USB_PORT not support
07-10 00:47:41.132 I/android.hardware.thermal@2.0-service.mtk( 1255): fill_thresholds filterType0 name: POWER_AMPLIFIER type: POWER_AMPLIFIER hotThrottlingThresholds: 68 vrThrottlingThreshold: nan ret_thresholds size 4
07-10 00:47:41.132 W/android.hardware.thermal@2.0-service.mtk( 1255): fill_thresholds: BCL_VOLTAGE not support
07-10 00:47:41.132 W/android.hardware.thermal@2.0-service.mtk( 1255): fill_thresholds: BCL_CURRENT not support
07-10 00:47:41.132 W/android.hardware.thermal@2.0-service.mtk( 1255): fill_thresholds: BCL_PERCENTAGE not support
07-10 00:47:41.132 I/android.hardware.thermal@2.0-service.mtk( 1255): fill_thresholds filterType0 name: NPU type: NPU hotThrottlingThresholds: 90 vrThrottlingThreshold: nan ret_thresholds size 5
07-10 00:47:41.136 W/AString ( 1254): ctor got NULL, using empty string instead
07-10 00:47:41.136 I/SCP-SensorSavedChannel( 1254): [-15193,1657,-10315]==>gyro_bias.json
07-10 00:47:41.168 I/NearbyMediums(19093): No BLE Fast/GATT advertisements found in the latest cycle.
07-10 00:47:41.168 I/NearbyMediums(19093): Current Tracked Scanning Clients are : {NearbyConnections.EnvironmentMonitor, NearbySharing}
07-10 00:47:41.386 I/PersephoneGrpcManifestC(10349): PersephoneGrpcManifestConfigFetcher starts downloading: # fvyo@843a8519
07-10 00:47:41.387 I/libPerfCtl( 1262): xgfGetFPS pid:9981 fps:-1
07-10 00:47:41.391 I/resolv  ( 1214): GetAddrInfoHandler::run: {127 786559 127 983167 10137 0}
07-10 00:47:41.392 I/resolv  ( 1214): res_nmkquery: (QUERY, IN, A)
07-10 00:47:41.401 I/SensorService( 1916): [NothSensor] disable handle 11 deactive(0)
07-10 00:47:41.402 I/SensorService( 1916): [NothSensor] disable handle 10 deactive(0)
07-10 00:47:41.402 I/PersephoneGrpcManifestC(10349): PersephoneGrpcManifestConfigFetcher starts downloading: # fvyo@e2d4e84a
07-10 00:47:41.404 I/resolv  ( 1214): GetAddrInfoHandler::run: {127 786559 127 983167 10137 0}
07-10 00:47:41.405 I/resolv  ( 1214): res_nsend: used send_dg 114 terrno: 0
07-10 00:47:41.405 I/resolv  ( 1214): doQuery: rcode=0, ancount=4, return value=114
07-10 00:47:41.405 I/resolv  ( 1214): res_nmkquery: (QUERY, IN, A)
07-10 00:47:41.405 I/SCP-OriginChannel( 1254): activate: [11,0]
07-10 00:47:41.405 I/SCP-HfManager( 1254): [SCP_HAL] enableDisable: sensor:11 on:0 delayNs:0 latencyNs:0 downSample:0
07-10 00:47:41.406 I/resolv  ( 1214): resolv_cache_lookup: FOUND IN CACHE entry=0xb400007ae25453b0
07-10 00:47:41.406 I/resolv  ( 1214): doQuery: rcode=0, ancount=4, return value=114
07-10 00:47:41.406 I/SensorService( 1916): [NothSensor] disable handle 11 deactive(0)
07-10 00:47:41.407 I/SCP-OriginChannel( 1254): activate: [10,0]
07-10 00:47:41.407 I/SCP-HfManager( 1254): [SCP_HAL] enableDisable: sensor:10 on:0 delayNs:0 latencyNs:0 downSample:0
07-10 00:47:41.411 I/SensorService( 1916): [NothSensor] disable handle 10 deactive(0)
07-10 00:47:41.551 E/QuickStart(10457): [XosFlowLauncher] Failed to check if eSIM transfer is eligible
07-10 00:47:41.551 E/QuickStart(10457): java.util.concurrent.TimeoutException: Timed out waiting for Task
07-10 00:47:41.551 E/QuickStart(10457): 	at fuwx.p(:com.google.android.gms@262434035@26.24.34 (260400-938041327):57)
07-10 00:47:41.551 E/QuickStart(10457): 	at fhiz.i(:com.google.android.gms@262434035@26.24.34 (260400-938041327):74)
07-10 00:47:41.551 E/QuickStart(10457): 	at fhiz.b(:com.google.android.gms@262434035@26.24.34 (260400-938041327):11)
07-10 00:47:41.551 E/QuickStart(10457): 	at com.google.android.gms.quickstart.xos.XosGoogleSettingsIntentOperation.a(:com.google.android.gms@262434035@26.24.34 (260400-938041327):48)
07-10 00:47:41.551 E/QuickStart(10457): 	at begf.onHandleIntent(:com.google.android.gms@262434035@26.24.34 (260400-938041327):139)
07-10 00:47:41.551 E/QuickStart(10457): 	at com.google.android.chimera.IntentOperation.onHandleIntent(:com.google.android.gms@262434035@26.24.34 (260400-938041327):1)
07-10 00:47:41.551 E/QuickStart(10457): 	at bemu.onHandleIntent(:com.google.android.gms@262434035@26.24.34 (260400-938041327):88)
07-10 00:47:41.551 E/QuickStart(10457): 	at abkp.run(:com.google.android.gms@262434035@26.24.34 (260400-938041327):58)
07-10 00:47:41.551 E/QuickStart(10457): 	at abko.run(:com.google.android.gms@262434035@26.24.34 (260400-938041327):132)
07-10 00:47:41.551 E/QuickStart(10457): 	at hgwo.run(:com.google.android.gms@262434035@26.24.34 (260400-938041327):23)
07-10 00:47:41.551 E/QuickStart(10457): 	at java.util.concurrent.ThreadPoolExecutor.runWorker(ThreadPoolExecutor.java:1100)
07-10 00:47:41.551 E/QuickStart(10457): 	at java.util.concurrent.ThreadPoolExecutor$Worker.run(ThreadPoolExecutor.java:624)
07-10 00:47:41.551 E/QuickStart(10457): 	at java.lang.Thread.run(Thread.java:1572)
07-10 00:47:41.552 W/QuickStart(10457): [XosGoogleSettingsIntentOperation] All xOS flows are unsupported
07-10 00:47:41.557 W/IndexableItem(10457): indexing key is not set:Intent { act=com.google.android.googlequicksearchbox.action.PRIVACY_SETTINGS flg=0x10000000 cmp=com.google.android.googlequicksearchbox/com.google.android.apps.gsa.velvet.ui.settings.PublicSettingsActivity } [CONTEXT service_id=231 ]
07-10 00:47:41.562 W/IndexableItem(10457): indexing key is not set:Intent { flg=0x10000000 cmp=com.google.android.gms/.auth.managed.ui.SetupWorkProfileActivity (has extras) } [CONTEXT service_id=231 ]
07-10 00:47:41.566 W/IndexableItem(10457): indexing key is not set:Intent { act=android.settings.SYSTEM_SERVICES_MANAGEMENT pkg=com.android.vending } [CONTEXT service_id=231 ]
07-10 00:47:41.570 W/IndexableItem(10457): indexing key is not set:Intent { act=com.google.android.gms.fido.fido2.ui.hybrid.LINKED_DEVICES_SETTINGS cat=[android.intent.category.DEFAULT] pkg=com.google.android.gms } [CONTEXT service_id=231 ]
