07-09 16:04:19.991  4253  4308 W AppInitScheduler|Run: Running MCSharedInitializer, order=14, priorityHint=null 
07-09 16:04:19.992  4253  4305 W AppInitScheduler|Run: Running SapienzInitializer, order=56, priorityHint=null 
07-09 16:04:19.992  4253  4305 W AppInitScheduler|Run:   Finished SapienzInitializer in 0ms
07-09 16:04:19.994  4253  4279 W DexLibLoader: integrateWithLibSigChain: integrating
07-09 16:04:19.994  4253  4279 W runtime-internals: sigaction64 succeeded
07-09 16:04:19.995  4253  4279 I runtime-internals: integrateWithCrashLog crashlog: /data/user/0/com.instagram.android/crash_log, insta_crashlog: /data/user/0/com.instagram.android/insta_crash_log
07-09 16:04:19.995  4253  4279 I runtime-internals: installed sigmux crash handler for crash log
07-09 16:04:19.996  4253  4279 W lacrima : LacrimaInitializer.init
07-09 16:04:19.996  4253  4279 W lacrima : Cannot find registered detector
07-09 16:04:19.997  4253  4278 W lacrima : FixedLengthFiles.init() called twice.
07-09 16:04:19.997  4253  4278 W lacrima : FixedLengthFiles.init() called twice.
07-09 16:04:19.999  4253  4308 W AppInitScheduler|Run:   Finished MCSharedInitializer in 9ms
07-09 16:04:19.999  4253  4308 W AppInitScheduler|Schedule:   Executing 168:MCSessionlessInitializer
07-09 16:04:19.999  4253  4308 W AppInitScheduler|Schedule:   Executing 169:MCSessionedInitializer
07-09 16:04:19.999  4253  4308 W AppInitScheduler|Run: Running MCSessionlessInitializer, order=15, priorityHint=null 
07-09 16:04:20.000  4253  4310 W AppInitScheduler|Run: Running MCSessionedInitializer, order=16, priorityHint=null 
07-09 16:04:20.000  4253  4310 W AppInitScheduler|Run:   Finished MCSessionedInitializer in 0ms
07-09 16:04:20.000  4253  4308 W IgMetaConfig: Could not obtain MC: not_user_session session=X.03j4@c0a937a
07-09 16:04:20.000  4253  4308 W IgMetaConfig: java.lang.RuntimeException: Could not obtain MC, call-site will receive default values
07-09 16:04:20.000  4253  4308 W IgMetaConfig: 	at X.01ok.A04(:16)
07-09 16:04:20.000  4253  4308 W IgMetaConfig: 	at X.01ok.A03(:8)
07-09 16:04:20.000  4253  4308 W IgMetaConfig: 	at X.01ok.A01(:2)
07-09 16:04:20.000  4253  4308 W IgMetaConfig: 	at X.02ce.A01(:8)
07-09 16:04:20.000  4253  4308 W IgMetaConfig: 	at X.02ce.A02(:2)
07-09 16:04:20.000  4253  4308 W IgMetaConfig: 	at X.02cb.A00(:8)
07-09 16:04:20.000  4253  4308 W IgMetaConfig: 	at X.02bw.<init>(:19)
07-09 16:04:20.000  4253  4308 W IgMetaConfig: 	at X.06Yg.invoke(:1145)
07-09 16:04:20.000  4253  4308 W IgMetaConfig: 	at X.04Pi.getValue(:25)
07-09 16:04:20.000  4253  4308 W IgMetaConfig: 	at X.02br.A09(:2)
07-09 16:04:20.000  4253  4308 W IgMetaConfig: 	at X.06Yy.invoke(:1055)
07-09 16:04:20.000  4253  4308 W IgMetaConfig: 	at X.01qa.A04(:17)
07-09 16:04:20.000  4253  4308 W IgMetaConfig: 	at X.02bu.A06(:42)
07-09 16:04:20.000  4253  4308 W IgMetaConfig: 	at X.01pl.Dzd(:32)
07-09 16:04:20.000  4253  4308 W IgMetaConfig: 	at X.01it.run(:155)
07-09 16:04:20.000  4253  4308 W IgMetaConfig: 	at java.util.concurrent.ThreadPoolExecutor.runWorker(ThreadPoolExecutor.java:1100)
07-09 16:04:20.000  4253  4308 W IgMetaConfig: 	at java.util.concurrent.ThreadPoolExecutor$Worker.run(ThreadPoolExecutor.java:624)
07-09 16:04:20.000  4253  4308 W IgMetaConfig: 	at X.01iw.run(:21)
07-09 16:04:20.000  4253  4308 W IgMetaConfig: 	at java.lang.Thread.run(Thread.java:1572)
07-09 16:04:20.005  4253  4308 W AppInitScheduler|Run:   Finished MCSessionlessInitializer in 6ms
07-09 16:04:20.005  4253  4308 W AppInitScheduler|Schedule:   Executing 11:QEInitializer
07-09 16:04:20.005  4253  4308 W AppInitScheduler|Run: Running QEInitializer, order=17, priorityHint=null 
07-09 16:04:20.009  4253  4308 W AppInitScheduler|Run:   Finished QEInitializer in 3ms
07-09 16:04:20.009  4253  4308 W AppInitScheduler|Schedule:   Executing 120:MainFeedRequestHeaderInitializer
07-09 16:04:20.009  4253  4308 W AppInitScheduler|Schedule:   Executing 146:CacheMetadataLookupInitializer
07-09 16:04:20.009  4253  4308 W AppInitScheduler|Schedule:   Executing 170:PLogCrashRecoveryInitializer
07-09 16:04:20.009  4253  4308 W AppInitScheduler|Run: Running MainFeedRequestHeaderInitializer, order=26, priorityHint=null 
07-09 16:04:20.009  4253  4308 W AppInitScheduler|Run:   Finished MainFeedRequestHeaderInitializer in 0ms
07-09 16:04:20.009  4253  4308 W AppInitScheduler|Schedule:   Executing 12:StorageInitializer
07-09 16:04:20.009  4253  4308 W AppInitScheduler|Run: Running StorageInitializer, order=18, priorityHint=null 
07-09 16:04:20.009  4253  4305 W AppInitScheduler|Run: Running CacheMetadataLookupInitializer, order=97, priorityHint=null 
07-09 16:04:20.009  4253  4305 W AppInitScheduler|Run:   Finished CacheMetadataLookupInitializer in 0ms
07-09 16:04:20.009  4253  4305 W AppInitScheduler|Run: Running PLogCrashRecoveryInitializer, order=116, priorityHint=null 
07-09 16:04:20.010  4253  4305 W PLogCrashRecoveryNeedInit: init: gate=true
07-09 16:04:20.010  4253  4305 E AppInitScheduler|Schedule: Call to schedule after shutdown: -2147483648:DeferredProduct_164_0QDz, deps=[164]
07-09 16:04:20.014  4253  4308 W AppInitScheduler|Run:   Finished StorageInitializer in 4ms
07-09 16:04:20.014  4253  4308 W AppInitScheduler|Schedule:   Executing 44:DevToolInitializer
07-09 16:04:20.014  4253  4308 W AppInitScheduler|Run: Running DevToolInitializer, order=20, priorityHint=null 
07-09 16:04:20.014  4253  4308 W AppInitScheduler|Run:   Finished DevToolInitializer in 0ms
07-09 16:04:20.014  4253  4308 W AppInitScheduler|Schedule:   Executing 115:EagerReelRequestBuilder
07-09 16:04:20.014  4253  4308 W AppInitScheduler|Run: Running EagerReelRequestBuilder, order=106, priorityHint=null 
07-09 16:04:20.014  4253  4308 W AppInitScheduler|Run:   Finished EagerReelRequestBuilder in 0ms
07-09 16:04:20.014  4253  4308 W AppInitScheduler|Schedule:   Executing 15:TNTSInitializer
07-09 16:04:20.014  4253  4308 W AppInitScheduler|Run: Running TNTSInitializer, order=21, priorityHint=null 
07-09 16:04:20.015  4253  4308 W stagram.android: JNI RegisterNativeMethods: attempt to register 0 native methods for com.facebook.traffic.nts.providers.http.HttpProviderAppLayerUpcallsImpl
07-09 16:04:20.015  4253  4308 W AppInitScheduler|Run:   Finished TNTSInitializer in 1ms
07-09 16:04:20.015  4253  4308 W AppInitScheduler|Schedule:   Executing 16:HttpServiceInitializer
07-09 16:04:20.015  4253  4308 W AppInitScheduler|Run: Running HttpServiceInitializer [*], order=22, priorityHint=null 
07-09 16:04:20.022  4253  4308 W AppInitScheduler|Run:   Finished HttpServiceInitializer in 7ms
07-09 16:04:20.022  4253  4308 W AppInitScheduler|Schedule:   Executing 171:IgReceiptFetchNeedInit
07-09 16:04:20.022  4253  4308 W AppInitScheduler|Schedule:   Executing 133:HttpStoresInitializer
07-09 16:04:20.022  4253  4308 W AppInitScheduler|Schedule:   Executing 162:RmdInitializer
07-09 16:04:20.022  4253  4303 W AppInitScheduler|Run: Running IgReceiptFetchNeedInit, order=9, priorityHint=null 
07-09 16:04:20.022  4253  4306 W AppInitScheduler|Run: Running HttpStoresInitializer, order=23, priorityHint=null 
07-09 16:04:20.022  4253  4306 W AppInitScheduler|Run:   Finished HttpStoresInitializer in 0ms
07-09 16:04:20.022  4253  4307 W AppInitScheduler|Run: Running RmdInitializer, order=28, priorityHint=null 
07-09 16:04:20.022  4253  4303 W AppInitScheduler|Run:   Finished IgReceiptFetchNeedInit in 0ms
07-09 16:04:20.023  4253  4307 W AppInitScheduler|Run:   Finished RmdInitializer in 0ms
07-09 16:04:20.023  4253  4306 W AppInitScheduler|Schedule:   Executing 17:FeedRequestInitializer
07-09 16:04:20.023  4253  4306 W AppInitScheduler|Schedule:   Executing 153:ClientHintsInitializer
07-09 16:04:20.023  4253  4306 W AppInitScheduler|Run: Running FeedRequestInitializer, order=24, priorityHint=null 
07-09 16:04:20.023  4253  4308 W AppInitScheduler|Run: Running ClientHintsInitializer, order=113, priorityHint=null 
07-09 16:04:20.024  4253  4308 W AppInitScheduler|Run:   Finished ClientHintsInitializer in 0ms
07-09 16:04:20.034  4253  4306 W AppInitScheduler|Run:   Finished FeedRequestInitializer in 12ms
07-09 16:04:20.034  4253  4306 W AppInitScheduler|Schedule:   Executing 114:EagerReelNetworkRequestInitializer
07-09 16:04:20.035  4253  4306 W AppInitScheduler|Run: Running EagerReelNetworkRequestInitializer, order=52, priorityHint=null 
07-09 16:04:20.035  4253  4306 W AppInitScheduler|Run:   Finished EagerReelNetworkRequestInitializer in 0ms
07-09 16:04:20.035  4253  4306 W AppInitScheduler|Schedule:   Executing 117:IgSharedPreferencesInitializer
07-09 16:04:20.035  4253  4306 W AppInitScheduler|Run: Running IgSharedPreferencesInitializer, order=35, priorityHint=null 
07-09 16:04:20.038  4253  4306 W AppInitScheduler|Run:   Finished IgSharedPreferencesInitializer in 4ms
07-09 16:04:20.039  4253  4306 W AppInitScheduler|Schedule:   Executing 122:IgDataStoreInitializer
07-09 16:04:20.039  4253  4306 W AppInitScheduler|Run: Running IgDataStoreInitializer, order=36, priorityHint=null 
07-09 16:04:20.039  4253  4306 W AppInitScheduler|Run:   Finished IgDataStoreInitializer in 0ms
07-09 16:04:20.039  4253  4306 W AppInitScheduler|Schedule:   Executing 18:QPLInitializer
07-09 16:04:20.039  4253  4306 W AppInitScheduler|Run: Running QPLInitializer, order=38, priorityHint=null 
07-09 16:04:20.043  4253  4338 W QPLConfig: failed to load config
07-09 16:04:20.043  4253  4338 W QPLConfig: java.io.FileNotFoundException: /data/user/0/com.instagram.android/app_qpl/qpl_sampling_config_v2.null: open failed: ENOENT (No such file or directory)
07-09 16:04:20.043  4253  4338 W QPLConfig: 	at libcore.io.IoBridge.open(IoBridge.java:574)
07-09 16:04:20.043  4253  4338 W QPLConfig: 	at java.io.FileInputStream.<init>(FileInputStream.java:179)
07-09 16:04:20.043  4253  4338 W QPLConfig: 	at X.02ya.A00(:33)
07-09 16:04:20.043  4253  4338 W QPLConfig: 	at X.03AY.A00(:4)
07-09 16:04:20.043  4253  4338 W QPLConfig: 	at X.02xr.run(:29)
07-09 16:04:20.043  4253  4338 W QPLConfig: 	at X.02ak.run(:2)
07-09 16:04:20.043  4253  4338 W QPLConfig: 	at X.01me.run(:25)
07-09 16:04:20.043  4253  4338 W QPLConfig: 	at X.02ue.run(:2)
07-09 16:04:20.043  4253  4338 W QPLConfig: 	at X.01me.run(:25)
07-09 16:04:20.043  4253  4338 W QPLConfig: 	at java.util.concurrent.ThreadPoolExecutor.runWorker(ThreadPoolExecutor.java:1100)
07-09 16:04:20.043  4253  4338 W QPLConfig: 	at java.util.concurrent.ThreadPoolExecutor$Worker.run(ThreadPoolExecutor.java:624)
07-09 16:04:20.043  4253  4338 W QPLConfig: 	at X.01mm.run(:96)
07-09 16:04:20.043  4253  4338 W QPLConfig: 	at java.lang.Thread.run(Thread.java:1572)
07-09 16:04:20.043  4253  4338 W QPLConfig: 	at X.01mn.run(:8)
07-09 16:04:20.043  4253  4338 W QPLConfig: Caused by: android.system.ErrnoException: open failed: ENOENT (No such file or directory)
07-09 16:04:20.043  4253  4338 W QPLConfig: 	at libcore.io.Linux.open(Native Method)
07-09 16:04:20.043  4253  4338 W QPLConfig: 	at libcore.io.ForwardingOs.open(ForwardingOs.java:579)
07-09 16:04:20.043  4253  4338 W QPLConfig: 	at libcore.io.BlockGuardOs.open(BlockGuardOs.java:274)
07-09 16:04:20.043  4253  4338 W QPLConfig: 	at libcore.io.ForwardingOs.open(ForwardingOs.java:579)
07-09 16:04:20.043  4253  4338 W QPLConfig: 	at android.app.ActivityThread$AndroidOs.open(ActivityThread.java:9115)
07-09 16:04:20.043  4253  4338 W QPLConfig: 	at libcore.io.IoBridge.open(IoBridge.java:560)
07-09 16:04:20.043  4253  4338 W QPLConfig: 	... 13 more
07-09 16:04:20.044   695   695 E TlcKM   : lookup_operation: op 0xea8abc9d3451acfb not found
07-09 16:04:20.044   695   695 E TlcKM   : lookup_operation(session, operation_handle, &op) == -28
07-09 16:04:20.045  4253  4294 W MlockOptimization: mlock 0x6e6494b000 12075008 successful for 6e6494b000-6e654cf000 r--p 00000000 fe:3f 117611                         /data/app/~~KJ1bxFw2GARh1QxaukDTeQ==/com.instagram.android-KJo3bCQKu9sgdkTBohvCfA==/oat/arm64/base.odex
07-09 16:04:20.045  1254  1350 W AString : ctor got NULL, using empty string instead
07-09 16:04:20.046  1254  1350 I SCP-SensorSavedChannel: [-14976,1821,-9353]==>gyro_bias.json
07-09 16:04:20.049  4253  4294 W MlockOptimization: mlock 0x6e654cf000 40304640 successful for 6e654cf000-6e67b3f000 r-xp 00b84000 fe:3f 117611                         /data/app/~~KJ1bxFw2GARh1QxaukDTeQ==/com.instagram.android-KJo3bCQKu9sgdkTBohvCfA==/oat/arm64/base.odex
07-09 16:04:20.050  4253  4294 W MlockOptimization: mlock 0x6e67b3f000 294912 successful for 6e67b3f000-6e67b87000 r--p 031f4000 fe:3f 117611                         /data/app/~~KJ1bxFw2GARh1QxaukDTeQ==/com.instagram.android-KJo3bCQKu9sgdkTBohvCfA==/oat/arm64/base.odex
07-09 16:04:20.051  4253  4306 E stagram.android: No implementation found for void com.facebook.quicklog.QuickPerformanceLoggerNativeProvider.nativeUpdateQPLInstance() (tried Java_com_facebook_quicklog_QuickPerformanceLoggerNativeProvider_nativeUpdateQPLInstance and Java_com_facebook_quicklog_QuickPerformanceLoggerNativeProvider_nativeUpdateQPLInstance__) - is the library loaded, e.g. System.loadLibrary?
07-09 16:04:20.051  4253  4306 W QPLProvider: QuickPerformanceLoggerProvider failed to update native QPL instance, native library. This is expected during early app initialization
07-09 16:04:20.053  4253  4306 W AppInitScheduler|Run:   Finished QPLInitializer in 14ms
07-09 16:04:20.053  4253  4306 W AppInitScheduler|Schedule:   Executing 148:HomecomingClipsTabInitializer
07-09 16:04:20.053  4253  4306 W AppInitScheduler|Schedule:   Executing 164:QPLCoreProductInitializer
07-09 16:04:20.053  4253  4306 W AppInitScheduler|Schedule:   Executing 129:LwQPLReplay
07-09 16:04:20.053  4253  4306 W AppInitScheduler|Schedule:   Executing 103:UnexpectedEventReporterInitializer
07-09 16:04:20.053  4253  4306 W AppInitScheduler|Schedule:   Executing 155:ClipsDiscoverNetworkCacheInitializer
07-09 16:04:20.053  4253  4306 W AppInitScheduler|Run: Running HomecomingClipsTabInitializer, order=25, priorityHint=null 
07-09 16:04:20.053  4253  4300 W AppInitScheduler|Run: Running QPLCoreProductInitializer, order=39, priorityHint=null 
07-09 16:04:20.053  4253  4306 W AppInitScheduler|Run:   Finished HomecomingClipsTabInitializer in 0ms
07-09 16:04:20.053  4253  4308 W AppInitScheduler|Run: Running LwQPLReplay, order=40, priorityHint=null 
07-09 16:04:20.053  4253  4306 W AppInitScheduler|Schedule:   Executing 157:CdnConnectionPrewarmInitializer
07-09 16:04:20.053  4253  4306 W AppInitScheduler|Run: Running CdnConnectionPrewarmInitializer, order=27, priorityHint=null 
07-09 16:04:20.053  4253  4306 W AppInitScheduler|Run:   Finished CdnConnectionPrewarmInitializer in 0ms
07-09 16:04:20.053  4253  4306 W AppInitScheduler|Run: Running UnexpectedEventReporterInitializer, order=42, priorityHint=null 
07-09 16:04:20.053  4253  4300 W AppInitScheduler|Run:   Finished QPLCoreProductInitializer in 0ms
07-09 16:04:20.053  4253  4306 W AppInitScheduler|Run:   Finished UnexpectedEventReporterInitializer in 0ms
07-09 16:04:20.053  4253  4300 W AppInitScheduler|Schedule:   Executing -2147483648:DeferredProduct_164_0QDz
07-09 16:04:20.054  4253  4300 W AppInitScheduler|Run: Running ClipsDiscoverNetworkCacheInitializer, order=59, priorityHint=null 
07-09 16:04:20.054  4253  4306 W AppInitScheduler|Schedule:   Executing 158:AppInitNotRespondingReporterInitializer
07-09 16:04:20.054  4253  4306 W AppInitScheduler|Schedule:   Executing 74:MessageQueueTimelineInitializer
07-09 16:04:20.054  4253  4306 W AppInitScheduler|Run: Running AppInitNotRespondingReporterInitializer, order=43, priorityHint=null 
07-09 16:04:20.054  4253  4306 W AppInitScheduler|Run:   Finished AppInitNotRespondingReporterInitializer in 1ms
07-09 16:04:20.054  4253  4306 W AppInitScheduler|Run: Running MessageQueueTimelineInitializer, order=44, priorityHint=null 
07-09 16:04:20.054  4253  4306 W AppInitScheduler|Run:   Finished MessageQueueTimelineInitializer in 0ms
07-09 16:04:20.054  4253  4306 W AppInitScheduler|Schedule:   Executing 72:MemoryManagerInitializer
07-09 16:04:20.054  4253  4306 W AppInitScheduler|Run: Running MemoryManagerInitializer, order=64, priorityHint=null 
07-09 16:04:20.054  4253  4308 W AppInitScheduler|Run:   Finished LwQPLReplay in 1ms
07-09 16:04:20.054  4253  4308 W AppInitScheduler|Schedule:   Executing 124:MessageQueueRedInitializer
07-09 16:04:20.054  4253  4308 W AppInitScheduler|Run: Running MessageQueueRedInitializer, order=41, priorityHint=null 
07-09 16:04:20.054  4253  4306 W AppInitScheduler|Run:   Finished MemoryManagerInitializer in 0ms
07-09 16:04:20.054  4253  4306 W AppInitScheduler|Schedule:   Executing 25:AppStartupTrackerInitializer
07-09 16:04:20.054  4253  4306 W AppInitScheduler|Run: Running AppStartupTrackerInitializer, order=30, priorityHint=null 
07-09 16:04:20.055  4253  4308 W AppInitScheduler|Run:   Finished MessageQueueRedInitializer in 0ms
07-09 16:04:20.055  4253  4308 W AppInitScheduler|Run: Running DeferredProduct_164_0QDz, order=119, priorityHint=null 
07-09 16:04:20.055  4253  4308 W AppInitScheduler|Run:   Finished DeferredProduct_164_0QDz in 0ms
07-09 16:04:20.055  4253  4305 W AppInitScheduler|Run:   Finished PLogCrashRecoveryInitializer in 45ms
07-09 16:04:20.057  4253  4306 W AppInitScheduler|Run:   Finished AppStartupTrackerInitializer in 2ms
07-09 16:04:20.057  4253  4306 W AppInitScheduler|Schedule:   Executing 47:FacebookAccountInitializer
07-09 16:04:20.057  4253  4306 W AppInitScheduler|Run: Running FacebookAccountInitializer, order=34, priorityHint=null 
07-09 16:04:20.057  4253  4306 W AppInitScheduler|Run:   Finished FacebookAccountInitializer in 0ms
07-09 16:04:20.057  4253  4306 W AppInitScheduler|Schedule:   Executing 38:CacheKeyGeneratorInitializer
07-09 16:04:20.057  4253  4306 W AppInitScheduler|Run: Running CacheKeyGeneratorInitializer, order=100, priorityHint=null 
07-09 16:04:20.057  4253  4306 W AppInitScheduler|Run:   Finished CacheKeyGeneratorInitializer in 0ms
07-09 16:04:20.057  4253  4306 W AppInitScheduler|Schedule:   Executing 20:IgFixieAppInitializer
07-09 16:04:20.057  4253  4306 W AppInitScheduler|Run: Running IgFixieAppInitializer, order=86, priorityHint=null 
07-09 16:04:20.057  4253  4306 W AppInitScheduler|Run:   Finished IgFixieAppInitializer in 0ms
07-09 16:04:20.057  4253  4306 W AppInitScheduler|Schedule:   Executing 100:ThemeInitializer
07-09 16:04:20.057  4253  4306 W AppInitScheduler|Run: Running ThemeInitializer, order=70, priorityHint=null 
07-09 16:04:20.058  1214  4353 I resolv  : GetAddrInfoHandler::run: {127 262271 127 983167 10240 0}
07-09 16:04:20.058  1214  4353 I resolv  : GetAddrInfoHandler::run: network access blocked
07-09 16:04:20.059  1214  4355 I resolv  : GetAddrInfoHandler::run: {127 262271 127 983167 10240 0}
07-09 16:04:20.059  1214  4355 I resolv  : GetAddrInfoHandler::run: network access blocked
07-09 16:04:20.063  4253  4294 W DexRangeExtractor: Index filtering: selected ranges [0, 20) from 20 total ranges = 20 filtered
07-09 16:04:20.064  4253  4294 W MlockOptimization: mlock2 0x6e63b2fb98 9818392 successful for 6e63b2f000-6e6448d000 r--p 02316000 fe:3f 126093                         /data/app/~~KJ1bxFw2GARh1QxaukDTeQ==/com.instagram.android-KJo3bCQKu9sgdkTBohvCfA==/base.apk
07-09 16:04:20.064  4253  4294 W MlockOptimization: mlock2 0x6e5fbcc000 3248 successful for 6e5fbcc000-6e60219000 r--p 02c73000 fe:3f 126093                         /data/app/~~KJ1bxFw2GARh1QxaukDTeQ==/com.instagram.android-KJo3bCQKu9sgdkTBohvCfA==/base.apk
07-09 16:04:20.064  4253  4294 W MlockOptimization: mlock2 0x6e5beb2754 2220 successful for 6e5b855000-6e5beb3000 r--p 06fd0000 fe:3f 126093                         /data/app/~~KJ1bxFw2GARh1QxaukDTeQ==/com.instagram.android-KJo3bCQKu9sgdkTBohvCfA==/base.apk
07-09 16:04:20.064  4253  4294 W MlockOptimization: mlock2 0x6e63248754 9332024 successful for 6e63248000-6e63b2f000 r--p 0762d000 fe:3f 126093                         /data/app/~~KJ1bxFw2GARh1QxaukDTeQ==/com.instagram.android-KJo3bCQKu9sgdkTBohvCfA==/base.apk
07-09 16:04:20.064  4253  4294 W MlockOptimization: mlock2 0x71a2ade000 3212 successful for 71a2ade000-71a2b25000 r--p 07f13000 fe:3f 126093                         /data/app/~~KJ1bxFw2GARh1QxaukDTeQ==/com.instagram.android-KJo3bCQKu9sgdkTBohvCfA==/base.apk
07-09 16:04:20.064  4253  4294 W MlockOptimization: mlock2 0x71a2b24e88 376 successful for 71a2ade000-71a2b25000 r--p 07f13000 fe:3f 126093                         /data/app/~~KJ1bxFw2GARh1QxaukDTeQ==/com.instagram.android-KJo3bCQKu9sgdkTBohvCfA==/base.apk
07-09 16:04:20.065  4253  4294 W MlockOptimization: mlock2 0x6e62a91e88 8084640 successful for 6e62a91000-6e63248000 r--p 07f59000 fe:3f 126093                         /data/app/~~KJ1bxFw2GARh1QxaukDTeQ==/com.instagram.android-KJo3bCQKu9sgdkTBohvCfA==/base.apk
07-09 16:04:20.065  4253  4294 W MlockOptimization: mlock2 0x6e62149000 2856 successful for 6e62149000-6e62a91000 r--p 0870f000 fe:3f 126093                         /data/app/~~KJ1bxFw2GARh1QxaukDTeQ==/com.instagram.android-KJo3bCQKu9sgdkTBohvCfA==/base.apk
07-09 16:04:20.065  4253  4294 W MlockOptimization: mlock2 0x6e63247b54 1196 successful for 6e62a91000-6e63248000 r--p 07f59000 fe:3f 126093                         /data/app/~~KJ1bxFw2GARh1QxaukDTeQ==/com.instagram.android-KJo3bCQKu9sgdkTBohvCfA==/base.apk
07-09 16:04:20.065   695   695 E TlcKM   : lookup_operation: op 0x3627852cd5ba6016 not found
07-09 16:04:20.065   695   695 E TlcKM   : lookup_operation(session, operation_handle, &op) == -28
07-09 16:04:20.065  4253  4294 W MlockOptimization: mlock2 0x6e62149b54 9725276 successful for 6e62149000-6e62a91000 r--p 0870f000 fe:3f 126093                         /data/app/~~KJ1bxFw2GARh1QxaukDTeQ==/com.instagram.android-KJo3bCQKu9sgdkTBohvCfA==/base.apk
07-09 16:04:20.065  4253  4294 W MlockOptimization: mlock2 0x6e619f0000 176 successful for 6e619f0000-6e62149000 r--p 09056000 fe:3f 126093                         /data/app/~~KJ1bxFw2GARh1QxaukDTeQ==/com.instagram.android-KJo3bCQKu9sgdkTBohvCfA==/base.apk
07-09 16:04:20.065  4253  4294 W MlockOptimization: mlock2 0x6e62a900dc 3876 successful for 6e62149000-6e62a91000 r--p 0870f000 fe:3f 126093                         /data/app/~~KJ1bxFw2GARh1QxaukDTeQ==/com.instagram.android-KJo3bCQKu9sgdkTBohvCfA==/base.apk
07-09 16:04:20.065  4253  4294 W MlockOptimization: mlock2 0x6e619f00dc 7702988 successful for 6e619f0000-6e62149000 r--p 09056000 fe:3f 126093                         /data/app/~~KJ1bxFw2GARh1QxaukDTeQ==/com.instagram.android-KJo3bCQKu9sgdkTBohvCfA==/base.apk
07-09 16:04:20.065  4253  4294 W MlockOptimization: mlock2 0x6e6110d000 2728 successful for 6e6110d000-6e619f0000 r--p 097ae000 fe:3f 126093                         /data/app/~~KJ1bxFw2GARh1QxaukDTeQ==/com.instagram.android-KJo3bCQKu9sgdkTBohvCfA==/base.apk
07-09 16:04:20.065  4253  4294 W MlockOptimization: mlock2 0x6e62148ad4 1324 successful for 6e619f0000-6e62149000 r--p 09056000 fe:3f 126093                         /data/app/~~KJ1bxFw2GARh1QxaukDTeQ==/com.instagram.android-KJo3bCQKu9sgdkTBohvCfA==/base.apk
07-09 16:04:20.066  4253  4294 W MlockOptimization: mlock2 0x6e6110dad4 9313336 successful for 6e6110d000-6e619f0000 r--p 097ae000 fe:3f 126093                         /data/app/~~KJ1bxFw2GARh1QxaukDTeQ==/com.instagram.android-KJo3bCQKu9sgdkTBohvCfA==/base.apk
07-09 16:04:20.066  4253  4294 W MlockOptimization: mlock2 0x6e607d9000 1804 successful for 6e607d9000-6e6110d000 r--p 0a090000 fe:3f 126093                         /data/app/~~KJ1bxFw2GARh1QxaukDTeQ==/com.instagram.android-KJo3bCQKu9sgdkTBohvCfA==/base.apk
07-09 16:04:20.066  4253  4294 W MlockOptimization: mlock2 0x6e619ef738 2248 successful for 6e6110d000-6e619f0000 r--p 097ae000 fe:3f 126093                         /data/app/~~KJ1bxFw2GARh1QxaukDTeQ==/com.instagram.android-KJo3bCQKu9sgdkTBohvCfA==/base.apk
07-09 16:04:20.066  4253  4294 W MlockOptimization: mlock2 0x6e607d9738 9644844 successful for 6e607d9000-6e6110d000 r--p 0a090000 fe:3f 126093                         /data/app/~~KJ1bxFw2GARh1QxaukDTeQ==/com.instagram.android-KJo3bCQKu9sgdkTBohvCfA==/base.apk
07-09 16:04:20.066  4253  4294 W MlockOptimization: mlock2 0x6ed1236000 612 successful for 6ed1236000-6ed1499000 r--p 0a9c3000 fe:3f 126093                         /data/app/~~KJ1bxFw2GARh1QxaukDTeQ==/com.instagram.android-KJo3bCQKu9sgdkTBohvCfA==/base.apk
07-09 16:04:20.066  4253  4294 W MlockOptimization: mlock2 0x6e6110c290 3440 successful for 6e607d9000-6e6110d000 r--p 0a090000 fe:3f 126093                         /data/app/~~KJ1bxFw2GARh1QxaukDTeQ==/com.instagram.android-KJo3bCQKu9sgdkTBohvCfA==/base.apk
07-09 16:04:20.066  4253  4294 W MlockOptimization: mlock2 0x6ed1236290 2499000 successful for 6ed1236000-6ed1499000 r--p 0a9c3000 fe:3f 126093                         /data/app/~~KJ1bxFw2GARh1QxaukDTeQ==/com.instagram.android-KJo3bCQKu9sgdkTBohvCfA==/base.apk
07-09 16:04:20.066  4253  4294 W MlockOptimization: mlock2 0x6e60219000 1096 successful for 6e60219000-6e607d9000 r--p 0ac25000 fe:3f 126093                         /data/app/~~KJ1bxFw2GARh1QxaukDTeQ==/com.instagram.android-KJo3bCQKu9sgdkTBohvCfA==/base.apk
07-09 16:04:20.066  4253  4294 W MlockOptimization: mlock2 0x6ed1498474 2956 successful for 6ed1236000-6ed1499000 r--p 0a9c3000 fe:3f 126093                         /data/app/~~KJ1bxFw2GARh1QxaukDTeQ==/com.instagram.android-KJo3bCQKu9sgdkTBohvCfA==/base.apk
07-09 16:04:20.066  4253  4294 W MlockOptimization: mlock2 0x6e60219474 6024900 successful for 6e60219000-6e607d9000 r--p 0ac25000 fe:3f 126093                         /data/app/~~KJ1bxFw2GARh1QxaukDTeQ==/com.instagram.android-KJo3bCQKu9sgdkTBohvCfA==/base.apk
07-09 16:04:20.066  4253  4294 W MlockOptimization: mlock2 0x6e6448ccdc 804 successful for 6e63b2f000-6e6448d000 r--p 02316000 fe:3f 126093                         /data/app/~~KJ1bxFw2GARh1QxaukDTeQ==/com.instagram.android-KJo3bCQKu9sgdkTBohvCfA==/base.apk
07-09 16:04:20.067  4253  4294 W MlockOptimization: mlock2 0x6e5fbcccdc 6601424 successful for 6e5fbcc000-6e60219000 r--p 02c73000 fe:3f 126093                         /data/app/~~KJ1bxFw2GARh1QxaukDTeQ==/com.instagram.android-KJo3bCQKu9sgdkTBohvCfA==/base.apk
07-09 16:04:20.067  4253  4294 W MlockOptimization: mlock2 0x6e5f45b000 1964 successful for 6e5f45b000-6e5fbcc000 r--p 032bf000 fe:3f 126093                         /data/app/~~KJ1bxFw2GARh1QxaukDTeQ==/com.instagram.android-KJo3bCQKu9sgdkTBohvCfA==/base.apk
07-09 16:04:20.067  4253  4294 W MlockOptimization: mlock2 0x6e602187d8 2088 successful for 6e5fbcc000-6e60219000 r--p 02c73000 fe:3f 126093                         /data/app/~~KJ1bxFw2GARh1QxaukDTeQ==/com.instagram.android-KJo3bCQKu9sgdkTBohvCfA==/base.apk
07-09 16:04:20.067  4253  4294 W MlockOptimization: mlock2 0x6e5f45b7d8 7797040 successful for 6e5f45b000-6e5fbcc000 r--p 032bf000 fe:3f 126093                         /data/app/~~KJ1bxFw2GARh1QxaukDTeQ==/com.instagram.android-KJo3bCQKu9sgdkTBohvCfA==/base.apk
07-09 16:04:20.067  4253  4294 W MlockOptimization: mlock2 0x6e5ed9c000 264 successful for 6e5ed9c000-6e5f45b000 r--p 03a2f000 fe:3f 126093                         /data/app/~~KJ1bxFw2GARh1QxaukDTeQ==/com.instagram.android-KJo3bCQKu9sgdkTBohvCfA==/base.apk
07-09 16:04:20.067  4253  4294 W MlockOptimization: mlock2 0x6e5fbcb134 3788 successful for 6e5f45b000-6e5fbcc000 r--p 032bf000 fe:3f 126093                         /data/app/~~KJ1bxFw2GARh1QxaukDTeQ==/com.instagram.android-KJo3bCQKu9sgdkTBohvCfA==/base.apk
07-09 16:04:20.067  4253  4294 W MlockOptimization: mlock2 0x6e5ed9c134 7071324 successful for 6e5ed9c000-6e5f45b000 r--p 03a2f000 fe:3f 126093                         /data/app/~~KJ1bxFw2GARh1QxaukDTeQ==/com.instagram.android-KJo3bCQKu9sgdkTBohvCfA==/base.apk
07-09 16:04:20.067  4253  4294 W MlockOptimization: mlock2 0x6e5e18d000 1936 successful for 6e5e18d000-6e5ed9c000 r--p 040ed000 fe:3f 126093                         /data/app/~~KJ1bxFw2GARh1QxaukDTeQ==/com.instagram.android-KJo3bCQKu9sgdkTBohvCfA==/base.apk
07-09 16:04:20.067  4253  4294 W MlockOptimization: mlock2 0x6e5f45a7bc 2116 successful for 6e5ed9c000-6e5f45b000 r--p 03a2f000 fe:3f 126093                         /data/app/~~KJ1bxFw2GARh1QxaukDTeQ==/com.instagram.android-KJo3bCQKu9sgdkTBohvCfA==/base.apk
07-09 16:04:20.067  4253  4294 W MlockOptimization: mlock2 0x6e5e18d7bc 12640896 successful for 6e5e18d000-6e5ed9c000 r--p 040ed000 fe:3f 126093                         /data/app/~~KJ1bxFw2GARh1QxaukDTeQ==/com.instagram.android-KJo3bCQKu9sgdkTBohvCfA==/base.apk
07-09 16:04:20.067  4253  4294 W MlockOptimization: mlock2 0x6e5d9fb000 2620 successful for 6e5d9fb000-6e5e18d000 r--p 04cfb000 fe:3f 126093                         /data/app/~~KJ1bxFw2GARh1QxaukDTeQ==/com.instagram.android-KJo3bCQKu9sgdkTBohvCfA==/base.apk
07-09 16:04:20.067  4253  4294 W MlockOptimization: mlock2 0x6e5ed9ba68 1432 successful for 6e5e18d000-6e5ed9c000 r--p 040ed000 fe:3f 126093                         /data/app/~~KJ1bxFw2GARh1QxaukDTeQ==/com.instagram.android-KJo3bCQKu9sgdkTBohvCfA==/base.apk
07-09 16:04:20.067  4253  4294 W MlockOptimization: mlock2 0x6e5d9fba68 7934892 successful for 6e5d9fb000-6e5e18d000 r--p 04cfb000 fe:3f 126093                         /data/app/~~KJ1bxFw2GARh1QxaukDTeQ==/com.instagram.android-KJo3bCQKu9sgdkTBohvCfA==/base.apk
07-09 16:04:20.067  4253  4294 W MlockOptimization: mlock2 0x6e5d1df000 3604 successful for 6e5d1df000-6e5d9fb000 r--p 0548c000 fe:3f 126093                         /data/app/~~KJ1bxFw2GARh1QxaukDTeQ==/com.instagram.android-KJo3bCQKu9sgdkTBohvCfA==/base.apk
07-09 16:04:20.067  4253  4294 W MlockOptimization: mlock2 0x6e5e18ce40 448 successful for 6e5d9fb000-6e5e18d000 r--p 04cfb000 fe:3f 126093                         /data/app/~~KJ1bxFw2GARh1QxaukDTeQ==/com.instagram.android-KJo3bCQKu9sgdkTBohvCfA==/base.apk
07-09 16:04:20.067  4253  4294 W MlockOptimization: mlock2 0x6e5d1dfe40 8496144 successful for 6e5d1df000-6e5d9fb000 r--p 0548c000 fe:3f 126093                         /data/app/~~KJ1bxFw2GARh1QxaukDTeQ==/com.instagram.android-KJo3bCQKu9sgdkTBohvCfA==/base.apk
07-09 16:04:20.067  4253  4294 W MlockOptimization: mlock2 0x6e5c9eb000 592 successful for 6e5c9eb000-6e5d1df000 r--p 05ca7000 fe:3f 126093                         /data/app/~~KJ1bxFw2GARh1QxaukDTeQ==/com.instagram.android-KJo3bCQKu9sgdkTBohvCfA==/base.apk
07-09 16:04:20.067  4253  4294 W MlockOptimization: mlock2 0x6e5d9fa27c 3460 successful for 6e5d1df000-6e5d9fb000 r--p 0548c000 fe:3f 126093                         /data/app/~~KJ1bxFw2GARh1QxaukDTeQ==/com.instagram.android-KJo3bCQKu9sgdkTBohvCfA==/base.apk
07-09 16:04:20.067  4253  4294 W MlockOptimization: mlock2 0x6e5c9eb27c 8336444 successful for 6e5c9eb000-6e5d1df000 r--p 05ca7000 fe:3f 126093                         /data/app/~~KJ1bxFw2GARh1QxaukDTeQ==/com.instagram.android-KJo3bCQKu9sgdkTBohvCfA==/base.apk
07-09 16:04:20.067  4253  4294 W MlockOptimization: mlock2 0x6e5c269000 1720 successful for 6e5c269000-6e5c9eb000 r--p 0649a000 fe:3f 126093                         /data/app/~~KJ1bxFw2GARh1QxaukDTeQ==/com.instagram.android-KJo3bCQKu9sgdkTBohvCfA==/base.apk
07-09 16:04:20.067  4253  4294 W MlockOptimization: mlock2 0x6e5d1de6e4 2332 successful for 6e5c9eb000-6e5d1df000 r--p 05ca7000 fe:3f 126093                         /data/app/~~KJ1bxFw2GARh1QxaukDTeQ==/com.instagram.android-KJo3bCQKu9sgdkTBohvCfA==/base.apk
07-09 16:04:20.068  4253  4294 W MlockOptimization: mlock2 0x6e5c2696e4 7869988 successful for 6e5c269000-6e5c9eb000 r--p 0649a000 fe:3f 126093                         /data/app/~~KJ1bxFw2GARh1QxaukDTeQ==/com.instagram.android-KJo3bCQKu9sgdkTBohvCfA==/base.apk
07-09 16:04:20.068  4253  4294 W MlockOptimization: mlock2 0x6e5beb3000 3336 successful for 6e5beb3000-6e5c269000 r--p 06c1b000 fe:3f 126093                         /data/app/~~KJ1bxFw2GARh1QxaukDTeQ==/com.instagram.android-KJo3bCQKu9sgdkTBohvCfA==/base.apk
07-09 16:04:20.068  4253  4294 W MlockOptimization: mlock2 0x6e5c9ead34 716 successful for 6e5c269000-6e5c9eb000 r--p 0649a000 fe:3f 126093                         /data/app/~~KJ1bxFw2GARh1QxaukDTeQ==/com.instagram.android-KJo3bCQKu9sgdkTBohvCfA==/base.apk
07-09 16:04:20.068  4253  4294 W MlockOptimization: mlock2 0x6e5beb3d34 3886772 successful for 6e5beb3000-6e5c269000 r--p 06c1b000 fe:3f 126093                         /data/app/~~KJ1bxFw2GARh1QxaukDTeQ==/com.instagram.android-KJo3bCQKu9sgdkTBohvCfA==/base.apk
07-09 16:04:20.068  4253  4294 W MlockOptimization: mlock2 0x6e5b855000 3048 successful for 6e5b855000-6e5beb3000 r--p 06fd0000 fe:3f 126093                         /data/app/~~KJ1bxFw2GARh1QxaukDTeQ==/com.instagram.android-KJo3bCQKu9sgdkTBohvCfA==/base.apk
07-09 16:04:20.068  4253  4294 W MlockOptimization: mlock2 0x6e5c268c14 1004 successful for 6e5beb3000-6e5c269000 r--p 06c1b000 fe:3f 126093                         /data/app/~~KJ1bxFw2GARh1QxaukDTeQ==/com.instagram.android-KJo3bCQKu9sgdkTBohvCfA==/base.apk
07-09 16:04:20.068  4253  4294 W MlockOptimization: mlock2 0x6e5b855c14 6671124 successful for 6e5b855000-6e5beb3000 r--p 06fd0000 fe:3f 126093                         /data/app/~~KJ1bxFw2GARh1QxaukDTeQ==/com.instagram.android-KJo3bCQKu9sgdkTBohvCfA==/base.apk
07-09 16:04:20.068  4253  4294 W MlockOptimization: mlock2 0x6e63248000 1832 successful for 6e63248000-6e63b2f000 r--p 0762d000 fe:3f 126093                         /data/app/~~KJ1bxFw2GARh1QxaukDTeQ==/com.instagram.android-KJo3bCQKu9sgdkTBohvCfA==/base.apk
07-09 16:04:20.068  4253  4294 W MlockOptimization: mlock2 0x6e63b2ecb8 840 successful for 6e63248000-6e63b2f000 r--p 0762d000 fe:3f 126093                         /data/app/~~KJ1bxFw2GARh1QxaukDTeQ==/com.instagram.android-KJo3bCQKu9sgdkTBohvCfA==/base.apk
07-09 16:04:20.068  4253  4294 W MlockOptimization: mlock2 0x71a2adecb8 287140 successful for 71a2ade000-71a2b25000 r--p 07f13000 fe:3f 126093                         /data/app/~~KJ1bxFw2GARh1QxaukDTeQ==/com.instagram.android-KJo3bCQKu9sgdkTBohvCfA==/base.apk
07-09 16:04:20.068  4253  4294 W MlockOptimization: mlock2 0x6e62a91000 3676 successful for 6e62a91000-6e63248000 r--p 07f59000 fe:3f 126093                         /data/app/~~KJ1bxFw2GARh1QxaukDTeQ==/com.instagram.android-KJo3bCQKu9sgdkTBohvCfA==/base.apk
07-09 16:04:20.068  4253  4294 W MlockOptimization: mlock2 0x6e6448d000 4972544 successful for 6e6448d000-6e6494b000 rw-p 00000000 fe:3f 117821                         /data/app/~~KJ1bxFw2GARh1QxaukDTeQ==/com.instagram.android-KJo3bCQKu9sgdkTBohvCfA==/oat/arm64/base.vdex
07-09 16:04:20.068  4253  4294 W OptimizationRunner: Optimization plan executed but processed 0 bytes
07-09 16:04:20.068  4253  4294 W ExperimentConfigurator: onAppInit completed: 3 configs executed
07-09 16:04:20.071  4253  4300 W AppInitScheduler|Run:   Finished ClipsDiscoverNetworkCacheInitializer in 18ms
07-09 16:04:20.072  4253  4306 W AppInitScheduler|Run:   Finished ThemeInitializer in 15ms
07-09 16:04:20.072  4253  4306 W AppInitScheduler|Schedule:   Executing 66:LanguageInitializer
07-09 16:04:20.072  4253  4306 W AppInitScheduler|Run: Running LanguageInitializer, order=33, priorityHint=null 
07-09 16:04:20.076  4253  4306 W FrscLanguagePackLoader: Loading FRSC strings for locale (ko)
07-09 16:04:20.080  4253  4359 W FrscLanguagePackLoader: FRSC English strings buffer size - (limit : 1118840, capacity : 1118840)
07-09 16:04:20.084  4253  4306 W AppInitScheduler|Run:   Finished LanguageInitializer in 12ms
07-09 16:04:20.085  4253  4306 W AppInitScheduler|Schedule:   Executing 152:DownloadableModulesInitializer
07-09 16:04:20.085  4253  4306 W AppInitScheduler|Schedule:   Executing 91:ReelRequestInitializer
07-09 16:04:20.085  4253  4306 W AppInitScheduler|Run: Running DownloadableModulesInitializer, order=51, priorityHint=null 
07-09 16:04:20.085  4253  4306 W AppInitScheduler|Run:   Finished DownloadableModulesInitializer in 0ms
07-09 16:04:20.085  4253  4303 W AppInitScheduler|Run: Running ReelRequestInitializer, order=53, priorityHint=null 
07-09 16:04:20.085  4253  4303 W AppInitScheduler|Run:   Finished ReelRequestInitializer in 1ms
07-09 16:04:20.085  4253  4303 W AppInitScheduler|Schedule:   Executing 136:TNTSPostInitializer
07-09 16:04:20.085  4253  4303 W AppInitScheduler|Schedule:   Executing 64:JestE2EInitializer
07-09 16:04:20.085  4253  4303 W AppInitScheduler|Run: Running TNTSPostInitializer, order=54, priorityHint=null 
07-09 16:04:20.085  4253  4308 W AppInitScheduler|Run: Running JestE2EInitializer, order=55, priorityHint=null 
07-09 16:04:20.086  4253  4308 W AppInitScheduler|Run:   Finished JestE2EInitializer in 0ms
07-09 16:04:20.086  4253  4308 W AppInitScheduler|Schedule:   Executing 37:BloksInitializer
07-09 16:04:20.086  4253  4310 W AppInitScheduler|Run: Running BloksInitializer, order=79, priorityHint=null 
07-09 16:04:20.086  4253  4310 W AppInitScheduler|Run:   Finished BloksInitializer in 0ms
07-09 16:04:20.086  4253  4310 W AppInitScheduler|Schedule:   Executing 104:YogaInitializer
07-09 16:04:20.086  4253  4308 W AppInitScheduler|Run: Running YogaInitializer, order=89, priorityHint=null 
07-09 16:04:20.086  4253  4303 W stagram.android: JNI RegisterNativeMethods: attempt to register 0 native methods for com.facebook.traffic.nts.providers.reachability.ReachabilityV2ProviderAppLayerUpcallsImpl
07-09 16:04:20.087  4253  4308 W AppInitScheduler|Run:   Finished YogaInitializer in 0ms
07-09 16:04:20.087  4253  4308 W AppInitScheduler|Schedule:   Executing 96:SignalManagerEarlyInitializer
07-09 16:04:20.087  4253  4308 W AppInitScheduler|Run: Running SignalManagerEarlyInitializer, order=93, priorityHint=null 
07-09 16:04:20.088  4253  4308 W AppInitScheduler|Run:   Finished SignalManagerEarlyInitializer in 0ms
07-09 16:04:20.088  4253  4308 W AppInitScheduler|Schedule:   Executing 19:QplXplatDelayedInitializer
07-09 16:04:20.088  4253  4308 W AppInitScheduler|Run: Running QplXplatDelayedInitializer, order=45, priorityHint=null 
07-09 16:04:20.088  4253  4308 W AppInitScheduler|Run:   Finished QplXplatDelayedInitializer in 0ms
07-09 16:04:20.088  4253  4303 W stagram.android: JNI RegisterNativeMethods: attempt to register 0 native methods for com.facebook.traffic.nts.providers.radiosignal.RadioSignalProviderAppLayerUpcallsImpl
07-09 16:04:20.088  4253  4308 W AppInitScheduler|Schedule:   Executing 119:HeroServiceControllerEarlyInitializer
07-09 16:04:20.088  4253  4308 W AppInitScheduler|Run: Running HeroServiceControllerEarlyInitializer, order=99, priorityHint=null 
07-09 16:04:20.088  4253  4308 W AppInitScheduler|Run:   Finished HeroServiceControllerEarlyInitializer in 1ms
07-09 16:04:20.088  4253  4308 W AppInitScheduler|Schedule:   Executing 57:ImageInfraInitializer
07-09 16:04:20.088  4253  4308 W AppInitScheduler|Run: Running ImageInfraInitializer, order=65, priorityHint=null 
07-09 16:04:20.090  4253  4303 W AppInitScheduler|Run:   Finished TNTSPostInitializer in 5ms
07-09 16:04:20.090  4253  4308 W AppInitScheduler|Run:   Finished ImageInfraInitializer in 2ms
07-09 16:04:20.090  4253  4308 W AppInitScheduler|Schedule:   Executing 144:MarkSequentialLoadComplete
07-09 16:04:20.091  4253  4305 W AppInitScheduler|Run: Running MarkSequentialLoadComplete, order=66, priorityHint=null 
07-09 16:04:20.091  4253  4305 W AppInitScheduler|Run:   Finished MarkSequentialLoadComplete in 0ms
07-09 16:04:20.091  4253  4305 W AppInitScheduler|Schedule:   Executing 24:AppBackgroundListenerInitializer
07-09 16:04:20.091  4253  4305 W AppInitScheduler|Schedule:   Executing 95:ShareToFeedInitializer
07-09 16:04:20.091  4253  4305 W AppInitScheduler|Schedule:   Executing 48:FeedCacheInitializer
07-09 16:04:20.091  4253  4305 W AppInitScheduler|Schedule:   Executing 22:AdsCacheInitializer
07-09 16:04:20.091  4253  4305 W AppInitScheduler|Schedule:   Executing 108:ReelsCacheInitializer
07-09 16:04:20.091  4253  4305 W AppInitScheduler|Schedule:   Executing 128:ClipsTabInitializer
07-09 16:04:20.091  4253  4305 W AppInitScheduler|Schedule:   Executing 80:PendingMediaInitializer
07-09 16:04:20.091  4253  4305 W AppInitScheduler|Schedule:   Executing 132:TypefaceInitializer
07-09 16:04:20.091  4253  4305 W AppInitScheduler|Schedule:   Executing 127:ActivityViewInflaterInitializer
07-09 16:04:20.091  4253  4305 W AppInitScheduler|Schedule:   Executing 61:InstagramPluginInitializer
07-09 16:04:20.091  4253  4305 W AppInitScheduler|Schedule:   Executing 79:PandoGraphQLInitializer
07-09 16:04:20.091  4253  4305 W AppInitScheduler|Schedule:   Executing 51:HeliumInitializer
07-09 16:04:20.091  4253  4305 W AppInitScheduler|Schedule:   Executing 138:ResponseObserverInitializer
07-09 16:04:20.091  4253  4305 W AppInitScheduler|Schedule:   Executing 141:UsdidInitializer
07-09 16:04:20.091  4253  4305 W AppInitScheduler|Schedule:   Executing 143:PreloadsFirstAppOpenFlagInitializer
07-09 16:04:20.091  4253  4308 W AppInitScheduler|Run: Running AppBackgroundListenerInitializer, order=46, priorityHint=null 
07-09 16:04:20.091  4253  4305 W AppInitScheduler|Run: Running ShareToFeedInitializer, order=47, priorityHint=null 
07-09 16:04:20.091  4253  4310 W AppInitScheduler|Run: Running FeedCacheInitializer, order=48, priorityHint=null 
07-09 16:04:20.091  4253  4301 W AppInitScheduler|Run: Running AdsCacheInitializer, order=49, priorityHint=null 
07-09 16:04:20.092  4253  4300 W AppInitScheduler|Run: Running ReelsCacheInitializer, order=57, priorityHint=null 
07-09 16:04:20.092  4253  4302 W AppInitScheduler|Run: Running ClipsTabInitializer, order=58, priorityHint=null 
07-09 16:04:20.092  4253  4301 W AppInitScheduler|Run:   Finished AdsCacheInitializer in 0ms
07-09 16:04:20.092  4253  4301 W AppInitScheduler|Run: Running PendingMediaInitializer, order=60, priorityHint=null 
07-09 16:04:20.092  4253  4302 W AppInitScheduler|Run:   Finished ClipsTabInitializer in 1ms
07-09 16:04:20.092  4253  4302 W AppInitScheduler|Run: Running TypefaceInitializer, order=71, priorityHint=null 
07-09 16:04:20.092  4253  4306 W AppInitScheduler|Run: Running ActivityViewInflaterInitializer, order=72, priorityHint=null 
07-09 16:04:20.092  4253  4307 W AppInitScheduler|Run: Running InstagramPluginInitializer, order=74, priorityHint=null 
07-09 16:04:20.092  4253  4303 W AppInitScheduler|Run: Running PandoGraphQLInitializer, order=91, priorityHint=null 
07-09 16:04:20.092  4253  4306 W AppInitScheduler|Run:   Finished ActivityViewInflaterInitializer in 0ms
07-09 16:04:20.092  4253  4306 W AppInitScheduler|Schedule:   Executing 140:DirectInitializer
07-09 16:04:20.092  4253  4306 W AppInitScheduler|Run: Running DirectInitializer, order=75, priorityHint=null 
07-09 16:04:20.092  4253  4306 W AppInitScheduler|Run:   Finished DirectInitializer in 0ms
07-09 16:04:20.092  4253  4306 W AppInitScheduler|Run: Running HeliumInitializer, order=103, priorityHint=null 
07-09 16:04:20.093  4253  4302 W AppInitScheduler|Run:   Finished TypefaceInitializer in 0ms
07-09 16:04:20.093  4253  4301 W AppInitScheduler|Run:   Finished PendingMediaInitializer in 0ms
07-09 16:04:20.093  4253  4301 W AppInitScheduler|Run: Running ResponseObserverInitializer, order=112, priorityHint=null 
07-09 16:04:20.093  4253  4302 W AppInitScheduler|Run: Running UsdidInitializer, order=114, priorityHint=null 
07-09 16:04:20.093  4253  4301 W AppInitScheduler|Run:   Finished ResponseObserverInitializer in 0ms
07-09 16:04:20.093  4253  4301 W AppInitScheduler|Run: Running PreloadsFirstAppOpenFlagInitializer, order=115, priorityHint=null 
07-09 16:04:20.093  4253  4302 W AppInitScheduler|Run:   Finished UsdidInitializer in 1ms
07-09 16:04:20.093  4253  4301 W AppInitScheduler|Run:   Finished PreloadsFirstAppOpenFlagInitializer in 1ms
07-09 16:04:20.093  4253  4303 W AppInitScheduler|Run:   Finished PandoGraphQLInitializer in 1ms
07-09 16:04:20.093  4253  4306 W AppInitScheduler|Run:   Finished HeliumInitializer in 1ms
07-09 16:04:20.094  4253  4303 W AppInitScheduler|Schedule:   Executing 135:SDBInitializer
07-09 16:04:20.094  4253  4303 W AppInitScheduler|Schedule:   Executing 142:DirectBootstrapInitializer
07-09 16:04:20.094  4253  4303 W AppInitScheduler|Schedule:   Executing 151:PLogConfigSyncInitializer
07-09 16:04:20.094  4253  4302 W AppInitScheduler|Run: Running DirectBootstrapInitializer, order=37, priorityHint=null 
07-09 16:04:20.094  4253  4303 W AppInitScheduler|Run: Running SDBInitializer, order=19, priorityHint=null 
07-09 16:04:20.094  4253  4302 W AppInitScheduler|Run:   Finished DirectBootstrapInitializer in 0ms
07-09 16:04:20.094  4253  4302 W AppInitScheduler|Run: Running PLogConfigSyncInitializer, order=117, priorityHint=null 
07-09 16:04:20.094  4253  4305 W AppInitScheduler|Run:   Finished ShareToFeedInitializer in 2ms
07-09 16:04:20.094  4253  4303 W AppInitScheduler|Run:   Finished SDBInitializer in 0ms
07-09 16:04:20.094  4253  4302 W AppInitScheduler|Run:   Finished PLogConfigSyncInitializer in 1ms
07-09 16:04:20.094   695   695 E TlcKM   : lookup_operation: op 0x4e7d62c96641dcad not found
07-09 16:04:20.094   695   695 E TlcKM   : lookup_operation(session, operation_handle, &op) == -28
07-09 16:04:20.094  4253  4310 W AppInitScheduler|Run:   Finished FeedCacheInitializer in 3ms
07-09 16:04:20.096  4253  4308 W AppInitScheduler|Run:   Finished AppBackgroundListenerInitializer in 5ms
07-09 16:04:20.097  4253  4300 W AppInitScheduler|Run:   Finished ReelsCacheInitializer in 5ms
07-09 16:04:20.100  4253  4307 W AppInitScheduler|Run:   Finished InstagramPluginInitializer in 7ms
07-09 16:04:20.100  4253  4307 W AppInitScheduler|Schedule:   Executing 23:AnalyticsInitializer
07-09 16:04:20.100  4253  4307 W AppInitScheduler|Run: Running AnalyticsInitializer, order=50, priorityHint=null 
07-09 16:04:20.109   695   695 E TlcKM   : lookup_operation: op 0x91b56a866ed90eb6 not found
07-09 16:04:20.109   695   695 E TlcKM   : lookup_operation(session, operation_handle, &op) == -28
07-09 16:04:20.117  4253  4294 W LogPrintlnFixie: Hook disabled by config
07-09 16:04:20.121  4253  4307 W SoLoader: SoLoader already initialized
07-09 16:04:20.125  4253  4307 W AppInitScheduler|Run:   Finished AnalyticsInitializer in 26ms
07-09 16:04:20.125  4253  4307 W AppInitScheduler|Schedule:   Executing 93:SessionScopedProviderInitializer
07-09 16:04:20.125  4253  4307 W AppInitScheduler|Run: Running SessionScopedProviderInitializer, order=76, priorityHint=null 
07-09 16:04:20.125  4253  4370 W SoLoader: SoLoader already initialized
07-09 16:04:20.125  4253  4314 W SessionScopedProviderInitializer: Initialize com.instagram.preferences.user.UserSessionStart start
07-09 16:04:20.125  4253  4338 W SessionScopedProviderInitializer: Initialize com.facebook.codecmanagement.factory.instagram.IgSessionAwareManagedCodecPoolSingleton start
07-09 16:04:20.125  4253  4304 W SessionScopedProviderInitializer: Initialize com.facebook.mobileboost.apps.instagram.BoostSessionScopedUpdater start
07-09 16:04:20.126  4253  4326 W SessionScopedProviderInitializer: Initialize com.instagram.fxcache.fetainfo.UserSessionStart start
07-09 16:04:20.126  4253  4304 W SessionScopedProviderInitializer: Initialize com.facebook.mobileboost.apps.instagram.BoostSessionScopedUpdater end
07-09 16:04:20.126  4253  4314 W SessionScopedProviderInitializer: Initialize com.instagram.preferences.user.UserSessionStart end
07-09 16:04:20.126  4253  4338 W SessionScopedProviderInitializer: Initialize com.facebook.codecmanagement.factory.instagram.IgSessionAwareManagedCodecPoolSingleton end
07-09 16:04:20.126  4253  4312 W SessionScopedProviderInitializer: Initialize com.instagram.ui.widget.keyboardlistenerprovider.KeyboardChangeDetectorProvider.SessionStartHook start
07-09 16:04:20.126  4253  4314 W SessionScopedProviderInitializer: Initialize com.facebook.papaya.fb.instagram.lightweight.UserSessionStart start
07-09 16:04:20.126  4253  4304 W SessionScopedProviderInitializer: Initialize com.facebook.papaya.fb.instagram.UserSessionStart start
07-09 16:04:20.126  4253  4314 W SessionScopedProviderInitializer: Initialize com.facebook.papaya.fb.instagram.lightweight.UserSessionStart end
07-09 16:04:20.126  4253  4312 W SessionScopedProviderInitializer: Initialize com.instagram.ui.widget.keyboardlistenerprovider.KeyboardChangeDetectorProvider.SessionStartHook end
07-09 16:04:20.126  4253  4304 W SessionScopedProviderInitializer: Initialize com.facebook.papaya.fb.instagram.UserSessionStart end
07-09 16:04:20.126  4253  4314 W SessionScopedProviderInitializer: Initialize com.instagram.audio.AudioFocusUserSessionStart start
07-09 16:04:20.126  4253  4304 W SessionScopedProviderInitializer: Initialize com.instagram.analytics.videoqpl.UserSessionStart start
07-09 16:04:20.126  4253  4312 W SessionScopedProviderInitializer: Initialize com.instagram.model.sponsored.UserSessionStart start
07-09 16:04:20.126  4253  4312 W SessionScopedProviderInitializer: Initialize com.instagram.model.sponsored.UserSessionStart end
07-09 16:04:20.126  4253  4304 W SessionScopedProviderInitializer: Initialize com.instagram.analytics.videoqpl.UserSessionStart end
07-09 16:04:20.126  4253  4307 W FrscLanguagePack: FRSC English string not found for ID #0x7f130223
07-09 16:04:20.126  4253  4304 W SessionScopedProviderInitializer: Initialize com.instagram.video.player.common.VideoBoundaryTestHelper start
07-09 16:04:20.126  4253  4338 W SessionScopedProviderInitializer: Initialize com.instagram.video.player.hero.IgHeroServiceController.IgHeroServiceControllerInitializerProvider start
07-09 16:04:20.126  4253  4307 W FrscLanguagePack: FRSC English string not found for ID #0x7f130222
07-09 16:04:20.126  4253  4304 W SessionScopedProviderInitializer: Initialize com.instagram.video.player.common.VideoBoundaryTestHelper end
07-09 16:04:20.126  4253  4304 W SessionScopedProviderInitializer: Initialize com.instagram.prefetch.PrefetchScheduler.PrefetchSchedulerInitializerProvider start
07-09 16:04:20.126  4253  4312 W SessionScopedProviderInitializer: Initialize com.instagram.api.tigon.appnetsessionid.igsessionidgenerator.UserSessionStart start
