07-09 16:04:20.623 22677 22778 E msys    : E[N mns:TigonMNS]_OnResolverSuccess(359)=>Cache refresh succeeded with system DNS resolver. IP count: 1
07-09 16:04:20.623 22677 22778 E msys    : E[N mns:TigonMNS]_OnResolverSuccess(359)=>Cache refresh succeeded with system DNS resolver. IP count: 1
07-09 16:04:20.624  1916  3655 W ActivityManager: Background start not allowed: service Intent { act=Orca.START xflg=0x4 cmp=com.instagram.barcelona/com.facebook.rti.pushv2.inapp.InappFbnsService (has extras) } to com.instagram.barcelona/com.facebook.rti.pushv2.inapp.InappFbnsService from pid=22677 uid=10241 pkg=com.instagram.barcelona startFg?=false
07-09 16:04:20.624 22677 22677 W RtiGracefulSystemMethodHelper: [AI] Failed to start service due to IllegalStateException on Android O
07-09 16:04:20.624 22677 22677 W RtiGracefulSystemMethodHelper: android.app.BackgroundServiceStartNotAllowedException: Not allowed to start service Intent { act=Orca.START xflg=0x4 cmp=com.instagram.barcelona/com.facebook.rti.pushv2.inapp.InappFbnsService (has extras) }: app is in background uid UidRecord{355c8ea u0a241 RCVR bg:+54m59s480ms idle change:uncachedprocstateprocadj procs:0 seq(1379268,1379268)} caps=-------T
07-09 16:04:20.624 22677 22677 W RtiGracefulSystemMethodHelper: 	at android.app.ContextImpl.startServiceCommon(ContextImpl.java:2048)
07-09 16:04:20.624 22677 22677 W RtiGracefulSystemMethodHelper: 	at android.app.ContextImpl.startService(ContextImpl.java:2003)
07-09 16:04:20.624 22677 22677 W RtiGracefulSystemMethodHelper: 	at android.content.ContextWrapper.startService(ContextWrapper.java:855)
07-09 16:04:20.624 22677 22677 W RtiGracefulSystemMethodHelper: 	at X.03iW.EQw(:29)
07-09 16:04:20.624 22677 22677 W RtiGracefulSystemMethodHelper: 	at X.03iO.A00(:11)
07-09 16:04:20.624 22677 22677 W RtiGracefulSystemMethodHelper: 	at X.03hF.D0L(:397)
07-09 16:04:20.624 22677 22677 W RtiGracefulSystemMethodHelper: 	at com.instagram.push.FbnsInitBroadcastReceiver.onReceive(:307)
07-09 16:04:20.624 22677 22677 W RtiGracefulSystemMethodHelper: 	at android.app.ActivityThread.handleReceiver(ActivityThread.java:5141)
07-09 16:04:20.624 22677 22677 W RtiGracefulSystemMethodHelper: 	at android.app.ActivityThread.-$$Nest$mhandleReceiver(ActivityThread.java:0)
07-09 16:04:20.624 22677 22677 W RtiGracefulSystemMethodHelper: 	at android.app.ActivityThread$H.handleMessage(ActivityThread.java:2653)
07-09 16:04:20.624 22677 22677 W RtiGracefulSystemMethodHelper: 	at android.os.Handler.dispatchMessage(Handler.java:110)
07-09 16:04:20.624 22677 22677 W RtiGracefulSystemMethodHelper: 	at android.os.Looper.loopOnce(Looper.java:283)
07-09 16:04:20.624 22677 22677 W RtiGracefulSystemMethodHelper: 	at android.os.Looper.loop(Looper.java:392)
07-09 16:04:20.624 22677 22677 W RtiGracefulSystemMethodHelper: 	at android.app.ActivityThread.main(ActivityThread.java:9231)
07-09 16:04:20.624 22677 22677 W RtiGracefulSystemMethodHelper: 	at java.lang.reflect.Method.invoke(Native Method)
07-09 16:04:20.624 22677 22677 W RtiGracefulSystemMethodHelper: 	at com.android.internal.os.RuntimeInit$MethodAndArgsCaller.run(RuntimeInit.java:633)
07-09 16:04:20.624 22677 22677 W RtiGracefulSystemMethodHelper: 	at com.android.internal.os.ZygoteInit.main(ZygoteInit.java:1026)
07-09 16:04:20.626  1214  4547 I resolv  : res_nsend: used send_dg 104 terrno: 0
07-09 16:04:20.627  1214  4547 I resolv  : doQuery: rcode=0, ancount=1, return value=104
07-09 16:04:20.628  4253  4405 E IdleQueuePayloadBasedServiceLayer: Request empty, but still some servings left: 15
07-09 16:04:20.632  1243  1243 I hwcomposer: [HWCDisplay] [Display_0 (type:1, mode:2)] fps:0.159548,dur:18803.17,max:18719.80,min:8.06  
07-09 16:04:20.634  4253  4407 E IdleQueuePayloadBasedServiceLayer: Request empty, but still some servings left: -15
07-09 16:04:20.635 22677 22897 I DGW     : I[onStreamGroupError:672] DGW: StreamGroup error: TransientError domain: MNSQUICConnection code: 1 detail: Local error: 0x40000015: 30 seconds timeout
07-09 16:04:20.636 22677 22897 I DGW     : I[clearStream:302] DGW: Clearing stream coordinators
07-09 16:04:20.636 22677 22897 I DGW     : I[closeStream:352] DGW: Closing stream: streamId=1, reason=StreamCoordinator destroyed
07-09 16:04:20.636 22677 22897 I DGW     : I[startNewStream:257] DGW: Starting new stream, traceId=400573431814510841583909583017_621
07-09 16:04:20.636 22677 22897 I DGW     : I[start:39] DGW: StreamGroup starting: traceId=400573431814510841583909583017_621, service=rpsignaling
07-09 16:04:20.636 22677 22878 W DGW     : W[setEnabled:191] StreamGroupPinger[lightspeed]: setEnabled: 1
07-09 16:04:20.636 22677 22897 W DGW     : W[setEnabled:191] StreamGroupPinger[rpsignaling]: setEnabled: 0
07-09 16:04:20.637 22677 22897 I DGW     : I[addStreamCoordinator:211] DGW: Adding stream coordinator (DC)
07-09 16:04:20.637 22677 22897 I DGW     : I[establishStream:289] DGW: Establishing stream: streamId=1
07-09 16:04:20.637 22677 22897 I DGW     : I[establishStream:96] DGW: StreamGroup establishing stream: traceId=1
07-09 16:04:20.637 22677 22897 I DGW     : I[onConnecting:182] DGW: StreamGroup connecting: traceId=400573431814510841583909583017_621_1
07-09 16:04:20.641 22677 22897 W DGW     : W[setEnabled:191] StreamGroupPinger[rpsignaling]: setEnabled: 1
07-09 16:04:20.642 22677 22897 I DGW     : I[onStreamReady:587] DGW: Stream ready, streamId: 1
07-09 16:04:20.644  1214  4548 I resolv  : GetAddrInfoHandler::run: {127 127 127 983167 10241 0}
07-09 16:04:20.645  1214  4549 I resolv  : res_nmkquery: (QUERY, IN, A)
07-09 16:04:20.645  1214  4549 I resolv  : resolv_cache_lookup: FOUND IN CACHE entry=0xb400007ab252bf90
07-09 16:04:20.645  1214  4549 I resolv  : doQuery: rcode=0, ancount=2, return value=78
07-09 16:04:20.649 22677 22778 E msys    : E[N mns:TigonMNS]_OnResolverSuccess(359)=>Cache refresh succeeded with system DNS resolver. IP count: 1
07-09 16:04:20.652 22677 23034 E soft_error.cpp: [pando::graphql::ast::readerFragmentForHash()] : Could not find root reader fragment with hash -2048421557
07-09 16:04:20.679  1214  4553 I resolv  : GetAddrInfoHandler::run: {127 127 127 983167 10241 0}
07-09 16:04:20.680  1214  4554 I resolv  : res_nmkquery: (QUERY, IN, A)
07-09 16:04:20.680  1214  4554 I resolv  : resolv_cache_lookup: FOUND IN CACHE entry=0xb400007ab252f330
07-09 16:04:20.680  1214  4554 I resolv  : doQuery: rcode=0, ancount=2, return value=82
07-09 16:04:20.681  4253  4256 W stagram.android: Missing inline cache for java.lang.Object X.04Iz.unsafeParseFromJson(X.03Xd)
07-09 16:04:20.682  4253  4256 W stagram.android: Missing inline cache for java.lang.Object X.04Iz.unsafeParseFromJson(X.03Xd)
07-09 16:04:20.682  4253  4256 W stagram.android: Missing inline cache for java.lang.Object X.04Iz.unsafeParseFromJson(X.03Xd)
07-09 16:04:20.682 22677 22778 E msys    : E[N mns:TigonMNS]_OnResolverSuccess(359)=>Cache refresh succeeded with system DNS resolver. IP count: 1
07-09 16:04:20.684  4253  4256 W stagram.android: Missing inline cache for java.lang.Object X.04Iz.unsafeParseFromJson(X.03Xd)
07-09 16:04:20.684  4253  4256 W stagram.android: Missing inline cache for java.lang.Object X.04Iz.unsafeParseFromJson(X.03Xd)
07-09 16:04:20.684  4253  4256 W stagram.android: Missing inline cache for java.lang.Object X.04Iz.unsafeParseFromJson(X.03Xd)
07-09 16:04:20.684  4253  4256 W stagram.android: Missing inline cache for java.lang.Object X.04Iz.unsafeParseFromJson(X.03Xd)
07-09 16:04:20.685  4253  4256 W stagram.android: Missing inline cache for java.lang.Object X.04Iz.unsafeParseFromJson(X.03Xd)
07-09 16:04:20.685  4253  4256 W stagram.android: Missing inline cache for java.lang.Object X.04Iz.unsafeParseFromJson(X.03Xd)
07-09 16:04:20.685  4253  4256 W stagram.android: Missing inline cache for java.lang.Object X.04Iz.unsafeParseFromJson(X.03Xd)
07-09 16:04:20.685  4253  4256 W stagram.android: Missing inline cache for java.lang.Object X.04Iz.unsafeParseFromJson(X.03Xd)
07-09 16:04:20.685  4253  4256 W stagram.android: Missing inline cache for java.lang.Object X.04Iz.unsafeParseFromJson(X.03Xd)
07-09 16:04:20.685  4253  4256 W stagram.android: Missing inline cache for java.lang.Object X.04Iz.unsafeParseFromJson(X.03Xd)
07-09 16:04:20.686  4253  4256 W stagram.android: Missing inline cache for java.lang.Object X.04Iz.unsafeParseFromJson(X.03Xd)
07-09 16:04:20.686  4253  4256 W stagram.android: Missing inline cache for java.lang.Object X.04Iz.unsafeParseFromJson(X.03Xd)
07-09 16:04:20.686  4253  4256 W stagram.android: Missing inline cache for java.lang.Object X.04Iz.unsafeParseFromJson(X.03Xd)
07-09 16:04:20.686  4253  4256 W stagram.android: Missing inline cache for java.lang.Object X.04Iz.unsafeParseFromJson(X.03Xd)
07-09 16:04:20.686  4253  4256 W stagram.android: Missing inline cache for java.lang.Object X.04Iz.unsafeParseFromJson(X.03Xd)
07-09 16:04:20.686  4253  4256 W stagram.android: Missing inline cache for java.lang.Object X.04Iz.unsafeParseFromJson(X.03Xd)
07-09 16:04:20.686  4253  4256 W stagram.android: Missing inline cache for java.lang.Object X.04Iz.unsafeParseFromJson(X.03Xd)
07-09 16:04:20.687  4253  4256 W stagram.android: Missing inline cache for java.lang.Object X.04Iz.unsafeParseFromJson(X.03Xd)
07-09 16:04:20.687  4253  4256 W stagram.android: Missing inline cache for java.lang.Object X.04Iz.unsafeParseFromJson(X.03Xd)
07-09 16:04:20.687  4253  4256 W stagram.android: Missing inline cache for java.lang.Object X.04Iz.unsafeParseFromJson(X.03Xd)
07-09 16:04:20.687  4253  4256 W stagram.android: Missing inline cache for java.lang.Object X.04Iz.unsafeParseFromJson(X.03Xd)
07-09 16:04:20.687  4253  4256 W stagram.android: Missing inline cache for java.lang.Object X.04Iz.unsafeParseFromJson(X.03Xd)
07-09 16:04:20.687  4253  4256 W stagram.android: Missing inline cache for java.lang.Object X.04Iz.unsafeParseFromJson(X.03Xd)
07-09 16:04:20.688  4253  4256 W stagram.android: Missing inline cache for java.lang.Object X.04Iz.unsafeParseFromJson(X.03Xd)
07-09 16:04:20.688  4253  4256 W stagram.android: Missing inline cache for java.lang.Object X.04Iz.unsafeParseFromJson(X.03Xd)
07-09 16:04:20.688  4253  4256 W stagram.android: Missing inline cache for java.lang.Object X.04Iz.unsafeParseFromJson(X.03Xd)
07-09 16:04:20.688  4253  4256 W stagram.android: Missing inline cache for java.lang.Object X.04Iz.unsafeParseFromJson(X.03Xd)
07-09 16:04:20.688  4253  4256 W stagram.android: Missing inline cache for java.lang.Object X.04Iz.unsafeParseFromJson(X.03Xd)
07-09 16:04:20.688  4253  4256 W stagram.android: Missing inline cache for java.lang.Object X.04Iz.unsafeParseFromJson(X.03Xd)
07-09 16:04:20.688  4253  4256 W stagram.android: Missing inline cache for java.lang.Object X.04Iz.unsafeParseFromJson(X.03Xd)
07-09 16:04:20.688  4253  4256 W stagram.android: Missing inline cache for java.lang.Object X.04Iz.unsafeParseFromJson(X.03Xd)
07-09 16:04:20.689  4253  4256 W stagram.android: Missing inline cache for java.lang.Object X.04Iz.unsafeParseFromJson(X.03Xd)
07-09 16:04:20.689  4253  4256 W stagram.android: Missing inline cache for java.lang.Object X.04Iz.unsafeParseFromJson(X.03Xd)
07-09 16:04:20.689  4253  4256 W stagram.android: Missing inline cache for java.lang.Object X.04Iz.unsafeParseFromJson(X.03Xd)
07-09 16:04:20.689  4253  4256 W stagram.android: Missing inline cache for java.lang.Object X.04Iz.unsafeParseFromJson(X.03Xd)
07-09 16:04:20.689  4253  4256 W stagram.android: Missing inline cache for java.lang.Object X.04Iz.unsafeParseFromJson(X.03Xd)
07-09 16:04:20.689  4253  4256 W stagram.android: Missing inline cache for java.lang.Object X.04Iz.unsafeParseFromJson(X.03Xd)
07-09 16:04:20.689  4253  4256 W stagram.android: Missing inline cache for java.lang.Object X.04Iz.unsafeParseFromJson(X.03Xd)
07-09 16:04:20.690  4253  4256 W stagram.android: Missing inline cache for java.lang.Object X.04Iz.unsafeParseFromJson(X.03Xd)
07-09 16:04:20.690  4253  4256 W stagram.android: Missing inline cache for java.lang.Object X.04Iz.unsafeParseFromJson(X.03Xd)
07-09 16:04:20.690  4253  4256 W stagram.android: Missing inline cache for java.lang.Object X.04Iz.unsafeParseFromJson(X.03Xd)
07-09 16:04:20.690  4253  4256 W stagram.android: Missing inline cache for java.lang.Object X.04Iz.unsafeParseFromJson(X.03Xd)
07-09 16:04:20.690  4253  4256 W stagram.android: Missing inline cache for java.lang.Object X.04Iz.unsafeParseFromJson(X.03Xd)
07-09 16:04:20.690  4253  4256 W stagram.android: Missing inline cache for java.lang.Object X.04Iz.unsafeParseFromJson(X.03Xd)
07-09 16:04:20.691  4253  4256 W stagram.android: Missing inline cache for java.lang.Object X.04Iz.unsafeParseFromJson(X.03Xd)
07-09 16:04:20.691  4253  4256 W stagram.android: Missing inline cache for java.lang.Object X.04Iz.unsafeParseFromJson(X.03Xd)
07-09 16:04:20.691  4253  4256 W stagram.android: Missing inline cache for java.lang.Object X.04Iz.unsafeParseFromJson(X.03Xd)
07-09 16:04:20.691  4253  4256 W stagram.android: Missing inline cache for java.lang.Object X.04Iz.unsafeParseFromJson(X.03Xd)
07-09 16:04:20.691  4253  4256 W stagram.android: Missing inline cache for java.lang.Object X.04Iz.unsafeParseFromJson(X.03Xd)
07-09 16:04:20.691  4253  4256 W stagram.android: Missing inline cache for java.lang.Object X.04Iz.unsafeParseFromJson(X.03Xd)
07-09 16:04:20.692  4253  4256 W stagram.android: Missing inline cache for java.lang.Object X.04Iz.unsafeParseFromJson(X.03Xd)
07-09 16:04:20.692  4253  4256 W stagram.android: Missing inline cache for java.lang.Object X.04Iz.unsafeParseFromJson(X.03Xd)
07-09 16:04:20.692  4253  4256 W stagram.android: Missing inline cache for java.lang.Object X.04Iz.unsafeParseFromJson(X.03Xd)
07-09 16:04:20.692  4253  4256 W stagram.android: Missing inline cache for java.lang.Object X.04Iz.unsafeParseFromJson(X.03Xd)
07-09 16:04:20.692  4253  4256 W stagram.android: Missing inline cache for java.lang.Object X.04Iz.unsafeParseFromJson(X.03Xd)
07-09 16:04:20.692  4253  4256 W stagram.android: Missing inline cache for java.lang.Object X.04Iz.unsafeParseFromJson(X.03Xd)
07-09 16:04:20.693  4253  4256 W stagram.android: Missing inline cache for java.lang.Object X.04Iz.unsafeParseFromJson(X.03Xd)
07-09 16:04:20.693  4253  4256 W stagram.android: Missing inline cache for java.lang.Object X.04Iz.unsafeParseFromJson(X.03Xd)
07-09 16:04:20.693  4253  4256 W stagram.android: Missing inline cache for java.lang.Object X.04Iz.unsafeParseFromJson(X.03Xd)
07-09 16:04:20.693  4253  4256 W stagram.android: Missing inline cache for java.lang.Object X.04Iz.unsafeParseFromJson(X.03Xd)
07-09 16:04:20.693  4253  4256 W stagram.android: Missing inline cache for java.lang.Object X.04Iz.unsafeParseFromJson(X.03Xd)
07-09 16:04:20.694  4253  4256 W stagram.android: Missing inline cache for java.lang.Object X.04Iz.unsafeParseFromJson(X.03Xd)
07-09 16:04:20.694  4253  4256 W stagram.android: Missing inline cache for java.lang.Object X.04Iz.unsafeParseFromJson(X.03Xd)
07-09 16:04:20.694  4253  4256 W stagram.android: Missing inline cache for java.lang.Object X.04Iz.unsafeParseFromJson(X.03Xd)
07-09 16:04:20.694  4253  4256 W stagram.android: Missing inline cache for java.lang.Object X.04Iz.unsafeParseFromJson(X.03Xd)
07-09 16:04:20.694  4253  4256 W stagram.android: Missing inline cache for java.lang.Object X.04Iz.unsafeParseFromJson(X.03Xd)
07-09 16:04:20.694  4253  4256 W stagram.android: Missing inline cache for java.lang.Object X.04Iz.unsafeParseFromJson(X.03Xd)
07-09 16:04:20.695  4253  4256 W stagram.android: Missing inline cache for java.lang.Object X.04Iz.unsafeParseFromJson(X.03Xd)
07-09 16:04:20.695  4253  4256 W stagram.android: Missing inline cache for java.lang.Object X.04Iz.unsafeParseFromJson(X.03Xd)
07-09 16:04:20.695  4253  4256 W stagram.android: Missing inline cache for java.lang.Object X.04Iz.unsafeParseFromJson(X.03Xd)
07-09 16:04:20.695  4253  4256 W stagram.android: Missing inline cache for java.lang.Object X.04Iz.unsafeParseFromJson(X.03Xd)
07-09 16:04:20.695  4253  4256 W stagram.android: Missing inline cache for java.lang.Object X.04Iz.unsafeParseFromJson(X.03Xd)
07-09 16:04:20.695  4253  4256 W stagram.android: Missing inline cache for java.lang.Object X.04Iz.unsafeParseFromJson(X.03Xd)
07-09 16:04:20.696  4253  4256 W stagram.android: Missing inline cache for java.lang.Object X.04Iz.unsafeParseFromJson(X.03Xd)
07-09 16:04:20.696  4253  4256 W stagram.android: Missing inline cache for java.lang.Object X.04Iz.unsafeParseFromJson(X.03Xd)
07-09 16:04:20.696  4253  4256 W stagram.android: Missing inline cache for java.lang.Object X.04Iz.unsafeParseFromJson(X.03Xd)
07-09 16:04:20.696  4253  4256 W stagram.android: Missing inline cache for java.lang.Object X.04Iz.unsafeParseFromJson(X.03Xd)
07-09 16:04:20.696  4253  4256 W stagram.android: Missing inline cache for java.lang.Object X.04Iz.unsafeParseFromJson(X.03Xd)
07-09 16:04:20.697  4253  4256 W stagram.android: Missing inline cache for java.lang.Object X.04Iz.unsafeParseFromJson(X.03Xd)
07-09 16:04:20.697  4253  4256 W stagram.android: Missing inline cache for java.lang.Object X.04Iz.unsafeParseFromJson(X.03Xd)
07-09 16:04:20.697  4253  4256 W stagram.android: Missing inline cache for java.lang.Object X.04Iz.unsafeParseFromJson(X.03Xd)
07-09 16:04:20.697  4253  4256 W stagram.android: Missing inline cache for java.lang.Object X.04Iz.unsafeParseFromJson(X.03Xd)
07-09 16:04:20.697  4253  4256 W stagram.android: Missing inline cache for java.lang.Object X.04Iz.unsafeParseFromJson(X.03Xd)
07-09 16:04:20.697  4253  4256 W stagram.android: Missing inline cache for java.lang.Object X.04Iz.unsafeParseFromJson(X.03Xd)
07-09 16:04:20.698  4253  4256 W stagram.android: Missing inline cache for java.lang.Object X.04Iz.unsafeParseFromJson(X.03Xd)
07-09 16:04:20.698  4253  4256 W stagram.android: Missing inline cache for java.lang.Object X.04Iz.unsafeParseFromJson(X.03Xd)
07-09 16:04:20.698  4253  4256 W stagram.android: Missing inline cache for java.lang.Object X.04Iz.unsafeParseFromJson(X.03Xd)
07-09 16:04:20.698  4253  4256 W stagram.android: Missing inline cache for java.lang.Object X.04Iz.unsafeParseFromJson(X.03Xd)
07-09 16:04:20.698  4253  4256 W stagram.android: Missing inline cache for java.lang.Object X.04Iz.unsafeParseFromJson(X.03Xd)
07-09 16:04:20.698  4253  4256 W stagram.android: Missing inline cache for java.lang.Object X.04Iz.unsafeParseFromJson(X.03Xd)
07-09 16:04:20.699  4253  4256 W stagram.android: Missing inline cache for java.lang.Object X.04Iz.unsafeParseFromJson(X.03Xd)
07-09 16:04:20.699  4253  4256 W stagram.android: Missing inline cache for java.lang.Object X.04Iz.unsafeParseFromJson(X.03Xd)
07-09 16:04:20.699  4253  4256 W stagram.android: Missing inline cache for java.lang.Object X.04Iz.unsafeParseFromJson(X.03Xd)
07-09 16:04:20.699  4253  4256 W stagram.android: Missing inline cache for java.lang.Object X.04Iz.unsafeParseFromJson(X.03Xd)
07-09 16:04:20.699  4253  4256 W stagram.android: Missing inline cache for java.lang.Object X.04Iz.unsafeParseFromJson(X.03Xd)
07-09 16:04:20.699  4253  4256 W stagram.android: Missing inline cache for java.lang.Object X.04Iz.unsafeParseFromJson(X.03Xd)
07-09 16:04:20.700  4253  4256 W stagram.android: Missing inline cache for java.lang.Object X.04Iz.unsafeParseFromJson(X.03Xd)
07-09 16:04:20.700  4253  4256 W stagram.android: Missing inline cache for java.lang.Object X.04Iz.unsafeParseFromJson(X.03Xd)
07-09 16:04:20.700  4253  4256 W stagram.android: Missing inline cache for java.lang.Object X.04Iz.unsafeParseFromJson(X.03Xd)
07-09 16:04:20.700  4253  4256 W stagram.android: Missing inline cache for java.lang.Object X.04Iz.unsafeParseFromJson(X.03Xd)
07-09 16:04:20.700  4253  4256 W stagram.android: Missing inline cache for java.lang.Object X.04Iz.unsafeParseFromJson(X.03Xd)
07-09 16:04:20.700  4253  4256 W stagram.android: Missing inline cache for java.lang.Object X.04Iz.unsafeParseFromJson(X.03Xd)
07-09 16:04:20.700  4253  4256 W stagram.android: Missing inline cache for java.lang.Object X.04Iz.unsafeParseFromJson(X.03Xd)
07-09 16:04:20.700  4253  4256 W stagram.android: Missing inline cache for java.lang.Object X.04Iz.unsafeParseFromJson(X.03Xd)
07-09 16:04:20.701  4253  4256 W stagram.android: Missing inline cache for java.lang.Object X.04Iz.unsafeParseFromJson(X.03Xd)
07-09 16:04:20.701  4253  4256 W stagram.android: Missing inline cache for java.lang.Object X.04Iz.unsafeParseFromJson(X.03Xd)
07-09 16:04:20.701  4253  4256 W stagram.android: Missing inline cache for java.lang.Object X.04Iz.unsafeParseFromJson(X.03Xd)
07-09 16:04:20.701  4253  4256 W stagram.android: Missing inline cache for java.lang.Object X.04Iz.unsafeParseFromJson(X.03Xd)
07-09 16:04:20.701  4253  4256 W stagram.android: Missing inline cache for java.lang.Object X.04Iz.unsafeParseFromJson(X.03Xd)
07-09 16:04:20.701  4253  4256 W stagram.android: Missing inline cache for java.lang.Object X.04Iz.unsafeParseFromJson(X.03Xd)
07-09 16:04:20.702  4253  4256 W stagram.android: Missing inline cache for java.lang.Object X.04Iz.unsafeParseFromJson(X.03Xd)
07-09 16:04:20.702  4253  4256 W stagram.android: Missing inline cache for java.lang.Object X.04Iz.unsafeParseFromJson(X.03Xd)
07-09 16:04:20.702  4253  4256 W stagram.android: Missing inline cache for java.lang.Object X.04Iz.unsafeParseFromJson(X.03Xd)
07-09 16:04:20.702  4253  4256 W stagram.android: Missing inline cache for java.lang.Object X.04Iz.unsafeParseFromJson(X.03Xd)
07-09 16:04:20.702  4253  4256 W stagram.android: Missing inline cache for java.lang.Object X.04Iz.unsafeParseFromJson(X.03Xd)
07-09 16:04:20.702  4253  4256 W stagram.android: Missing inline cache for java.lang.Object X.04Iz.unsafeParseFromJson(X.03Xd)
07-09 16:04:20.703  4253  4256 W stagram.android: Missing inline cache for java.lang.Object X.04Iz.unsafeParseFromJson(X.03Xd)
07-09 16:04:20.703  4253  4256 W stagram.android: Missing inline cache for java.lang.Object X.04Iz.unsafeParseFromJson(X.03Xd)
07-09 16:04:20.703  4253  4256 W stagram.android: Missing inline cache for java.lang.Object X.04Iz.unsafeParseFromJson(X.03Xd)
07-09 16:04:20.703  4253  4256 W stagram.android: Missing inline cache for java.lang.Object X.04Iz.unsafeParseFromJson(X.03Xd)
07-09 16:04:20.703  4253  4256 W stagram.android: Missing inline cache for java.lang.Object X.04Iz.unsafeParseFromJson(X.03Xd)
07-09 16:04:20.703  4253  4256 W stagram.android: Missing inline cache for java.lang.Object X.04Iz.unsafeParseFromJson(X.03Xd)
07-09 16:04:20.704  4253  4256 W stagram.android: Missing inline cache for java.lang.Object X.04Iz.unsafeParseFromJson(X.03Xd)
07-09 16:04:20.704  4253  4256 W stagram.android: Missing inline cache for java.lang.Object X.04Iz.unsafeParseFromJson(X.03Xd)
07-09 16:04:20.704  4253  4256 W stagram.android: Missing inline cache for java.lang.Object X.04Iz.unsafeParseFromJson(X.03Xd)
07-09 16:04:20.704  4253  4256 W stagram.android: Missing inline cache for java.lang.Object X.04Iz.unsafeParseFromJson(X.03Xd)
07-09 16:04:20.704  4253  4256 W stagram.android: Missing inline cache for java.lang.Object X.04Iz.unsafeParseFromJson(X.03Xd)
07-09 16:04:20.704  4253  4256 W stagram.android: Missing inline cache for java.lang.Object X.04Iz.unsafeParseFromJson(X.03Xd)
07-09 16:04:20.705  4253  4256 W stagram.android: Missing inline cache for java.lang.Object X.04Iz.unsafeParseFromJson(X.03Xd)
07-09 16:04:20.705  4253  4256 W stagram.android: Missing inline cache for java.lang.Object X.04Iz.unsafeParseFromJson(X.03Xd)
07-09 16:04:20.705  4253  4256 W stagram.android: Missing inline cache for java.lang.Object X.04Iz.unsafeParseFromJson(X.03Xd)
07-09 16:04:20.705  4253  4256 W stagram.android: Missing inline cache for java.lang.Object X.04Iz.unsafeParseFromJson(X.03Xd)
07-09 16:04:20.705  4253  4256 W stagram.android: Missing inline cache for java.lang.Object X.04Iz.unsafeParseFromJson(X.03Xd)
07-09 16:04:20.705  4253  4256 W stagram.android: Missing inline cache for java.lang.Object X.04Iz.unsafeParseFromJson(X.03Xd)
07-09 16:04:20.705  4253  4256 W stagram.android: Missing inline cache for java.lang.Object X.04Iz.unsafeParseFromJson(X.03Xd)
07-09 16:04:20.706  4253  4256 W stagram.android: Missing inline cache for java.lang.Object X.04Iz.unsafeParseFromJson(X.03Xd)
07-09 16:04:20.706  4253  4256 W stagram.android: Missing inline cache for java.lang.Object X.04Iz.unsafeParseFromJson(X.03Xd)
07-09 16:04:20.706  4253  4256 W stagram.android: Missing inline cache for java.lang.Object X.04Iz.unsafeParseFromJson(X.03Xd)
07-09 16:04:20.706  4253  4256 W stagram.android: Missing inline cache for java.lang.Object X.04Iz.unsafeParseFromJson(X.03Xd)
07-09 16:04:20.706  4253  4256 W stagram.android: Missing inline cache for java.lang.Object X.04Iz.unsafeParseFromJson(X.03Xd)
07-09 16:04:20.706  4253  4256 W stagram.android: Missing inline cache for java.lang.Object X.04Iz.unsafeParseFromJson(X.03Xd)
07-09 16:04:20.706  4253  4256 W stagram.android: Missing inline cache for java.lang.Object X.04Iz.unsafeParseFromJson(X.03Xd)
07-09 16:04:20.709  4253  4256 I stagram.android: Method exceeds compiler instruction limit: 18290 in com.instagram.user.model.User X.02a5.A02(com.instagram.common.session.UserSession, X.04yt, java.lang.String, java.util.AbstractMap, int, int, int)
07-09 16:04:20.724   695   695 E TlcKM   : lookup_operation: op 0x93dcbda6d3bf8483 not found
07-09 16:04:20.724   695   695 E TlcKM   : lookup_operation(session, operation_handle, &op) == -28
07-09 16:04:20.770 22677 22897 W DGW     : W[onSuccessfulResponse:942] StreamGroupTransport[rpsignaling] on successful response. DGW is now connected.
07-09 16:04:20.770  4253  4256 I stagram.android: Method exceeds compiler instruction limit: 18290 in com.instagram.user.model.User X.02a5.A02(com.instagram.common.session.UserSession, X.04yt, java.lang.String, java.util.AbstractMap, int, int, int)
07-09 16:04:20.770 22677 22897 I DGW     : I[onStreamGroupCreation:721] DGW: StreamGroup ready
07-09 16:04:20.778  4253  4431 W DirectSQLiteDiskIO: Retrieving the inbox from SQLite took 277 ms
07-09 16:04:20.796  4253  4295 W DirectSQLiteDiskIO: retrieveRemainingInboxFromDisk
07-09 16:04:20.799  4253  4295 W DirectSQLiteDiskIO: Fetched 5 raw threads and 15 messages from disk for mode = null, load stage=_remaining_load, loadPendingInboxOnly=false
07-09 16:04:20.816  4253  4400 E OpenMessageNotificationE2ELogger: Open messaging: flow inactive when logging event notif_enqueued_for_display
07-09 16:04:20.817 22677 22878 W DGW     : W[onSuccessfulResponse:942] StreamGroupTransport[lightspeed] on successful response. DGW is now connected.
07-09 16:04:20.827  4253  4431 W DirectPushNotificationHandler: Reached stellaPluginStatic
07-09 16:04:20.827  4253  4431 W DirectStellaPluginImpl: Handling notification
07-09 16:04:20.828  4253  4431 W DirectStellaPluginImpl: direct notification importance is 4
07-09 16:04:20.829  4253  4431 E StellaIntentHelper: Failed getting package info
07-09 16:04:20.829  4253  4431 E StellaIntentHelper: android.content.pm.PackageManager$NameNotFoundException: com.facebook.stella
07-09 16:04:20.829  4253  4431 E StellaIntentHelper: 	at android.app.ApplicationPackageManager.getPackageInfoAsUser(ApplicationPackageManager.java:299)
07-09 16:04:20.829  4253  4431 E StellaIntentHelper: 	at android.app.ApplicationPackageManager.getPackageInfo(ApplicationPackageManager.java:259)
07-09 16:04:20.829  4253  4431 E StellaIntentHelper: 	at android.app.ApplicationPackageManager.getPackageInfo(ApplicationPackageManager.java:253)
07-09 16:04:20.829  4253  4431 E StellaIntentHelper: 	at X.04lp.A00(:84)
07-09 16:04:20.829  4253  4431 E StellaIntentHelper: 	at X.04lp.A01(:19)
07-09 16:04:20.829  4253  4431 E StellaIntentHelper: 	at X.04kq.A09(:143)
07-09 16:04:20.829  4253  4431 E StellaIntentHelper: 	at X.04ip.A00(:209)
07-09 16:04:20.829  4253  4431 E StellaIntentHelper: 	at X.0GDJ.run(:39)
07-09 16:04:20.829  4253  4431 E StellaIntentHelper: 	at X.0Bhr.A00(:140)
07-09 16:04:20.829  4253  4431 E StellaIntentHelper: 	at X.04kq.A0E(:45)
07-09 16:04:20.829  4253  4431 E StellaIntentHelper: 	at X.04ip.A09(:1510)
07-09 16:04:20.829  4253  4431 E StellaIntentHelper: 	at X.04Zb.A05(:605)
07-09 16:04:20.829  4253  4431 E StellaIntentHelper: 	at X.04Zb.A04(:332)
07-09 16:04:20.829  4253  4431 E StellaIntentHelper: 	at com.instagram.notifications.push.fcm.FcmListenerService.A05(:249)
07-09 16:04:20.829  4253  4431 E StellaIntentHelper: 	at com.google.firebase.messaging.FirebaseMessagingService.A02(:1536)
07-09 16:04:20.829  4253  4431 E StellaIntentHelper: 	at X.04Xy.run(:4)
07-09 16:04:20.829  4253  4431 E StellaIntentHelper: 	at java.util.concurrent.ThreadPoolExecutor.runWorker(ThreadPoolExecutor.java:1100)
07-09 16:04:20.829  4253  4431 E StellaIntentHelper: 	at java.util.concurrent.ThreadPoolExecutor$Worker.run(ThreadPoolExecutor.java:624)
07-09 16:04:20.829  4253  4431 E StellaIntentHelper: 	at X.04Wj.run(:9)
07-09 16:04:20.829  4253  4431 E StellaIntentHelper: 	at java.lang.Thread.run(Thread.java:1572)
07-09 16:04:20.830  4253  4431 E StellaIntentHelper: Failed getting package info
07-09 16:04:20.830  4253  4431 W DirectStellaPluginImpl: Meets min version: false || min version bypass: false
07-09 16:04:20.877  4253  4559 W HWUI    : Image decoding logging dropped!
07-09 16:04:20.887  4253  4294 W PLogCrashRecoveryNeedInit: recoverPreviousSession returned
07-09 16:04:20.885  4253  4253 W SWPool3_t1of1: type=1400 audit(0.0:65249): avc:  granted  { execute } for  path="/data/data/com.instagram.android/lib-compressed/libfb_mboost.so" dev="dm-63" ino=85329 scontext=u:r:untrusted_app:s0:c240,c256,c512,c768 tcontext=u:object_r:app_data_file:s0:c240,c256,c512,c768 tclass=file app=com.instagram.android
07-09 16:04:20.896  4253  4560 W HWUI    : Image decoding logging dropped!
07-09 16:04:20.905 22677 22892 E MDCoreSyncManagerImpl: Unknown event type: SUBSCRIPTION_STATE_CHANGED
07-09 16:04:20.913 22677 22677 E soft_error.cpp: [pando::graphql::ast::readerFragmentForHash()] : Could not find root reader fragment with hash 761612807
07-09 16:04:20.913  4253  4561 W HWUI    : Image decoding logging dropped!
07-09 16:04:20.914 22677 22677 E soft_error.cpp: [pando::graphql::ast::readerFragmentForHash()] : Could not find root reader fragment with hash 761612807
07-09 16:04:20.915 22677 22677 E soft_error.cpp: [pando::graphql::ast::readerFragmentForHash()] : Could not find root reader fragment with hash 761612807
07-09 16:04:20.916 22677 22677 E soft_error.cpp: [pando::graphql::ast::readerFragmentForHash()] : Could not find root reader fragment with hash 761612807
07-09 16:04:20.918 22677 22677 E soft_error.cpp: [pando::graphql::ast::readerFragmentForHash()] : Could not find root reader fragment with hash 761612807
07-09 16:04:20.921 22677 22677 E soft_error.cpp: [pando::graphql::ast::readerFragmentForHash()] : Could not find root reader fragment with hash 761612807
07-09 16:04:20.922 22677 22677 E soft_error.cpp: [pando::graphql::ast::readerFragmentForHash()] : Could not find root reader fragment with hash 761612807
07-09 16:04:20.923 22677 22677 E soft_error.cpp: [pando::graphql::ast::readerFragmentForHash()] : Could not find root reader fragment with hash 761612807
07-09 16:04:20.924 22677 22677 E soft_error.cpp: [pando::graphql::ast::readerFragmentForHash()] : Could not find root reader fragment with hash 761612807
07-09 16:04:20.926 22677 22677 E soft_error.cpp: [pando::graphql::ast::readerFragmentForHash()] : Could not find root reader fragment with hash 761612807
07-09 16:04:20.946  1916  2289 I system_server: AssetManager2(0xb400006f6ab12838) locale list changing from [] to [ko-KR]
07-09 16:04:20.949  4253  4299 W AppInitScheduler|Run: DeadlockMonitor exiting.
07-09 16:04:20.985  4253  4294 E ActionQueryTaskListener: 0 onTaskStart BACKGROUND modules: [pytorch] actions: [LOAD=[pytorch],COMPLETE_SUCCESS=[pytorch]]
07-09 16:04:20.991  4253  4400 E OpenMessageNotificationE2ELogger: Open messaging: flow inactive when rendering for 65627f201f209Hc4b38abH0H29
07-09 16:04:20.995 18142 18142 I AiAiTextClassifier: onCreateTextClassificationSession = TextClassificationSessionId {a81c09e1-ad44-497b-b48c-536e19c6d47e}
07-09 16:04:20.998 18142 18142 I AiAiTextClassifier: AiaiTextClassifierService.onSuggestConversationActions
07-09 16:04:21.049 18142 18206 W AiAiClearcutLogger: Trying to use Clearcut counters (disabled via policy). [CONTEXT ratelimit_period="1 HOURS" skipped=1 ]
07-09 16:04:21.053 18142 18142 I AiAiTextClassifier: onDestroyTextClassificationSession = TextClassificationSessionId {a81c09e1-ad44-497b-b48c-536e19c6d47e}
07-09 16:04:21.056  1254  1350 W AString : ctor got NULL, using empty string instead
07-09 16:04:21.056  1254  1350 I SCP-SensorSavedChannel: [-14981,1767,-9503]==>gyro_bias.json
07-09 16:04:21.063 18142 18206 I AiAiStatsd: Successfully logged feature usage for TEXT_CLASSIFIER.
07-09 16:04:21.193  1916  1916 I AS.AudioService: getMode, get current owner's mode
07-09 16:04:21.194  1916  1916 I AS.AudioService: getMode, currentModeHandler is null
07-09 16:04:21.194  1916  1916 E NtNotificationManagerService: getSound supportGenerativeRingtone = false, isDefaultRingtone = true
07-09 16:04:21.194  1916  1916 E NtNotificationManagerService: getSound supportGenerativeRingtone = false, isDefaultRingtone = true
07-09 16:04:21.195  1916  1916 I AS.AudioService: getMode, get current owner's mode
07-09 16:04:21.195  1916  1916 I AS.AudioService: getMode, currentModeHandler is null
07-09 16:04:21.196  1916  1916 I AS.AudioService: shouldNotificationSoundPlay false: muted stream:5 attr:AudioAttributes: usage=USAGE_NOTIFICATION content=CONTENT_TYPE_SONIFICATION flags=0x800 tags= bundle=null
07-09 16:04:21.196  1916  1916 I AS.AudioService: getMode, get current owner's mode
07-09 16:04:21.196  1916  1916 I AS.AudioService: getMode, currentModeHandler is null
07-09 16:04:21.203  1916  1916 I AS.AudioService: getMode, get current owner's mode
07-09 16:04:21.203  1916  1916 I AS.AudioService: getMode, currentModeHandler is null
07-09 16:04:21.204  1916  1916 I FlashNotifController: startFlashNotification: type=1, tag=android
07-09 16:04:21.215  1916  1916 W NotificationHistory: Attempted to add notif for locked/gone/disabled user 0
07-09 16:04:21.228 11787 11787 I NotificationListener: received notification posted event - com.instagram.android#UserHandle{0},category=-1
07-09 16:04:21.231  3175  3175 I id.ext.services: AssetManager2(0xb400006f6aa77d38) locale list changing from [] to [ko-KR]
07-09 16:04:21.443  1916  1954 W NotificationHistory: Attempted to remove conversation for locked/gone/disabled user 0
07-09 16:04:21.452  2295  2295 W HWUI    : Image decoding logging dropped!
07-09 16:04:21.458  2295  2815 W HWUI    : Image decoding logging dropped!
07-09 16:04:21.486  2295  2815 W HWUI    : Image decoding logging dropped!
07-09 16:04:21.503  4253  4573 W Profilo/TraceControl: Loom client config id: 612841931900697161
07-09 16:04:21.516  2295  2815 W HWUI    : Image decoding logging dropped!
07-09 16:04:21.533  2295  2815 W HWUI    : Image decoding logging dropped!
07-09 16:04:21.539  4253  4573 W soft_error.cpp: [pando::graphql::PandoGraphQLRequestHybrid::assertValid] : Using a PandoGraphQLRequest after it has been consumed. Query name is InboxTrayRequest
07-09 16:04:21.547  1254  1350 W AString : ctor got NULL, using empty string instead
07-09 16:04:21.547  1254  1350 I SCP-SensorSavedChannel: [-14985,1730,-9605]==>gyro_bias.json
07-09 16:04:21.548  4253  4577 W msys    : Proxies already configured: null
07-09 16:04:21.548  4253  4577 W fb-breakpad: You had registered custom stream 0xFACE2000
07-09 16:04:21.566  4253  4577 W DirectUserScopedInitializer: [not an error] initializeMemAndMailbox() called
07-09 16:04:21.574  4253  4577 W stagram.android: JNI RegisterNativeMethods: attempt to register 0 native methods for com.facebook.msys.mci.AuthDataContext
07-09 16:04:21.577  2295  2295 W TouchableRegionManager: onHeadsUpPinnedModeChanged
07-09 16:04:21.581  4253  4556 E MDCoreSyncManagerImpl: [userId=-260238505] Unknown event type: SUBSCRIPTION_STATE_CHANGED
07-09 16:04:21.582  4253  4556 E IgnitionDebug: [userId=-260238505] Unknown event type: SUBSCRIPTION_STATE_CHANGED
07-09 16:04:21.585  4253  4579 E MDCoreSyncManagerImpl: [userId=-260238505] Unknown event type: SUBSCRIPTION_STATE_CHANGED
07-09 16:04:21.585  4253  4579 E IgnitionDebug: [userId=-260238505] Unknown event type: SUBSCRIPTION_STATE_CHANGED
07-09 16:04:21.588  1214  1247 I netd    : tetherGetStats() -> {[TetherStatsParcel{iface: wlan0, rxBytes: 0, rxPackets: 0, txBytes: 0, txPackets: 0, ifIndex: 0}]} <2.13ms>
07-09 16:04:21.591  2295  2295 I ImeTracker: com.android.systemui:439311a8: onRequestHide at ORIGIN_CLIENT reason HIDE_SOFT_INPUT_BY_INSETS_API fromUser false
07-09 16:04:21.592  2295  2295 I ImeTracker: com.android.systemui:439311a8: onCancelled at PHASE_CLIENT_ALREADY_HIDDEN
07-09 16:04:21.592  4253  4579 E MDCoreSyncManagerImpl: [userId=-260238505] Unknown event type: SUBSCRIPTION_STATE_CHANGED
07-09 16:04:21.592  4253  4579 E IgnitionDebug: [userId=-260238505] Unknown event type: SUBSCRIPTION_STATE_CHANGED
07-09 16:04:21.607  4253  4577 E msys    : E[ADNSUCTIMH setup]MCIAccountSessionInjectAndMaybeOpenAuxDBs(98)=>[not an error][accountSession=0xb4000070ead48ea0] MCIAccountSessionCreateAndInjectMainDB early aux db init attempt
07-09 16:04:21.607  4253  4577 E msys    : E[ADNSUCTIMH setup]MCIAccountSessionInjectAndMaybeOpenAuxDBs(104)=>[not an error][accountSession=0xb4000070ead48ea0] MCIAccountSessionCreateAndInjectMainDB bootstrapping aux dbs
07-09 16:04:21.607  4253  4577 E msys    : E[D [not an error] MemMciAuxDbManagement]_MCIAuxiliaryDBManagementBootstrap(1892)=>In `Bootstrap`: Will bootstrap for db type 2 because it does not require transfer
07-09 16:04:21.608  4253  4577 E msys    : E[D [not an error] MemMciAuxDbManagement]_MCIAuxiliaryDBManagementBootstrap(1892)=>In `Bootstrap`: Will bootstrap for db type 5 because it does not require transfer
07-09 16:04:21.608  4253  4577 E msys    : E[D [not an error] MemMciAuxDbManagement]_MCIAuxiliaryDBManagementBootstrap(1892)=>In `Bootstrap`: Will bootstrap for db type 1 because it does not require transfer
07-09 16:04:21.608  4253  4577 E msys    : E[D [not an error] MemMciAuxDbManagement]_MCIAuxiliaryDBManagementBootstrap(1892)=>In `Bootstrap`: Will bootstrap for db type 3 because it does not require transfer
07-09 16:04:21.611  1277  1277 I BufferQueueProducer: [StatusBar#90](this:0xb4000072ceb36898,id:-1,api:0,p:-1,c:1277) queueBuffer: fps=0.05 dur=21553.81 max=21553.81 min=21553.81
07-09 16:04:21.612  1214  4587 I resolv  : GetAddrInfoHandler::run: {127 127 127 983167 10241 0}
07-09 16:04:21.614  1243  1693 I hwcomposer: [DRMDEV] (0:60) failed to waitNextVsync: -1  
07-09 16:04:21.614  1214  4588 I resolv  : res_nmkquery: (QUERY, IN, A)
07-09 16:04:21.615  1916  1932 I WindowManager: Relayout Window{de67fae u0 NotificationShade}: oldVis=4 newVis=0 focusMayChange = true requestedWidth = 1084 requestedHeight = 2412 outFrames = ClientWindowFrames{frame=[0,0][1084,2412] display=[0,0][1084,2412] parentFrame=[0,0][0,0]} outSurfaceControl = Surface(name=NotificationShade)/@0xd633e3
07-09 16:04:21.616  2295  2815 W HWUI    : Image decoding logging dropped!
07-09 16:04:21.617  1277  3119 I SurfaceFlinger: setDesiredDisplayModeSpecs: calling_process=system_server
07-09 16:04:21.617  1277  1277 I SurfaceFlinger: setDesiredDisplayModeSpecs: policy={defaultModeId=1, allowGroupSwitching=false, primaryRanges={physical=[0.00 Hz, 120.10 Hz], render=[0.00 Hz, 120.00 Hz]}, appRequestRanges={physical=[0.00 Hz, 120.10 Hz], render=[0.00 Hz, 120.00 Hz]} idleScreenConfig=nullptr}
07-09 16:04:21.617  1277  1277 I RefreshRateSelector: Display 4627039422300187648 policy changed
07-09 16:04:21.617  1277  1277 I RefreshRateSelector: Previous: {defaultModeId=2, allowGroupSwitching=false, primaryRanges={physical=[0.00 Hz, 120.10 Hz], render=[0.00 Hz, 90.00 Hz]}, appRequestRanges={physical=[0.00 Hz, 120.10 Hz], render=[0.00 Hz, 90.00 Hz]} idleScreenConfig=nullptr}
07-09 16:04:21.617  1277  1277 I RefreshRateSelector: Current:  DisplayManagerPolicy{defaultModeId=1, allowGroupSwitching=false, primaryRanges={physical=[0.00 Hz, 120.10 Hz], render=[0.00 Hz, 120.00 Hz]}, appRequestRanges={physical=[0.00 Hz, 120.10 Hz], render=[0.00 Hz, 120.00 Hz]} idleScreenConfig=nullptr}
07-09 16:04:21.617  1277  1277 I RefreshRateSelector: 20 mode changes were performed under the previous policy
07-09 16:04:21.617  1916  1946 I DisplayDeviceRepository: Display device changed render timings: "기본으로 제공되는 화면", renderFrameRate=60.0, presentationDeadlineNanos=16600000, appVsyncOffsetNanos=1133334, frameRateOverrides=[]
07-09 16:04:21.622  1214  4588 I resolv  : res_nsend: used send_dg 145 terrno: 0
07-09 16:04:21.623  1214  4588 I resolv  : doQuery: rcode=0, ancount=0, return value=145
07-09 16:04:21.656  1243  1243 I hwcomposer: [HWCDisplay] [Display_0 (type:1, mode:2)] fps:1.952305,dur:1024.43,max:980.50,min:43.92  
07-09 16:04:21.659  1277  3119 I SurfaceFlinger: onHandleDestroyed: layerId=26320, name=Surface(name=a65d512 StatusBar)/@0x902d042 - animation-leash of insets_animation#26320
07-09 16:04:21.677  4253  4585 E PlatformStorageProvider: unsupported value type when platformStorageSaveValue was called
07-09 16:04:21.678  4253  4585 E msys    : E[C mem.context]_ConnectAndSetUpConnectionStatesOnExecutionContext(2983)=>[INFO]connect/allowed
07-09 16:04:21.680  2295  2815 W HWUI    : Image decoding logging dropped!
07-09 16:04:21.680  4253  4418 E msys    : E[C MEMConnectionManager]__ConnectIfNeededOnNetworkContextAsyncImpl(1260)=>[Critical] Call WCCConnectionConnect with event id: 1
07-09 16:04:21.681  4253  4418 E msys    : E[N WCCConnectionMEM]_WCCConnectionMEMEmitStateChange(3230)=>[INFO] connection/new_state/connecting [connection_id=747824517, wcc_source=0, wcc_reason=0]
07-09 16:04:21.681  4253  4418 E msys    : E[C MEMConnectionManager]_MEMConnectionManagerStateChangeHandler(631)=>[Critical] MEMConnectionState updated to ID: 1 with connectionId: 747824517
07-09 16:04:21.684  4253  4577 E msys    : E[ADNSUCTIMH WA]WPTTimerImplScheduleSet(109)=>WPTTimerImplInMemory/negative_timer_delay current:805273461.00, execute:805269478.00 device current:805273461.68 key: message_persistence_store_periodic_deleted_messages_purge_900
07-09 16:04:21.684  4253  4577 E msys    : E[ADNSUCTIMH WA]WPTTimerImplScheduleSet(109)=>WPTTimerImplInMemory/negative_timer_delay current:805273461.00, execute:805268774.00 device current:805273461.68 key: message_persistence_store_periodic_messages_backup_60
07-09 16:04:21.685  2295  2405 W HWUI    : Image decoding logging dropped!
07-09 16:04:21.691  2295  2418 W HWUI    : Image decoding logging dropped!
07-09 16:04:21.692  2295  2815 W HWUI    : Image decoding logging dropped!
07-09 16:04:21.700  1214  4593 I resolv  : GetAddrInfoHandler::run: {127 262271 127 983167 10240 0}
07-09 16:04:21.700  1214  4595 I resolv  : res_nmkquery: (QUERY, IN, A)
07-09 16:04:21.702  4253  4418 E msys    : E[N WCCConnectionMEM]_WCCConnectionMEMDoConnectWithAuthKeys(1576)=>[INFO] connection/connect/start/[host=z-p42-chat-e2ee-ig.facebook.com port=5222]/[57.144.188.36:5222]/socketAddressCount=1
07-09 16:04:21.704  4253  4418 E msys    : E[N WCCConnectionMEM]_WCCConnectionMEMLifecycleEventHandler(2206)=>[INFO] connection/xmpp/lifecycle_event/will-connect
07-09 16:04:21.704  1916  4570 E NtNotificationManagerService: getSound supportGenerativeRingtone = false, isDefaultRingtone = true
07-09 16:04:21.704  4253  4418 E msys    : E[A WA]WCCHandshakeCreate(191)=>handshake/create, pq mode:0
07-09 16:04:21.704  1916  4570 I AS.AudioService: getMode, get current owner's mode
07-09 16:04:21.704  1916  4570 I AS.AudioService: getMode, currentModeHandler is null
07-09 16:04:21.704  1916  4570 I AS.AudioService: getMode, get current owner's mode
07-09 16:04:21.704  1916  4570 I AS.AudioService: getMode, currentModeHandler is null
07-09 16:04:21.705  1214  4595 I resolv  : res_nsend: used send_dg 101 terrno: 0
07-09 16:04:21.705  1214  4595 I resolv  : doQuery: rcode=0, ancount=2, return value=101
07-09 16:04:21.706  1916  4570 I RichTapPerformer: failed to reflect class: "richtap.os.PhonyVibrationEffect"!
07-09 16:04:21.707  1916 13706 W IHapticEffectPerformer: default setGain
07-09 16:04:21.707  1916 13706 E Util    : java.lang.RuntimeException: No data directory found for package android
07-09 16:04:21.707  1916 13706 W System.err: java.lang.NullPointerException: Attempt to invoke virtual method 'void java.io.FileOutputStream.close()' on a null object reference
07-09 16:04:21.707  1916 13706 W System.err: 	at com.sysaac.haptic.base.d.a(SourceFile:125)
07-09 16:04:21.707  1916 13706 W System.err: 	at com.sysaac.haptic.player.CustomizableHapticPlayer.prepare(SourceFile:223)
07-09 16:04:21.707  1916 13706 W System.err: 	at com.sysaac.haptic.AACHapticPlayer.prepare(SourceFile:13)
07-09 16:04:21.707  1916 13706 W System.err: 	at com.sysaac.haptic.AACHapticPlayer.prepare(SourceFile:13)
07-09 16:04:21.707  1916 13706 W System.err: 	at com.sysaac.haptic.AACHapticUtils$1.run(SourceFile:77)
07-09 16:04:21.707  1916 13706 W System.err: 	at java.util.concurrent.ThreadPoolExecutor.runWorker(ThreadPoolExecutor.java:1100)
07-09 16:04:21.707  1916 13706 W System.err: 	at java.util.concurrent.ThreadPoolExecutor$Worker.run(ThreadPoolExecutor.java:624)
07-09 16:04:21.707  1916 13706 W System.err: 	at java.lang.Thread.run(Thread.java:1572)
07-09 16:04:21.707  2295  2815 W HWUI    : Image decoding logging dropped!
07-09 16:04:21.709  1269  3189 E AacRichTapPerformer: perform_cmd reset pattern_effect_data: 0xb4000075a641c030!
07-09 16:04:21.710  1269  3187 E AacRichTapPerformer: perform_cmd release pattern_effect_data: 0xb4000075a641c030!
07-09 16:04:21.713  4253  4573 E ActionQueryTaskListener: 0 onLoadBatchStart BACKGROUND modules: [pytorch] actions: [LOAD=[pytorch],COMPLETE_SUCCESS=[pytorch]]
07-09 16:04:21.717  4253  4418 E msys    : E[N WCCConnectionMEM]_WCCConnectionMEMLifecycleEventHandler(2214)=>[INFO] connection/xmpp/lifecycle_event/did-connect, [0.0127s]
07-09 16:04:21.721  4253  4573 W DexLibLoader: Preloading class com.facebook.common.dextricks.DexManifest$Dex
07-09 16:04:21.721  4253  4418 E msys    : E[N WCCConnectionMEM]_WCCConnectionMEMLifecycleEventHandler(2214)=>[INFO] connection/xmpp/lifecycle_event/did-send-initial-payload, [0.0045s]
07-09 16:04:21.721  4253  4573 W DexLibLoader: ignoring dex metadata pragma [.locator_id 21]
07-09 16:04:21.722  1214  4600 I resolv  : GetAddrInfoHandler::run: {127 262271 127 983167 10240 0}
07-09 16:04:21.723  1214  4601 I resolv  : res_nmkquery: (QUERY, IN, A)
07-09 16:04:21.724  1214  4602 I resolv  : GetAddrInfoHandler::run: {127 262271 127 983167 10240 0}
07-09 16:04:21.724  1214  4603 I resolv  : GetAddrInfoHandler::run: {127 262271 127 983167 10240 0}
07-09 16:04:21.724  1214  4604 I resolv  : res_nmkquery: (QUERY, IN, A)
07-09 16:04:21.724  1214  4605 I resolv  : res_nmkquery: (QUERY, IN, A)
07-09 16:04:21.727  1214  4606 I resolv  : GetAddrInfoHandler::run: {127 262271 127 983167 10240 0}
07-09 16:04:21.727  1214  4601 I resolv  : res_nsend: used send_dg 66 terrno: 0
07-09 16:04:21.727  1214  4601 I resolv  : doQuery: rcode=0, ancount=1, return value=66
07-09 16:04:21.728  1214  4604 I resolv  : res_nsend: used send_dg 66 terrno: 0
07-09 16:04:21.728  1214  4605 I resolv  : res_nsend: used send_dg 66 terrno: 0
07-09 16:04:21.728  1214  4604 I resolv  : resolv_cache_add: ALREADY IN CACHE (0xb400007ab252f790) ? IGNORING ADD
07-09 16:04:21.728  1214  4604 I resolv  : doQuery: rcode=0, ancount=1, return value=66
07-09 16:04:21.728  1214  4605 I resolv  : doQuery: rcode=0, ancount=1, return value=66
07-09 16:04:21.729  1214  4607 I resolv  : res_nmkquery: (QUERY, IN, A)
07-09 16:04:21.729  1214  4607 I resolv  : resolv_cache_lookup: FOUND IN CACHE entry=0xb400007ab252c070
07-09 16:04:21.729  1214  4607 I resolv  : doQuery: rcode=0, ancount=1, return value=66
07-09 16:04:21.731  4253  4343 E msys    : E[N mns:TigonMNS]_OnResolverSuccess(359)=>Cache refresh succeeded with system DNS resolver. IP count: 1
07-09 16:04:21.731  4253  4343 E msys    : E[N mns:TigonMNS]_OnResolverSuccess(359)=>Cache refresh succeeded with system DNS resolver. IP count: 1
07-09 16:04:21.731  4253  4343 E msys    : E[N mns:TigonMNS]_OnResolverSuccess(359)=>Cache refresh succeeded with system DNS resolver. IP count: 1
07-09 16:04:21.731  4253  4343 E msys    : E[N mns:TigonMNS]_OnResolverSuccess(359)=>Cache refresh succeeded with system DNS resolver. IP count: 1
07-09 16:04:21.742  4253  4573 W DexLibLoader: Build id used for apk identification
07-09 16:04:21.744  1269  3189 E AacRichTapPerformer: perform_cmd reset pattern_effect_data: 0xb4000075a641a010!
07-09 16:04:21.750  4253  4579 E MDCoreSyncManagerImpl: [userId=-260238505] Unknown event type: SUBSCRIPTION_STATE_CHANGED
07-09 16:04:21.750  4253  4579 E IgnitionDebug: [userId=-260238505] Unknown event type: SUBSCRIPTION_STATE_CHANGED
07-09 16:04:21.759  2248  2248 E WifiHAL : handleResponse: data=0xb400007b8d0f17d0, len=4888
07-09 16:04:21.759  2248  2248 I WifiHAL : check_data_sanity: confirmed_size=4888, len=4888
07-09 16:04:21.759  2248  2248 I WifiHAL : wifi_get_link_stats: result=0
07-09 16:04:21.759  4253  4573 W stagram.android: Opening an oat file without a class loader. Are you using the deprecated DexFile APIs?
07-09 16:04:21.763  4253  4573 W ClassLoaderConfiguration: 7 suppressed exceptions were found in BaseDexClassLoader.
07-09 16:04:21.763  4253  4573 W ClassLoaderConfiguration: Dex file: /data/data/com.instagram.android/modules/pytorch_a4b2a7d4784c2f4efbe875e0905679271cdefbcb149913e4035414fdb89b2357/dex/prog-9c37b64887fca54bcd5cba284300eec51ab73289.dex
07-09 16:04:21.764  4253  4573 W ClassLoaderConfiguration: Suppressed exception:
