07-09 16:04:26.144  4253  4367 W IgMetaConfig: 	at com.facebook.secure.usdid.signing.CrossSignClient$signViaBoundServiceOrBroadcast$2.invokeSuspend(:133)
07-09 16:04:26.144  4253  4367 W IgMetaConfig: 	at X.04Re.resumeWith(:15)
07-09 16:04:26.144  4253  4367 W IgMetaConfig: 	at X.04Tb.run(:89)
07-09 16:04:26.144  4253  4367 W IgMetaConfig: 	at X.03ir.run(:3)
07-09 16:04:26.144  4253  4367 W IgMetaConfig: 	at X.03mk.run(:2)
07-09 16:04:26.144  4253  4367 W IgMetaConfig: 	at X.01un.A01(:0)
07-09 16:04:26.144  4253  4367 W IgMetaConfig: 	at X.03ml.run(:82)
07-09 16:04:26.148  4253  4367 W IgMetaConfig: Could not obtain MC: not_user_session session=X.03j4@c0a937a
07-09 16:04:26.148  4253  4367 W IgMetaConfig: java.lang.RuntimeException: Could not obtain MC, call-site will receive default values
07-09 16:04:26.148  4253  4367 W IgMetaConfig: 	at X.01ok.A04(:16)
07-09 16:04:26.148  4253  4367 W IgMetaConfig: 	at X.01ok.A03(:8)
07-09 16:04:26.148  4253  4367 W IgMetaConfig: 	at X.01ok.A01(:2)
07-09 16:04:26.148  4253  4367 W IgMetaConfig: 	at X.08SA.A04(:1262)
07-09 16:04:26.148  4253  4367 W IgMetaConfig: 	at X.08SA.invoke(:5)
07-09 16:04:26.148  4253  4367 W IgMetaConfig: 	at X.01ts.invoke(:85)
07-09 16:04:26.148  4253  4367 W IgMetaConfig: 	at X.04Pi.getValue(:25)
07-09 16:04:26.148  4253  4367 W IgMetaConfig: 	at X.02aO.A00(:14)
07-09 16:04:26.148  4253  4367 W IgMetaConfig: 	at X.06hm.A05(:45)
07-09 16:04:26.148  4253  4367 W IgMetaConfig: 	at X.06d8.invoke(:133)
07-09 16:04:26.148  4253  4367 W IgMetaConfig: 	at X.04Pi.getValue(:25)
07-09 16:04:26.148  4253  4367 W IgMetaConfig: 	at X.06hl.Bym(:2)
07-09 16:04:26.148  4253  4367 W IgMetaConfig: 	at X.02q7.Bym(:2)
07-09 16:04:26.148  4253  4367 W IgMetaConfig: 	at X.05yr.A00(:16)
07-09 16:04:26.148  4253  4367 W IgMetaConfig: 	at X.05yr.B92(:64)
07-09 16:04:26.148  4253  4367 W IgMetaConfig: 	at X.08cf.A00(:314)
07-09 16:04:26.148  4253  4367 W IgMetaConfig: 	at X.05DY.invoke(:42)
07-09 16:04:26.148  4253  4367 W IgMetaConfig: 	at X.0APL.invoke(:347)
07-09 16:04:26.148  4253  4367 W IgMetaConfig: 	at X.0AOO.invoke(:472)
07-09 16:04:26.148  4253  4367 W IgMetaConfig: 	at X.0AOO.invoke(:472)
07-09 16:04:26.148  4253  4367 W IgMetaConfig: 	at X.03BZ.A00(:120)
07-09 16:04:26.148  4253  4367 W IgMetaConfig: 	at X.05Dn.invoke(:25)
07-09 16:04:26.148  4253  4367 W IgMetaConfig: 	at X.03BZ.A00(:116)
07-09 16:04:26.148  4253  4367 W IgMetaConfig: 	at X.05Dn.invoke(:25)
07-09 16:04:26.148  4253  4367 W IgMetaConfig: 	at X.03BZ.A00(:116)
07-09 16:04:26.148  4253  4367 W IgMetaConfig: 	at com.facebook.secure.usdid.signing.CrossSignClient$signViaBoundServiceOrBroadcast$2.invokeSuspend(:133)
07-09 16:04:26.148  4253  4367 W IgMetaConfig: 	at X.04Re.resumeWith(:15)
07-09 16:04:26.148  4253  4367 W IgMetaConfig: 	at X.04Tb.run(:89)
07-09 16:04:26.148  4253  4367 W IgMetaConfig: 	at X.03ir.run(:3)
07-09 16:04:26.148  4253  4367 W IgMetaConfig: 	at X.03mk.run(:2)
07-09 16:04:26.148  4253  4367 W IgMetaConfig: 	at X.01un.A01(:0)
07-09 16:04:26.148  4253  4367 W IgMetaConfig: 	at X.03ml.run(:82)
07-09 16:04:26.150  4253  4367 W IgMetaConfig: Could not obtain MC: not_user_session session=X.03j4@c0a937a
07-09 16:04:26.150  4253  4367 W IgMetaConfig: java.lang.RuntimeException: Could not obtain MC, call-site will receive default values
07-09 16:04:26.150  4253  4367 W IgMetaConfig: 	at X.01ok.A04(:16)
07-09 16:04:26.150  4253  4367 W IgMetaConfig: 	at X.01ok.A03(:8)
07-09 16:04:26.150  4253  4367 W IgMetaConfig: 	at X.01ok.A01(:2)
07-09 16:04:26.150  4253  4367 W IgMetaConfig: 	at X.08SA.A04(:1277)
07-09 16:04:26.150  4253  4367 W IgMetaConfig: 	at X.08SA.invoke(:5)
07-09 16:04:26.150  4253  4367 W IgMetaConfig: 	at X.01ts.invoke(:85)
07-09 16:04:26.150  4253  4367 W IgMetaConfig: 	at X.04Pi.getValue(:25)
07-09 16:04:26.150  4253  4367 W IgMetaConfig: 	at X.02aO.A00(:14)
07-09 16:04:26.150  4253  4367 W IgMetaConfig: 	at X.06hm.A05(:45)
07-09 16:04:26.150  4253  4367 W IgMetaConfig: 	at X.06d8.invoke(:133)
07-09 16:04:26.150  4253  4367 W IgMetaConfig: 	at X.04Pi.getValue(:25)
07-09 16:04:26.150  4253  4367 W IgMetaConfig: 	at X.06hl.Bym(:2)
07-09 16:04:26.150  4253  4367 W IgMetaConfig: 	at X.02q7.Bym(:2)
07-09 16:04:26.150  4253  4367 W IgMetaConfig: 	at X.05yr.A00(:16)
07-09 16:04:26.150  4253  4367 W IgMetaConfig: 	at X.05yr.B92(:64)
07-09 16:04:26.150  4253  4367 W IgMetaConfig: 	at X.08cf.A00(:314)
07-09 16:04:26.150  4253  4367 W IgMetaConfig: 	at X.05DY.invoke(:42)
07-09 16:04:26.150  4253  4367 W IgMetaConfig: 	at X.0APL.invoke(:347)
07-09 16:04:26.150  4253  4367 W IgMetaConfig: 	at X.0AOO.invoke(:472)
07-09 16:04:26.150  4253  4367 W IgMetaConfig: 	at X.0AOO.invoke(:472)
07-09 16:04:26.150  4253  4367 W IgMetaConfig: 	at X.03BZ.A00(:120)
07-09 16:04:26.150  4253  4367 W IgMetaConfig: 	at X.05Dn.invoke(:25)
07-09 16:04:26.150  4253  4367 W IgMetaConfig: 	at X.03BZ.A00(:116)
07-09 16:04:26.150  4253  4367 W IgMetaConfig: 	at X.05Dn.invoke(:25)
07-09 16:04:26.150  4253  4367 W IgMetaConfig: 	at X.03BZ.A00(:116)
07-09 16:04:26.150  4253  4367 W IgMetaConfig: 	at com.facebook.secure.usdid.signing.CrossSignClient$signViaBoundServiceOrBroadcast$2.invokeSuspend(:133)
07-09 16:04:26.150  4253  4367 W IgMetaConfig: 	at X.04Re.resumeWith(:15)
07-09 16:04:26.150  4253  4367 W IgMetaConfig: 	at X.04Tb.run(:89)
07-09 16:04:26.150  4253  4367 W IgMetaConfig: 	at X.03ir.run(:3)
07-09 16:04:26.150  4253  4367 W IgMetaConfig: 	at X.03mk.run(:2)
07-09 16:04:26.150  4253  4367 W IgMetaConfig: 	at X.01un.A01(:0)
07-09 16:04:26.150  4253  4367 W IgMetaConfig: 	at X.03ml.run(:82)
07-09 16:04:26.151  4253  4626 W IgMetaConfig: Could not obtain MC: not_user_session session=X.03j4@c0a937a
07-09 16:04:26.151  4253  4626 W IgMetaConfig: java.lang.RuntimeException: Could not obtain MC, call-site will receive default values
07-09 16:04:26.151  4253  4626 W IgMetaConfig: 	at X.01ok.A04(:16)
07-09 16:04:26.151  4253  4626 W IgMetaConfig: 	at X.01ok.A03(:8)
07-09 16:04:26.151  4253  4626 W IgMetaConfig: 	at X.01ok.A01(:2)
07-09 16:04:26.151  4253  4626 W IgMetaConfig: 	at X.06hm.A02(:44)
07-09 16:04:26.151  4253  4626 W IgMetaConfig: 	at X.06j2.invoke(:11)
07-09 16:04:26.151  4253  4626 W IgMetaConfig: 	at X.04Pi.getValue(:25)
07-09 16:04:26.151  4253  4626 W IgMetaConfig: 	at X.06Zs.invoke(:581)
07-09 16:04:26.151  4253  4626 W IgMetaConfig: 	at X.04Pi.getValue(:25)
07-09 16:04:26.151  4253  4626 W IgMetaConfig: 	at X.06hv.run(:4)
07-09 16:04:26.151  4253  4626 W IgMetaConfig: 	at X.02ak.run(:2)
07-09 16:04:26.151  4253  4626 W IgMetaConfig: 	at X.01me.run(:25)
07-09 16:04:26.151  4253  4626 W IgMetaConfig: 	at X.02al.run(:16)
07-09 16:04:26.151  4253  4626 W IgMetaConfig: 	at X.01me.run(:25)
07-09 16:04:26.151  4253  4626 W IgMetaConfig: 	at X.01me.run(:25)
07-09 16:04:26.151  4253  4626 W IgMetaConfig: 	at X.01ly.A00(:122)
07-09 16:04:26.151  4253  4626 W IgMetaConfig: 	at X.01ly.run(:102)
07-09 16:04:26.151  4253  4626 W IgMetaConfig: Could not obtain MC: not_user_session session=X.03j4@c0a937a
07-09 16:04:26.151  4253  4626 W IgMetaConfig: java.lang.RuntimeException: Could not obtain MC, call-site will receive default values
07-09 16:04:26.151  4253  4626 W IgMetaConfig: 	at X.01ok.A04(:16)
07-09 16:04:26.151  4253  4626 W IgMetaConfig: 	at X.01ok.A03(:8)
07-09 16:04:26.151  4253  4626 W IgMetaConfig: 	at X.01ok.A01(:2)
07-09 16:04:26.151  4253  4626 W IgMetaConfig: 	at X.06hm.A02(:69)
07-09 16:04:26.151  4253  4626 W IgMetaConfig: 	at X.06j2.invoke(:11)
07-09 16:04:26.151  4253  4626 W IgMetaConfig: 	at X.04Pi.getValue(:25)
07-09 16:04:26.151  4253  4626 W IgMetaConfig: 	at X.06Zs.invoke(:581)
07-09 16:04:26.151  4253  4626 W IgMetaConfig: 	at X.04Pi.getValue(:25)
07-09 16:04:26.151  4253  4626 W IgMetaConfig: 	at X.06hv.run(:4)
07-09 16:04:26.151  4253  4626 W IgMetaConfig: 	at X.02ak.run(:2)
07-09 16:04:26.151  4253  4626 W IgMetaConfig: 	at X.01me.run(:25)
07-09 16:04:26.151  4253  4626 W IgMetaConfig: 	at X.02al.run(:16)
07-09 16:04:26.151  4253  4626 W IgMetaConfig: 	at X.01me.run(:25)
07-09 16:04:26.151  4253  4626 W IgMetaConfig: 	at X.01me.run(:25)
07-09 16:04:26.151  4253  4626 W IgMetaConfig: 	at X.01ly.A00(:122)
07-09 16:04:26.151  4253  4626 W IgMetaConfig: 	at X.01ly.run(:102)
07-09 16:04:26.151  4253  4626 W IgMetaConfig: Could not obtain MC: not_user_session session=X.03j4@c0a937a
07-09 16:04:26.151  4253  4626 W IgMetaConfig: java.lang.RuntimeException: Could not obtain MC, call-site will receive default values
07-09 16:04:26.151  4253  4626 W IgMetaConfig: 	at X.01ok.A04(:16)
07-09 16:04:26.151  4253  4626 W IgMetaConfig: 	at X.01ok.A03(:8)
07-09 16:04:26.151  4253  4626 W IgMetaConfig: 	at X.01ok.A01(:2)
07-09 16:04:26.151  4253  4626 W IgMetaConfig: 	at X.06hm.A02(:84)
07-09 16:04:26.151  4253  4626 W IgMetaConfig: 	at X.06j2.invoke(:11)
07-09 16:04:26.151  4253  4626 W IgMetaConfig: 	at X.04Pi.getValue(:25)
07-09 16:04:26.151  4253  4626 W IgMetaConfig: 	at X.06Zs.invoke(:581)
07-09 16:04:26.151  4253  4626 W IgMetaConfig: 	at X.04Pi.getValue(:25)
07-09 16:04:26.151  4253  4626 W IgMetaConfig: 	at X.06hv.run(:4)
07-09 16:04:26.151  4253  4626 W IgMetaConfig: 	at X.02ak.run(:2)
07-09 16:04:26.151  4253  4626 W IgMetaConfig: 	at X.01me.run(:25)
07-09 16:04:26.151  4253  4626 W IgMetaConfig: 	at X.02al.run(:16)
07-09 16:04:26.151  4253  4626 W IgMetaConfig: 	at X.01me.run(:25)
07-09 16:04:26.151  4253  4626 W IgMetaConfig: 	at X.01me.run(:25)
07-09 16:04:26.151  4253  4626 W IgMetaConfig: 	at X.01ly.A00(:122)
07-09 16:04:26.151  4253  4626 W IgMetaConfig: 	at X.01ly.run(:102)
07-09 16:04:26.152  4253  4626 W IgMetaConfig: Could not obtain MC: not_user_session session=X.03j4@c0a937a
07-09 16:04:26.152  4253  4626 W IgMetaConfig: java.lang.RuntimeException: Could not obtain MC, call-site will receive default values
07-09 16:04:26.152  4253  4626 W IgMetaConfig: 	at X.01ok.A04(:16)
07-09 16:04:26.152  4253  4626 W IgMetaConfig: 	at X.01ok.A03(:8)
07-09 16:04:26.152  4253  4626 W IgMetaConfig: 	at X.01ok.A01(:2)
07-09 16:04:26.152  4253  4626 W IgMetaConfig: 	at X.06hm.A02(:99)
07-09 16:04:26.152  4253  4626 W IgMetaConfig: 	at X.06j2.invoke(:11)
07-09 16:04:26.152  4253  4626 W IgMetaConfig: 	at X.04Pi.getValue(:25)
07-09 16:04:26.152  4253  4626 W IgMetaConfig: 	at X.06Zs.invoke(:581)
07-09 16:04:26.152  4253  4626 W IgMetaConfig: 	at X.04Pi.getValue(:25)
07-09 16:04:26.152  4253  4626 W IgMetaConfig: 	at X.06hv.run(:4)
07-09 16:04:26.152  4253  4626 W IgMetaConfig: 	at X.02ak.run(:2)
07-09 16:04:26.152  4253  4626 W IgMetaConfig: 	at X.01me.run(:25)
07-09 16:04:26.152  4253  4626 W IgMetaConfig: 	at X.02al.run(:16)
07-09 16:04:26.152  4253  4626 W IgMetaConfig: 	at X.01me.run(:25)
07-09 16:04:26.152  4253  4626 W IgMetaConfig: 	at X.01me.run(:25)
07-09 16:04:26.152  4253  4626 W IgMetaConfig: 	at X.01ly.A00(:122)
07-09 16:04:26.152  4253  4626 W IgMetaConfig: 	at X.01ly.run(:102)
07-09 16:04:26.152  4253  4626 W IgMetaConfig: Could not obtain MC: not_user_session session=X.03j4@c0a937a
07-09 16:04:26.152  4253  4626 W IgMetaConfig: java.lang.RuntimeException: Could not obtain MC, call-site will receive default values
07-09 16:04:26.152  4253  4626 W IgMetaConfig: 	at X.01ok.A04(:16)
07-09 16:04:26.152  4253  4626 W IgMetaConfig: 	at X.01ok.A03(:8)
07-09 16:04:26.152  4253  4626 W IgMetaConfig: 	at X.01ok.A01(:2)
07-09 16:04:26.152  4253  4626 W IgMetaConfig: 	at X.06hm.A02(:114)
07-09 16:04:26.152  4253  4626 W IgMetaConfig: 	at X.06j2.invoke(:11)
07-09 16:04:26.152  4253  4626 W IgMetaConfig: 	at X.04Pi.getValue(:25)
07-09 16:04:26.152  4253  4626 W IgMetaConfig: 	at X.06Zs.invoke(:581)
07-09 16:04:26.152  4253  4626 W IgMetaConfig: 	at X.04Pi.getValue(:25)
07-09 16:04:26.152  4253  4626 W IgMetaConfig: 	at X.06hv.run(:4)
07-09 16:04:26.152  4253  4626 W IgMetaConfig: 	at X.02ak.run(:2)
07-09 16:04:26.152  4253  4626 W IgMetaConfig: 	at X.01me.run(:25)
07-09 16:04:26.152  4253  4626 W IgMetaConfig: 	at X.02al.run(:16)
07-09 16:04:26.152  4253  4626 W IgMetaConfig: 	at X.01me.run(:25)
07-09 16:04:26.152  4253  4626 W IgMetaConfig: 	at X.01me.run(:25)
07-09 16:04:26.152  4253  4626 W IgMetaConfig: 	at X.01ly.A00(:122)
07-09 16:04:26.152  4253  4626 W IgMetaConfig: 	at X.01ly.run(:102)
07-09 16:04:26.152  4253  4626 W IgMetaConfig: Could not obtain MC: not_user_session session=X.03j4@c0a937a
07-09 16:04:26.152  4253  4626 W IgMetaConfig: java.lang.RuntimeException: Could not obtain MC, call-site will receive default values
07-09 16:04:26.152  4253  4626 W IgMetaConfig: 	at X.01ok.A04(:16)
07-09 16:04:26.152  4253  4626 W IgMetaConfig: 	at X.01ok.A03(:8)
07-09 16:04:26.152  4253  4626 W IgMetaConfig: 	at X.01ok.A01(:2)
07-09 16:04:26.152  4253  4626 W IgMetaConfig: 	at X.06hm.A02(:129)
07-09 16:04:26.152  4253  4626 W IgMetaConfig: 	at X.06j2.invoke(:11)
07-09 16:04:26.152  4253  4626 W IgMetaConfig: 	at X.04Pi.getValue(:25)
07-09 16:04:26.152  4253  4626 W IgMetaConfig: 	at X.06Zs.invoke(:581)
07-09 16:04:26.152  4253  4626 W IgMetaConfig: 	at X.04Pi.getValue(:25)
07-09 16:04:26.152  4253  4626 W IgMetaConfig: 	at X.06hv.run(:4)
07-09 16:04:26.152  4253  4626 W IgMetaConfig: 	at X.02ak.run(:2)
07-09 16:04:26.152  4253  4626 W IgMetaConfig: 	at X.01me.run(:25)
07-09 16:04:26.152  4253  4626 W IgMetaConfig: 	at X.02al.run(:16)
07-09 16:04:26.152  4253  4626 W IgMetaConfig: 	at X.01me.run(:25)
07-09 16:04:26.152  4253  4626 W IgMetaConfig: 	at X.01me.run(:25)
07-09 16:04:26.152  4253  4626 W IgMetaConfig: 	at X.01ly.A00(:122)
07-09 16:04:26.152  4253  4626 W IgMetaConfig: 	at X.01ly.run(:102)
07-09 16:04:26.447  1266  1279 E NtChgAidl: NtChgAidl: InGameStatus: 0
07-09 16:04:26.447  1266  1279 E NtChg   : NtChg:T0-6:[50,100,350,370,390,410,500],chg_series:8,is_changed:1,TeBoT0-6:[50,80,350,370,390,410,500],TRegion:2,Temp:337,tzname:shell_front,Ibat:3000,onlineI:-400,param_type:6,AbnormalStatus:512,tzn:60,g_cp_mode:4,vbat:3946,pr_id:2,OnGameStatus:0
07-09 16:04:26.447  1266  1279 E NtChg   : NtChg:handle_batt_temp_cool triggered
07-09 16:04:26.447  1266  1279 E NtChg   : NtChg:set temp_region=2
07-09 16:04:26.448  1266  1279 E NtChg   : NtChg:set ibatmax=3000 and set vbatmax=4500
07-09 16:04:26.501   695   695 E TlcKM   : lookup_operation: op 0x271f3c2df3946daa not found
07-09 16:04:26.502   695   695 E TlcKM   : lookup_operation(session, operation_handle, &op) == -28
07-09 16:04:26.532  4253  4358 W stagram.android: JNI RegisterNativeMethods: attempt to register 0 native methods for com.facebook.traffic.nts.providers.background.BackgroundV2TaskSchedulerCommonImpl
07-09 16:04:26.557  1254  1350 W AString : ctor got NULL, using empty string instead
07-09 16:04:26.557  1254  1350 I SCP-SensorSavedChannel: [-14990,1674,-9760]==>gyro_bias.json
07-09 16:04:26.563  4253  4450 W JobInfo : Requested important-while-foreground flag for job3907 is ignored and takes no effect
07-09 16:04:26.613  1262  1357 I libPerfCtl: xgfGetFPS pid:2295 fps:-1
07-09 16:04:26.613  1262  1357 I libPerfCtl: xgfGetFPS pid:3590 fps:-1
07-09 16:04:27.062  1254  1350 W AString : ctor got NULL, using empty string instead
07-09 16:04:27.063  1254  1350 I SCP-SensorSavedChannel: [-14989,1682,-9737]==>gyro_bias.json
07-09 16:04:27.252  1277  1709 E SurfaceFlinger: MtkDuration override mode is disabled
07-09 16:04:27.252  1277  1709 I PowerHalWrapper: updateFps(): 60
07-09 16:04:27.253  1243  1693 I hwcomposer: [DRMDEV] (0:60) failed to waitNextVsync: -1  
07-09 16:04:27.254  1243  1243 I hwcomposer: [HWCDisplay] (0) setActiveConfigWithConstraints config:0  
07-09 16:04:27.254  1243  1243 I hwcomposer: [HWCDisplay] setActiveConfigWithConstraints(), now 663179435799758, diff 360231, estimated_applied_time 8333333 queued_size:0  
07-09 16:04:27.256  1243  1243 I hwcomposer: [HWCDisplay] [Display_0 (type:1, mode:2)] fps:6.331490,dur:3000.87,max:2641.45,min:8.19  
07-09 16:04:27.262  1243  1693 I hwcomposer: [DRMDEV] (0:60) failed to waitNextVsync: -1  
07-09 16:04:27.266  1277  1277 I PowerHalWrapper: updateFps(): 60
07-09 16:04:27.266  1277  1277 I PowerHalWrapper: mEnableMultiDisplayMode enable=0 fps=60
07-09 16:04:27.266  1277  1277 I mtkpower_client: PowerHal_Wrap_EnableMultiDisplayMode, enable:0 fps:60 CurMultiDisplayMode:-1
07-09 16:04:27.268  1277  1277 I PowerHalWrapper: updateFps(): 60
07-09 16:04:27.284  1243  1717 I hwcomposer: [HWCDisplay] updateAppliedConfigState: applied config complete[idx:663179444133091, config:0]  
07-09 16:04:27.285  2295  2295 W TouchableRegionManager: onHeadsUpPinnedModeChanged
07-09 16:04:27.329  2295  2815 W HWUI    : Image decoding logging dropped!
07-09 16:04:27.337  1277  1277 I BufferQueueProducer: [StatusBar#90](this:0xb4000072ceb36898,id:-1,api:0,p:-1,c:1277) queueBuffer: fps=2.97 dur=5726.14 max=5432.96 min=16.40
07-09 16:04:27.337  1277  1277 I BufferQueueProducer: [NotificationShade#26326](this:0xb4000072cebf5548,id:-1,api:0,p:-1,c:1277) queueBuffer: fps=4.75 dur=5683.75 max=5250.40 min=0.19
07-09 16:04:27.613  1262  1357 I libPerfCtl: xgfGetFPS pid:2295 fps:-1
07-09 16:04:27.613  1262  1357 I libPerfCtl: xgfGetFPS pid:3590 fps:-1
07-09 16:04:27.777  2295  2295 W WindowOnBackDispatcher: sendCancelIfRunning: isInProgress=false callback=com.android.systemui.back.domain.interactor.BackActionInteractor$callback$2@8582b37
07-09 16:04:27.800  1277  1365 I SurfaceFlinger: setDesiredDisplayModeSpecs: calling_process=system_server
07-09 16:04:27.801  1277  1277 I SurfaceFlinger: setDesiredDisplayModeSpecs: policy={defaultModeId=2, allowGroupSwitching=false, primaryRanges={physical=[0.00 Hz, 120.10 Hz], render=[0.00 Hz, 90.00 Hz]}, appRequestRanges={physical=[0.00 Hz, 120.10 Hz], render=[0.00 Hz, 90.00 Hz]} idleScreenConfig=nullptr}
07-09 16:04:27.801  1214  1247 I netd    : tetherGetStats() -> {[TetherStatsParcel{iface: wlan0, rxBytes: 0, rxPackets: 0, txBytes: 0, txPackets: 0, ifIndex: 0}]} <3.57ms>
07-09 16:04:27.801  1277  1277 I RefreshRateSelector: Display 4627039422300187648 policy changed
07-09 16:04:27.801  1277  1277 I RefreshRateSelector: Previous: {defaultModeId=1, allowGroupSwitching=false, primaryRanges={physical=[0.00 Hz, 120.10 Hz], render=[0.00 Hz, 120.00 Hz]}, appRequestRanges={physical=[0.00 Hz, 120.10 Hz], render=[0.00 Hz, 120.00 Hz]} idleScreenConfig=nullptr}
07-09 16:04:27.801  1277  1277 I RefreshRateSelector: Current:  DisplayManagerPolicy{defaultModeId=2, allowGroupSwitching=false, primaryRanges={physical=[0.00 Hz, 120.10 Hz], render=[0.00 Hz, 90.00 Hz]}, appRequestRanges={physical=[0.00 Hz, 120.10 Hz], render=[0.00 Hz, 90.00 Hz]} idleScreenConfig=nullptr}
07-09 16:04:27.801  1277  1277 I RefreshRateSelector: 2 mode changes were performed under the previous policy
07-09 16:04:27.807  1916  1946 I DisplayDeviceRepository: Display device changed render timings: "기본으로 제공되는 화면", renderFrameRate=60.0, presentationDeadlineNanos=16600000, appVsyncOffsetNanos=1133334, frameRateOverrides=[]
07-09 16:04:27.821  1277  1365 I SurfaceFlinger: onHandleDestroyed: layerId=26325, name=Surface(name=a65d512 StatusBar)/@0x902d042 - animation-leash of insets_animation#26325
07-09 16:04:27.821  1277  1365 I SurfaceFlinger: onHandleDestroyed: layerId=26326, name=NotificationShade#26326
07-09 16:04:27.833  2248  2248 E WifiHAL : handleResponse: data=0xb400007b8d0f17d0, len=4888
07-09 16:04:27.833  2248  2248 I WifiHAL : check_data_sanity: confirmed_size=4888, len=4888
07-09 16:04:27.834  2248  2248 I WifiHAL : wifi_get_link_stats: result=0
07-09 16:04:27.859  2248  2248 I WifiHAL : feature_set=0x8489141a
07-09 16:04:28.061  1254  1350 W AString : ctor got NULL, using empty string instead
07-09 16:04:28.062  1254  1350 I SCP-SensorSavedChannel: [-14989,1690,-9716]==>gyro_bias.json
07-09 16:04:28.233 22677 18784 W soft_error.cpp: [pando::graphql::PandoGraphQLRequestHybrid::assertValid] : Using a PandoGraphQLRequest after it has been consumed. Query name is PostLiveMetricsQuery
07-09 16:04:28.252  1214  4642 I resolv  : GetAddrInfoHandler::run: {127 127 127 983167 10241 0}
07-09 16:04:28.252  1214  4642 I resolv  : GetAddrInfoHandler::run: network access blocked
07-09 16:04:28.255 22677 22778 E msys    : E[N mns:TigonMNS]_LogError(328)=>Failed to resolve using system DNS resolver, getaddrinfo(): No address associated with hostname
07-09 16:04:28.258  1214  4643 I resolv  : GetAddrInfoHandler::run: {127 127 127 983167 10241 0}
07-09 16:04:28.258  1214  4643 I resolv  : GetAddrInfoHandler::run: network access blocked
07-09 16:04:28.259 22677 22778 E msys    : E[N mns:TigonMNS]_LogError(328)=>Failed to resolve using system DNS resolver, getaddrinfo(): No address associated with hostname
07-09 16:04:28.564  1254  1350 W AString : ctor got NULL, using empty string instead
07-09 16:04:28.564  1254  1350 I SCP-SensorSavedChannel: [-14989,1688,-9721]==>gyro_bias.json
07-09 16:04:28.614  1262  1357 I libPerfCtl: xgfGetFPS pid:2295 fps:-1
07-09 16:04:28.614  1262  1357 I libPerfCtl: xgfGetFPS pid:3590 fps:-1
07-09 16:04:28.736  4253  4556 E Flipper : Attempted to initialize in non-internal build
07-09 16:04:29.055  1254  1350 W AString : ctor got NULL, using empty string instead
07-09 16:04:29.055  1254  1350 I SCP-SensorSavedChannel: [-14988,1691,-9711]==>gyro_bias.json
07-09 16:04:29.115  1916  1946 E EventHub: Failed to read sysfs battery info: No such file or directory
07-09 16:04:29.176  1916  2289 I AS.AudioService: getMode, get current owner's mode
07-09 16:04:29.176  1916  2289 I AS.AudioService: getMode, currentModeHandler is null
07-09 16:04:29.560  1254  1350 W AString : ctor got NULL, using empty string instead
07-09 16:04:29.564  1254  1350 I SCP-SensorSavedChannel: [-14988,1696,-9698]==>gyro_bias.json
07-09 16:04:29.614  1262  1357 I libPerfCtl: xgfGetFPS pid:2295 fps:-1
07-09 16:04:29.614  1262  1357 I libPerfCtl: xgfGetFPS pid:3590 fps:-1
07-09 16:04:29.968  2480  2820 W BluetoothMetricsLogger: MetricsLogger isn't initialized
07-09 16:04:29.969  2480  2820 W BluetoothMetricsLogger: MetricsLogger isn't initialized
07-09 16:04:29.973 19093  4202 I NearbyMediums: This GATT advertisement BleAdvertisement { version=2, socketVersion=2, isFast=true, serviceIdHash=null, data=[ 0x23 0x35 0x33 0x56 0x43 0x11 0x32 0x38 0xd7 0x4d 0x0e 0x98 0x25 0x7f 0x7e 0x5f 0x08 0x10 0xd3 0x71 0xad 0x62 0xd1 ], deviceToken=[ 0x52 0xc1 ], rxAdvertisement=null } is a Fast Advertisement and matched UUID 0000fef3-0000-1000-8000-00805f9b34fb in fastAdvertisementServiceUuids map with serviceID NearbySharing
07-09 16:04:29.974 19093  1995 I NearbyConnections: Found BleAdvertisement [ 0x23 0x35 0x33 0x56 0x43 0x11 0x32 0x38 0xd7 0x4d 0x0e 0x98 0x25 0x7f 0x7e 0x5f 0x08 0x10 0xd3 0x71 0xad 0x62 0xd1 ] (with EndpointId 53VC and EndpointInfo [ 0x32 0x38 0xd7 0x4d 0x0e 0x98 0x25 0x7f 0x7e 0x5f 0x08 0x10 0xd3 0x71 0xad 0x62 0xd1 ])
07-09 16:04:29.976 19093  1995 I NearbyConnections: ClientProxy(141054581 0p:com.google.android.gms.nearby.sharing) reporting onEndpointFound(53VC)
07-09 16:04:29.976 19093  1995 I NearbyConnections: ClientProxy(141054581) reporting onEndpointDistanceChanged(53VC, UNKNOWN)
07-09 16:04:29.978 19093  1780 I NearbySharing: NearbySharing Internal event EndpointDiscovered(endpointId=53VC)
07-09 16:04:30.065  1254  1350 W AString : ctor got NULL, using empty string instead
07-09 16:04:30.066  1254  1350 I SCP-SensorSavedChannel: [-14988,1700,-9687]==>gyro_bias.json
07-09 16:04:30.066  1254  1350 W AString : ctor got NULL, using empty string instead
07-09 16:04:30.067  1254  1350 I SCP-SensorSavedChannel: [-12,-145,-409,-14482,7134,5541]==>gyro_temp.json
07-09 16:04:30.067  1254  1350 W AString : ctor got NULL, using empty string instead
07-09 16:04:30.067  1254  1350 I SCP-SensorSavedChannel: [-14957,1711,-9830]==>gyro_bias.json
07-09 16:04:30.300 19093  4202 I NearbyMediums: No BLE Fast/GATT advertisements found in the latest cycle.
07-09 16:04:30.301 19093  4202 I NearbyMediums: Current Tracked Scanning Clients are : {NearbyConnections.EnvironmentMonitor, NearbySharing}
07-09 16:04:30.556  1254  1350 W AString : ctor got NULL, using empty string instead
07-09 16:04:30.557  1254  1350 I SCP-SensorSavedChannel: [-14954,1751,-9718]==>gyro_bias.json
07-09 16:04:30.614  1262  1357 I libPerfCtl: xgfGetFPS pid:2295 fps:-1
07-09 16:04:30.614  1262  1357 I libPerfCtl: xgfGetFPS pid:3590 fps:-1
07-09 16:04:30.884  2248  2248 E WifiHAL : handleResponse: data=0xb400007b8d0f17d0, len=4888
07-09 16:04:30.884  2248  2248 I WifiHAL : check_data_sanity: confirmed_size=4888, len=4888
07-09 16:04:30.884  2248  2248 I WifiHAL : wifi_get_link_stats: result=0
07-09 16:04:30.907  2248  2248 I WifiHAL : feature_set=0x8489141a
07-09 16:04:31.061  1254  1350 W AString : ctor got NULL, using empty string instead
07-09 16:04:31.062  1254  1350 I SCP-SensorSavedChannel: [-14954,1749,-9723]==>gyro_bias.json
07-09 16:04:31.567  1254  1350 W AString : ctor got NULL, using empty string instead
07-09 16:04:31.568  1254  1350 I SCP-SensorSavedChannel: [-14953,1758,-9697]==>gyro_bias.json
07-09 16:04:31.614  1262  1357 I libPerfCtl: xgfGetFPS pid:2295 fps:-1
07-09 16:04:31.614  1262  1357 I libPerfCtl: xgfGetFPS pid:3590 fps:-1
07-09 16:04:32.057  1254  1350 W AString : ctor got NULL, using empty string instead
07-09 16:04:32.058  1254  1350 I SCP-SensorSavedChannel: [-14953,1762,-9685]==>gyro_bias.json
07-09 16:04:32.458  1266  1279 E NtChgAidl: NtChgAidl: InGameStatus: 0
07-09 16:04:32.459  1266  1279 E NtChg   : NtChg:T0-6:[50,100,350,370,390,410,500],chg_series:8,is_changed:1,TeBoT0-6:[50,80,350,370,390,410,500],TRegion:2,Temp:338,tzname:shell_front,Ibat:3000,onlineI:-400,param_type:6,AbnormalStatus:512,tzn:60,g_cp_mode:4,vbat:3969,pr_id:2,OnGameStatus:0
07-09 16:04:32.459  1266  1279 E NtChg   : NtChg:handle_batt_temp_cool triggered
07-09 16:04:32.459  1266  1279 E NtChg   : NtChg:set temp_region=2
07-09 16:04:32.459  1266  1279 E NtChg   : NtChg:set ibatmax=3000 and set vbatmax=4500
07-09 16:04:32.563  1254  1350 W AString : ctor got NULL, using empty string instead
07-09 16:04:32.566  1254  1350 I SCP-SensorSavedChannel: [-14952,1765,-9678]==>gyro_bias.json
07-09 16:04:32.615  1262  1357 I libPerfCtl: xgfGetFPS pid:2295 fps:-1
07-09 16:04:32.615  1262  1357 I libPerfCtl: xgfGetFPS pid:3590 fps:-1
07-09 16:04:33.068  1254  1350 W AString : ctor got NULL, using empty string instead
07-09 16:04:33.069  1254  1350 I SCP-SensorSavedChannel: [-14952,1770,-9662]==>gyro_bias.json
07-09 16:04:33.559  1254  1350 W AString : ctor got NULL, using empty string instead
07-09 16:04:33.560  1254  1350 I SCP-SensorSavedChannel: [-14951,1779,-9638]==>gyro_bias.json
07-09 16:04:33.616  1262  1357 I libPerfCtl: xgfGetFPS pid:2295 fps:-1
07-09 16:04:33.616  1262  1357 I libPerfCtl: xgfGetFPS pid:3590 fps:-1
07-09 16:04:33.935  2248  2248 E WifiHAL : handleResponse: data=0xb400007b8d0f17d0, len=4888
07-09 16:04:33.935  2248  2248 I WifiHAL : check_data_sanity: confirmed_size=4888, len=4888
07-09 16:04:33.935  2248  2248 I WifiHAL : wifi_get_link_stats: result=0
07-09 16:04:33.961  2248  2248 I WifiHAL : feature_set=0x8489141a
07-09 16:04:34.064  1254  1350 W AString : ctor got NULL, using empty string instead
07-09 16:04:34.065  1254  1350 I SCP-SensorSavedChannel: [-14952,1774,-9651]==>gyro_bias.json
07-09 16:04:34.183  1916  3981 I AS.AudioService: getMode, get current owner's mode
07-09 16:04:34.183  1916  3981 I AS.AudioService: getMode, currentModeHandler is null
07-09 16:04:34.569  1254  1350 W AString : ctor got NULL, using empty string instead
07-09 16:04:34.570  1254  1350 I SCP-SensorSavedChannel: [-14951,1778,-9641]==>gyro_bias.json
07-09 16:04:34.616  1262  1357 I libPerfCtl: xgfGetFPS pid:2295 fps:-1
07-09 16:04:35.060  1254  1350 W AString : ctor got NULL, using empty string instead
07-09 16:04:35.061  1254  1350 I SCP-SensorSavedChannel: [-14951,1781,-9632]==>gyro_bias.json
07-09 16:04:35.141  1214  4654 I resolv  : GetAddrInfoHandler::run: {127 262271 127 983167 10240 0}
07-09 16:04:35.142  1214  4655 I resolv  : res_nmkquery: (QUERY, IN, A)
07-09 16:04:35.143  1214  4655 I resolv  : resolv_cache_lookup: FOUND IN CACHE entry=0xb400007ab252c690
07-09 16:04:35.143  1214  4655 I resolv  : doQuery: rcode=0, ancount=2, return value=76
07-09 16:04:35.144  4253  4343 E msys    : E[N mns:TigonMNS]_OnResolverSuccess(359)=>Cache refresh succeeded with system DNS resolver. IP count: 1
07-09 16:04:35.260  1916  1955 I ActivityManager: Waited long enough for: ServiceRecord{c9deeb8 u0 com.instagram.android/com.facebook.rti.pushv2.inapp.InappFbnsService c:com.instagram.android}
07-09 16:04:35.566  1254  1350 W AString : ctor got NULL, using empty string instead
07-09 16:04:35.569  1254  1350 I SCP-SensorSavedChannel: [-14951,1785,-9620]==>gyro_bias.json
07-09 16:04:35.616  1262  1357 I libPerfCtl: xgfGetFPS pid:2295 fps:-1
07-09 16:04:36.503   693  4325 I keystore2: system/security/keystore2/watchdog/src/lib.rs:377 - Watchdog thread idle -> terminating. Have a great day.
07-09 16:04:36.562  1254  1350 W AString : ctor got NULL, using empty string instead
07-09 16:04:36.563  1254  1350 I SCP-SensorSavedChannel: [-14950,1791,-9604]==>gyro_bias.json
07-09 16:04:36.617  1262  1357 I libPerfCtl: xgfGetFPS pid:2295 fps:-1
07-09 16:04:36.719  4253  4556 E Flipper : Attempted to initialize in non-internal build
07-09 16:04:36.985  2248  2248 E WifiHAL : handleResponse: data=0xb400007b8d0f17d0, len=4888
07-09 16:04:36.985  2248  2248 I WifiHAL : check_data_sanity: confirmed_size=4888, len=4888
07-09 16:04:36.985  2248  2248 I WifiHAL : wifi_get_link_stats: result=0
07-09 16:04:37.010  2248  2248 I WifiHAL : feature_set=0x8489141a
07-09 16:04:37.067  1254  1350 W AString : ctor got NULL, using empty string instead
07-09 16:04:37.068  1254  1350 I SCP-SensorSavedChannel: [-14951,1787,-9616]==>gyro_bias.json
07-09 16:04:37.286 31522 31522 I adbd    : adbd service requested 'exec:screencap '-p''
07-09 16:04:37.395  4660  4660 W screencap: Thread Pool max thread count is 0. Cannot cache binder as linkToDeath cannot be implemented. serviceName: SurfaceFlingerAIDL
07-09 16:04:37.395  4660  4660 W BpBinder: Linking to death on android.gui.ISurfaceComposer but there are no threads (yet?) listening to incoming transactions. See ProcessState::startThreadPool and ProcessState::setThreadPoolMaxThreadCount. Generally you should setup the binder threadpool before other initialization steps.
07-09 16:04:37.395  4660  4660 W ProcessState: Extra binder thread started, but 0 threads requested. Do not use *startThreadPool when zero threads are requested.
07-09 16:04:37.399  1214  1247 I netd    : tetherGetStats() -> {[TetherStatsParcel{iface: wlan0, rxBytes: 0, rxPackets: 0, txBytes: 0, txPackets: 0, ifIndex: 0}]} <3.95ms>
07-09 16:04:37.425  4660  4660 I DMABUFHEAPS: Using DMA-BUF heap named: mtk_mm
07-09 16:04:37.425  4660  4660 I DMABUFHEAPS: Using DMA-BUF heap named: mtk_mm-uncached
07-09 16:04:37.425  4660  4660 I DMABUFHEAPS: Using DMA-BUF heap named: mtk_svp_page-uncached
07-09 16:04:37.425  4660  4660 I DMABUFHEAPS: Using DMA-BUF heap named: mtk_prot_region
07-09 16:04:37.425  4660  4660 I DMABUFHEAPS: Using DMA-BUF heap named: mtk_2d_fr_region
07-09 16:04:37.425  4660  4660 I DMABUFHEAPS: Using DMA-BUF heap named: mtk_wfd_page-uncached
07-09 16:04:37.572  1254  1350 W AString : ctor got NULL, using empty string instead
07-09 16:04:37.572  1254  1350 I SCP-SensorSavedChannel: [-14,-149,-423,-14423,7294,6093]==>gyro_temp.json
07-09 16:04:37.572  1254  1350 W AString : ctor got NULL, using empty string instead
07-09 16:04:37.573  1254  1350 I SCP-SensorSavedChannel: [-14940,1796,-9514]==>gyro_bias.json
07-09 16:04:37.588  4660  4660 W RefBase : RefBase: Explicit destruction, weak count = 0 (in 0x73547a0848). Use sp<> to manage this object. Note - if weak count is 0, this leaks mRefs (weakref_impl).
07-09 16:04:37.617  1262  1357 I libPerfCtl: xgfGetFPS pid:2295 fps:-1
07-09 16:04:38.063  1254  1350 W AString : ctor got NULL, using empty string instead
07-09 16:04:38.064  1254  1350 I SCP-SensorSavedChannel: [-14939,1808,-9481]==>gyro_bias.json
07-09 16:04:38.479  1266  1279 E NtChgAidl: NtChgAidl: InGameStatus: 0
07-09 16:04:38.479  1266  1279 E NtChg   : NtChg:T0-6:[50,100,350,370,390,410,500],chg_series:8,is_changed:1,TeBoT0-6:[50,80,350,370,390,410,500],TRegion:2,Temp:338,tzname:shell_front,Ibat:3000,onlineI:-400,param_type:6,AbnormalStatus:512,tzn:60,g_cp_mode:4,vbat:3971,pr_id:2,OnGameStatus:0
07-09 16:04:38.479  1266  1279 E NtChg   : NtChg:handle_batt_temp_cool triggered
07-09 16:04:38.479  1266  1279 E NtChg   : NtChg:set temp_region=2
07-09 16:04:38.479  1266  1279 E NtChg   : NtChg:set ibatmax=3000 and set vbatmax=4500
07-09 16:04:38.568  1254  1350 W AString : ctor got NULL, using empty string instead
07-09 16:04:38.569  1254  1350 I SCP-SensorSavedChannel: [-14938,1819,-9450]==>gyro_bias.json
07-09 16:04:39.073  1254  1350 W AString : ctor got NULL, using empty string instead
07-09 16:04:39.074  1254  1350 I SCP-SensorSavedChannel: [-14938,1814,-9463]==>gyro_bias.json
07-09 16:04:39.128  1916  1946 E EventHub: Failed to read sysfs battery info: No such file or directory
07-09 16:04:39.189  1916  3981 I AS.AudioService: getMode, get current owner's mode
07-09 16:04:39.189  1916  3981 I AS.AudioService: getMode, currentModeHandler is null
07-09 16:04:39.564  1254  1350 W AString : ctor got NULL, using empty string instead
07-09 16:04:39.565  1254  1350 I SCP-SensorSavedChannel: [-14938,1816,-9456]==>gyro_bias.json
07-09 16:04:39.856  2480  2820 W BluetoothMetricsLogger: MetricsLogger isn't initialized
07-09 16:04:39.856  2480  2820 W BluetoothMetricsLogger: MetricsLogger isn't initialized
07-09 16:04:39.860 19093  4202 I NearbyMediums: This GATT advertisement BleAdvertisement { version=2, socketVersion=2, isFast=true, serviceIdHash=null, data=[ 0x23 0x35 0x36 0x47 0x35 0x11 0x32 0x23 0x2f 0x40 0x0c 0xec 0x6b 0x61 0x95 0xce 0x87 0x58 0x26 0x8c 0xfb 0xaa 0x97 ], deviceToken=[ 0xd4 0xd2 ], rxAdvertisement=null } is a Fast Advertisement and matched UUID 0000fef3-0000-1000-8000-00805f9b34fb in fastAdvertisementServiceUuids map with serviceID NearbySharing
07-09 16:04:39.861 19093  1780 I NearbyConnections: Found BleAdvertisement [ 0x23 0x35 0x36 0x47 0x35 0x11 0x32 0x23 0x2f 0x40 0x0c 0xec 0x6b 0x61 0x95 0xce 0x87 0x58 0x26 0x8c 0xfb 0xaa 0x97 ] (with EndpointId 56G5 and EndpointInfo [ 0x32 0x23 0x2f 0x40 0x0c 0xec 0x6b 0x61 0x95 0xce 0x87 0x58 0x26 0x8c 0xfb 0xaa 0x97 ])
07-09 16:04:39.862 19093  1780 I NearbyConnections: ClientProxy(141054581 0p:com.google.android.gms.nearby.sharing) reporting onEndpointFound(56G5)
07-09 16:04:39.862 19093  1780 I NearbyConnections: ClientProxy(141054581) reporting onEndpointDistanceChanged(56G5, UNKNOWN)
07-09 16:04:39.864 19093  4202 I NearbySharing: NearbySharing Internal event EndpointDiscovered(endpointId=56G5)
07-09 16:04:40.040  2248  2248 E WifiHAL : handleResponse: data=0xb400007b8d0f17d0, len=4888
07-09 16:04:40.040  2248  2248 I WifiHAL : check_data_sanity: confirmed_size=4888, len=4888
07-09 16:04:40.040  2248  2248 I WifiHAL : wifi_get_link_stats: result=0
07-09 16:04:40.065  2248  2248 I WifiHAL : feature_set=0x8489141a
07-09 16:04:40.070  1254  1350 W AString : ctor got NULL, using empty string instead
07-09 16:04:40.070  1254  1350 I SCP-SensorSavedChannel: [-14938,1822,-9442]==>gyro_bias.json
07-09 16:04:40.307 19093  4669 I NearbyMediums: No BLE Fast/GATT advertisements found in the latest cycle.
07-09 16:04:40.307 19093  4669 I NearbyMediums: Current Tracked Scanning Clients are : {NearbyConnections.EnvironmentMonitor, NearbySharing}
07-09 16:04:40.309 19093  4202 I NearbyConnections: Processing lost BlePeripheral BlePeripheral{advertisement=BleAdvertisement { version=2, socketVersion=2, isFast=true, serviceIdHash=null, data=[ 0x23 0x35 0x33 0x56 0x43 0x11 0x32 0x38 0xd7 0x4d 0x0e 0x98 0x25 0x7f 0x7e 0x5f 0x08 0x10 0xd3 0x71 0xad 0x62 0xd1 ], deviceToken=[ 0x52 0xc1 ], rxAdvertisement=null }, dctAdvertisement=null, address=null, psm=0, deviceToken=<ByteString@8cf8d05 size=2 contents="R\301">, isSecondProfile=false, rxInstantConnectionAdv=null}.
07-09 16:04:40.309 19093  4202 I NearbyConnections: Lost BleEndpoint for BlePeripheral BlePeripheral{advertisement=BleAdvertisement { version=2, socketVersion=2, isFast=true, serviceIdHash=null, data=[ 0x23 0x35 0x33 0x56 0x43 0x11 0x32 0x38 0xd7 0x4d 0x0e 0x98 0x25 0x7f 0x7e 0x5f 0x08 0x10 0xd3 0x71 0xad 0x62 0xd1 ], deviceToken=[ 0x52 0xc1 ], rxAdvertisement=null }, dctAdvertisement=null, address=null, psm=0, deviceToken=<ByteString@8cf8d05 size=2 contents="R\301">, isSecondProfile=false, rxInstantConnectionAdv=null} (with EndpointId 53VC and EndpointInfo [ 0x32 0x38 0xd7 0x4d 0x0e 0x98 0x25 0x7f 0x7e 0x5f 0x08 0x10 0xd3 0x71 0xad 0x62 0xd1 ]).
07-09 16:04:40.310 19093  4202 I NearbyConnections: ClientProxy(141054581) reporting onEndpointLost(53VC)
07-09 16:04:40.312 19093  4202 I NearbySharing: NearbySharing Internal event EndpointLost(endpointId=53VC)
07-09 16:04:40.575  1254  1350 W AString : ctor got NULL, using empty string instead
07-09 16:04:40.575  1254  1350 I SCP-SensorSavedChannel: [-14937,1827,-9425]==>gyro_bias.json
07-09 16:04:41.066  1254  1350 W AString : ctor got NULL, using empty string instead
07-09 16:04:41.066  1254  1350 I SCP-SensorSavedChannel: [-14937,1829,-9422]==>gyro_bias.json
07-09 16:04:41.571  1254  1350 W AString : ctor got NULL, using empty string instead
07-09 16:04:41.572  1254  1350 I SCP-SensorSavedChannel: [-14937,1832,-9413]==>gyro_bias.json
07-09 16:04:42.076  1254  1350 W AString : ctor got NULL, using empty string instead
07-09 16:04:42.077  1254  1350 I SCP-SensorSavedChannel: [-14935,1847,-9369]==>gyro_bias.json
07-09 16:04:42.567  1254  1350 W AString : ctor got NULL, using empty string instead
07-09 16:04:42.567  1254  1350 I SCP-SensorSavedChannel: [-14936,1837,-9399]==>gyro_bias.json
07-09 16:04:43.072  1254  1350 W AString : ctor got NULL, using empty string instead
07-09 16:04:43.074  1254  1350 I SCP-SensorSavedChannel: [-14936,1839,-9392]==>gyro_bias.json
07-09 16:04:43.091  2248  2248 E WifiHAL : handleResponse: data=0xb400007b8d0f17d0, len=4888
07-09 16:04:43.091  2248  2248 I WifiHAL : check_data_sanity: confirmed_size=4888, len=4888
07-09 16:04:43.091  2248  2248 I WifiHAL : wifi_get_link_stats: result=0
07-09 16:04:43.121  2248  2248 I WifiHAL : feature_set=0x8489141a
07-09 16:04:43.479  4253  4556 E Flipper : Attempted to initialize in non-internal build
07-09 16:04:43.577  4253  4556 E Flipper : Attempted to initialize in non-internal build
07-09 16:04:43.578  1254  1350 W AString : ctor got NULL, using empty string instead
07-09 16:04:43.578  1254  1350 I SCP-SensorSavedChannel: [-14935,1846,-9372]==>gyro_bias.json
07-09 16:04:44.068  1254  1350 W AString : ctor got NULL, using empty string instead
07-09 16:04:44.069  1254  1350 I SCP-SensorSavedChannel: [-14934,1854,-9351]==>gyro_bias.json
07-09 16:04:44.197  1916  3981 I AS.AudioService: getMode, get current owner's mode
07-09 16:04:44.197  1916  3981 I AS.AudioService: getMode, currentModeHandler is null
07-09 16:04:44.491  1266  1279 E NtChgAidl: NtChgAidl: InGameStatus: 0
07-09 16:04:44.491  1266  1279 E NtChg   : NtChg:T0-6:[50,100,350,370,390,410,500],chg_series:8,is_changed:1,TeBoT0-6:[50,80,350,370,390,410,500],TRegion:2,Temp:337,tzname:shell_front,Ibat:3000,onlineI:-400,param_type:6,AbnormalStatus:512,tzn:60,g_cp_mode:4,vbat:3970,pr_id:2,OnGameStatus:0
07-09 16:04:44.491  1266  1279 E NtChg   : NtChg:handle_batt_temp_cool triggered
07-09 16:04:44.491  1266  1279 E NtChg   : NtChg:set temp_region=2
07-09 16:04:44.491  1266  1279 E NtChg   : NtChg:set ibatmax=3000 and set vbatmax=4500
07-09 16:04:44.574  1254  1350 W AString : ctor got NULL, using empty string instead
07-09 16:04:44.578  1254  1350 I SCP-SensorSavedChannel: [-14935,1850,-9360]==>gyro_bias.json
07-09 16:04:45.079  1254  1350 W AString : ctor got NULL, using empty string instead
07-09 16:04:45.080  1254  1350 I SCP-SensorSavedChannel: [-14934,1858,-9337]==>gyro_bias.json
07-09 16:04:45.080  1254  1350 W AString : ctor got NULL, using empty string instead
07-09 16:04:45.080  1254  1350 I SCP-SensorSavedChannel: [-12,-144,-416,-14491,7077,5809]==>gyro_temp.json
07-09 16:04:45.081  1254  1350 W AString : ctor got NULL, using empty string instead
07-09 16:04:45.081  1254  1350 I SCP-SensorSavedChannel: [-14952,1783,-9482]==>gyro_bias.json
07-09 16:04:45.570  1254  1350 W AString : ctor got NULL, using empty string instead
07-09 16:04:45.571  1254  1350 I SCP-SensorSavedChannel: [-14950,1804,-9421]==>gyro_bias.json
07-09 16:04:45.870  2480  2739 I bluetooth: [le_impl.h(1276)] OnPause: OnPause armed state:ConnectabilityState::DISARMED
07-09 16:04:45.873  2480  2739 I bluetooth: [le_address_manager.cc(538)] GetNextPrivateAddressIntervalRange: nonwake=8m11s, wake=13m5s
07-09 16:04:45.869   467   467 W logd.writer: type=1400 audit(0.0:65254): avc:  denied  { read } for  name="u:object_r:bluetooth_prop:s0" dev="tmpfs" ino=124 scontext=u:r:logd:s0 tcontext=u:object_r:bluetooth_prop:s0 tclass=file permissive=0
07-09 16:04:45.884  2480  2739 I bluetooth: [le_address_manager.cc(711)] OnCommandComplete: Received command complete with op_code LE_SET_RANDOM_ADDRESS(0x2005)
07-09 16:04:45.884  2480  2739 I bluetooth: [le_address_manager.cc(732)] OnCommandComplete: update random address : xx:xx:xx:xx:dc:e9
07-09 16:04:45.884  2480  2739 I bluetooth: [le_address_manager.cc(360)] resume_registered_clients: Resuming registered clients
07-09 16:04:45.884  2480  2739 I bluetooth: [le_scanning_manager.cc(646)] stop_scan: Scanning already stopped, return!
07-09 16:04:45.881   467   467 W logd.writer: type=1400 audit(0.0:65255): avc:  denied  { read } for  name="u:object_r:bluetooth_prop:s0" dev="tmpfs" ino=124 scontext=u:r:logd:s0 tcontext=u:object_r:bluetooth_prop:s0 tclass=file permissive=0
07-09 16:04:46.075  1254  1350 W AString : ctor got NULL, using empty string instead
07-09 16:04:46.075  1254  1350 I SCP-SensorSavedChannel: [-14949,1811,-9401]==>gyro_bias.json
07-09 16:04:46.152  2248  2248 E WifiHAL : handleResponse: data=0xb400007b8d0f17d0, len=4888
07-09 16:04:46.152  2248  2248 I WifiHAL : check_data_sanity: confirmed_size=4888, len=4888
07-09 16:04:46.152  2248  2248 I WifiHAL : wifi_get_link_stats: result=0
07-09 16:04:46.177  2248  2248 I WifiHAL : feature_set=0x8489141a
07-09 16:04:47.071  1254  1350 W AString : ctor got NULL, using empty string instead
07-09 16:04:47.071  1254  1350 I SCP-SensorSavedChannel: [-14949,1812,-9396]==>gyro_bias.json
07-09 16:04:48.082  1254  1350 W AString : ctor got NULL, using empty string instead
07-09 16:04:48.083  1254  1350 I SCP-SensorSavedChannel: [-14949,1808,-9408]==>gyro_bias.json
07-09 16:04:48.497  4253  4556 E Flipper : Attempted to initialize in non-internal build
07-09 16:04:48.521  4253  4556 W DirectPushNotificationHandler: Reached stellaPluginStatic
07-09 16:04:48.522  4253  4556 W DirectStellaPluginImpl: Handling notification
07-09 16:04:48.522  4253  4556 W DirectStellaPluginImpl: direct notification importance is 4
07-09 16:04:48.522  4253  4333 E OpenMessageNotificationE2ELogger: Open messaging: flow inactive when logging event notif_enqueued_for_display
07-09 16:04:48.523  4253  4556 E StellaIntentHelper: Failed getting package info
07-09 16:04:48.523  4253  4556 E StellaIntentHelper: android.content.pm.PackageManager$NameNotFoundException: com.facebook.stella
07-09 16:04:48.523  4253  4556 E StellaIntentHelper: 	at android.app.ApplicationPackageManager.getPackageInfoAsUser(ApplicationPackageManager.java:299)
07-09 16:04:48.523  4253  4556 E StellaIntentHelper: 	at android.app.ApplicationPackageManager.getPackageInfo(ApplicationPackageManager.java:259)
07-09 16:04:48.523  4253  4556 E StellaIntentHelper: 	at android.app.ApplicationPackageManager.getPackageInfo(ApplicationPackageManager.java:253)
07-09 16:04:48.523  4253  4556 E StellaIntentHelper: 	at X.04lp.A00(:84)
07-09 16:04:48.523  4253  4556 E StellaIntentHelper: 	at X.04lp.A01(:19)
07-09 16:04:48.523  4253  4556 E StellaIntentHelper: 	at X.04kq.A09(:143)
07-09 16:04:48.523  4253  4556 E StellaIntentHelper: 	at X.04ip.A00(:209)
07-09 16:04:48.523  4253  4556 E StellaIntentHelper: 	at X.0Bhr.A00(:72)
07-09 16:04:48.523  4253  4556 E StellaIntentHelper: 	at X.04kq.A0E(:45)
07-09 16:04:48.523  4253  4556 E StellaIntentHelper: 	at X.04ip.A09(:1510)
07-09 16:04:48.523  4253  4556 E StellaIntentHelper: 	at X.04RC.Eyi(:1292)
07-09 16:04:48.523  4253  4556 E StellaIntentHelper: 	at X.04RE.A01(:585)
07-09 16:04:48.523  4253  4556 E StellaIntentHelper: 	at X.04RE.A03(:312)
07-09 16:04:48.523  4253  4556 E StellaIntentHelper: 	at X.00XG.Eyh(:126)
07-09 16:04:48.523  4253  4556 E StellaIntentHelper: 	at X.05bF.GC4(:943)
07-09 16:04:48.523  4253  4556 E StellaIntentHelper: 	at X.04li.A03(:86)
07-09 16:04:48.523  4253  4556 E StellaIntentHelper: 	at X.00b9.A02(:192)
07-09 16:04:48.523  4253  4556 E StellaIntentHelper: 	at X.04lh.A0P(:114)
07-09 16:04:48.523  4253  4556 E StellaIntentHelper: 	at X.08Sz.handleMessage(:974)
07-09 16:04:48.523  4253  4556 E StellaIntentHelper: 	at android.os.Handler.dispatchMessage(Handler.java:110)
07-09 16:04:48.523  4253  4556 E StellaIntentHelper: 	at android.os.Looper.loopOnce(Looper.java:283)
07-09 16:04:48.523  4253  4556 E StellaIntentHelper: 	at android.os.Looper.loop(Looper.java:392)
07-09 16:04:48.523  4253  4556 E StellaIntentHelper: 	at android.os.HandlerThread.run(HandlerThread.java:94)
07-09 16:04:48.523  4253  4556 E StellaIntentHelper: Failed getting package info
07-09 16:04:48.523  4253  4556 W DirectStellaPluginImpl: Meets min version: false || min version bypass: false
07-09 16:04:48.543  4253  4682 W HWUI    : Image decoding logging dropped!
07-09 16:04:48.557  4253  4559 W HWUI    : Image decoding logging dropped!
07-09 16:04:48.572  1254  1350 W AString : ctor got NULL, using empty string instead
07-09 16:04:48.572  1254  1350 I SCP-SensorSavedChannel: [-14950,1806,-9414]==>gyro_bias.json
07-09 16:04:48.607  4253  4333 E OpenMessageNotificationE2ELogger: Open messaging: flow inactive when rendering for 340282366841710301244259013163831336119_32901256486221588284664451371630592_41_6976652605
07-09 16:04:48.611 18142 18142 I AiAiTextClassifier: onCreateTextClassificationSession = TextClassificationSessionId {cff3938b-92cb-4d61-ad07-bd11ac11e9f0}
07-09 16:04:48.614 18142 18142 I AiAiTextClassifier: AiaiTextClassifierService.onSuggestConversationActions
07-09 16:04:48.635 18142 18142 I AiAiTextClassifier: onDestroyTextClassificationSession = TextClassificationSessionId {cff3938b-92cb-4d61-ad07-bd11ac11e9f0}
07-09 16:04:48.803  1916  1916 I AS.AudioService: getMode, get current owner's mode
07-09 16:04:48.803  1916  1916 I AS.AudioService: getMode, currentModeHandler is null
07-09 16:04:48.803  1916  1916 E NtNotificationManagerService: getSound supportGenerativeRingtone = false, isDefaultRingtone = true
07-09 16:04:48.803  1916  1916 E NtNotificationManagerService: getSound supportGenerativeRingtone = false, isDefaultRingtone = true
07-09 16:04:48.804  1916  1916 I AS.AudioService: getMode, get current owner's mode
07-09 16:04:48.804  1916  1916 I AS.AudioService: getMode, currentModeHandler is null
07-09 16:04:48.804  1916  1916 I AS.AudioService: shouldNotificationSoundPlay false: muted stream:5 attr:AudioAttributes: usage=USAGE_NOTIFICATION content=CONTENT_TYPE_SONIFICATION flags=0x800 tags= bundle=null
07-09 16:04:48.804  1916  1916 I AS.AudioService: getMode, get current owner's mode
07-09 16:04:48.804  1916  1916 I AS.AudioService: getMode, currentModeHandler is null
07-09 16:04:48.805  1916  1916 I AS.AudioService: getMode, get current owner's mode
07-09 16:04:48.805  1916  1916 I AS.AudioService: getMode, currentModeHandler is null
07-09 16:04:48.806  1916  1916 I FlashNotifController: startFlashNotification: type=1, tag=android
07-09 16:04:48.809  1916  1916 W NotificationHistory: Attempted to add notif for locked/gone/disabled user 0
07-09 16:04:48.819 19093  4243 I AlarmManager: setExactAndAllowWhileIdle [name: GCM_HB_ALARM type: 2 triggerAtMillis: 933039202]
07-09 16:04:48.825 11787 11787 I NotificationListener: received notification posted event - com.instagram.android#UserHandle{0},category=-1
07-09 16:04:48.840 19093  4687 I AlarmManager: setExactAndAllowWhileIdle [name: FcmRetry type: 2 triggerAtMillis: 931899223]
07-09 16:04:49.059  2295  2815 W HWUI    : Image decoding logging dropped!
07-09 16:04:49.078  1254  1350 W AString : ctor got NULL, using empty string instead
07-09 16:04:49.079  1254  1350 I SCP-SensorSavedChannel: [-14949,1812,-9398]==>gyro_bias.json
07-09 16:04:49.080  2295  2815 W HWUI    : Image decoding logging dropped!
07-09 16:04:49.102  2295  2815 W HWUI    : Image decoding logging dropped!
07-09 16:04:49.117  2295  2815 W HWUI    : Image decoding logging dropped!
07-09 16:04:49.131  2295  2295 W TouchableRegionManager: onHeadsUpPinnedModeChanged
07-09 16:04:49.138  1916  1946 E EventHub: Failed to read sysfs battery info: No such file or directory
07-09 16:04:49.145  1214  1247 I netd    : tetherGetStats() -> {[TetherStatsParcel{iface: wlan0, rxBytes: 0, rxPackets: 0, txBytes: 0, txPackets: 0, ifIndex: 0}]} <4.54ms>
07-09 16:04:49.164  1916  3655 I WindowManager: Relayout Window{de67fae u0 NotificationShade}: oldVis=4 newVis=0 focusMayChange = true requestedWidth = 1084 requestedHeight = 2412 outFrames = ClientWindowFrames{frame=[0,0][1084,2412] display=[0,0][1084,2412] parentFrame=[0,0][0,0]} outSurfaceControl = Surface(name=NotificationShade)/@0x4123224
07-09 16:04:49.166  1277  3119 I SurfaceFlinger: setDesiredDisplayModeSpecs: calling_process=system_server
07-09 16:04:49.166  1277  1277 I SurfaceFlinger: setDesiredDisplayModeSpecs: policy={defaultModeId=1, allowGroupSwitching=false, primaryRanges={physical=[0.00 Hz, 120.10 Hz], render=[0.00 Hz, 120.00 Hz]}, appRequestRanges={physical=[0.00 Hz, 120.10 Hz], render=[0.00 Hz, 120.00 Hz]} idleScreenConfig=nullptr}
