07-09 16:04:20.126  4253  4307 W FrscLanguagePack: FRSC English string not found for ID #0x7f130220
07-09 16:04:20.126  4253  4307 W FrscLanguagePack: FRSC English string not found for ID #0x7f130228
07-09 16:04:20.126  4253  4307 W FrscLanguagePack: FRSC English string not found for ID #0x7f130221
07-09 16:04:20.126  4253  4330 W SessionScopedProviderInitializer: Initialize com.instagram.lazyload.downloadablemodules.impl.IgFallbackPrefetcherImpl start
07-09 16:04:20.126  4253  4304 W SessionScopedProviderInitializer: Initialize com.instagram.prefetch.PrefetchScheduler.PrefetchSchedulerInitializerProvider end
07-09 16:04:20.126  4253  4304 W SessionScopedProviderInitializer: Initialize com.instagram.common.lifecycle.lifecyclelistener.LifecycleDetector.LifecycleListenersUserSessionManager start
07-09 16:04:20.126  4253  4304 W SessionScopedProviderInitializer: Initialize com.instagram.common.lifecycle.lifecyclelistener.LifecycleDetector.LifecycleListenersUserSessionManager end
07-09 16:04:20.126  4253  4304 W SessionScopedProviderInitializer: Initialize com.facebook.security.detectkitv2.ig4a.DetectController.OnSessionStart start
07-09 16:04:20.126  4253  4312 W SessionScopedProviderInitializer: Initialize com.instagram.api.tigon.appnetsessionid.igsessionidgenerator.UserSessionStart end
07-09 16:04:20.127  4253  4312 W SessionScopedProviderInitializer: Initialize com.facebook.showreelnativesdk.instagram.dependencyprovider.UserSessionStart start
07-09 16:04:20.127  4253  4312 W SessionScopedProviderInitializer: Initialize com.facebook.showreelnativesdk.instagram.dependencyprovider.UserSessionStart end
07-09 16:04:20.127  4253  4311 W SessionScopedProviderInitializer: Initialize com.facebook.papaya.fb.instagram.papaya.UserSessionStart start
07-09 16:04:20.127  4253  4311 W SessionScopedProviderInitializer: Initialize com.facebook.papaya.fb.instagram.papaya.UserSessionStart end
07-09 16:04:20.127  4253  4311 W SessionScopedProviderInitializer: Initialize com.instagram.analytics.datausage.DataUsageReporterStatic start
07-09 16:04:20.127  4253  4314 W SessionScopedProviderInitializer: Initialize com.instagram.audio.AudioFocusUserSessionStart end
07-09 16:04:20.127  4253  4311 W SessionScopedProviderInitializer: Initialize com.instagram.analytics.datausage.DataUsageReporterStatic end
07-09 16:04:20.127  4253  4314 W SessionScopedProviderInitializer: Initialize com.instagram.appinitializer.session.UserSessionStart start
07-09 16:04:20.127  4253  4312 W SessionScopedProviderInitializer: Initialize com.instagram.analytics.traffic.UserSessionStart start
07-09 16:04:20.127  4253  4326 W SessionScopedProviderInitializer: Initialize com.instagram.fxcache.fetainfo.UserSessionStart end
07-09 16:04:20.127  4253  4314 W SessionScopedProviderInitializer: Initialize com.instagram.appinitializer.session.UserSessionStart end
07-09 16:04:20.127  4253  4314 W SessionScopedProviderInitializer: Initialize com.instagram.creation.capture.quickcapture.analytics.UserSessionStart start
07-09 16:04:20.127  4253  4311 W SessionScopedProviderInitializer: Initialize com.instagram.creation.capture.quickcapture.lifecyclemanager.UserSessionStart start
07-09 16:04:20.127  4253  4326 W SessionScopedProviderInitializer: Initialize com.instagram.mainfeed.delivery.logging.UserSessionStart start
07-09 16:04:20.127  4253  4312 W SessionScopedProviderInitializer: Initialize com.instagram.analytics.traffic.UserSessionStart end
07-09 16:04:20.127  4253  4312 W SessionScopedProviderInitializer: Initialize com.instagram.quickexperiment.util.crossaccountexperimentsutils.CrossAccountExperimentsUtils.SessionStartHandler start
07-09 16:04:20.127  4253  4312 W SessionScopedProviderInitializer: Initialize com.instagram.quickexperiment.util.crossaccountexperimentsutils.CrossAccountExperimentsUtils.SessionStartHandler end
07-09 16:04:20.128  4253  4307 W ComponentDiscovery: Class com.google.firebase.dynamicloading.DynamicLoadingRegistrar is not an found.
07-09 16:04:20.128  4253  4311 W SessionScopedProviderInitializer: Initialize com.instagram.creation.capture.quickcapture.lifecyclemanager.UserSessionStart end
07-09 16:04:20.128  4253  4312 W SessionScopedProviderInitializer: Initialize com.instagram.metacasper.UserSessionStart start
07-09 16:04:20.128  4253  4311 W SessionScopedProviderInitializer: Initialize com.instagram.casper.UserSessionStart start
07-09 16:04:20.128  4253  4304 W SessionScopedProviderInitializer: Initialize com.facebook.security.detectkitv2.ig4a.DetectController.OnSessionStart end
07-09 16:04:20.128  4253  4304 W SessionScopedProviderInitializer: Initialize com.instagram.direct.send.deduplication.UserSessionStart start
07-09 16:04:20.128  4253  4304 W SessionScopedProviderInitializer: Initialize com.instagram.direct.send.deduplication.UserSessionStart end
07-09 16:04:20.128  4253  4304 W SessionScopedProviderInitializer: Initialize com.instagram.appinitializer.imageinfra.ImageInfraSessionInitializerProvider start
07-09 16:04:20.128  4253  4333 W SessionScopedProviderInitializer: Initialize com.instagram.quickexperiment.early.UserSessionStart start
07-09 16:04:20.128  4253  4333 W SessionScopedProviderInitializer: Initialize com.instagram.quickexperiment.early.UserSessionStart end
07-09 16:04:20.128  4253  4333 W SessionScopedProviderInitializer: Initialize com.instagram.appinitializer.requeststreamclient.RequestStreamClientInitializer.UserSessionStart start
07-09 16:04:20.130  4253  4326 W SessionScopedProviderInitializer: Initialize com.instagram.mainfeed.delivery.logging.UserSessionStart end
07-09 16:04:20.130  4253  4326 W SessionScopedProviderInitializer: Initialize com.instagram.appinstallnotification.UserSessionStart start
07-09 16:04:20.132  4253  4304 W IgMetaConfig: Could not obtain MC: Session not provided. Fix callsite to pass Session. 
07-09 16:04:20.132  4253  4304 W IgMetaConfig: java.lang.RuntimeException: Could not obtain MC, call-site will receive default values
07-09 16:04:20.132  4253  4304 W IgMetaConfig: 	at X.01ok.A04(:16)
07-09 16:04:20.132  4253  4304 W IgMetaConfig: 	at X.01ok.A03(:8)
07-09 16:04:20.132  4253  4304 W IgMetaConfig: 	at X.01ok.A01(:2)
07-09 16:04:20.132  4253  4304 W IgMetaConfig: 	at X.07ed.<init>(:4)
07-09 16:04:20.132  4253  4304 W IgMetaConfig: 	at X.07bg.<init>(:21)
07-09 16:04:20.132  4253  4304 W IgMetaConfig: 	at X.03yg.A09(:112)
07-09 16:04:20.132  4253  4304 W IgMetaConfig: 	at X.04aB.Ax0(:104)
07-09 16:04:20.132  4253  4304 W IgMetaConfig: 	at X.06Zb.invoke(:978)
07-09 16:04:20.132  4253  4304 W IgMetaConfig: 	at X.04Pi.getValue(:25)
07-09 16:04:20.132  4253  4304 W IgMetaConfig: 	at X.06Zb.invoke(:942)
07-09 16:04:20.132  4253  4304 W IgMetaConfig: 	at X.04Pi.getValue(:25)
07-09 16:04:20.132  4253  4304 W IgMetaConfig: 	at X.04aA.Ax0(:2)
07-09 16:04:20.132  4253  4304 W IgMetaConfig: 	at X.04lX.Br0(:19)
07-09 16:04:20.132  4253  4304 W IgMetaConfig: 	at X.04af.Gve(:8)
07-09 16:04:20.132  4253  4304 W IgMetaConfig: 	at X.06ce.A00(:48)
07-09 16:04:20.132  4253  4304 W IgMetaConfig: 	at X.06Ub.FDd(:30)
07-09 16:04:20.132  4253  4304 W IgMetaConfig: 	at X.04af.A05(:15)
07-09 16:04:20.132  4253  4304 W IgMetaConfig: 	at X.05xe.invoke(:1213)
07-09 16:04:20.132  4253  4304 W IgMetaConfig: 	at X.08bV.invokeSuspend(:1080)
07-09 16:04:20.132  4253  4304 W IgMetaConfig: 	at X.04Re.resumeWith(:15)
07-09 16:04:20.132  4253  4304 W IgMetaConfig: 	at X.04Tb.run(:89)
07-09 16:04:20.132  4253  4304 W IgMetaConfig: 	at X.03ir.run(:3)
07-09 16:04:20.132  4253  4304 W IgMetaConfig: 	at X.05xi.run(:50)
07-09 16:04:20.132  4253  4304 W IgMetaConfig: 	at X.03do.run(:2)
07-09 16:04:20.132  4253  4304 W IgMetaConfig: 	at X.01me.run(:25)
07-09 16:04:20.132  4253  4304 W IgMetaConfig: 	at java.util.concurrent.ThreadPoolExecutor.runWorker(ThreadPoolExecutor.java:1100)
07-09 16:04:20.132  4253  4304 W IgMetaConfig: 	at java.util.concurrent.ThreadPoolExecutor$Worker.run(ThreadPoolExecutor.java:624)
07-09 16:04:20.132  4253  4304 W IgMetaConfig: 	at X.01mm.run(:96)
07-09 16:04:20.132  4253  4304 W IgMetaConfig: 	at java.lang.Thread.run(Thread.java:1572)
07-09 16:04:20.132  4253  4304 W IgMetaConfig: 	at X.01mn.run(:8)
07-09 16:04:20.134  4253  4333 W SessionScopedProviderInitializer: Initialize com.instagram.appinitializer.requeststreamclient.RequestStreamClientInitializer.UserSessionStart end
07-09 16:04:20.134  4253  4304 W IgMetaConfig: Could not obtain MC: Session not provided. Fix callsite to pass Session. 
07-09 16:04:20.134  4253  4304 W IgMetaConfig: java.lang.RuntimeException: Could not obtain MC, call-site will receive default values
07-09 16:04:20.134  4253  4304 W IgMetaConfig: 	at X.01ok.A04(:16)
07-09 16:04:20.134  4253  4304 W IgMetaConfig: 	at X.01ok.A03(:8)
07-09 16:04:20.134  4253  4304 W IgMetaConfig: 	at X.01ok.A01(:2)
07-09 16:04:20.134  4253  4304 W IgMetaConfig: 	at X.07ed.<init>(:4)
07-09 16:04:20.134  4253  4304 W IgMetaConfig: 	at X.07gl.<init>(:34)
07-09 16:04:20.134  4253  4304 W IgMetaConfig: 	at X.06Zb.invoke(:968)
07-09 16:04:20.134  4253  4304 W IgMetaConfig: 	at X.04Pi.getValue(:25)
07-09 16:04:20.134  4253  4304 W IgMetaConfig: 	at X.04aA.Ax0(:2)
07-09 16:04:20.134  4253  4304 W IgMetaConfig: 	at X.04lX.Br0(:19)
07-09 16:04:20.134  4253  4304 W IgMetaConfig: 	at X.04af.Gve(:8)
07-09 16:04:20.134  4253  4304 W IgMetaConfig: 	at X.06ce.A00(:48)
07-09 16:04:20.134  4253  4304 W IgMetaConfig: 	at X.06Ub.FDd(:30)
07-09 16:04:20.134  4253  4304 W IgMetaConfig: 	at X.04af.A05(:15)
07-09 16:04:20.134  4253  4304 W IgMetaConfig: 	at X.05xe.invoke(:1213)
07-09 16:04:20.134  4253  4304 W IgMetaConfig: 	at X.08bV.invokeSuspend(:1080)
07-09 16:04:20.134  4253  4304 W IgMetaConfig: 	at X.04Re.resumeWith(:15)
07-09 16:04:20.134  4253  4304 W IgMetaConfig: 	at X.04Tb.run(:89)
07-09 16:04:20.134  4253  4304 W IgMetaConfig: 	at X.03ir.run(:3)
07-09 16:04:20.134  4253  4304 W IgMetaConfig: 	at X.05xi.run(:50)
07-09 16:04:20.134  4253  4304 W IgMetaConfig: 	at X.03do.run(:2)
07-09 16:04:20.134  4253  4304 W IgMetaConfig: 	at X.01me.run(:25)
07-09 16:04:20.134  4253  4304 W IgMetaConfig: 	at java.util.concurrent.ThreadPoolExecutor.runWorker(ThreadPoolExecutor.java:1100)
07-09 16:04:20.134  4253  4304 W IgMetaConfig: 	at java.util.concurrent.ThreadPoolExecutor$Worker.run(ThreadPoolExecutor.java:624)
07-09 16:04:20.134  4253  4304 W IgMetaConfig: 	at X.01mm.run(:96)
07-09 16:04:20.134  4253  4304 W IgMetaConfig: 	at java.lang.Thread.run(Thread.java:1572)
07-09 16:04:20.134  4253  4304 W IgMetaConfig: 	at X.01mn.run(:8)
07-09 16:04:20.134  4253  4333 W SessionScopedProviderInitializer: Initialize com.instagram.autocomplete.ChallengeUserSessionStart start
07-09 16:04:20.134  4253  4312 W SessionScopedProviderInitializer: Initialize com.instagram.metacasper.UserSessionStart end
07-09 16:04:20.134  4253  4311 W SessionScopedProviderInitializer: Initialize com.instagram.casper.UserSessionStart end
07-09 16:04:20.134  4253  4333 W SessionScopedProviderInitializer: Initialize com.instagram.autocomplete.ChallengeUserSessionStart end
07-09 16:04:20.134  4253  4312 W SessionScopedProviderInitializer: Initialize com.instagram.autocomplete.HashtagUserSessionStart start
07-09 16:04:20.134  4253  4311 W SessionScopedProviderInitializer: Initialize com.instagram.barcelona.libraries.access.accountmanager.listener.BarcelonaAccountManagerListenerSessionBinder start
07-09 16:04:20.134  4253  4326 W SessionScopedProviderInitializer: Initialize com.instagram.appinstallnotification.UserSessionStart end
07-09 16:04:20.134  4253  4333 W SessionScopedProviderInitializer: Initialize com.instagram.barcelona.fx.cache.fetainfo.UserSessionStart start
07-09 16:04:20.134  4253  4311 W SessionScopedProviderInitializer: Initialize com.instagram.barcelona.libraries.access.accountmanager.listener.BarcelonaAccountManagerListenerSessionBinder end
07-09 16:04:20.134  4253  4311 W SessionScopedProviderInitializer: Initialize com.instagram.pendingmedia.store.UserSessionStart start
07-09 16:04:20.134  4253  4326 W SessionScopedProviderInitializer: Initialize com.instagram.basel.logging.creation.UserSessionStart start
07-09 16:04:20.135  4253  4311 W SessionScopedProviderInitializer: Initialize com.instagram.pendingmedia.store.UserSessionStart end
07-09 16:04:20.135  4253  4311 W SessionScopedProviderInitializer: Initialize com.instagram.maps.analytics.MapAnalyticsLogger.UserSessionStart start
07-09 16:04:20.135  4253  4333 W SessionScopedProviderInitializer: Initialize com.instagram.barcelona.fx.cache.fetainfo.UserSessionStart end
07-09 16:04:20.135  4253  4311 W SessionScopedProviderInitializer: Initialize com.instagram.maps.analytics.MapAnalyticsLogger.UserSessionStart end
07-09 16:04:20.135  4253  4304 W SessionScopedProviderInitializer: Initialize com.instagram.appinitializer.imageinfra.ImageInfraSessionInitializerProvider end
07-09 16:04:20.135  4253  4311 W SessionScopedProviderInitializer: Initialize com.instagram.privacy.cpdp.loggers.UserSessionStartListener start
07-09 16:04:20.135  4253  4333 W SessionScopedProviderInitializer: Initialize com.instagram.igpermissions.igpermissionsutil.IGPermissionSharedAccountAccessInviteInfoSessionStart start
07-09 16:04:20.135  4253  4304 W SessionScopedProviderInitializer: Initialize com.instagram.igpermissions.igpermissionsutil.IGPermissionsFeatureControlsSessionStart start
07-09 16:04:20.135  4253  4333 W SessionScopedProviderInitializer: Initialize com.instagram.igpermissions.igpermissionsutil.IGPermissionSharedAccountAccessInviteInfoSessionStart end
07-09 16:04:20.135  4253  4304 W SessionScopedProviderInitializer: Initialize com.instagram.igpermissions.igpermissionsutil.IGPermissionsFeatureControlsSessionStart end
07-09 16:04:20.135  4253  4312 W SessionScopedProviderInitializer: Initialize com.instagram.autocomplete.HashtagUserSessionStart end
07-09 16:04:20.135  4253  4304 W SessionScopedProviderInitializer: Initialize com.instagram.igpermissions.igpermissionsutil.IGPermissionsSharedAccountsSessionStart start
07-09 16:04:20.135  4253  4312 W SessionScopedProviderInitializer: Initialize com.instagram.zero.experiments.ZeroEarlyExperimentsUserSessionStart start
07-09 16:04:20.136  4253  4333 W SessionScopedProviderInitializer: Initialize com.instagram.igpermissions.igpermissionsutil.IGPermissionsMessagingControlsSessionStart start
07-09 16:04:20.137  4253  4333 W SessionScopedProviderInitializer: Initialize com.instagram.igpermissions.igpermissionsutil.IGPermissionsMessagingControlsSessionStart end
07-09 16:04:20.137  4253  4311 W SessionScopedProviderInitializer: Initialize com.instagram.privacy.cpdp.loggers.UserSessionStartListener end
07-09 16:04:20.137  4253  4311 W SessionScopedProviderInitializer: Initialize com.instagram.zero.main.IgZeroMainStartupLog start
07-09 16:04:20.137  4253  4333 W SessionScopedProviderInitializer: Initialize com.instagram.zero.main.IgZeroMainInitializer start
07-09 16:04:20.138  4253  4333 W SessionScopedProviderInitializer: Initialize com.instagram.zero.main.IgZeroMainInitializer end
07-09 16:04:20.138  4253  4333 W SessionScopedProviderInitializer: Initialize com.instagram.monetization.util.UserSessionStart start
07-09 16:04:20.138  4253  4304 W SessionScopedProviderInitializer: Initialize com.instagram.igpermissions.igpermissionsutil.IGPermissionsSharedAccountsSessionStart end
07-09 16:04:20.138  4253  4304 W SessionScopedProviderInitializer: Initialize com.instagram.wellbeing.timetools.reminder.IGTimeToolsInitializer start
07-09 16:04:20.138  4253  4311 W SessionScopedProviderInitializer: Initialize com.instagram.zero.main.IgZeroMainStartupLog end
07-09 16:04:20.138  4253  4311 W SessionScopedProviderInitializer: Initialize com.instagram.wellbeing.timeinapp.instrumentation.IgTimeInAppActivityListenerStatic start
07-09 16:04:20.139  4253  4333 W SessionScopedProviderInitializer: Initialize com.instagram.monetization.util.UserSessionStart end
07-09 16:04:20.139  4253  4311 W SessionScopedProviderInitializer: Initialize com.instagram.wellbeing.timeinapp.instrumentation.IgTimeInAppActivityListenerStatic end
07-09 16:04:20.139  4253  4333 W SessionScopedProviderInitializer: Initialize com.instagram.wellbeing.timespent.listeners.InstagramLastActiveTimeLoggerUserSessionStart start
07-09 16:04:20.139  4253  4311 W SessionScopedProviderInitializer: Initialize com.instagram.wellbeing.timespent.listeners.InstagramTimeSpentManagerInitializer start
07-09 16:04:20.139  4253  4333 W SessionScopedProviderInitializer: Initialize com.instagram.wellbeing.timespent.listeners.InstagramLastActiveTimeLoggerUserSessionStart end
07-09 16:04:20.139  4253  4333 W SessionScopedProviderInitializer: Initialize com.instagram.bugreporter.rageshake.UserSessionStart start
07-09 16:04:20.139  4253  4333 W RageShakeDialogProviderImpl: onUserSessionStart start
07-09 16:04:20.140  4253  4312 W SessionScopedProviderInitializer: Initialize com.instagram.zero.experiments.ZeroEarlyExperimentsUserSessionStart end
07-09 16:04:20.140  4253  4312 W SessionScopedProviderInitializer: Initialize com.instagram.bugreporter.impl.BugReporterRecentErrorInfosHolder start
07-09 16:04:20.140  4253  4312 W SessionScopedProviderInitializer: Initialize com.instagram.bugreporter.impl.BugReporterRecentErrorInfosHolder end
07-09 16:04:20.140  4253  4312 W SessionScopedProviderInitializer: Initialize com.instagram.bugreporter.store.initializer.PendingBugReportInitializer start
07-09 16:04:20.140  4253  4312 W SessionScopedProviderInitializer: Initialize com.instagram.bugreporter.store.initializer.PendingBugReportInitializer end
07-09 16:04:20.141  4253  4312 W SessionScopedProviderInitializer: Initialize com.instagram.caa.registration.store.PendingPartialRegSessionStartCleaner start
07-09 16:04:20.142  4253  4311 W SessionScopedProviderInitializer: Initialize com.instagram.wellbeing.timespent.listeners.InstagramTimeSpentManagerInitializer end
07-09 16:04:20.142  4253  4311 W SessionScopedProviderInitializer: Initialize com.instagram.comments.impl.CommentsBottomSheetLayoutPrewarmerUserSessionStart start
07-09 16:04:20.142  4253  4311 W SessionScopedProviderInitializer: Initialize com.instagram.comments.impl.CommentsBottomSheetLayoutPrewarmerUserSessionStart end
07-09 16:04:20.142  4253  4311 W SessionScopedProviderInitializer: Initialize com.instagram.common.api.security.securebroadcast.InstagramSecureBroadcastReceiverUserSessionStart start
07-09 16:04:20.142  4253  4311 W SessionScopedProviderInitializer: Initialize com.instagram.common.api.security.securebroadcast.InstagramSecureBroadcastReceiverUserSessionStart end
07-09 16:04:20.142  4253  4311 W SessionScopedProviderInitializer: Initialize com.instagram.common.init.composetracing.ComposeTracingSetup start
07-09 16:04:20.142  4253  4311 W SessionScopedProviderInitializer: Initialize com.instagram.common.init.composetracing.ComposeTracingSetup end
07-09 16:04:20.142  4253  4311 W SessionScopedProviderInitializer: Initialize com.instagram.uxlogging.functioncorrectness.AwareInteractionQPLLogger start
07-09 16:04:20.142  4253  4304 W SessionScopedProviderInitializer: Initialize com.instagram.wellbeing.timetools.reminder.IGTimeToolsInitializer end
07-09 16:04:20.143  4253  4304 W SessionScopedProviderInitializer: Initialize com.instagram.common.memory.memoryredlogger.gcredlogger.GcRedLogger.GcRedLoggerInitializer start
07-09 16:04:20.143  4253  4304 W SessionScopedProviderInitializer: Initialize com.instagram.common.memory.memoryredlogger.gcredlogger.GcRedLogger.GcRedLoggerInitializer end
07-09 16:04:20.143  4253  4304 W SessionScopedProviderInitializer: Initialize com.instagram.common.memory.memoryredlogger.MemoryRedLogger.MemoryRedLoggerInitializer start
07-09 16:04:20.143  4253  4304 W SessionScopedProviderInitializer: Initialize com.instagram.common.memory.memoryredlogger.MemoryRedLogger.MemoryRedLoggerInitializer end
07-09 16:04:20.143  4253  4304 W SessionScopedProviderInitializer: Initialize com.instagram.common.resources.qce.init.QuickContentExperimentStringResourcesInitializer start
07-09 16:04:20.143  4253  4304 W SessionScopedProviderInitializer: Initialize com.instagram.common.resources.qce.init.QuickContentExperimentStringResourcesInitializer end
07-09 16:04:20.143  4253  4304 W SessionScopedProviderInitializer: Initialize com.instagram.common.storage.cask.experimentation.StorageExperimentInitializer start
07-09 16:04:20.143  4253  4304 W SessionScopedProviderInitializer: Initialize com.instagram.common.storage.cask.experimentation.StorageExperimentInitializer end
07-09 16:04:20.143  4253  4377 W SessionScopedProviderInitializer: Initialize com.instagram.contacts.ccu.impl.XCCUWorkerScheduler start
07-09 16:04:20.144  4253  4326 W SessionScopedProviderInitializer: Initialize com.instagram.basel.logging.creation.UserSessionStart end
07-09 16:04:20.144  4253  4311 W SessionScopedProviderInitializer: Initialize com.instagram.uxlogging.functioncorrectness.AwareInteractionQPLLogger end
07-09 16:04:20.144  4253  4326 W SessionScopedProviderInitializer: Initialize com.instagram.creation.capture.quickcapture.abtest.qccmodularization.QccModularizationQeUtil start
07-09 16:04:20.144  4253  4311 W SessionScopedProviderInitializer: Initialize com.instagram.crossposting.noticestate.manager.UserSessionStart start
07-09 16:04:20.144  4253  4326 W SessionScopedProviderInitializer: Initialize com.instagram.creation.capture.quickcapture.abtest.qccmodularization.QccModularizationQeUtil end
07-09 16:04:20.144  4253  4326 W SessionScopedProviderInitializer: Initialize com.instagram.deadcodedetection.IgDeadCodeDetectionManager start
07-09 16:04:20.144  4253  4326 W SessionScopedProviderInitializer: Initialize com.instagram.deadcodedetection.IgDeadCodeDetectionManager end
07-09 16:04:20.144  4253  4314 W SessionScopedProviderInitializer: Initialize com.instagram.creation.capture.quickcapture.analytics.UserSessionStart end
07-09 16:04:20.144  4253  4314 W SessionScopedProviderInitializer: Initialize com.instagram.debug.plog.IgPLogSessionEndingListener start
07-09 16:04:20.144  4253  4314 W SessionScopedProviderInitializer: Initialize com.instagram.debug.plog.IgPLogSessionEndingListener end
07-09 16:04:20.144  4253  4326 W SessionScopedProviderInitializer: Initialize com.instagram.debug.image.sessionhelper.UserSessionStart start
07-09 16:04:20.144  4253  4314 W SessionScopedProviderInitializer: Initialize com.instagram.debug.quickexperiment.dumper.QuickExperimentDumperPluginUserSessionListenerStatic start
07-09 16:04:20.144  4253  4314 W SessionScopedProviderInitializer: Initialize com.instagram.debug.quickexperiment.dumper.QuickExperimentDumperPluginUserSessionListenerStatic end
07-09 16:04:20.144  4253  4314 W SessionScopedProviderInitializer: Initialize com.instagram.perf.scroll.UserSessionStart start
07-09 16:04:20.144  4253  4314 W SessionScopedProviderInitializer: Initialize com.instagram.perf.scroll.UserSessionStart end
07-09 16:04:20.144  4253  4314 W SessionScopedProviderInitializer: Initialize com.instagram.direct.msys.bugreporter.UserSessionStart start
07-09 16:04:20.144  4253  4314 W SessionScopedProviderInitializer: Initialize com.instagram.direct.msys.bugreporter.UserSessionStart end
07-09 16:04:20.144  4253  4333 W RageShakeSensorHelper: initInstance Initialized | rageShakeEnabled=true | shakeForceThreshold=18.042845
07-09 16:04:20.144  4253  4333 W SessionScopedProviderInitializer: Initialize com.instagram.bugreporter.rageshake.UserSessionStart end
07-09 16:04:20.144  4253  4333 W SessionScopedProviderInitializer: Initialize com.instagram.distribgw.client.DGWZeroUrlUpdaterOnUserSessionStart start
07-09 16:04:20.144  4253  4333 W SessionScopedProviderInitializer: Initialize com.instagram.distribgw.client.DGWZeroUrlUpdaterOnUserSessionStart end
07-09 16:04:20.144  4253  4333 W SessionScopedProviderInitializer: Initialize com.instagram.emergencypush.EmergencyPushPeriodicFetchWorkerInitializer start
07-09 16:04:20.144  4253  4314 W SessionScopedProviderInitializer: Initialize com.instagram.direct.mutation.util.DirectMutationUserSessionStartListener start
07-09 16:04:20.144  4253  4314 W SessionScopedProviderInitializer: Initialize com.instagram.direct.mutation.util.DirectMutationUserSessionStartListener end
07-09 16:04:20.144  4253  4314 W SessionScopedProviderInitializer: Initialize com.instagram.fbpay.config.UserSessionStart start
07-09 16:04:20.145  4253  4326 W SessionScopedProviderInitializer: Initialize com.instagram.debug.image.sessionhelper.UserSessionStart end
07-09 16:04:20.145  4253  4311 W SessionScopedProviderInitializer: Initialize com.instagram.crossposting.noticestate.manager.UserSessionStart end
07-09 16:04:20.145  4253  4314 W SessionScopedProviderInitializer: Initialize com.instagram.fbpay.config.UserSessionStart end
07-09 16:04:20.145  4253  4314 W SessionScopedProviderInitializer: Initialize com.instagram.fbpay.ptt.pttmanagerprovider.UserSessionStart start
07-09 16:04:20.145  4253  4314 W SessionScopedProviderInitializer: Initialize com.instagram.fbpay.ptt.pttmanagerprovider.UserSessionStart end
07-09 16:04:20.145  4253  4314 W SessionScopedProviderInitializer: Initialize com.instagram.fbpay.w3c.jobs.StartKeyMigrationJob start
07-09 16:04:20.146  4253  4312 W SessionScopedProviderInitializer: Initialize com.instagram.caa.registration.store.PendingPartialRegSessionStartCleaner end
07-09 16:04:20.146  4253  4312 W SessionScopedProviderInitializer: Initialize com.instagram.fbpay.w3c.jobs.UserSessionStart start
07-09 16:04:20.146  4253  4312 W SessionScopedProviderInitializer: Initialize com.instagram.fbpay.w3c.jobs.UserSessionStart end
07-09 16:04:20.146  4253  4312 W SessionScopedProviderInitializer: Initialize com.instagram.fileregistry.impl.UserSessionStart start
07-09 16:04:20.146  4253  4312 W SessionScopedProviderInitializer: Initialize com.instagram.fileregistry.impl.UserSessionStart end
07-09 16:04:20.146  4253  4312 W SessionScopedProviderInitializer: Initialize com.instagram.firstpartyinstalltracker.UserSessionStart start
07-09 16:04:20.147  4253  4314 W SessionScopedProviderInitializer: Initialize com.instagram.fbpay.w3c.jobs.StartKeyMigrationJob end
07-09 16:04:20.147  4253  4314 W SessionScopedProviderInitializer: Initialize com.instagram.settings2.core.services.Settings2ServiceInitializer start
07-09 16:04:20.147  4253  4314 W SessionScopedProviderInitializer: Initialize com.instagram.settings2.core.services.Settings2ServiceInitializer end
07-09 16:04:20.147  4253  4314 W SessionScopedProviderInitializer: Initialize com.instagram.fx.helper.companyidentityswitcher.prefetch.SwitcherFetchFBNTAEligibilitySessionStartUtil start
07-09 16:04:20.147  4253  4314 W SessionScopedProviderInitializer: Initialize com.instagram.fx.helper.companyidentityswitcher.prefetch.SwitcherFetchFBNTAEligibilitySessionStartUtil end
07-09 16:04:20.147  4253  4314 W SessionScopedProviderInitializer: Initialize com.instagram.fx.helper.companyidentityswitcher.prefetch.SwitcherFetchImpressionCapListSessionStartUtil start
07-09 16:04:20.148  4253  4314 W IgMetaConfig: Could not obtain MC: not_user_session session=X.03j4@c0a937a
07-09 16:04:20.148  4253  4314 W IgMetaConfig: java.lang.RuntimeException: Could not obtain MC, call-site will receive default values
07-09 16:04:20.148  4253  4314 W IgMetaConfig: 	at X.01ok.A04(:16)
07-09 16:04:20.148  4253  4314 W IgMetaConfig: 	at X.01ok.A03(:8)
07-09 16:04:20.148  4253  4314 W IgMetaConfig: 	at X.01ok.A01(:2)
07-09 16:04:20.148  4253  4314 W IgMetaConfig: 	at X.08cL.invoke(:491)
07-09 16:04:20.148  4253  4314 W IgMetaConfig: 	at X.01ts.invoke(:85)
07-09 16:04:20.148  4253  4314 W IgMetaConfig: 	at X.04Pi.getValue(:25)
07-09 16:04:20.148  4253  4314 W IgMetaConfig: 	at X.05re.A00(:304)
07-09 16:04:20.148  4253  4314 W IgMetaConfig: 	at X.02kv.<init>(:268435456)
07-09 16:04:20.148  4253  4314 W IgMetaConfig: 	at X.06Zs.A0E(:371)
07-09 16:04:20.148  4253  4314 W IgMetaConfig: 	at X.06Zs.invoke(:5)
07-09 16:04:20.148  4253  4314 W IgMetaConfig: 	at X.01ts.invoke(:85)
07-09 16:04:20.148  4253  4314 W IgMetaConfig: 	at X.04Pi.getValue(:25)
07-09 16:04:20.148  4253  4314 W IgMetaConfig: 	at X.02ks.A00(:53)
07-09 16:04:20.148  4253  4314 W IgMetaConfig: 	at X.02co.A03(:12)
07-09 16:04:20.148  4253  4314 W IgMetaConfig: 	at X.02co.AKh(:6)
07-09 16:04:20.148  4253  4314 W IgMetaConfig: 	at X.02dm.logEvent(:141)
07-09 16:04:20.148  4253  4314 W IgMetaConfig: 	at com.facebook.mobileconfig.MobileConfigManagerHolderImpl.logExposureNative(Native Method)
07-09 16:04:20.148  4253  4314 W IgMetaConfig: 	at com.facebook.mobileconfig.MobileConfigManagerHolderImpl.logExposure(:0)
07-09 16:04:20.148  4253  4314 W IgMetaConfig: 	at X.02et.logExposure(:6)
07-09 16:04:20.148  4253  4314 W IgMetaConfig: 	at X.02gc.A0B(:79)
07-09 16:04:20.148  4253  4314 W IgMetaConfig: 	at X.02gc.EPa(:13)
07-09 16:04:20.148  4253  4314 W IgMetaConfig: 	at X.02gf.EPa(:8)
07-09 16:04:20.148  4253  4314 W IgMetaConfig: 	at X.02fb.EPa(:10)
07-09 16:04:20.148  4253  4314 W IgMetaConfig: 	at X.02fb.EPb(:2)
07-09 16:04:20.148  4253  4314 W IgMetaConfig: 	at X.07fu.A04(:6)
07-09 16:04:20.148  4253  4314 W IgMetaConfig: 	at X.05xe.A04(:1080)
07-09 16:04:20.148  4253  4314 W IgMetaConfig: 	at X.05xe.A06(:17)
07-09 16:04:20.148  4253  4314 W IgMetaConfig: 	at X.05xe.invoke(:619)
07-09 16:04:20.148  4253  4314 W IgMetaConfig: 	at X.08bV.invokeSuspend(:1080)
07-09 16:04:20.148  4253  4314 W IgMetaConfig: 	at X.04Re.resumeWith(:15)
07-09 16:04:20.148  4253  4314 W IgMetaConfig: 	at X.04Tb.run(:89)
07-09 16:04:20.148  4253  4314 W IgMetaConfig: 	at X.03ir.run(:3)
07-09 16:04:20.148  4253  4314 W IgMetaConfig: 	at X.05xi.run(:50)
07-09 16:04:20.148  4253  4314 W IgMetaConfig: 	at X.03do.run(:2)
07-09 16:04:20.148  4253  4314 W IgMetaConfig: 	at X.01me.run(:25)
07-09 16:04:20.148  4253  4314 W IgMetaConfig: 	at java.util.concurrent.ThreadPoolExecutor.runWorker(ThreadPoolExecutor.java:1100)
07-09 16:04:20.148  4253  4314 W IgMetaConfig: 	at java.util.concurrent.ThreadPoolExecutor$Worker.run(ThreadPoolExecutor.java:624)
07-09 16:04:20.148  4253  4314 W IgMetaConfig: 	at X.01mm.run(:96)
07-09 16:04:20.148  4253  4314 W IgMetaConfig: 	at java.lang.Thread.run(Thread.java:1572)
07-09 16:04:20.148  4253  4314 W IgMetaConfig: 	at X.01mn.run(:8)
07-09 16:04:20.148  4253  4304 W SessionScopedProviderInitializer: Initialize com.instagram.fbpay.executor.UserSessionStart start
07-09 16:04:20.148  4253  4304 W SessionScopedProviderInitializer: Initialize com.instagram.fbpay.executor.UserSessionStart end
07-09 16:04:20.148  4253  4304 W SessionScopedProviderInitializer: Initialize com.instagram.fxcache.cache.onsessionstart.FxIgOnSessionStartUtil start
07-09 16:04:20.148  4253  4326 W SessionScopedProviderInitializer: Initialize com.instagram.inappbrowser.launcher.clickidhelper.UserSessionStart start
07-09 16:04:20.148  4253  4304 W SessionScopedProviderInitializer: Initialize com.instagram.fxcache.cache.onsessionstart.FxIgOnSessionStartUtil end
07-09 16:04:20.148  4253  4304 W SessionScopedProviderInitializer: Initialize com.instagram.jobscheduler.bgfetch.scheduler.IgBgFetchConfigOnUserSessionStart start
07-09 16:04:20.148  4253  4304 W SessionScopedProviderInitializer: Initialize com.instagram.jobscheduler.bgfetch.scheduler.IgBgFetchConfigOnUserSessionStart end
07-09 16:04:20.148  4253  4326 W SessionScopedProviderInitializer: Initialize com.instagram.inappbrowser.launcher.clickidhelper.UserSessionStart end
07-09 16:04:20.148  4253  4304 W SessionScopedProviderInitializer: Initialize com.instagram.jobscheduler.bgfetch.scheduler.UserSessionStart start
07-09 16:04:20.148  4253  4326 W SessionScopedProviderInitializer: Initialize com.instagram.launcherbadges.UserSessionStart start
07-09 16:04:20.153  4253  4326 W SessionScopedProviderInitializer: Initialize com.instagram.launcherbadges.UserSessionStart end
07-09 16:04:20.155  1916  2906 W ActivityManager: Background start not allowed: service Intent { xflg=0x4 cmp=com.instagram.android/com.instagram.jobscheduler.bgfetch.scheduler.IgBgFetchTaskLifeService (has extras) } to com.instagram.android/com.instagram.jobscheduler.bgfetch.scheduler.IgBgFetchTaskLifeService from pid=4253 uid=10240 pkg=com.instagram.android startFg?=false
07-09 16:04:20.155  4253  4330 W SessionScopedProviderInitializer: Initialize com.instagram.lazyload.downloadablemodules.impl.IgFallbackPrefetcherImpl end
07-09 16:04:20.155  4253  4338 W SessionScopedProviderInitializer: Initialize com.instagram.video.player.hero.IgHeroServiceController.IgHeroServiceControllerInitializerProvider end
07-09 16:04:20.155  4253  4330 W SessionScopedProviderInitializer: Initialize com.instagram.libraries.access.listener.IGAccessLibraryActiveAccountStartingListener start
07-09 16:04:20.155  4253  4330 W SessionScopedProviderInitializer: Initialize com.instagram.libraries.access.listener.IGAccessLibraryActiveAccountStartingListener end
07-09 16:04:20.155  4253  4330 W SessionScopedProviderInitializer: Initialize com.instagram.libraries.access.listener.IGAccessLibraryInactiveAccountStartingListener start
07-09 16:04:20.155  4253  4338 W SessionScopedProviderInitializer: Initialize com.instagram.mainfeed.analytics.ClickWithRegretAnalyzer.EagerInit start
07-09 16:04:20.155  4253  4338 W SessionScopedProviderInitializer: Initialize com.instagram.mainfeed.analytics.ClickWithRegretAnalyzer.EagerInit end
07-09 16:04:20.155  4253  4314 W IgMetaConfig: Could not obtain MC: not_user_session session=X.03j4@c0a937a
07-09 16:04:20.155  4253  4314 W IgMetaConfig: java.lang.RuntimeException: Could not obtain MC, call-site will receive default values
07-09 16:04:20.155  4253  4314 W IgMetaConfig: 	at X.01ok.A04(:16)
07-09 16:04:20.155  4253  4314 W IgMetaConfig: 	at X.01ok.A03(:8)
07-09 16:04:20.155  4253  4314 W IgMetaConfig: 	at X.01ok.A01(:2)
07-09 16:04:20.155  4253  4314 W IgMetaConfig: 	at X.02wy.<init>(:9)
07-09 16:04:20.155  4253  4314 W IgMetaConfig: 	at X.05re.A00(:1086)
07-09 16:04:20.155  4253  4314 W IgMetaConfig: 	at X.02kv.<init>(:268435456)
07-09 16:04:20.155  4253  4314 W IgMetaConfig: 	at X.06Zs.A0E(:371)
07-09 16:04:20.155  4253  4314 W IgMetaConfig: 	at X.06Zs.invoke(:5)
07-09 16:04:20.155  4253  4314 W IgMetaConfig: 	at X.01ts.invoke(:85)
07-09 16:04:20.155  4253  4314 W IgMetaConfig: 	at X.04Pi.getValue(:25)
07-09 16:04:20.155  4253  4314 W IgMetaConfig: 	at X.02ks.A00(:53)
07-09 16:04:20.155  4253  4314 W IgMetaConfig: 	at X.02co.A03(:12)
07-09 16:04:20.155  4253  4314 W IgMetaConfig: 	at X.02co.AKh(:6)
07-09 16:04:20.155  4253  4314 W IgMetaConfig: 	at X.02dm.logEvent(:141)
07-09 16:04:20.155  4253  4314 W IgMetaConfig: 	at com.facebook.mobileconfig.MobileConfigManagerHolderImpl.logExposureNative(Native Method)
07-09 16:04:20.155  4253  4314 W IgMetaConfig: 	at com.facebook.mobileconfig.MobileConfigManagerHolderImpl.logExposure(:0)
07-09 16:04:20.155  4253  4314 W IgMetaConfig: 	at X.02et.logExposure(:6)
07-09 16:04:20.155  4253  4314 W IgMetaConfig: 	at X.02gc.A0B(:79)
07-09 16:04:20.155  4253  4314 W IgMetaConfig: 	at X.02gc.EPa(:13)
07-09 16:04:20.155  4253  4314 W IgMetaConfig: 	at X.02gf.EPa(:8)
07-09 16:04:20.155  4253  4314 W IgMetaConfig: 	at X.02fb.EPa(:10)
07-09 16:04:20.155  4253  4314 W IgMetaConfig: 	at X.02fb.EPb(:2)
07-09 16:04:20.155  4253  4314 W IgMetaConfig: 	at X.07fu.A04(:6)
07-09 16:04:20.155  4253  4314 W IgMetaConfig: 	at X.05xe.A04(:1080)
07-09 16:04:20.155  4253  4314 W IgMetaConfig: 	at X.05xe.A06(:17)
07-09 16:04:20.155  4253  4314 W IgMetaConfig: 	at X.05xe.invoke(:619)
07-09 16:04:20.155  4253  4314 W IgMetaConfig: 	at X.08bV.invokeSuspend(:1080)
07-09 16:04:20.155  4253  4314 W IgMetaConfig: 	at X.04Re.resumeWith(:15)
07-09 16:04:20.155  4253  4314 W IgMetaConfig: 	at X.04Tb.run(:89)
07-09 16:04:20.155  4253  4314 W IgMetaConfig: 	at X.03ir.run(:3)
07-09 16:04:20.155  4253  4314 W IgMetaConfig: 	at X.05xi.run(:50)
07-09 16:04:20.155  4253  4314 W IgMetaConfig: 	at X.03do.run(:2)
07-09 16:04:20.155  4253  4314 W IgMetaConfig: 	at X.01me.run(:25)
07-09 16:04:20.155  4253  4314 W IgMetaConfig: 	at java.util.concurrent.ThreadPoolExecutor.runWorker(ThreadPoolExecutor.java:1100)
07-09 16:04:20.155  4253  4314 W IgMetaConfig: 	at java.util.concurrent.ThreadPoolExecutor$Worker.run(ThreadPoolExecutor.java:624)
07-09 16:04:20.155  4253  4314 W IgMetaConfig: 	at X.01mm.run(:96)
07-09 16:04:20.155  4253  4314 W IgMetaConfig: 	at java.lang.Thread.run(Thread.java:1572)
07-09 16:04:20.155  4253  4314 W IgMetaConfig: 	at X.01mn.run(:8)
07-09 16:04:20.155  4253  4338 W SessionScopedProviderInitializer: Initialize com.instagram.mainfeed.delivery.privacy.background.PrivacyValidationWorkSchedulerInitializer start
07-09 16:04:20.156  4253  4314 W SoLoader: SoLoader already initialized
07-09 16:04:20.156  4253  4314 W SessionScopedProviderInitializer: Initialize com.instagram.fx.helper.companyidentityswitcher.prefetch.SwitcherFetchImpressionCapListSessionStartUtil end
07-09 16:04:20.157  4253  4330 W SessionScopedProviderInitializer: Initialize com.instagram.libraries.access.listener.IGAccessLibraryInactiveAccountStartingListener end
07-09 16:04:20.157  4253  4330 W SessionScopedProviderInitializer: Initialize com.instagram.ml.remotepresence.start.UserSessionStart start
07-09 16:04:20.157  4253  4330 W SessionScopedProviderInitializer: Initialize com.instagram.ml.remotepresence.start.UserSessionStart end
07-09 16:04:20.157  4253  4330 W SessionScopedProviderInitializer: Initialize com.instagram.nme.subs.appjob.SUBSBenefitLifecycleObserverInitializer start
07-09 16:04:20.157  4253  4370 W SoLoader: SoLoader already initialized
07-09 16:04:20.157  4253  4330 W SessionScopedProviderInitializer: Initialize com.instagram.nme.subs.appjob.SUBSBenefitLifecycleObserverInitializer end
07-09 16:04:20.157  4253  4330 W SessionScopedProviderInitializer: Initialize com.instagram.nme.subs.appjob.SUBSBenefitUserModelSyncerInitializer start
07-09 16:04:20.157  4253  4304 W SessionScopedProviderInitializer: Initialize com.instagram.jobscheduler.bgfetch.scheduler.UserSessionStart end
07-09 16:04:20.157  4253  4304 W SessionScopedProviderInitializer: Initialize com.instagram.nme.subs.appjob.SUBSBenefitWarmStartListenerInitializer start
07-09 16:04:20.158  4253  4304 W SessionScopedProviderInitializer: Initialize com.instagram.nme.subs.appjob.SUBSBenefitWarmStartListenerInitializer end
07-09 16:04:20.158  4253  4330 W SessionScopedProviderInitializer: Initialize com.instagram.nme.subs.appjob.SUBSBenefitUserModelSyncerInitializer end
07-09 16:04:20.158  4253  4304 W SessionScopedProviderInitializer: Initialize com.instagram.odml.p13n.PersonalizationManager.UserSessionStart start
07-09 16:04:20.158  4253  4330 W SessionScopedProviderInitializer: Initialize com.instagram.ondevicetech.ondeviceapphistorytopspendapps.UserSessionStart start
07-09 16:04:20.158  4253  4330 W SessionScopedProviderInitializer: Initialize com.instagram.ondevicetech.ondeviceapphistorytopspendapps.UserSessionStart end
07-09 16:04:20.158  4253  4326 W SessionScopedProviderInitializer: Initialize com.instagram.partneranalytics.igfamilyapplastusedstates.IGFamilyAppLastUsedStatesLogWorkerInitializer start
07-09 16:04:20.158  4253  4377 W SessionScopedProviderInitializer: Initialize com.instagram.contacts.ccu.impl.XCCUWorkerScheduler end
07-09 16:04:20.158  4253  4377 W SessionScopedProviderInitializer: Initialize com.instagram.partneranalytics.networkinsights.eventinsights.IGEventInsightsManagerUserSessionStart start
07-09 16:04:20.158  4253  4377 W SessionScopedProviderInitializer: Initialize com.instagram.partneranalytics.networkinsights.eventinsights.IGEventInsightsManagerUserSessionStart end
07-09 16:04:20.158  4253  4377 W SessionScopedProviderInitializer: Initialize com.instagram.partneranalytics.simcarrier.SimCarrierInfoLogWorkerInitializer start
07-09 16:04:20.158  4253  4338 W SessionScopedProviderInitializer: Initialize com.instagram.mainfeed.delivery.privacy.background.PrivacyValidationWorkSchedulerInitializer end
07-09 16:04:20.158  4253  4338 W SessionScopedProviderInitializer: Initialize com.instagram.pendingmedia.service.initializer.PendingMediaStoreInitializer start
07-09 16:04:20.159  4253  4338 W SessionScopedProviderInitializer: Initialize com.instagram.pendingmedia.service.initializer.PendingMediaStoreInitializer end
07-09 16:04:20.159  4253  4307 W AppInitScheduler|Run:   Finished SessionScopedProviderInitializer in 33ms
07-09 16:04:20.159  4253  4333 W SessionScopedProviderInitializer: Initialize com.instagram.emergencypush.EmergencyPushPeriodicFetchWorkerInitializer end
07-09 16:04:20.159  4253  4333 W SessionScopedProviderInitializer: Initialize com.instagram.periodicreporter.UserSessionStart start
07-09 16:04:20.159  4253  4307 W AppInitScheduler|Schedule:   Executing 60:IndependentSingletonInitializer
07-09 16:04:20.159  4253  4307 W AppInitScheduler|Schedule:   Executing 89:PushNotificationInitializerForInstagram
07-09 16:04:20.159  4253  4333 W SessionScopedProviderInitializer: Initialize com.instagram.periodicreporter.UserSessionStart end
07-09 16:04:20.159  4253  4307 W AppInitScheduler|Schedule:   Executing 41:ConfigFromQEInitializer
07-09 16:04:20.159  4253  4333 W SessionScopedProviderInitializer: Initialize com.instagram.presence.dgw.IgPresenceDgwListener.UserSessionStart start
07-09 16:04:20.159  4253  4307 W AppInitScheduler|Schedule:   Executing 71:MemoryDumperInitializer
07-09 16:04:20.159  4253  4307 W AppInitScheduler|Schedule:   Executing 56:IgMemoryTimelineInitializer
07-09 16:04:20.159  4253  4307 W AppInitScheduler|Schedule:   Executing 55:IgMemoryProgramQplInitializer
07-09 16:04:20.159  4253  4307 W AppInitScheduler|Schedule:   Executing 99:SystemMessageInitializer
07-09 16:04:20.159  4253  4307 W AppInitScheduler|Schedule:   Executing 69:MapConfigInitializer
07-09 16:04:20.159  4253  4338 W SessionScopedProviderInitializer: Initialize com.instagram.perf.sampling.UserSessionStart start
07-09 16:04:20.159  4253  4333 W SessionScopedProviderInitializer: Initialize com.instagram.presence.dgw.IgPresenceDgwListener.UserSessionStart end
07-09 16:04:20.159  4253  4307 W AppInitScheduler|Schedule:   Executing 59:IndependentColdStartJobs
07-09 16:04:20.159  4253  4333 W SessionScopedProviderInitializer: Initialize com.instagram.redex.dynamicanalysis.IgDynamicAnalysisUserSessionStart start
07-09 16:04:20.159  4253  4333 W SessionScopedProviderInitializer: Initialize com.instagram.redex.dynamicanalysis.IgDynamicAnalysisUserSessionStart end
07-09 16:04:20.159  4253  4307 W AppInitScheduler|Schedule:   Executing 43:DebugHeadInitializer
07-09 16:04:20.159  4253  4307 W AppInitScheduler|Schedule:   Executing 126:SessionScopedProviderInitializerCompletion
07-09 16:04:20.159  4253  4333 W SessionScopedProviderInitializer: Initialize com.instagram.reliability.experiments.ReliabilityExperimentInitializer start
07-09 16:04:20.159  4253  4307 W AppInitScheduler|Schedule:   Executing 81:PeriodicThreadBoostInitializer
07-09 16:04:20.159  4253  4307 W AppInitScheduler|Schedule:   Executing 76:MultiProcessTrackerInitializer
07-09 16:04:20.159  4253  4333 W SessionScopedProviderInitializer: Initialize com.instagram.reliability.experiments.ReliabilityExperimentInitializer end
07-09 16:04:20.159  4253  4307 W AppInitScheduler|Schedule:   Executing 106:IgMmapBufferProcessJob
07-09 16:04:20.159  4253  4307 W AppInitScheduler|Schedule:   Executing 83:PrivacyFlowInitializer
07-09 16:04:20.159  4253  4307 W AppInitScheduler|Schedule:   Executing 121:QpLoginInterstitialNeedInitInitializer
07-09 16:04:20.159  4253  4307 W AppInitScheduler|Schedule:   Executing 92:ScreenTimeInitializer
07-09 16:04:20.159  4253  4330 W SessionScopedProviderInitializer: Initialize com.instagram.ondevicetech.ondevicederivedapphistory.OnDeviceDerivedAppHistoryManager start
07-09 16:04:20.159  4253  4307 W AppInitScheduler|Schedule:   Executing 90:QuietModeInitializer
07-09 16:04:20.159  4253  4307 W AppInitScheduler|Schedule:   Executing 123:ComposeInitializer
07-09 16:04:20.159  4253  4297 W DGWClientHolder: DGWClientConfig IG4A\B4A: {deviceOS:android,isWorkBuild:false,appVersion:437.0.0.33.78,appId:567067343352427,streamIdleTimeoutMs:1800000,responseCompression:,enableHTTP3:false,zeroRatingEnabled:false,zeroUrlRewritingV2Enabled:false,zeroRatingCachingEnabled:false,matchChatDHost:false,gatewayDomain:test-gateway.instagram.com,streamGroupPingPeriod:25,streamGroupPingTimeout:10,streamGroupStopBgPingDelay:300,useCachedStreamGroupsStatus:false,closeNetworkConnectionOnTimeout:true,connectivityManagerOptions:{enablePingInBackground:false,bgPingIntervalMs:60000,pingIntervalInMs:{HIGH:0,MID:0,LOW:0,DEFAULT:60000},pingTimeoutInMs:{HIGH:0,MID:0,LOW:0,DEFAULT:5000},pingLatencyInMs:{HIGH:0, MID:0},disablePingWhileNoActiveStream:false,pingTrafficTracingSamplingRate:0,initAppStateAsBackground:true,ignoreOnNetworkDisconnectedSignalForPing:false,markDisconnectedInBackground:false,enableNetworkMonitor:true,enableNetworkMonitorV2:false,extendedFgIntervalSeconds:120,useExtendedFgInterval:false,useTigon:false,useTigonInDeprecatedMNSClient:false,enableNetworkRevalidatorBridge:false},personalizationConfig:{enabled:false,streamEstablishmentLatencyInMs:{HIGH:100, MID:4000},streamEstablishmentTimeoutInSeconds:{HIGH:3,MID:7,LOW:9,DEFAULT:30},publishTimeoutInSeconds:{HIGH:4,MID:7,LOW:9,DEFAULT:30},resetPersonalizationClassOnTimeout:true,sgConnectTimeoutInSeconds:{HIGH:5,MID:10,LOW:20,DEFAULT:10},sgPingTimeoutInSeconds:{HIGH:5,MID:10,LOW:20,DEFAULT:10},tunnelConnectTimeoutInSeconds:{HIGH:0,MID:0,LOW:0,DEFAULT:0},tunnelConnectAckTimeoutInSeconds:{HIGH:0,MID:0,LOW:0,DEFAULT:0},trackSgDataLatency:false,maxPersonalizationClassOnPaid:3},eagerStreamGroupEnabled:false,keepStreamGroupAliveAfterLastStream:false,enableFetchRegionHintFromWww:false,regionHintCacheTtlHours:0,matchMqttWakeup:false,enableTunnelRetriableLayer:false,useExecutorProxies:true,useExecutorProxiesPhaseTwo:true,useExecutorProxiesPhaseThree:false,fallbackConfig:null,retryableLayerConfig:{useStreamGroupsForConnectivity: true, maxRetries: 10, connectTimeoutSeconds: 10, bgTeardownDelaySeconds: 0, connectSchedulerConfig: {numberOfFastModeRetries: 2, additionalBackgroundDelayFastMode: 100, additionalDelayPerTryFastMode: 100, initialReachableDelayBackOffMode: 500, additionalBackgroundDelayBackOffMode: 300, maxDelayBackOffMode: 40000, randomizeFactorBackOffModeEnabled: true, triesOffsetBackOffMode: 0, additionalSuspendedDelayBackOffMode: 0}, closeConnectionOnNetworkInterfaceChange: true, enableEarlyFailOnSuspended: false, bufferBgRequestsAfterTeardown: false, stopPingsOnSuspended: false, serviceIdsToRetryOnSuspendedCsv: , useNetworkInterfaceLayer: false},enableEligibilityHashHeader:false,userAgent:,removeAsyncExecutorFromTunnelNetworkCallbacks:false,enableCallingSgErrorOnlyOnceInSgt:false,msysStreamGroupTransportSampleRate:0,msysStreamLifecycleSampleRate:0,enableDGWForChatd:false,useTigon:false,useTigonJava:false,useTigonInDeprecatedMNSClient:false,allowRetriableWithConnectivityAwareLayer:false,msysBufferRequestWhileNoConnectivity:true, disableRetriableLayer:false, disableCancellationForTigonRequests:false, tigonCloseConnectionThrottleMs:0, tigonCloseWhenNoRequests:false, tigonNoCallbacksAfterCancel:false, h2MaxRequestsPerConnection:0, mvfstUseUDPSocketConnect:false, enableLogoutOnAuthFailure:false, useTunnelExecutor:false, tunnelConnectAckDisableConnectionClosure:false, mvfstKeepAliveTimeoutSeconds:0, enableSeparateHTTPClientForTunnel:false, forceHTTP2ForTunnel:false, enableCertificateRevocation:false, certificateRevocationListJSON:, mvfstMaximumPTOs0}
07-09 16:04:20.159  4253  4307 W AppInitScheduler|Schedule:   Executing 67:LithoInitializer
07-09 16:04:20.159  4253  4307 W AppInitScheduler|Schedule:   Executing 73:MessageQueueInterceptorInitializer
07-09 16:04:20.159  4253  4307 W AppInitScheduler|Schedule:   Executing 84:ProxyServiceInitializer
07-09 16:04:20.159  4253  4307 W AppInitScheduler|Schedule:   Executing 54:IgMemoryLoggingManagerInitializer
07-09 16:04:20.159  4253  4307 W AppInitScheduler|Schedule:   Executing 102:UXLoggingInitializer
07-09 16:04:20.159  4253  4307 W AppInitScheduler|Schedule:   Executing 58:ImageUltraHdrModeInitializer
07-09 16:04:20.159  4253  4307 W AppInitScheduler|Schedule:   Executing 52:HeroServiceControllerInitializer
07-09 16:04:20.159  4253  4307 W AppInitScheduler|Schedule:   Executing 70:MediaCodecTrackingInitializer
07-09 16:04:20.159  4253  4307 W AppInitScheduler|Schedule:   Executing 82:PreinflateInitializer
07-09 16:04:20.159  4253  4307 W AppInitScheduler|Schedule:   Executing 53:IgLinkifyInitializer
07-09 16:04:20.159  4253  4307 W AppInitScheduler|Schedule:   Executing 36:BitmapDebugInitializer
07-09 16:04:20.159  4253  4307 W AppInitScheduler|Schedule:   Executing 118:ActivityBackstackManagerInitializer
07-09 16:04:20.159  4253  4338 W SessionScopedProviderInitializer: Initialize com.instagram.perf.sampling.UserSessionStart end
07-09 16:04:20.159  4253  4307 W AppInitScheduler|Schedule:   Executing 131:CobraInitializer
07-09 16:04:20.159  4253  4307 W AppInitScheduler|Schedule:   Executing 137:LruCacheTrackerInitializer
07-09 16:04:20.159  4253  4377 W SessionScopedProviderInitializer: Initialize com.instagram.partneranalytics.simcarrier.SimCarrierInfoLogWorkerInitializer end
07-09 16:04:20.159  4253  4338 W SessionScopedProviderInitializer: Initialize com.instagram.rtc.dgw.IGRTCDGWStartupService start
07-09 16:04:20.159  4253  4377 W SessionScopedProviderInitializer: Initialize com.instagram.rtc.impl.UserSessionStart start
07-09 16:04:20.159  4253  4377 W SessionScopedProviderInitializer: Initialize com.instagram.rtc.impl.UserSessionStart end
07-09 16:04:20.160  4253  4338 W SessionScopedProviderInitializer: Initialize com.instagram.rtc.dgw.IGRTCDGWStartupService end
07-09 16:04:20.160  4253  4306 W AppInitScheduler|Run: Running PushNotificationInitializerForInstagram, order=31, priorityHint=null 
